2019-12-23T00:53:04.939+0000: 4.386: [GC (Allocation Failure) 2019-12-23T00:53:04.940+0000: 4.386: [ParNew: 64512K->8000K(72512K), 0.0318591 secs] 64512K->9375K(233664K), 0.0347146 secs] [Times: user=0.05 sys=0.00, real=0.03 secs] 
2019-12-23T00:53:07.115+0000: 6.562: [GC (Allocation Failure) 2019-12-23T00:53:07.115+0000: 6.562: [ParNew: 72512K->7999K(72512K), 0.0605661 secs] 73887K->14263K(233664K), 0.0606438 secs] [Times: user=0.07 sys=0.00, real=0.06 secs] 
2019-12-23T00:53:09.191+0000: 8.638: [GC (CMS Initial Mark) [1 CMS-initial-mark: 6263K(161152K)] 74549K(233664K), 0.0212735 secs] [Times: user=0.04 sys=0.00, real=0.02 secs] 
2019-12-23T00:53:09.212+0000: 8.659: [CMS-concurrent-mark-start]
2019-12-23T00:53:09.366+0000: 8.813: [CMS-concurrent-mark: 0.153/0.153 secs] [Times: user=0.16 sys=0.01, real=0.15 secs] 
2019-12-23T00:53:09.382+0000: 8.829: [CMS-concurrent-preclean-start]
2019-12-23T00:53:09.386+0000: 8.833: [CMS-concurrent-preclean: 0.004/0.004 secs] [Times: user=0.00 sys=0.00, real=0.00 secs] 
2019-12-23T00:53:09.386+0000: 8.833: [CMS-concurrent-abortable-preclean-start]
2019-12-23T00:53:09.450+0000: 8.897: [GC (Allocation Failure) 2019-12-23T00:53:09.450+0000: 8.897: [ParNew: 72511K->4261K(72512K), 0.0177739 secs] 78775K->11820K(233664K), 0.0178618 secs] [Times: user=0.02 sys=0.00, real=0.02 secs] 
2019-12-23T00:53:10.106+0000: 9.553: [GC (Allocation Failure) 2019-12-23T00:53:10.106+0000: 9.553: [ParNew: 68773K->2180K(72512K), 0.0061093 secs] 76332K->9738K(233664K), 0.0062053 secs] [Times: user=0.02 sys=0.00, real=0.01 secs] 
2019-12-23T00:53:10.830+0000: 10.277: [CMS-concurrent-abortable-preclean: 0.463/1.443 secs] [Times: user=1.61 sys=0.04, real=1.44 secs] 
2019-12-23T00:53:10.835+0000: 10.282: [GC (CMS Final Remark) [YG occupancy: 43945 K (72512 K)]2019-12-23T00:53:10.835+0000: 10.282: [Rescan (parallel) , 0.0267708 secs]2019-12-23T00:53:10.861+0000: 10.308: [weak refs processing, 0.0000695 secs]2019-12-23T00:53:10.862+0000: 10.309: [class unloading, 0.0052415 secs]2019-12-23T00:53:10.867+0000: 10.314: [scrub symbol table, 0.0119649 secs]2019-12-23T00:53:10.879+0000: 10.326: [scrub string table, 0.0007132 secs][1 CMS-remark: 7558K(161152K)] 51503K(233664K), 0.0503231 secs] [Times: user=0.05 sys=0.00, real=0.05 secs] 
2019-12-23T00:53:10.895+0000: 10.342: [CMS-concurrent-sweep-start]
2019-12-23T00:53:10.899+0000: 10.346: [CMS-concurrent-sweep: 0.004/0.004 secs] [Times: user=0.01 sys=0.00, real=0.01 secs] 
2019-12-23T00:53:10.899+0000: 10.346: [CMS-concurrent-reset-start]
2019-12-23T00:53:10.956+0000: 10.403: [CMS-concurrent-reset: 0.049/0.057 secs] [Times: user=0.06 sys=0.02, real=0.05 secs] 
2019-12-23T00:53:11.565+0000: 11.012: [GC (Allocation Failure) 2019-12-23T00:53:11.565+0000: 11.012: [ParNew: 66692K->4674K(72512K), 0.0193589 secs] 72864K->10846K(233664K), 0.0194556 secs] [Times: user=0.04 sys=0.00, real=0.02 secs] 
2019-12-23T00:53:13.302+0000: 12.749: [GC (Allocation Failure) 2019-12-23T00:53:13.302+0000: 12.749: [ParNew: 69186K->5399K(72512K), 0.0232048 secs] 75358K->12452K(233664K), 0.0233073 secs] [Times: user=0.02 sys=0.00, real=0.02 secs] 
2019-12-23T03:32:20.959+0000: 9560.443: [GC (Allocation Failure) 2019-12-23T03:32:20.996+0000: 9560.443: [ParNew: 69911K->3741K(72512K), 0.0163603 secs] 76964K->12096K(233664K), 0.0528831 secs] [Times: user=0.11 sys=0.00, real=0.05 secs] 
2019-12-23T03:32:32.507+0000: 9571.954: [GC (Allocation Failure) 2019-12-23T03:32:32.507+0000: 9571.954: [ParNew: 68253K->4932K(72512K), 0.0123761 secs] 76608K->13287K(233664K), 0.0124723 secs] [Times: user=0.04 sys=0.00, real=0.02 secs] 
2019-12-23T03:32:45.244+0000: 9584.691: [GC (Allocation Failure) 2019-12-23T03:32:45.244+0000: 9584.691: [ParNew: 69444K->5808K(72512K), 0.0121582 secs] 77799K->14973K(233664K), 0.0122258 secs] [Times: user=0.02 sys=0.00, real=0.01 secs] 
2019-12-23T03:32:51.965+0000: 9591.412: [GC (Allocation Failure) 2019-12-23T03:32:51.965+0000: 9591.412: [ParNew: 70320K->6052K(72512K), 0.0107034 secs] 79485K->15917K(233664K), 0.0107751 secs] [Times: user=0.03 sys=0.01, real=0.01 secs] 
2019-12-23T03:33:08.480+0000: 9607.927: [GC (Allocation Failure) 2019-12-23T03:33:08.480+0000: 9607.927: [ParNew: 70564K->5317K(72512K), 0.0053981 secs] 80429K->16439K(233664K), 0.0054764 secs] [Times: user=0.01 sys=0.00, real=0.00 secs] 
2019-12-23T03:33:10.574+0000: 9610.021: [GC (Allocation Failure) 2019-12-23T03:33:10.574+0000: 9610.021: [ParNew: 69829K->4663K(72512K), 0.0042460 secs] 80951K->16875K(233664K), 0.0043282 secs] [Times: user=0.01 sys=0.00, real=0.01 secs] 
2019-12-23T03:33:24.356+0000: 9623.803: [GC (Allocation Failure) 2019-12-23T03:33:24.356+0000: 9623.803: [ParNew: 69175K->5089K(72512K), 0.0033156 secs] 81387K->18176K(233664K), 0.0033790 secs] [Times: user=0.01 sys=0.00, real=0.01 secs] 
2019-12-23T03:33:33.638+0000: 9633.085: [GC (Allocation Failure) 2019-12-23T03:33:33.638+0000: 9633.085: [ParNew: 69601K->6808K(72512K), 0.0049289 secs] 82688K->20850K(233664K), 0.0049945 secs] [Times: user=0.01 sys=0.00, real=0.01 secs] 
2019-12-23T03:33:43.548+0000: 9642.995: [GC (Allocation Failure) 2019-12-23T03:33:43.548+0000: 9642.995: [ParNew: 71320K->5338K(72512K), 0.0030714 secs] 85362K->20334K(233664K), 0.0031392 secs] [Times: user=0.00 sys=0.00, real=0.01 secs] 
2019-12-23T03:33:55.822+0000: 9655.269: [GC (Allocation Failure) 2019-12-23T03:33:55.822+0000: 9655.269: [ParNew: 69850K->5273K(72512K), 0.0044200 secs] 84846K->21222K(233664K), 0.0045277 secs] [Times: user=0.02 sys=0.00, real=0.00 secs] 
2019-12-23T03:34:06.195+0000: 9665.642: [GC (Allocation Failure) 2019-12-23T03:34:06.195+0000: 9665.642: [ParNew: 69785K->5337K(72512K), 0.0027769 secs] 85734K->22369K(233664K), 0.0028513 secs] [Times: user=0.01 sys=0.00, real=0.00 secs] 
2019-12-23T03:34:12.233+0000: 9671.680: [GC (Allocation Failure) 2019-12-23T03:34:12.233+0000: 9671.680: [ParNew: 69849K->4948K(72512K), 0.0029797 secs] 86881K->22933K(233664K), 0.0030525 secs] [Times: user=0.00 sys=0.00, real=0.00 secs] 
2019-12-23T03:34:28.614+0000: 9688.060: [GC (Allocation Failure) 2019-12-23T03:34:28.614+0000: 9688.061: [ParNew: 69460K->5472K(72512K), 0.0030560 secs] 87445K->24569K(233664K), 0.0031393 secs] [Times: user=0.01 sys=0.00, real=0.00 secs] 
2019-12-23T03:34:29.289+0000: 9688.736: [GC (Allocation Failure) 2019-12-23T03:34:29.289+0000: 9688.736: [ParNew: 69984K->5270K(72512K), 0.0030178 secs] 89081K->25191K(233664K), 0.0030883 secs] [Times: user=0.00 sys=0.01, real=0.01 secs] 
2019-12-23T03:34:44.176+0000: 9703.623: [GC (Allocation Failure) 2019-12-23T03:34:44.176+0000: 9703.623: [ParNew: 69782K->5593K(72512K), 0.0041188 secs] 89703K->26470K(233664K), 0.0041893 secs] [Times: user=0.01 sys=0.01, real=0.01 secs] 
2019-12-23T03:34:50.364+0000: 9709.811: [GC (Allocation Failure) 2019-12-23T03:34:50.364+0000: 9709.811: [ParNew: 70105K->4970K(72512K), 0.0033670 secs] 90982K->26929K(233664K), 0.0034464 secs] [Times: user=0.01 sys=0.00, real=0.00 secs] 
2019-12-23T03:35:00.615+0000: 9720.062: [GC (Allocation Failure) 2019-12-23T03:35:00.615+0000: 9720.062: [ParNew: 69482K->5115K(72512K), 0.0046334 secs] 91441K->27900K(233664K), 0.0047127 secs] [Times: user=0.01 sys=0.00, real=0.01 secs] 
2019-12-23T03:35:11.622+0000: 9731.069: [GC (Allocation Failure) 2019-12-23T03:35:11.622+0000: 9731.069: [ParNew: 69627K->6161K(72512K), 0.0029854 secs] 92412K->30029K(233664K), 0.0030707 secs] [Times: user=0.01 sys=0.01, real=0.00 secs] 
2019-12-23T03:35:17.706+0000: 9737.153: [GC (Allocation Failure) 2019-12-23T03:35:17.706+0000: 9737.153: [ParNew: 70673K->5697K(72512K), 0.0031938 secs] 94541K->30516K(233664K), 0.0032634 secs] [Times: user=0.01 sys=0.00, real=0.00 secs] 
2019-12-23T03:35:32.132+0000: 9751.579: [GC (Allocation Failure) 2019-12-23T03:35:32.132+0000: 9751.579: [ParNew: 70209K->5122K(72512K), 0.0031430 secs] 95028K->30894K(233664K), 0.0032217 secs] [Times: user=0.01 sys=0.00, real=0.00 secs] 
2019-12-23T03:35:35.197+0000: 9754.644: [GC (Allocation Failure) 2019-12-23T03:35:35.197+0000: 9754.644: [ParNew: 69634K->4436K(72512K), 0.0031605 secs] 95406K->31161K(233664K), 0.0032294 secs] [Times: user=0.01 sys=0.00, real=0.01 secs] 
2019-12-23T03:35:47.312+0000: 9766.759: [GC (Allocation Failure) 2019-12-23T03:35:47.312+0000: 9766.759: [ParNew: 68948K->5055K(72512K), 0.0030984 secs] 95673K->32732K(233664K), 0.0032152 secs] [Times: user=0.01 sys=0.00, real=0.00 secs] 
2019-12-23T03:35:57.187+0000: 9776.634: [GC (Allocation Failure) 2019-12-23T03:35:57.187+0000: 9776.634: [ParNew: 69567K->4911K(72512K), 0.0032390 secs] 97244K->33541K(233664K), 0.0033057 secs] [Times: user=0.00 sys=0.00, real=0.01 secs] 
2019-12-23T03:36:03.138+0000: 9782.585: [GC (Allocation Failure) 2019-12-23T03:36:03.138+0000: 9782.585: [ParNew: 69423K->5169K(72512K), 0.0049527 secs] 98053K->34751K(233664K), 0.0050517 secs] [Times: user=0.02 sys=0.00, real=0.01 secs] 
2019-12-23T03:36:18.078+0000: 9797.525: [GC (Allocation Failure) 2019-12-23T03:36:18.078+0000: 9797.525: [ParNew: 69681K->5075K(72512K), 0.0032684 secs] 99263K->35609K(233664K), 0.0033439 secs] [Times: user=0.01 sys=0.00, real=0.01 secs] 
2019-12-23T03:36:19.501+0000: 9798.948: [GC (Allocation Failure) 2019-12-23T03:36:19.501+0000: 9798.948: [ParNew: 69587K->5152K(72512K), 0.0035232 secs] 100121K->36800K(233664K), 0.0036016 secs] [Times: user=0.01 sys=0.01, real=0.00 secs] 
2019-12-23T03:36:32.867+0000: 9812.314: [GC (Allocation Failure) 2019-12-23T03:36:32.867+0000: 9812.314: [ParNew: 69664K->5933K(72512K), 0.0036283 secs] 101312K->38535K(233664K), 0.0037248 secs] [Times: user=0.01 sys=0.00, real=0.00 secs] 
2019-12-23T03:36:41.809+0000: 9821.256: [GC (Allocation Failure) 2019-12-23T03:36:41.809+0000: 9821.256: [ParNew: 70445K->7324K(72512K), 0.0044669 secs] 103047K->40879K(233664K), 0.0045420 secs] [Times: user=0.01 sys=0.00, real=0.01 secs] 
2019-12-23T03:36:52.346+0000: 9831.793: [GC (Allocation Failure) 2019-12-23T03:36:52.346+0000: 9831.793: [ParNew: 71836K->5419K(72512K), 0.0055296 secs] 105391K->39927K(233664K), 0.0056031 secs] [Times: user=0.01 sys=0.01, real=0.01 secs] 
2019-12-23T03:37:02.922+0000: 9842.369: [GC (Allocation Failure) 2019-12-23T03:37:02.922+0000: 9842.369: [ParNew: 69931K->4958K(72512K), 0.0031902 secs] 104439K->40419K(233664K), 0.0032734 secs] [Times: user=0.01 sys=0.00, real=0.00 secs] 
2019-12-23T03:37:13.847+0000: 9853.294: [GC (Allocation Failure) 2019-12-23T03:37:13.847+0000: 9853.294: [ParNew: 69470K->5733K(72512K), 0.0034132 secs] 104931K->42145K(233664K), 0.0034885 secs] [Times: user=0.01 sys=0.00, real=0.01 secs] 
2019-12-23T03:37:17.477+0000: 9856.924: [GC (Allocation Failure) 2019-12-23T03:37:17.477+0000: 9856.924: [ParNew: 70245K->5519K(72512K), 0.0035276 secs] 106657K->42917K(233664K), 0.0036125 secs] [Times: user=0.00 sys=0.00, real=0.01 secs] 
2019-12-23T03:37:29.346+0000: 9868.793: [GC (Allocation Failure) 2019-12-23T03:37:29.346+0000: 9868.793: [ParNew: 70031K->5177K(72512K), 0.0035249 secs] 107429K->43528K(233664K), 0.0036160 secs] [Times: user=0.01 sys=0.01, real=0.00 secs] 
2019-12-23T03:37:35.073+0000: 9874.520: [GC (Allocation Failure) 2019-12-23T03:37:35.073+0000: 9874.520: [ParNew: 69689K->4905K(72512K), 0.0035540 secs] 108040K->44208K(233664K), 0.0036580 secs] [Times: user=0.01 sys=0.00, real=0.00 secs] 
2019-12-23T03:37:47.512+0000: 9886.959: [GC (Allocation Failure) 2019-12-23T03:37:47.513+0000: 9886.959: [ParNew: 69417K->5679K(72512K), 0.0034620 secs] 108720K->45934K(233664K), 0.0035430 secs] [Times: user=0.01 sys=0.00, real=0.00 secs] 
2019-12-23T03:37:55.690+0000: 9895.137: [GC (Allocation Failure) 2019-12-23T03:37:55.690+0000: 9895.137: [ParNew: 70191K->5911K(72512K), 0.0032439 secs] 110446K->47118K(233664K), 0.0033213 secs] [Times: user=0.01 sys=0.00, real=0.01 secs] 
2019-12-23T03:38:04.294+0000: 9903.741: [GC (Allocation Failure) 2019-12-23T03:38:04.294+0000: 9903.741: [ParNew: 70423K->6324K(72512K), 0.0044604 secs] 111630K->48483K(233664K), 0.0045388 secs] [Times: user=0.01 sys=0.00, real=0.00 secs] 
2019-12-23T03:38:09.658+0000: 9909.105: [GC (Allocation Failure) 2019-12-23T03:38:09.658+0000: 9909.105: [ParNew: 70836K->5142K(72512K), 0.0050290 secs] 112995K->48256K(233664K), 0.0051267 secs] [Times: user=0.02 sys=0.00, real=0.01 secs] 
2019-12-23T03:38:19.590+0000: 9919.037: [GC (Allocation Failure) 2019-12-23T03:38:19.590+0000: 9919.037: [ParNew: 69654K->5299K(72512K), 0.0034273 secs] 112768K->49526K(233664K), 0.0034916 secs] [Times: user=0.01 sys=0.00, real=0.01 secs] 
2019-12-23T03:38:30.127+0000: 9929.574: [GC (Allocation Failure) 2019-12-23T03:38:30.127+0000: 9929.574: [ParNew: 69811K->5191K(72512K), 0.0034050 secs] 114038K->50371K(233664K), 0.0034832 secs] [Times: user=0.01 sys=0.00, real=0.00 secs] 
2019-12-23T03:38:37.196+0000: 9936.643: [GC (Allocation Failure) 2019-12-23T03:38:37.196+0000: 9936.643: [ParNew: 69703K->4932K(72512K), 0.0032622 secs] 114883K->51065K(233664K), 0.0033297 secs] [Times: user=0.01 sys=0.00, real=0.01 secs] 
2019-12-23T03:38:48.848+0000: 9948.295: [GC (Allocation Failure) 2019-12-23T03:38:48.848+0000: 9948.295: [ParNew: 69444K->5607K(72512K), 0.0034428 secs] 115577K->52693K(233664K), 0.0035364 secs] [Times: user=0.01 sys=0.00, real=0.01 secs] 
2019-12-23T03:38:58.435+0000: 9957.882: [GC (Allocation Failure) 2019-12-23T03:38:58.435+0000: 9957.882: [ParNew: 70119K->5951K(72512K), 0.0039320 secs] 117205K->53989K(233664K), 0.0040017 secs] [Times: user=0.01 sys=0.00, real=0.01 secs] 
2019-12-23T03:39:04.744+0000: 9964.190: [GC (Allocation Failure) 2019-12-23T03:39:04.744+0000: 9964.190: [ParNew: 70463K->5269K(72512K), 0.0031089 secs] 118501K->54260K(233664K), 0.0031820 secs] [Times: user=0.01 sys=0.00, real=0.00 secs] 
2019-12-23T03:39:20.861+0000: 9980.308: [GC (Allocation Failure) 2019-12-23T03:39:20.861+0000: 9980.308: [ParNew: 69781K->5139K(72512K), 0.0038369 secs] 118772K->55081K(233664K), 0.0039250 secs] [Times: user=0.01 sys=0.00, real=0.00 secs] 
2019-12-23T03:39:21.862+0000: 9981.309: [GC (Allocation Failure) 2019-12-23T03:39:21.862+0000: 9981.309: [ParNew: 69651K->5847K(72512K), 0.0036708 secs] 119593K->56744K(233664K), 0.0037664 secs] [Times: user=0.01 sys=0.00, real=0.00 secs] 
2019-12-23T03:39:36.340+0000: 9995.787: [GC (Allocation Failure) 2019-12-23T03:39:36.340+0000: 9995.787: [ParNew: 70359K->5174K(72512K), 0.0032177 secs] 121256K->57024K(233664K), 0.0032899 secs] [Times: user=0.01 sys=0.00, real=0.00 secs] 
2019-12-23T03:39:44.592+0000: 10004.039: [GC (Allocation Failure) 2019-12-23T03:39:44.592+0000: 10004.039: [ParNew: 69686K->6363K(72512K), 0.0032451 secs] 121536K->59165K(233664K), 0.0033197 secs] [Times: user=0.01 sys=0.00, real=0.00 secs] 
2019-12-23T03:39:52.474+0000: 10011.921: [GC (Allocation Failure) 2019-12-23T03:39:52.474+0000: 10011.921: [ParNew: 70875K->4760K(72512K), 0.0043331 secs] 123677K->58515K(233664K), 0.0044220 secs] [Times: user=0.02 sys=0.00, real=0.00 secs] 
2019-12-23T03:40:06.707+0000: 10026.154: [GC (Allocation Failure) 2019-12-23T03:40:06.707+0000: 10026.154: [ParNew: 69272K->4937K(72512K), 0.0034938 secs] 123027K->59645K(233664K), 0.0035603 secs] [Times: user=0.01 sys=0.00, real=0.01 secs] 
2019-12-23T03:40:07.892+0000: 10027.339: [GC (Allocation Failure) 2019-12-23T03:40:07.892+0000: 10027.339: [ParNew: 69449K->5657K(72512K), 0.0030604 secs] 124157K->61317K(233664K), 0.0031303 secs] [Times: user=0.01 sys=0.00, real=0.00 secs] 
2019-12-23T03:40:22.801+0000: 10042.248: [GC (Allocation Failure) 2019-12-23T03:40:22.801+0000: 10042.248: [ParNew: 70169K->5028K(72512K), 0.0033319 secs] 125829K->61775K(233664K), 0.0034200 secs] [Times: user=0.00 sys=0.01, real=0.00 secs] 
2019-12-23T03:40:29.938+0000: 10049.385: [GC (Allocation Failure) 2019-12-23T03:40:29.938+0000: 10049.385: [ParNew: 69540K->4604K(72512K), 0.0030859 secs] 126287K->62304K(233664K), 0.0031668 secs] [Times: user=0.01 sys=0.00, real=0.01 secs] 
2019-12-23T03:40:41.925+0000: 10061.372: [GC (Allocation Failure) 2019-12-23T03:40:41.925+0000: 10061.372: [ParNew: 69116K->5384K(72512K), 0.0030986 secs] 126816K->64036K(233664K), 0.0031703 secs] [Times: user=0.00 sys=0.00, real=0.00 secs] 
2019-12-23T03:40:52.934+0000: 10072.381: [GC (Allocation Failure) 2019-12-23T03:40:52.934+0000: 10072.381: [ParNew: 69896K->5875K(72512K), 0.0039341 secs] 128548K->65479K(233664K), 0.0040070 secs] [Times: user=0.01 sys=0.00, real=0.00 secs] 
2019-12-23T03:40:57.964+0000: 10077.411: [GC (Allocation Failure) 2019-12-23T03:40:57.964+0000: 10077.411: [ParNew: 70387K->5640K(72512K), 0.0031479 secs] 129991K->66196K(233664K), 0.0032265 secs] [Times: user=0.01 sys=0.00, real=0.00 secs] 
2019-12-23T03:41:09.247+0000: 10088.694: [GC (Allocation Failure) 2019-12-23T03:41:09.247+0000: 10088.694: [ParNew: 70152K->6654K(72512K), 0.0046094 secs] 130708K->68162K(233664K), 0.0046872 secs] [Times: user=0.01 sys=0.00, real=0.01 secs] 
2019-12-23T03:41:17.023+0000: 10096.470: [GC (Allocation Failure) 2019-12-23T03:41:17.023+0000: 10096.470: [ParNew: 71166K->6811K(72512K), 0.0032544 secs] 132674K->69271K(233664K), 0.0033265 secs] [Times: user=0.01 sys=0.00, real=0.00 secs] 
2019-12-23T03:41:27.396+0000: 10106.843: [GC (Allocation Failure) 2019-12-23T03:41:27.396+0000: 10106.843: [ParNew: 71323K->3340K(72512K), 0.0028880 secs] 133783K->66684K(233664K), 0.0029612 secs] [Times: user=0.01 sys=0.00, real=0.01 secs] 
2019-12-23T03:41:39.553+0000: 10119.000: [GC (Allocation Failure) 2019-12-23T03:41:39.553+0000: 10119.000: [ParNew: 67852K->3091K(72512K), 0.0065818 secs] 131196K->66434K(233664K), 0.0066638 secs] [Times: user=0.02 sys=0.00, real=0.01 secs] 
2019-12-23T03:41:44.355+0000: 10123.802: [GC (Allocation Failure) 2019-12-23T03:41:44.356+0000: 10123.802: [ParNew: 67603K->4114K(72512K), 0.0025910 secs] 130946K->67458K(233664K), 0.0026785 secs] [Times: user=0.01 sys=0.00, real=0.00 secs] 
2019-12-23T03:41:56.936+0000: 10136.383: [GC (Allocation Failure) 2019-12-23T03:41:56.936+0000: 10136.383: [ParNew: 68626K->5550K(72512K), 0.0028935 secs] 131970K->68893K(233664K), 0.0029628 secs] [Times: user=0.01 sys=0.00, real=0.01 secs] 
2019-12-23T03:42:03.027+0000: 10142.474: [GC (Allocation Failure) 2019-12-23T03:42:03.027+0000: 10142.474: [ParNew: 70062K->5946K(72512K), 0.0036272 secs] 133405K->70554K(233664K), 0.0036991 secs] [Times: user=0.01 sys=0.00, real=0.01 secs] 
2019-12-23T03:42:13.011+0000: 10152.458: [GC (Allocation Failure) 2019-12-23T03:42:13.011+0000: 10152.458: [ParNew: 70458K->4591K(72512K), 0.0031833 secs] 135066K->70152K(233664K), 0.0032672 secs] [Times: user=0.01 sys=0.00, real=0.00 secs] 
2019-12-23T03:42:22.573+0000: 10162.020: [GC (Allocation Failure) 2019-12-23T03:42:22.573+0000: 10162.020: [ParNew: 69103K->5118K(72512K), 0.0032321 secs] 134664K->71631K(233664K), 0.0033073 secs] [Times: user=0.01 sys=0.00, real=0.00 secs] 
2019-12-23T03:42:32.441+0000: 10171.888: [GC (Allocation Failure) 2019-12-23T03:42:32.441+0000: 10171.888: [ParNew: 69630K->5604K(72512K), 0.0030398 secs] 136143K->73069K(233664K), 0.0031106 secs] [Times: user=0.01 sys=0.00, real=0.00 secs] 
2019-12-23T03:42:42.138+0000: 10181.585: [GC (Allocation Failure) 2019-12-23T03:42:42.138+0000: 10181.585: [ParNew: 70116K->4847K(72512K), 0.0031685 secs] 137581K->73263K(233664K), 0.0032514 secs] [Times: user=0.00 sys=0.00, real=0.01 secs] 
2019-12-23T03:42:46.504+0000: 10185.951: [GC (Allocation Failure) 2019-12-23T03:42:46.505+0000: 10185.951: [ParNew: 69359K->4555K(72512K), 0.0034961 secs] 137775K->73923K(233664K), 0.0035671 secs] [Times: user=0.00 sys=0.00, real=0.00 secs] 
2019-12-23T03:42:57.363+0000: 10196.810: [GC (Allocation Failure) 2019-12-23T03:42:57.363+0000: 10196.810: [ParNew: 69067K->5487K(72512K), 0.0043852 secs] 138435K->75811K(233664K), 0.0044609 secs] [Times: user=0.01 sys=0.00, real=0.00 secs] 
2019-12-23T03:43:08.291+0000: 10207.738: [GC (Allocation Failure) 2019-12-23T03:43:08.291+0000: 10207.738: [ParNew: 69999K->5416K(72512K), 0.0038150 secs] 140323K->76591K(233664K), 0.0038879 secs] [Times: user=0.01 sys=0.00, real=0.00 secs] 
2019-12-23T03:43:16.296+0000: 10215.743: [GC (Allocation Failure) 2019-12-23T03:43:16.296+0000: 10215.743: [ParNew: 69928K->4759K(72512K), 0.0045680 secs] 141103K->76886K(233664K), 0.0046532 secs] [Times: user=0.01 sys=0.00, real=0.01 secs] 
2019-12-23T03:43:29.512+0000: 10228.959: [GC (Allocation Failure) 2019-12-23T03:43:29.512+0000: 10228.959: [ParNew: 69271K->5454K(72512K), 0.0034051 secs] 141398K->78533K(233664K), 0.0034742 secs] [Times: user=0.01 sys=0.01, real=0.00 secs] 
2019-12-23T03:43:32.289+0000: 10231.736: [GC (Allocation Failure) 2019-12-23T03:43:32.289+0000: 10231.736: [ParNew: 69966K->4931K(72512K), 0.0031000 secs] 143045K->78962K(233664K), 0.0031773 secs] [Times: user=0.00 sys=0.01, real=0.01 secs] 
2019-12-23T03:43:44.593+0000: 10244.040: [GC (Allocation Failure) 2019-12-23T03:43:44.593+0000: 10244.040: [ParNew: 69443K->5674K(72512K), 0.0037751 secs] 143474K->80658K(233664K), 0.0038446 secs] [Times: user=0.00 sys=0.01, real=0.00 secs] 
2019-12-23T03:43:53.082+0000: 10252.529: [GC (Allocation Failure) 2019-12-23T03:43:53.082+0000: 10252.529: [ParNew: 70186K->5682K(72512K), 0.0030702 secs] 145170K->81618K(233664K), 0.0031448 secs] [Times: user=0.00 sys=0.01, real=0.00 secs] 
2019-12-23T03:44:04.332+0000: 10263.779: [GC (Allocation Failure) 2019-12-23T03:44:04.332+0000: 10263.779: [ParNew: 70194K->6227K(72512K), 0.0034643 secs] 146130K->83115K(233664K), 0.0035399 secs] [Times: user=0.01 sys=0.00, real=0.00 secs] 
2019-12-23T03:44:14.664+0000: 10274.111: [GC (Allocation Failure) 2019-12-23T03:44:14.664+0000: 10274.111: [ParNew: 70739K->5675K(72512K), 0.0030627 secs] 147627K->83608K(233664K), 0.0031330 secs] [Times: user=0.01 sys=0.00, real=0.00 secs] 
2019-12-23T03:44:21.600+0000: 10281.047: [GC (Allocation Failure) 2019-12-23T03:44:21.600+0000: 10281.047: [ParNew: 70187K->5114K(72512K), 0.0032960 secs] 148120K->84091K(233664K), 0.0033833 secs] [Times: user=0.00 sys=0.01, real=0.00 secs] 
2019-12-23T03:44:30.404+0000: 10289.851: [GC (Allocation Failure) 2019-12-23T03:44:30.404+0000: 10289.851: [ParNew: 69626K->6641K(72512K), 0.0033022 secs] 148603K->86569K(233664K), 0.0033802 secs] [Times: user=0.01 sys=0.00, real=0.00 secs] 
2019-12-23T03:44:39.615+0000: 10299.062: [GC (Allocation Failure) 2019-12-23T03:44:39.615+0000: 10299.062: [ParNew: 71153K->6636K(72512K), 0.0032465 secs] 151081K->87517K(233664K), 0.0033159 secs] [Times: user=0.00 sys=0.01, real=0.01 secs] 
2019-12-23T03:44:50.704+0000: 10310.150: [GC (Allocation Failure) 2019-12-23T03:44:50.704+0000: 10310.150: [ParNew: 71148K->6624K(72512K), 0.0033138 secs] 152029K->88457K(233664K), 0.0033886 secs] [Times: user=0.01 sys=0.00, real=0.00 secs] 
2019-12-23T03:45:01.751+0000: 10321.198: [GC (Allocation Failure) 2019-12-23T03:45:01.751+0000: 10321.198: [ParNew: 71136K->5891K(72512K), 0.0033176 secs] 152969K->88675K(233664K), 0.0033909 secs] [Times: user=0.00 sys=0.01, real=0.00 secs] 
2019-12-23T03:45:05.470+0000: 10324.917: [GC (Allocation Failure) 2019-12-23T03:45:05.470+0000: 10324.917: [ParNew: 70375K->6622K(72512K), 0.0032738 secs] 153159K->90231K(233664K), 0.0033440 secs] [Times: user=0.01 sys=0.00, real=0.01 secs] 
2019-12-23T03:45:20.607+0000: 10340.054: [GC (Allocation Failure) 2019-12-23T03:45:20.607+0000: 10340.054: [ParNew: 71134K->6835K(72512K), 0.0049165 secs] 154743K->91398K(233664K), 0.0049992 secs] [Times: user=0.01 sys=0.00, real=0.01 secs] 
2019-12-23T03:45:25.230+0000: 10344.677: [GC (Allocation Failure) 2019-12-23T03:45:25.230+0000: 10344.677: [ParNew: 71347K->5959K(72512K), 0.0035267 secs] 155910K->91475K(233664K), 0.0036190 secs] [Times: user=0.01 sys=0.00, real=0.01 secs] 
2019-12-23T03:45:35.928+0000: 10355.375: [GC (Allocation Failure) 2019-12-23T03:45:35.928+0000: 10355.375: [ParNew: 70471K->4997K(72512K), 0.0032473 secs] 155987K->91464K(233664K), 0.0033265 secs] [Times: user=0.01 sys=0.00, real=0.01 secs] 
2019-12-23T03:45:45.923+0000: 10365.370: [GC (Allocation Failure) 2019-12-23T03:45:45.923+0000: 10365.370: [ParNew: 69509K->4780K(72512K), 0.0033021 secs] 155976K->92201K(233664K), 0.0033738 secs] [Times: user=0.01 sys=0.00, real=0.00 secs] 
2019-12-23T03:45:53.776+0000: 10373.223: [GC (Allocation Failure) 2019-12-23T03:45:53.776+0000: 10373.223: [ParNew: 69292K->5304K(72512K), 0.0035088 secs] 156713K->93812K(233664K), 0.0035800 secs] [Times: user=0.01 sys=0.00, real=0.01 secs] 
2019-12-23T03:46:06.516+0000: 10385.963: [GC (Allocation Failure) 2019-12-23T03:46:06.516+0000: 10385.963: [ParNew: 69816K->4729K(72512K), 0.0030130 secs] 158324K->94054K(233664K), 0.0030918 secs] [Times: user=0.00 sys=0.00, real=0.01 secs] 
2019-12-23T03:46:09.100+0000: 10388.547: [GC (Allocation Failure) 2019-12-23T03:46:09.100+0000: 10388.547: [ParNew: 69241K->4513K(72512K), 0.0028840 secs] 158566K->94816K(233664K), 0.0029569 secs] [Times: user=0.00 sys=0.00, real=0.00 secs] 
2019-12-23T03:46:20.853+0000: 10400.300: [GC (Allocation Failure) 2019-12-23T03:46:20.854+0000: 10400.300: [ParNew: 69025K->4596K(72512K), 0.0055011 secs] 159328K->95852K(233664K), 0.0055810 secs] [Times: user=0.01 sys=0.00, real=0.01 secs] 
2019-12-23T03:46:32.239+0000: 10411.686: [GC (Allocation Failure) 2019-12-23T03:46:32.239+0000: 10411.686: [ParNew: 69108K->5134K(72512K), 0.0030705 secs] 160364K->97343K(233664K), 0.0031366 secs] [Times: user=0.01 sys=0.00, real=0.00 secs] 
2019-12-23T03:46:41.741+0000: 10421.188: [GC (Allocation Failure) 2019-12-23T03:46:41.741+0000: 10421.188: [ParNew: 69646K->5809K(72512K), 0.0037211 secs] 161855K->98968K(233664K), 0.0037943 secs] [Times: user=0.00 sys=0.01, real=0.00 secs] 
2019-12-23T03:46:52.362+0000: 10431.809: [GC (Allocation Failure) 2019-12-23T03:46:52.362+0000: 10431.809: [ParNew: 70321K->5156K(72512K), 0.0059978 secs] 163480K->99402K(233664K), 0.0060755 secs] [Times: user=0.01 sys=0.00, real=0.00 secs] 
2019-12-23T03:47:02.823+0000: 10442.270: [GC (Allocation Failure) 2019-12-23T03:47:02.823+0000: 10442.270: [ParNew: 69668K->5608K(72512K), 0.0037412 secs] 163914K->100807K(233664K), 0.0038103 secs] [Times: user=0.01 sys=0.00, real=0.00 secs] 
2019-12-23T03:47:09.643+0000: 10449.089: [GC (Allocation Failure) 2019-12-23T03:47:09.643+0000: 10449.089: [ParNew: 70120K->5505K(72512K), 0.0034527 secs] 165319K->101657K(233664K), 0.0035228 secs] [Times: user=0.01 sys=0.00, real=0.00 secs] 
2019-12-23T03:47:17.570+0000: 10457.017: [GC (Allocation Failure) 2019-12-23T03:47:17.570+0000: 10457.017: [ParNew: 70017K->5822K(72512K), 0.0034875 secs] 166169K->102953K(233664K), 0.0035565 secs] [Times: user=0.02 sys=0.00, real=0.01 secs] 
2019-12-23T03:47:25.714+0000: 10465.161: [GC (Allocation Failure) 2019-12-23T03:47:25.714+0000: 10465.161: [ParNew: 70334K->6268K(72512K), 0.0033462 secs] 167465K->104351K(233664K), 0.0034136 secs] [Times: user=0.01 sys=0.00, real=0.00 secs] 
2019-12-23T03:47:36.291+0000: 10475.738: [GC (Allocation Failure) 2019-12-23T03:47:36.291+0000: 10475.738: [ParNew: 70780K->5339K(72512K), 0.0034792 secs] 168863K->104374K(233664K), 0.0035657 secs] [Times: user=0.01 sys=0.01, real=0.00 secs] 
2019-12-23T03:47:44.732+0000: 10484.179: [GC (Allocation Failure) 2019-12-23T03:47:44.732+0000: 10484.179: [ParNew: 69851K->6506K(72512K), 0.0033454 secs] 168886K->106493K(233664K), 0.0034126 secs] [Times: user=0.01 sys=0.00, real=0.00 secs] 
2019-12-23T03:47:55.852+0000: 10495.299: [GC (Allocation Failure) 2019-12-23T03:47:55.852+0000: 10495.299: [ParNew: 71018K->5452K(72512K), 0.0035745 secs] 171005K->106391K(233664K), 0.0036525 secs] [Times: user=0.02 sys=0.00, real=0.00 secs] 
2019-12-23T03:48:01.083+0000: 10500.530: [GC (Allocation Failure) 2019-12-23T03:48:01.083+0000: 10500.530: [ParNew: 69964K->6245K(72512K), 0.0034450 secs] 170903K->108136K(233664K), 0.0035115 secs] [Times: user=0.01 sys=0.00, real=0.00 secs] 
2019-12-23T03:48:10.770+0000: 10510.217: [GC (Allocation Failure) 2019-12-23T03:48:10.770+0000: 10510.217: [ParNew: 70757K->5332K(72512K), 0.0031945 secs] 172648K->108179K(233664K), 0.0032792 secs] [Times: user=0.01 sys=0.00, real=0.01 secs] 
2019-12-23T03:48:19.406+0000: 10518.853: [GC (Allocation Failure) 2019-12-23T03:48:19.406+0000: 10518.853: [ParNew: 69844K->5610K(72512K), 0.0034069 secs] 172691K->109501K(233664K), 0.0034766 secs] [Times: user=0.01 sys=0.00, real=0.00 secs] 
2019-12-23T03:48:30.846+0000: 10530.293: [GC (Allocation Failure) 2019-12-23T03:48:30.846+0000: 10530.293: [ParNew: 70122K->5704K(72512K), 0.0032695 secs] 174013K->110548K(233664K), 0.0033365 secs] [Times: user=0.01 sys=0.00, real=0.00 secs] 
2019-12-23T03:48:42.318+0000: 10541.765: [GC (Allocation Failure) 2019-12-23T03:48:42.318+0000: 10541.765: [ParNew: 70216K->6157K(72512K), 0.0034030 secs] 175060K->111953K(233664K), 0.0034834 secs] [Times: user=0.01 sys=0.00, real=0.01 secs] 
2019-12-23T03:48:49.626+0000: 10549.073: [GC (Allocation Failure) 2019-12-23T03:48:49.626+0000: 10549.073: [ParNew: 70669K->5118K(72512K), 0.0033405 secs] 176465K->112026K(233664K), 0.0034248 secs] [Times: user=0.01 sys=0.00, real=0.00 secs] 
2019-12-23T03:48:56.182+0000: 10555.629: [GC (Allocation Failure) 2019-12-23T03:48:56.182+0000: 10555.629: [ParNew: 69630K->5229K(72512K), 0.0033522 secs] 176538K->113090K(233664K), 0.0034370 secs] [Times: user=0.01 sys=0.00, real=0.00 secs] 
2019-12-23T03:49:05.245+0000: 10564.692: [GC (Allocation Failure) 2019-12-23T03:49:05.245+0000: 10564.692: [ParNew: 69741K->5253K(72512K), 0.0032866 secs] 177602K->114065K(233664K), 0.0033565 secs] [Times: user=0.01 sys=0.00, real=0.00 secs] 
2019-12-23T03:49:16.489+0000: 10575.936: [GC (Allocation Failure) 2019-12-23T03:49:16.489+0000: 10575.936: [ParNew: 69765K->5159K(72512K), 0.0038046 secs] 178577K->114924K(233664K), 0.0038919 secs] [Times: user=0.01 sys=0.00, real=0.01 secs] 
2019-12-23T03:49:27.098+0000: 10586.545: [GC (Allocation Failure) 2019-12-23T03:49:27.098+0000: 10586.545: [ParNew: 69671K->6145K(72512K), 0.0034025 secs] 179436K->116733K(233664K), 0.0034785 secs] [Times: user=0.01 sys=0.00, real=0.01 secs] 
2019-12-23T03:49:34.223+0000: 10593.670: [GC (Allocation Failure) 2019-12-23T03:49:34.223+0000: 10593.670: [ParNew: 70657K->5126K(72512K), 0.0046701 secs] 181245K->116666K(233664K), 0.0047686 secs] [Times: user=0.02 sys=0.00, real=0.00 secs] 
2019-12-23T03:49:48.951+0000: 10608.398: [GC (Allocation Failure) 2019-12-23T03:49:48.951+0000: 10608.398: [ParNew: 69638K->4914K(72512K), 0.0033421 secs] 181178K->117406K(233664K), 0.0034265 secs] [Times: user=0.01 sys=0.00, real=0.00 secs] 
2019-12-23T03:49:50.293+0000: 10609.740: [GC (Allocation Failure) 2019-12-23T03:49:50.293+0000: 10609.740: [ParNew: 69426K->5390K(72512K), 0.0034393 secs] 181918K->118834K(233664K), 0.0035257 secs] [Times: user=0.00 sys=0.01, real=0.00 secs] 
2019-12-23T03:50:05.459+0000: 10624.906: [GC (Allocation Failure) 2019-12-23T03:50:05.459+0000: 10624.906: [ParNew: 69902K->5263K(72512K), 0.0057210 secs] 183346K->119659K(233664K), 0.0058545 secs] [Times: user=0.01 sys=0.00, real=0.00 secs] 
2019-12-23T03:50:11.993+0000: 10631.440: [GC (Allocation Failure) 2019-12-23T03:50:11.993+0000: 10631.440: [ParNew: 69775K->6003K(72512K), 0.0034283 secs] 184171K->121351K(233664K), 0.0035128 secs] [Times: user=0.01 sys=0.00, real=0.00 secs] 
2019-12-23T03:50:22.947+0000: 10642.394: [GC (Allocation Failure) 2019-12-23T03:50:22.947+0000: 10642.394: [ParNew: 70515K->5826K(72512K), 0.0030395 secs] 185863K->122126K(233664K), 0.0031142 secs] [Times: user=0.01 sys=0.00, real=0.00 secs] 
2019-12-23T03:50:34.136+0000: 10653.583: [GC (Allocation Failure) 2019-12-23T03:50:34.136+0000: 10653.583: [ParNew: 70338K->5163K(72512K), 0.0036868 secs] 186638K->122442K(233664K), 0.0037774 secs] [Times: user=0.00 sys=0.01, real=0.01 secs] 
2019-12-23T03:50:38.267+0000: 10657.714: [GC (Allocation Failure) 2019-12-23T03:50:38.267+0000: 10657.714: [ParNew: 69675K->5132K(72512K), 0.0034230 secs] 186954K->123364K(233664K), 0.0035055 secs] [Times: user=0.01 sys=0.00, real=0.01 secs] 
2019-12-23T03:50:53.157+0000: 10672.604: [GC (Allocation Failure) 2019-12-23T03:50:53.157+0000: 10672.604: [ParNew: 69644K->5888K(72512K), 0.0033012 secs] 187876K->125075K(233664K), 0.0033848 secs] [Times: user=0.01 sys=0.00, real=0.01 secs] 
2019-12-23T03:50:56.633+0000: 10676.080: [GC (Allocation Failure) 2019-12-23T03:50:56.633+0000: 10676.080: [ParNew: 70400K->5417K(72512K), 0.0033908 secs] 189587K->125690K(233664K), 0.0034629 secs] [Times: user=0.00 sys=0.01, real=0.00 secs] 
2019-12-23T03:51:08.761+0000: 10688.208: [GC (Allocation Failure) 2019-12-23T03:51:08.761+0000: 10688.208: [ParNew: 69929K->6132K(72512K), 0.0034171 secs] 190202K->127357K(233664K), 0.0034840 secs] [Times: user=0.01 sys=0.01, real=0.00 secs] 
2019-12-23T03:51:17.890+0000: 10697.337: [GC (Allocation Failure) 2019-12-23T03:51:17.890+0000: 10697.337: [ParNew: 70644K->5003K(72512K), 0.0037547 secs] 191869K->127179K(233664K), 0.0038510 secs] [Times: user=0.01 sys=0.00, real=0.01 secs] 
2019-12-23T03:51:27.792+0000: 10707.239: [GC (Allocation Failure) 2019-12-23T03:51:27.792+0000: 10707.239: [ParNew: 69515K->5488K(72512K), 0.0036429 secs] 191691K->128515K(233664K), 0.0037102 secs] [Times: user=0.01 sys=0.00, real=0.00 secs] 
2019-12-23T03:51:38.884+0000: 10718.331: [GC (Allocation Failure) 2019-12-23T03:51:38.884+0000: 10718.331: [ParNew: 70000K->5283K(72512K), 0.0035357 secs] 193027K->129263K(233664K), 0.0036218 secs] [Times: user=0.01 sys=0.00, real=0.00 secs] 
2019-12-23T03:51:50.655+0000: 10730.102: [GC (Allocation Failure) 2019-12-23T03:51:50.655+0000: 10730.102: [ParNew: 69795K->5715K(72512K), 0.0032054 secs] 193775K->130647K(233664K), 0.0032777 secs] [Times: user=0.01 sys=0.01, real=0.00 secs] 
2019-12-23T03:51:55.255+0000: 10734.702: [GC (Allocation Failure) 2019-12-23T03:51:55.255+0000: 10734.702: [ParNew: 70227K->5032K(72512K), 0.0039712 secs] 195159K->130916K(233664K), 0.0040467 secs] [Times: user=0.01 sys=0.00, real=0.01 secs] 
2019-12-23T03:52:09.177+0000: 10748.624: [GC (Allocation Failure) 2019-12-23T03:52:09.177+0000: 10748.624: [ParNew: 69544K->5338K(72512K), 0.0034399 secs] 195428K->132174K(233664K), 0.0035098 secs] [Times: user=0.02 sys=0.00, real=0.01 secs] 
2019-12-23T03:52:12.966+0000: 10752.413: [GC (Allocation Failure) 2019-12-23T03:52:12.966+0000: 10752.413: [ParNew: 69850K->5161K(72512K), 0.0032606 secs] 196686K->132948K(233664K), 0.0033415 secs] [Times: user=0.01 sys=0.00, real=0.00 secs] 
2019-12-23T03:52:25.234+0000: 10764.680: [GC (Allocation Failure) 2019-12-23T03:52:25.234+0000: 10764.680: [ParNew: 69673K->5467K(72512K), 0.0033079 secs] 197460K->134206K(233664K), 0.0033768 secs] [Times: user=0.01 sys=0.00, real=0.00 secs] 
2019-12-23T03:52:36.551+0000: 10775.998: [GC (Allocation Failure) 2019-12-23T03:52:36.551+0000: 10775.998: [ParNew: 69979K->5015K(72512K), 0.0031427 secs] 198718K->134707K(233664K), 0.0032144 secs] [Times: user=0.01 sys=0.00, real=0.00 secs] 
2019-12-23T03:52:42.062+0000: 10781.509: [GC (Allocation Failure) 2019-12-23T03:52:42.062+0000: 10781.509: [ParNew: 69527K->5460K(72512K), 0.0033708 secs] 199219K->136104K(233664K), 0.0034508 secs] [Times: user=0.01 sys=0.00, real=0.00 secs] 
2019-12-23T03:52:52.292+0000: 10791.739: [GC (Allocation Failure) 2019-12-23T03:52:52.292+0000: 10791.739: [ParNew: 69972K->5789K(72512K), 0.0036751 secs] 200616K->137387K(233664K), 0.0037702 secs] [Times: user=0.01 sys=0.00, real=0.00 secs] 
2019-12-23T03:52:59.601+0000: 10799.048: [GC (Allocation Failure) 2019-12-23T03:52:59.601+0000: 10799.048: [ParNew: 70301K->5351K(72512K), 0.0032251 secs] 201899K->137900K(233664K), 0.0033008 secs] [Times: user=0.01 sys=0.00, real=0.00 secs] 
2019-12-23T03:53:10.665+0000: 10810.112: [GC (Allocation Failure) 2019-12-23T03:53:10.665+0000: 10810.112: [ParNew: 69863K->4945K(72512K), 0.0047358 secs] 202412K->138447K(233664K), 0.0048192 secs] [Times: user=0.02 sys=0.00, real=0.00 secs] 
2019-12-23T03:53:21.382+0000: 10820.829: [GC (Allocation Failure) 2019-12-23T03:53:21.382+0000: 10820.829: [ParNew: 69457K->5038K(72512K), 0.0034530 secs] 202959K->139491K(233664K), 0.0035581 secs] [Times: user=0.01 sys=0.00, real=0.00 secs] 
2019-12-23T03:53:28.917+0000: 10828.364: [GC (Allocation Failure) 2019-12-23T03:53:28.917+0000: 10828.364: [ParNew: 69550K->4936K(72512K), 0.0033155 secs] 204003K->140341K(233664K), 0.0034056 secs] [Times: user=0.01 sys=0.00, real=0.01 secs] 
2019-12-23T03:53:42.564+0000: 10842.011: [GC (Allocation Failure) 2019-12-23T03:53:42.564+0000: 10842.011: [ParNew: 69448K->5582K(72512K), 0.0036089 secs] 204853K->141940K(233664K), 0.0036808 secs] [Times: user=0.01 sys=0.00, real=0.00 secs] 
2019-12-23T03:53:44.496+0000: 10843.943: [GC (Allocation Failure) 2019-12-23T03:53:44.496+0000: 10843.943: [ParNew: 70094K->5275K(72512K), 0.0033197 secs] 206452K->142585K(233664K), 0.0033957 secs] [Times: user=0.01 sys=0.00, real=0.01 secs] 
2019-12-23T03:53:57.946+0000: 10857.393: [GC (Allocation Failure) 2019-12-23T03:53:57.946+0000: 10857.393: [ParNew: 69787K->6016K(72512K), 0.0031709 secs] 207097K->144278K(233664K), 0.0032742 secs] [Times: user=0.01 sys=0.00, real=0.00 secs] 
2019-12-23T03:54:06.011+0000: 10865.458: [GC (Allocation Failure) 2019-12-23T03:54:06.011+0000: 10865.458: [ParNew: 70528K->6241K(72512K), 0.0032590 secs] 208790K->145455K(233664K), 0.0033419 secs] [Times: user=0.01 sys=0.00, real=0.00 secs] 
2019-12-23T03:54:16.775+0000: 10876.222: [GC (Allocation Failure) 2019-12-23T03:54:16.775+0000: 10876.222: [ParNew: 70753K->6471K(72512K), 0.0033864 secs] 209967K->146637K(233664K), 0.0034506 secs] [Times: user=0.01 sys=0.00, real=0.00 secs] 
2019-12-23T03:54:29.296+0000: 10888.743: [GC (Allocation Failure) 2019-12-23T03:54:29.296+0000: 10888.743: [ParNew: 70983K->6620K(72512K), 0.0035965 secs] 211149K->147738K(233664K), 0.0036763 secs] [Times: user=0.01 sys=0.00, real=0.01 secs] 
2019-12-23T03:54:32.094+0000: 10891.541: [GC (Allocation Failure) 2019-12-23T03:54:32.094+0000: 10891.541: [ParNew: 71132K->6698K(72512K), 0.0033053 secs] 212250K->148769K(233664K), 0.0033708 secs] [Times: user=0.01 sys=0.00, real=0.00 secs] 
2019-12-23T03:54:46.194+0000: 10905.641: [GC (Allocation Failure) 2019-12-23T03:54:46.194+0000: 10905.641: [ParNew: 71210K->5775K(72512K), 0.0035030 secs] 213281K->148696K(233664K), 0.0035697 secs] [Times: user=0.01 sys=0.00, real=0.00 secs] 
2019-12-23T03:54:52.903+0000: 10912.350: [GC (Allocation Failure) 2019-12-23T03:54:52.903+0000: 10912.350: [ParNew: 70287K->5182K(72512K), 0.0033052 secs] 213208K->149054K(233664K), 0.0033748 secs] [Times: user=0.01 sys=0.00, real=0.00 secs] 
2019-12-23T03:55:02.843+0000: 10922.290: [GC (Allocation Failure) 2019-12-23T03:55:02.843+0000: 10922.290: [ParNew: 69694K->5225K(72512K), 0.0045020 secs] 213566K->150186K(233664K), 0.0045621 secs] [Times: user=0.01 sys=0.00, real=0.00 secs] 
2019-12-23T03:55:14.935+0000: 10934.382: [GC (Allocation Failure) 2019-12-23T03:55:14.935+0000: 10934.382: [ParNew: 69737K->4802K(72512K), 0.0034708 secs] 214698K->150715K(233664K), 0.0035416 secs] [Times: user=0.01 sys=0.00, real=0.01 secs] 
2019-12-23T03:55:22.509+0000: 10941.956: [GC (Allocation Failure) 2019-12-23T03:55:22.509+0000: 10941.956: [ParNew: 69314K->5002K(72512K), 0.0052418 secs] 215227K->151867K(233664K), 0.0053141 secs] [Times: user=0.01 sys=0.00, real=0.01 secs] 
2019-12-23T03:55:33.525+0000: 10952.972: [GC (Allocation Failure) 2019-12-23T03:55:33.525+0000: 10952.972: [ParNew: 69514K->5571K(72512K), 0.0033347 secs] 216379K->153389K(233664K), 0.0034195 secs] [Times: user=0.01 sys=0.00, real=0.00 secs] 
2019-12-23T03:55:44.976+0000: 10964.423: [GC (Allocation Failure) 2019-12-23T03:55:44.976+0000: 10964.423: [ParNew: 70083K->5619K(72512K), 0.0049232 secs] 217901K->154419K(233664K), 0.0049895 secs] [Times: user=0.01 sys=0.00, real=0.01 secs] 
2019-12-23T03:55:44.982+0000: 10964.429: [GC (CMS Initial Mark) [1 CMS-initial-mark: 148800K(161152K)] 155021K(233664K), 0.0013563 secs] [Times: user=0.00 sys=0.00, real=0.00 secs] 
2019-12-23T03:55:44.984+0000: 10964.431: [CMS-concurrent-mark-start]
2019-12-23T03:55:45.105+0000: 10964.552: [CMS-concurrent-mark: 0.121/0.121 secs] [Times: user=0.17 sys=0.00, real=0.12 secs] 
2019-12-23T03:55:45.105+0000: 10964.552: [CMS-concurrent-preclean-start]
2019-12-23T03:55:45.106+0000: 10964.553: [CMS-concurrent-preclean: 0.001/0.001 secs] [Times: user=0.00 sys=0.00, real=0.00 secs] 
2019-12-23T03:55:45.106+0000: 10964.553: [CMS-concurrent-abortable-preclean-start]
2019-12-23T03:55:49.566+0000: 10969.013: [GC (Allocation Failure) 2019-12-23T03:55:49.566+0000: 10969.013: [ParNew: 70131K->5640K(72512K), 0.0034925 secs] 218931K->155392K(233664K), 0.0035694 secs] [Times: user=0.01 sys=0.00, real=0.00 secs] 
 CMS: abort preclean due to time 2019-12-23T03:55:50.207+0000: 10969.654: [CMS-concurrent-abortable-preclean: 0.229/5.101 secs] [Times: user=0.40 sys=0.00, real=5.10 secs] 
2019-12-23T03:55:50.207+0000: 10969.654: [GC (CMS Final Remark) [YG occupancy: 30147 K (72512 K)]2019-12-23T03:55:50.207+0000: 10969.654: [Rescan (parallel) , 0.0041577 secs]2019-12-23T03:55:50.211+0000: 10969.658: [weak refs processing, 0.0001216 secs]2019-12-23T03:55:50.212+0000: 10969.658: [class unloading, 0.0124002 secs]2019-12-23T03:55:50.224+0000: 10969.671: [scrub symbol table, 0.0059803 secs]2019-12-23T03:55:50.230+0000: 10969.677: [scrub string table, 0.0006277 secs][1 CMS-remark: 149752K(161152K)] 179899K(233664K), 0.0234960 secs] [Times: user=0.03 sys=0.00, real=0.03 secs] 
2019-12-23T03:55:50.231+0000: 10969.678: [CMS-concurrent-sweep-start]
2019-12-23T03:55:50.244+0000: 10969.691: [CMS-concurrent-sweep: 0.013/0.013 secs] [Times: user=0.02 sys=0.00, real=0.01 secs] 
2019-12-23T03:55:50.244+0000: 10969.691: [CMS-concurrent-reset-start]
2019-12-23T03:55:50.253+0000: 10969.700: [CMS-concurrent-reset: 0.008/0.008 secs] [Times: user=0.01 sys=0.00, real=0.01 secs] 
2019-12-23T03:56:00.712+0000: 10980.159: [GC (Allocation Failure) 2019-12-23T03:56:00.712+0000: 10980.159: [ParNew: 70152K->6336K(72512K), 0.0031980 secs] 98032K->35195K(233664K), 0.0032622 secs] [Times: user=0.01 sys=0.00, real=0.00 secs] 
2019-12-23T03:56:06.714+0000: 10986.161: [GC (Allocation Failure) 2019-12-23T03:56:06.714+0000: 10986.161: [ParNew: 70848K->5706K(72512K), 0.0030443 secs] 99707K->35518K(233664K), 0.0031176 secs] [Times: user=0.01 sys=0.00, real=0.00 secs] 
2019-12-23T03:56:18.519+0000: 10997.966: [GC (Allocation Failure) 2019-12-23T03:56:18.519+0000: 10997.966: [ParNew: 70218K->4382K(72512K), 0.0029674 secs] 100030K->34650K(233664K), 0.0030519 secs] [Times: user=0.01 sys=0.00, real=0.00 secs] 
2019-12-23T03:56:27.316+0000: 11006.763: [GC (Allocation Failure) 2019-12-23T03:56:27.316+0000: 11006.763: [ParNew: 68894K->6077K(72512K), 0.0029457 secs] 99162K->36345K(233664K), 0.0030481 secs] [Times: user=0.01 sys=0.00, real=0.01 secs] 
2019-12-23T03:56:34.969+0000: 11014.416: [GC (Allocation Failure) 2019-12-23T03:56:34.969+0000: 11014.416: [ParNew: 70589K->4753K(72512K), 0.0032005 secs] 100857K->36003K(233664K), 0.0032853 secs] [Times: user=0.01 sys=0.00, real=0.01 secs] 
2019-12-23T03:56:42.023+0000: 11021.470: [GC (Allocation Failure) 2019-12-23T03:56:42.023+0000: 11021.470: [ParNew: 69265K->5458K(72512K), 0.0031424 secs] 100515K->37649K(233664K), 0.0032259 secs] [Times: user=0.01 sys=0.00, real=0.00 secs] 
2019-12-23T03:56:53.358+0000: 11032.805: [GC (Allocation Failure) 2019-12-23T03:56:53.358+0000: 11032.805: [ParNew: 69970K->5350K(72512K), 0.0030210 secs] 102161K->38493K(233664K), 0.0031047 secs] [Times: user=0.01 sys=0.00, real=0.01 secs] 
2019-12-23T03:57:04.296+0000: 11043.743: [GC (Allocation Failure) 2019-12-23T03:57:04.296+0000: 11043.743: [ParNew: 69862K->5243K(72512K), 0.0034389 secs] 103005K->39365K(233664K), 0.0035207 secs] [Times: user=0.01 sys=0.00, real=0.01 secs] 
2019-12-23T03:57:13.538+0000: 11052.985: [GC (Allocation Failure) 2019-12-23T03:57:13.538+0000: 11052.985: [ParNew: 69755K->5437K(72512K), 0.0030022 secs] 103877K->40512K(233664K), 0.0030815 secs] [Times: user=0.01 sys=0.00, real=0.01 secs] 
2019-12-23T03:57:24.040+0000: 11063.487: [GC (Allocation Failure) 2019-12-23T03:57:24.040+0000: 11063.487: [ParNew: 69949K->5933K(72512K), 0.0029160 secs] 105024K->41895K(233664K), 0.0030071 secs] [Times: user=0.01 sys=0.00, real=0.00 secs] 
2019-12-23T03:57:36.186+0000: 11075.633: [GC (Allocation Failure) 2019-12-23T03:57:36.186+0000: 11075.633: [ParNew: 70445K->6532K(72512K), 0.0029053 secs] 106407K->43383K(233664K), 0.0029935 secs] [Times: user=0.00 sys=0.00, real=0.00 secs] 
2019-12-23T03:57:40.978+0000: 11080.425: [GC (Allocation Failure) 2019-12-23T03:57:40.978+0000: 11080.425: [ParNew: 71044K->6764K(72512K), 0.0031078 secs] 107895K->44701K(233664K), 0.0032004 secs] [Times: user=0.00 sys=0.00, real=0.01 secs] 
2019-12-23T03:57:50.754+0000: 11090.201: [GC (Allocation Failure) 2019-12-23T03:57:50.754+0000: 11090.201: [ParNew: 71276K->4982K(72512K), 0.0029560 secs] 109213K->43873K(233664K), 0.0030457 secs] [Times: user=0.01 sys=0.00, real=0.00 secs] 
2019-12-23T03:58:01.509+0000: 11100.956: [GC (Allocation Failure) 2019-12-23T03:58:01.509+0000: 11100.956: [ParNew: 69494K->4920K(72512K), 0.0028049 secs] 108385K->44763K(233664K), 0.0028807 secs] [Times: user=0.01 sys=0.00, real=0.01 secs] 
2019-12-23T03:58:12.385+0000: 11111.832: [GC (Allocation Failure) 2019-12-23T03:58:12.385+0000: 11111.832: [ParNew: 69432K->5484K(72512K), 0.0030489 secs] 109275K->46279K(233664K), 0.0031276 secs] [Times: user=0.01 sys=0.00, real=0.00 secs] 
2019-12-23T03:58:16.330+0000: 11115.777: [GC (Allocation Failure) 2019-12-23T03:58:16.330+0000: 11115.777: [ParNew: 69996K->5128K(72512K), 0.0028709 secs] 110791K->46875K(233664K), 0.0029630 secs] [Times: user=0.01 sys=0.00, real=0.01 secs] 
2019-12-23T03:58:30.623+0000: 11130.070: [GC (Allocation Failure) 2019-12-23T03:58:30.623+0000: 11130.070: [ParNew: 69640K->4575K(72512K), 0.0030160 secs] 111387K->47365K(233664K), 0.0030893 secs] [Times: user=0.01 sys=0.00, real=0.00 secs] 
2019-12-23T03:58:34.495+0000: 11133.942: [GC (Allocation Failure) 2019-12-23T03:58:34.495+0000: 11133.942: [ParNew: 69087K->5195K(72512K), 0.0030830 secs] 111877K->48937K(233664K), 0.0031656 secs] [Times: user=0.01 sys=0.00, real=0.00 secs] 
2019-12-23T03:58:45.728+0000: 11145.175: [GC (Allocation Failure) 2019-12-23T03:58:45.728+0000: 11145.175: [ParNew: 69707K->5364K(72512K), 0.0029129 secs] 113449K->49930K(233664K), 0.0030105 secs] [Times: user=0.00 sys=0.00, real=0.01 secs] 
2019-12-23T03:58:55.974+0000: 11155.421: [GC (Allocation Failure) 2019-12-23T03:58:55.974+0000: 11155.421: [ParNew: 69876K->5570K(72512K), 0.0029846 secs] 114442K->51088K(233664K), 0.0030596 secs] [Times: user=0.01 sys=0.00, real=0.00 secs] 
2019-12-23T03:59:05.312+0000: 11164.759: [GC (Allocation Failure) 2019-12-23T03:59:05.312+0000: 11164.759: [ParNew: 70082K->5534K(72512K), 0.0037026 secs] 115600K->52004K(233664K), 0.0037826 secs] [Times: user=0.01 sys=0.00, real=0.00 secs] 
2019-12-23T03:59:17.309+0000: 11176.756: [GC (Allocation Failure) 2019-12-23T03:59:17.309+0000: 11176.756: [ParNew: 70046K->5826K(72512K), 0.0032672 secs] 116516K->53248K(233664K), 0.0033652 secs] [Times: user=0.01 sys=0.00, real=0.01 secs] 
2019-12-23T03:59:19.561+0000: 11179.008: [GC (Allocation Failure) 2019-12-23T03:59:19.561+0000: 11179.008: [ParNew: 70338K->4737K(72512K), 0.0032147 secs] 117760K->53110K(233664K), 0.0032900 secs] [Times: user=0.01 sys=0.00, real=0.00 secs] 
2019-12-23T03:59:33.258+0000: 11192.705: [GC (Allocation Failure) 2019-12-23T03:59:33.258+0000: 11192.705: [ParNew: 69249K->5238K(72512K), 0.0030090 secs] 117622K->54563K(233664K), 0.0030889 secs] [Times: user=0.00 sys=0.00, real=0.01 secs] 
2019-12-23T03:59:41.292+0000: 11200.739: [GC (Allocation Failure) 2019-12-23T03:59:41.292+0000: 11200.739: [ParNew: 69750K->5434K(72512K), 0.0031188 secs] 119075K->55610K(233664K), 0.0032029 secs] [Times: user=0.01 sys=0.00, real=0.00 secs] 
2019-12-23T03:59:50.841+0000: 11210.288: [GC (Allocation Failure) 2019-12-23T03:59:50.841+0000: 11210.288: [ParNew: 69946K->5569K(72512K), 0.0030306 secs] 120122K->56698K(233664K), 0.0031055 secs] [Times: user=0.00 sys=0.00, real=0.00 secs] 
2019-12-23T04:00:04.559+0000: 11224.006: [GC (Allocation Failure) 2019-12-23T04:00:04.559+0000: 11224.006: [ParNew: 70081K->5283K(72512K), 0.0029102 secs] 121210K->57363K(233664K), 0.0029798 secs] [Times: user=0.01 sys=0.00, real=0.00 secs] 
2019-12-23T04:00:05.906+0000: 11225.353: [GC (Allocation Failure) 2019-12-23T04:00:05.906+0000: 11225.353: [ParNew: 69795K->5745K(72512K), 0.0030267 secs] 121875K->58777K(233664K), 0.0031009 secs] [Times: user=0.00 sys=0.00, real=0.00 secs] 
2019-12-23T04:00:21.319+0000: 11240.766: [GC (Allocation Failure) 2019-12-23T04:00:21.319+0000: 11240.766: [ParNew: 70257K->6058K(72512K), 0.0032433 secs] 123289K->60041K(233664K), 0.0033389 secs] [Times: user=0.01 sys=0.00, real=0.00 secs] 
2019-12-23T04:00:26.826+0000: 11246.273: [GC (Allocation Failure) 2019-12-23T04:00:26.826+0000: 11246.273: [ParNew: 70570K->4955K(72512K), 0.0029613 secs] 124553K->59891K(233664K), 0.0030485 secs] [Times: user=0.01 sys=0.00, real=0.00 secs] 
2019-12-23T04:00:38.196+0000: 11257.643: [GC (Allocation Failure) 2019-12-23T04:00:38.196+0000: 11257.643: [ParNew: 69467K->5905K(72512K), 0.0029721 secs] 124403K->61793K(233664K), 0.0030473 secs] [Times: user=0.01 sys=0.00, real=0.01 secs] 
2019-12-23T04:00:50.085+0000: 11269.532: [GC (Allocation Failure) 2019-12-23T04:00:50.085+0000: 11269.532: [ParNew: 70417K->5219K(72512K), 0.0030250 secs] 126305K->61959K(233664K), 0.0031054 secs] [Times: user=0.01 sys=0.00, real=0.00 secs] 
2019-12-23T04:01:01.081+0000: 11280.528: [GC (Allocation Failure) 2019-12-23T04:01:01.081+0000: 11280.528: [ParNew: 69731K->5010K(72512K), 0.0033119 secs] 126471K->62701K(233664K), 0.0033963 secs] [Times: user=0.01 sys=0.00, real=0.00 secs] 
2019-12-23T04:01:07.875+0000: 11287.322: [GC (Allocation Failure) 2019-12-23T04:01:07.875+0000: 11287.322: [ParNew: 69522K->5137K(72512K), 0.0033022 secs] 127213K->63781K(233664K), 0.0034005 secs] [Times: user=0.01 sys=0.01, real=0.00 secs] 
2019-12-23T04:01:19.625+0000: 11299.072: [GC (Allocation Failure) 2019-12-23T04:01:19.625+0000: 11299.072: [ParNew: 69649K->5978K(72512K), 0.0032579 secs] 128293K->65473K(233664K), 0.0033392 secs] [Times: user=0.01 sys=0.00, real=0.00 secs] 
2019-12-23T04:01:24.899+0000: 11304.346: [GC (Allocation Failure) 2019-12-23T04:01:24.899+0000: 11304.346: [ParNew: 70490K->6113K(72512K), 0.0030846 secs] 129985K->66561K(233664K), 0.0031895 secs] [Times: user=0.01 sys=0.00, real=0.00 secs] 
2019-12-23T04:01:35.042+0000: 11314.489: [GC (Allocation Failure) 2019-12-23T04:01:35.042+0000: 11314.489: [ParNew: 70625K->6658K(72512K), 0.0030421 secs] 131073K->68057K(233664K), 0.0031447 secs] [Times: user=0.01 sys=0.01, real=0.00 secs] 
2019-12-23T04:01:45.777+0000: 11325.224: [GC (Allocation Failure) 2019-12-23T04:01:45.777+0000: 11325.224: [ParNew: 71170K->5730K(72512K), 0.0034110 secs] 132569K->68081K(233664K), 0.0034904 secs] [Times: user=0.01 sys=0.00, real=0.01 secs] 
2019-12-23T04:01:55.432+0000: 11334.879: [GC (Allocation Failure) 2019-12-23T04:01:55.432+0000: 11334.879: [ParNew: 70242K->4747K(72512K), 0.0038997 secs] 132593K->68051K(233664K), 0.0039841 secs] [Times: user=0.01 sys=0.00, real=0.00 secs] 
2019-12-23T04:02:02.617+0000: 11342.064: [GC (Allocation Failure) 2019-12-23T04:02:02.617+0000: 11342.064: [ParNew: 69259K->4436K(72512K), 0.0032194 secs] 132563K->68693K(233664K), 0.0033054 secs] [Times: user=0.01 sys=0.00, real=0.01 secs] 
2019-12-23T04:02:09.701+0000: 11349.148: [GC (Allocation Failure) 2019-12-23T04:02:09.701+0000: 11349.148: [ParNew: 68948K->4898K(72512K), 0.0030665 secs] 133205K->70242K(233664K), 0.0031459 secs] [Times: user=0.01 sys=0.00, real=0.00 secs] 
2019-12-23T04:02:22.948+0000: 11362.395: [GC (Allocation Failure) 2019-12-23T04:02:22.948+0000: 11362.395: [ParNew: 69410K->5061K(72512K), 0.0029792 secs] 134754K->71222K(233664K), 0.0030570 secs] [Times: user=0.01 sys=0.00, real=0.01 secs] 
2019-12-23T04:02:29.437+0000: 11368.884: [GC (Allocation Failure) 2019-12-23T04:02:29.437+0000: 11368.884: [ParNew: 69573K->5273K(72512K), 0.0029900 secs] 135734K->72386K(233664K), 0.0030642 secs] [Times: user=0.01 sys=0.00, real=0.01 secs] 
2019-12-23T04:02:40.846+0000: 11380.293: [GC (Allocation Failure) 2019-12-23T04:02:40.846+0000: 11380.293: [ParNew: 69785K->5849K(72512K), 0.0036629 secs] 136898K->74048K(233664K), 0.0037394 secs] [Times: user=0.01 sys=0.00, real=0.00 secs] 
2019-12-23T04:02:50.757+0000: 11390.204: [GC (Allocation Failure) 2019-12-23T04:02:50.757+0000: 11390.204: [ParNew: 70361K->4680K(72512K), 0.0075023 secs] 138560K->73768K(233664K), 0.0076158 secs] [Times: user=0.02 sys=0.00, real=0.01 secs] 
2019-12-23T04:02:55.946+0000: 11395.393: [GC (Allocation Failure) 2019-12-23T04:02:55.946+0000: 11395.393: [ParNew: 69192K->5047K(72512K), 0.0032621 secs] 138280K->75050K(233664K), 0.0033571 secs] [Times: user=0.01 sys=0.00, real=0.00 secs] 
2019-12-23T04:03:02.619+0000: 11402.066: [GC (Allocation Failure) 2019-12-23T04:03:02.619+0000: 11402.066: [ParNew: 69559K->5128K(72512K), 0.0064612 secs] 139562K->76083K(233664K), 0.0065731 secs] [Times: user=0.01 sys=0.00, real=0.00 secs] 
2019-12-23T04:03:14.934+0000: 11414.381: [GC (Allocation Failure) 2019-12-23T04:03:14.934+0000: 11414.381: [ParNew: 69640K->5470K(72512K), 0.0047067 secs] 140595K->77340K(233664K), 0.0047924 secs] [Times: user=0.01 sys=0.00, real=0.01 secs] 
2019-12-23T04:03:25.943+0000: 11425.390: [GC (Allocation Failure) 2019-12-23T04:03:25.944+0000: 11425.390: [ParNew: 69982K->4841K(72512K), 0.0048722 secs] 141852K->77692K(233664K), 0.0050053 secs] [Times: user=0.01 sys=0.00, real=0.00 secs] 
2019-12-23T04:03:36.287+0000: 11435.734: [GC (Allocation Failure) 2019-12-23T04:03:36.287+0000: 11435.734: [ParNew: 69353K->4628K(72512K), 0.0064392 secs] 142204K->78430K(233664K), 0.0065582 secs] [Times: user=0.01 sys=0.00, real=0.01 secs] 
2019-12-23T04:03:46.507+0000: 11445.954: [GC (Allocation Failure) 2019-12-23T04:03:46.507+0000: 11445.954: [ParNew: 69140K->4747K(72512K), 0.0031534 secs] 142942K->79501K(233664K), 0.0032696 secs] [Times: user=0.01 sys=0.00, real=0.01 secs] 
2019-12-23T04:03:57.298+0000: 11456.745: [GC (Allocation Failure) 2019-12-23T04:03:57.298+0000: 11456.745: [ParNew: 69259K->5598K(72512K), 0.0035022 secs] 144013K->81304K(233664K), 0.0035850 secs] [Times: user=0.01 sys=0.00, real=0.01 secs] 
2019-12-23T04:04:05.482+0000: 11464.929: [GC (Allocation Failure) 2019-12-23T04:04:05.483+0000: 11464.929: [ParNew: 70110K->5193K(72512K), 0.0032032 secs] 145816K->81853K(233664K), 0.0033346 secs] [Times: user=0.01 sys=0.01, real=0.00 secs] 
2019-12-23T04:04:14.353+0000: 11473.800: [GC (Allocation Failure) 2019-12-23T04:04:14.353+0000: 11473.800: [ParNew: 69705K->5498K(72512K), 0.0034347 secs] 146365K->83110K(233664K), 0.0035177 secs] [Times: user=0.01 sys=0.00, real=0.00 secs] 
2019-12-23T04:04:21.907+0000: 11481.353: [GC (Allocation Failure) 2019-12-23T04:04:21.907+0000: 11481.354: [ParNew: 70010K->5681K(72512K), 0.0031571 secs] 147622K->84245K(233664K), 0.0032493 secs] [Times: user=0.01 sys=0.00, real=0.00 secs] 
2019-12-23T04:04:24.603+0000: 11484.050: [GC (Allocation Failure) 2019-12-23T04:04:24.603+0000: 11484.050: [ParNew: 70193K->5053K(72512K), 0.0030243 secs] 148757K->84569K(233664K), 0.0031046 secs] [Times: user=0.01 sys=0.00, real=0.00 secs] 
2019-12-23T04:04:38.590+0000: 11498.037: [GC (Allocation Failure) 2019-12-23T04:04:38.590+0000: 11498.037: [ParNew: 69565K->5215K(72512K), 0.0032205 secs] 149081K->85683K(233664K), 0.0033235 secs] [Times: user=0.00 sys=0.00, real=0.01 secs] 
2019-12-23T04:04:46.605+0000: 11506.052: [GC (Allocation Failure) 2019-12-23T04:04:46.605+0000: 11506.052: [ParNew: 69727K->5496K(72512K), 0.0030092 secs] 150195K->86916K(233664K), 0.0030981 secs] [Times: user=0.01 sys=0.00, real=0.00 secs] 
2019-12-23T04:04:59.960+0000: 11519.407: [GC (Allocation Failure) 2019-12-23T04:04:59.960+0000: 11519.407: [ParNew: 70008K->6099K(72512K), 0.0032157 secs] 151428K->88471K(233664K), 0.0033229 secs] [Times: user=0.01 sys=0.00, real=0.00 secs] 
2019-12-23T04:05:11.649+0000: 11531.096: [GC (Allocation Failure) 2019-12-23T04:05:11.649+0000: 11531.096: [ParNew: 70611K->5238K(72512K), 0.0035640 secs] 152983K->88562K(233664K), 0.0036558 secs] [Times: user=0.01 sys=0.00, real=0.01 secs] 
2019-12-23T04:05:20.004+0000: 11539.451: [GC (Allocation Failure) 2019-12-23T04:05:20.004+0000: 11539.451: [ParNew: 69750K->5302K(72512K), 0.0032925 secs] 153074K->89579K(233664K), 0.0033902 secs] [Times: user=0.01 sys=0.00, real=0.00 secs] 
2019-12-23T04:05:33.257+0000: 11552.703: [GC (Allocation Failure) 2019-12-23T04:05:33.257+0000: 11552.704: [ParNew: 69814K->5196K(72512K), 0.0030939 secs] 154091K->90427K(233664K), 0.0031816 secs] [Times: user=0.01 sys=0.00, real=0.01 secs] 
2019-12-23T04:05:35.495+0000: 11554.942: [GC (Allocation Failure) 2019-12-23T04:05:35.495+0000: 11554.942: [ParNew: 69708K->5704K(72512K), 0.0032058 secs] 154939K->91887K(233664K), 0.0033037 secs] [Times: user=0.00 sys=0.00, real=0.01 secs] 
2019-12-23T04:05:49.840+0000: 11569.287: [GC (Allocation Failure) 2019-12-23T04:05:49.840+0000: 11569.287: [ParNew: 70216K->5429K(72512K), 0.0032288 secs] 156399K->92564K(233664K), 0.0033203 secs] [Times: user=0.01 sys=0.00, real=0.00 secs] 
2019-12-23T04:05:53.808+0000: 11573.255: [GC (Allocation Failure) 2019-12-23T04:05:53.808+0000: 11573.255: [ParNew: 69941K->5437K(72512K), 0.0032139 secs] 157076K->93524K(233664K), 0.0033042 secs] [Times: user=0.01 sys=0.00, real=0.01 secs] 
2019-12-23T04:06:06.595+0000: 11586.042: [GC (Allocation Failure) 2019-12-23T04:06:06.595+0000: 11586.042: [ParNew: 69949K->6088K(72512K), 0.0031898 secs] 158036K->95155K(233664K), 0.0032944 secs] [Times: user=0.01 sys=0.00, real=0.00 secs] 
2019-12-23T04:06:16.657+0000: 11596.104: [GC (Allocation Failure) 2019-12-23T04:06:16.657+0000: 11596.104: [ParNew: 70600K->5402K(72512K), 0.0030609 secs] 159667K->95421K(233664K), 0.0031570 secs] [Times: user=0.01 sys=0.00, real=0.01 secs] 
2019-12-23T04:06:22.807+0000: 11602.254: [GC (Allocation Failure) 2019-12-23T04:06:22.807+0000: 11602.254: [ParNew: 69914K->5883K(72512K), 0.0041973 secs] 159933K->96854K(233664K), 0.0042872 secs] [Times: user=0.01 sys=0.00, real=0.01 secs] 
2019-12-23T04:06:33.703+0000: 11613.150: [GC (Allocation Failure) 2019-12-23T04:06:33.703+0000: 11613.150: [ParNew: 70395K->6366K(72512K), 0.0031608 secs] 161366K->98292K(233664K), 0.0032525 secs] [Times: user=0.01 sys=0.00, real=0.00 secs] 
2019-12-23T04:06:40.554+0000: 11620.001: [GC (Allocation Failure) 2019-12-23T04:06:40.554+0000: 11620.001: [ParNew: 70878K->4751K(72512K), 0.0031370 secs] 162804K->97628K(233664K), 0.0032258 secs] [Times: user=0.01 sys=0.00, real=0.00 secs] 
2019-12-23T04:06:54.047+0000: 11633.494: [GC (Allocation Failure) 2019-12-23T04:06:54.047+0000: 11633.494: [ParNew: 69263K->5461K(72512K), 0.0040510 secs] 162140K->99291K(233664K), 0.0041465 secs] [Times: user=0.01 sys=0.00, real=0.01 secs] 
2019-12-23T04:07:01.741+0000: 11641.188: [GC (Allocation Failure) 2019-12-23T04:07:01.741+0000: 11641.188: [ParNew: 69973K->5604K(72512K), 0.0031487 secs] 163803K->100413K(233664K), 0.0032433 secs] [Times: user=0.01 sys=0.00, real=0.00 secs] 
2019-12-23T04:07:13.022+0000: 11652.469: [GC (Allocation Failure) 2019-12-23T04:07:13.022+0000: 11652.469: [ParNew: 70116K->4597K(72512K), 0.0033171 secs] 164925K->100494K(233664K), 0.0034068 secs] [Times: user=0.01 sys=0.00, real=0.00 secs] 
2019-12-23T04:07:25.055+0000: 11664.502: [GC (Allocation Failure) 2019-12-23T04:07:25.055+0000: 11664.502: [ParNew: 69109K->5545K(72512K), 0.0041622 secs] 165006K->102293K(233664K), 0.0042640 secs] [Times: user=0.01 sys=0.00, real=0.01 secs] 
2019-12-23T04:07:27.433+0000: 11666.880: [GC (Allocation Failure) 2019-12-23T04:07:27.433+0000: 11666.880: [ParNew: 70057K->5852K(72512K), 0.0032365 secs] 166805K->103552K(233664K), 0.0033143 secs] [Times: user=0.01 sys=0.00, real=0.00 secs] 
2019-12-23T04:07:39.997+0000: 11679.444: [GC (Allocation Failure) 2019-12-23T04:07:39.997+0000: 11679.444: [ParNew: 70364K->5140K(72512K), 0.0030682 secs] 168064K->103792K(233664K), 0.0032211 secs] [Times: user=0.01 sys=0.00, real=0.01 secs] 
2019-12-23T04:07:49.470+0000: 11688.917: [GC (Allocation Failure) 2019-12-23T04:07:49.470+0000: 11688.917: [ParNew: 69652K->6058K(72512K), 0.0030650 secs] 168304K->105662K(233664K), 0.0031487 secs] [Times: user=0.00 sys=0.00, real=0.01 secs] 
2019-12-23T04:07:57.664+0000: 11697.111: [GC (Allocation Failure) 2019-12-23T04:07:57.664+0000: 11697.111: [ParNew: 70570K->5614K(72512K), 0.0032558 secs] 170174K->106170K(233664K), 0.0033490 secs] [Times: user=0.01 sys=0.00, real=0.00 secs] 
2019-12-23T04:08:10.477+0000: 11709.924: [GC (Allocation Failure) 2019-12-23T04:08:10.477+0000: 11709.924: [ParNew: 70126K->5238K(72512K), 0.0032216 secs] 170682K->106874K(233664K), 0.0033079 secs] [Times: user=0.01 sys=0.00, real=0.01 secs] 
2019-12-23T04:08:14.073+0000: 11713.520: [GC (Allocation Failure) 2019-12-23T04:08:14.073+0000: 11713.520: [ParNew: 69750K->6178K(72512K), 0.0033215 secs] 171386K->108766K(233664K), 0.0034109 secs] [Times: user=0.01 sys=0.00, real=0.00 secs] 
2019-12-23T04:08:29.049+0000: 11728.496: [GC (Allocation Failure) 2019-12-23T04:08:29.049+0000: 11728.496: [ParNew: 70690K->5740K(72512K), 0.0032469 secs] 173278K->109280K(233664K), 0.0033381 secs] [Times: user=0.01 sys=0.00, real=0.01 secs] 
2019-12-23T04:08:34.583+0000: 11734.030: [GC (Allocation Failure) 2019-12-23T04:08:34.583+0000: 11734.030: [ParNew: 70252K->5745K(72512K), 0.0031160 secs] 173792K->110237K(233664K), 0.0032186 secs] [Times: user=0.01 sys=0.00, real=0.00 secs] 
2019-12-23T04:08:45.840+0000: 11745.287: [GC (Allocation Failure) 2019-12-23T04:08:45.840+0000: 11745.287: [ParNew: 70257K->5041K(72512K), 0.0031363 secs] 174749K->110485K(233664K), 0.0032213 secs] [Times: user=0.01 sys=0.00, real=0.00 secs] 
2019-12-23T04:08:56.077+0000: 11755.524: [GC (Allocation Failure) 2019-12-23T04:08:56.077+0000: 11755.524: [ParNew: 69553K->5462K(72512K), 0.0032382 secs] 174997K->111859K(233664K), 0.0033303 secs] [Times: user=0.01 sys=0.00, real=0.01 secs] 
2019-12-23T04:09:05.255+0000: 11764.702: [GC (Allocation Failure) 2019-12-23T04:09:05.256+0000: 11764.702: [ParNew: 69974K->5324K(72512K), 0.0033006 secs] 176371K->112672K(233664K), 0.0034125 secs] [Times: user=0.01 sys=0.00, real=0.01 secs] 
2019-12-23T04:09:13.573+0000: 11773.020: [GC (Allocation Failure) 2019-12-23T04:09:13.573+0000: 11773.020: [ParNew: 69836K->5574K(72512K), 0.0045492 secs] 177184K->113902K(233664K), 0.0046584 secs] [Times: user=0.01 sys=0.00, real=0.00 secs] 
2019-12-23T04:09:21.024+0000: 11780.471: [GC (Allocation Failure) 2019-12-23T04:09:21.024+0000: 11780.471: [ParNew: 70086K->5689K(72512K), 0.0032596 secs] 178414K->114969K(233664K), 0.0033685 secs] [Times: user=0.01 sys=0.00, real=0.00 secs] 
2019-12-23T04:09:29.996+0000: 11789.443: [GC (Allocation Failure) 2019-12-23T04:09:29.996+0000: 11789.443: [ParNew: 70201K->5908K(72512K), 0.0045890 secs] 179481K->116140K(233664K), 0.0046802 secs] [Times: user=0.01 sys=0.00, real=0.01 secs] 
2019-12-23T04:09:40.823+0000: 11800.270: [GC (Allocation Failure) 2019-12-23T04:09:40.824+0000: 11800.270: [ParNew: 70420K->6346K(72512K), 0.0032733 secs] 180652K->117530K(233664K), 0.0033658 secs] [Times: user=0.01 sys=0.00, real=0.00 secs] 
2019-12-23T04:09:50.970+0000: 11810.417: [GC (Allocation Failure) 2019-12-23T04:09:50.970+0000: 11810.417: [ParNew: 70858K->5091K(72512K), 0.0032059 secs] 182042K->117228K(233664K), 0.0033019 secs] [Times: user=0.01 sys=0.00, real=0.01 secs] 
2019-12-23T04:10:01.858+0000: 11821.305: [GC (Allocation Failure) 2019-12-23T04:10:01.858+0000: 11821.305: [ParNew: 69603K->2830K(72512K), 0.0029314 secs] 181740K->115099K(233664K), 0.0030445 secs] [Times: user=0.01 sys=0.00, real=0.01 secs] 
2019-12-23T04:10:08.429+0000: 11827.876: [GC (Allocation Failure) 2019-12-23T04:10:08.429+0000: 11827.876: [ParNew: 67342K->3264K(72512K), 0.0029565 secs] 179611K->115533K(233664K), 0.0030449 secs] [Times: user=0.00 sys=0.00, real=0.01 secs] 
2019-12-23T04:10:20.596+0000: 11840.043: [GC (Allocation Failure) 2019-12-23T04:10:20.596+0000: 11840.043: [ParNew: 67776K->4296K(72512K), 0.0028063 secs] 180045K->116565K(233664K), 0.0028959 secs] [Times: user=0.00 sys=0.00, real=0.01 secs] 
2019-12-23T04:10:25.981+0000: 11845.428: [GC (Allocation Failure) 2019-12-23T04:10:25.981+0000: 11845.428: [ParNew: 68808K->5406K(72512K), 0.0028963 secs] 181077K->117705K(233664K), 0.0029862 secs] [Times: user=0.01 sys=0.00, real=0.00 secs] 
2019-12-23T04:10:37.343+0000: 11856.790: [GC (Allocation Failure) 2019-12-23T04:10:37.343+0000: 11856.790: [ParNew: 69918K->5443K(72512K), 0.0034870 secs] 182217K->119104K(233664K), 0.0035792 secs] [Times: user=0.01 sys=0.00, real=0.00 secs] 
2019-12-23T04:10:45.930+0000: 11865.377: [GC (Allocation Failure) 2019-12-23T04:10:45.930+0000: 11865.377: [ParNew: 69955K->5147K(72512K), 0.0031715 secs] 183616K->119760K(233664K), 0.0032635 secs] [Times: user=0.01 sys=0.00, real=0.01 secs] 
2019-12-23T04:10:57.350+0000: 11876.797: [GC (Allocation Failure) 2019-12-23T04:10:57.350+0000: 11876.797: [ParNew: 69659K->4547K(72512K), 0.0032502 secs] 184272K->120113K(233664K), 0.0033409 secs] [Times: user=0.01 sys=0.00, real=0.01 secs] 
2019-12-23T04:11:03.383+0000: 11882.830: [GC (Allocation Failure) 2019-12-23T04:11:03.383+0000: 11882.830: [ParNew: 69059K->5572K(72512K), 0.0031190 secs] 184625K->122089K(233664K), 0.0032108 secs] [Times: user=0.01 sys=0.00, real=0.00 secs] 
2019-12-23T04:11:15.921+0000: 11895.368: [GC (Allocation Failure) 2019-12-23T04:11:15.921+0000: 11895.368: [ParNew: 70084K->5534K(72512K), 0.0034434 secs] 186601K->122902K(233664K), 0.0035405 secs] [Times: user=0.01 sys=0.00, real=0.00 secs] 
2019-12-23T04:11:20.841+0000: 11900.288: [GC (Allocation Failure) 2019-12-23T04:11:20.841+0000: 11900.288: [ParNew: 70046K->5544K(72512K), 0.0030230 secs] 187414K->123865K(233664K), 0.0031091 secs] [Times: user=0.01 sys=0.00, real=0.00 secs] 
2019-12-23T04:11:32.517+0000: 11911.964: [GC (Allocation Failure) 2019-12-23T04:11:32.517+0000: 11911.964: [ParNew: 70056K->4915K(72512K), 0.0030886 secs] 188377K->124187K(233664K), 0.0031936 secs] [Times: user=0.00 sys=0.00, real=0.01 secs] 
2019-12-23T04:11:42.508+0000: 11921.955: [GC (Allocation Failure) 2019-12-23T04:11:42.508+0000: 11921.955: [ParNew: 69427K->5303K(72512K), 0.0032119 secs] 188699K->125528K(233664K), 0.0032906 secs] [Times: user=0.01 sys=0.01, real=0.01 secs] 
2019-12-23T04:11:52.279+0000: 11931.726: [GC (Allocation Failure) 2019-12-23T04:11:52.279+0000: 11931.726: [ParNew: 69815K->5275K(72512K), 0.0030671 secs] 190040K->126454K(233664K), 0.0031509 secs] [Times: user=0.01 sys=0.00, real=0.00 secs] 
2019-12-23T04:12:03.560+0000: 11943.007: [GC (Allocation Failure) 2019-12-23T04:12:03.560+0000: 11943.007: [ParNew: 69787K->5509K(72512K), 0.0031735 secs] 190966K->127774K(233664K), 0.0032693 secs] [Times: user=0.01 sys=0.00, real=0.00 secs] 
2019-12-23T04:12:08.086+0000: 11947.533: [GC (Allocation Failure) 2019-12-23T04:12:08.086+0000: 11947.533: [ParNew: 70021K->5336K(72512K), 0.0032852 secs] 192286K->128424K(233664K), 0.0033720 secs] [Times: user=0.01 sys=0.00, real=0.00 secs] 
2019-12-23T04:12:24.442+0000: 11963.889: [GC (Allocation Failure) 2019-12-23T04:12:24.442+0000: 11963.889: [ParNew: 69848K->5559K(72512K), 0.0065252 secs] 192936K->129727K(233664K), 0.0066098 secs] [Times: user=0.01 sys=0.00, real=0.00 secs] 
2019-12-23T04:12:27.858+0000: 11967.305: [GC (Allocation Failure) 2019-12-23T04:12:27.858+0000: 11967.305: [ParNew: 70071K->5512K(72512K), 0.0071968 secs] 194239K->130633K(233664K), 0.0072994 secs] [Times: user=0.01 sys=0.00, real=0.01 secs] 
2019-12-23T04:12:38.218+0000: 11977.665: [GC (Allocation Failure) 2019-12-23T04:12:38.218+0000: 11977.665: [ParNew: 70024K->5359K(72512K), 0.0042755 secs] 195145K->131525K(233664K), 0.0043505 secs] [Times: user=0.01 sys=0.00, real=0.01 secs] 
2019-12-23T04:12:48.290+0000: 11987.737: [GC (Allocation Failure) 2019-12-23T04:12:48.290+0000: 11987.737: [ParNew: 69871K->5084K(72512K), 0.0030584 secs] 196037K->132202K(233664K), 0.0031473 secs] [Times: user=0.01 sys=0.00, real=0.01 secs] 
2019-12-23T04:12:58.863+0000: 11998.310: [GC (Allocation Failure) 2019-12-23T04:12:58.863+0000: 11998.310: [ParNew: 69596K->5752K(72512K), 0.0037435 secs] 196714K->133822K(233664K), 0.0038537 secs] [Times: user=0.01 sys=0.00, real=0.00 secs] 
2019-12-23T04:13:06.547+0000: 12005.994: [GC (Allocation Failure) 2019-12-23T04:13:06.547+0000: 12005.994: [ParNew: 70264K->4835K(72512K), 0.0033924 secs] 198334K->133857K(233664K), 0.0034854 secs] [Times: user=0.01 sys=0.00, real=0.01 secs] 
2019-12-23T04:13:18.890+0000: 12018.337: [GC (Allocation Failure) 2019-12-23T04:13:18.890+0000: 12018.337: [ParNew: 69347K->4980K(72512K), 0.0033084 secs] 198369K->134825K(233664K), 0.0033878 secs] [Times: user=0.01 sys=0.00, real=0.01 secs] 
2019-12-23T04:13:22.481+0000: 12021.928: [GC (Allocation Failure) 2019-12-23T04:13:22.481+0000: 12021.928: [ParNew: 69492K->5405K(72512K), 0.0031072 secs] 199337K->136203K(233664K), 0.0031909 secs] [Times: user=0.00 sys=0.00, real=0.00 secs] 
2019-12-23T04:13:33.694+0000: 12033.141: [GC (Allocation Failure) 2019-12-23T04:13:33.694+0000: 12033.141: [ParNew: 69917K->5161K(72512K), 0.0031256 secs] 200715K->136911K(233664K), 0.0032082 secs] [Times: user=0.01 sys=0.00, real=0.00 secs] 
2019-12-23T04:13:44.925+0000: 12044.372: [GC (Allocation Failure) 2019-12-23T04:13:44.925+0000: 12044.372: [ParNew: 69673K->4689K(72512K), 0.0032329 secs] 201423K->137390K(233664K), 0.0033216 secs] [Times: user=0.01 sys=0.00, real=0.00 secs] 
2019-12-23T04:13:55.542+0000: 12054.989: [GC (Allocation Failure) 2019-12-23T04:13:55.542+0000: 12054.989: [ParNew: 69201K->4985K(72512K), 0.0035133 secs] 201902K->138638K(233664K), 0.0036164 secs] [Times: user=0.01 sys=0.00, real=0.00 secs] 
2019-12-23T04:14:05.549+0000: 12064.996: [GC (Allocation Failure) 2019-12-23T04:14:05.549+0000: 12064.996: [ParNew: 69497K->5134K(72512K), 0.0032400 secs] 203150K->139739K(233664K), 0.0033318 secs] [Times: user=0.01 sys=0.00, real=0.01 secs] 
2019-12-23T04:14:11.718+0000: 12071.165: [GC (Allocation Failure) 2019-12-23T04:14:11.718+0000: 12071.165: [ParNew: 69646K->5306K(72512K), 0.0032605 secs] 204251K->140864K(233664K), 0.0033582 secs] [Times: user=0.00 sys=0.00, real=0.01 secs] 
2019-12-23T04:14:20.578+0000: 12080.024: [GC (Allocation Failure) 2019-12-23T04:14:20.578+0000: 12080.025: [ParNew: 69818K->5147K(72512K), 0.0032572 secs] 205376K->141684K(233664K), 0.0033441 secs] [Times: user=0.01 sys=0.00, real=0.01 secs] 
2019-12-23T04:14:30.736+0000: 12090.183: [GC (Allocation Failure) 2019-12-23T04:14:30.736+0000: 12090.183: [ParNew: 69659K->4914K(72512K), 0.0030556 secs] 206196K->142403K(233664K), 0.0031390 secs] [Times: user=0.01 sys=0.00, real=0.01 secs] 
2019-12-23T04:14:42.018+0000: 12101.465: [GC (Allocation Failure) 2019-12-23T04:14:42.018+0000: 12101.465: [ParNew: 69426K->5567K(72512K), 0.0032062 secs] 206915K->144008K(233664K), 0.0032911 secs] [Times: user=0.01 sys=0.00, real=0.01 secs] 
2019-12-23T04:14:53.017+0000: 12112.464: [GC (Allocation Failure) 2019-12-23T04:14:53.017+0000: 12112.464: [ParNew: 70079K->5717K(72512K), 0.0046582 secs] 208520K->145109K(233664K), 0.0047870 secs] [Times: user=0.02 sys=0.00, real=0.01 secs] 
2019-12-23T04:14:59.198+0000: 12118.645: [GC (Allocation Failure) 2019-12-23T04:14:59.198+0000: 12118.645: [ParNew: 70229K->5013K(72512K), 0.0032798 secs] 209621K->145358K(233664K), 0.0033854 secs] [Times: user=0.01 sys=0.00, real=0.01 secs] 
2019-12-23T04:15:11.218+0000: 12130.665: [GC (Allocation Failure) 2019-12-23T04:15:11.218+0000: 12130.665: [ParNew: 69525K->5158K(72512K), 0.0035127 secs] 209870K->146454K(233664K), 0.0035948 secs] [Times: user=0.01 sys=0.00, real=0.01 secs] 
2019-12-23T04:15:15.661+0000: 12135.108: [GC (Allocation Failure) 2019-12-23T04:15:15.661+0000: 12135.108: [ParNew: 69670K->4876K(72512K), 0.0031863 secs] 210966K->147125K(233664K), 0.0032652 secs] [Times: user=0.01 sys=0.00, real=0.00 secs] 
2019-12-23T04:15:26.889+0000: 12146.336: [GC (Allocation Failure) 2019-12-23T04:15:26.889+0000: 12146.336: [ParNew: 69388K->5129K(72512K), 0.0028993 secs] 211637K->148229K(233664K), 0.0029830 secs] [Times: user=0.00 sys=0.00, real=0.01 secs] 
2019-12-23T04:15:37.415+0000: 12156.862: [GC (Allocation Failure) 2019-12-23T04:15:37.415+0000: 12156.862: [ParNew: 69629K->4772K(72512K), 0.0031323 secs] 212729K->148824K(233664K), 0.0032125 secs] [Times: user=0.00 sys=0.01, real=0.01 secs] 
2019-12-23T04:15:49.340+0000: 12168.786: [GC (Allocation Failure) 2019-12-23T04:15:49.340+0000: 12168.787: [ParNew: 69284K->5168K(72512K), 0.0030846 secs] 213336K->150174K(233664K), 0.0031729 secs] [Times: user=0.01 sys=0.00, real=0.00 secs] 
2019-12-23T04:16:00.159+0000: 12179.606: [GC (Allocation Failure) 2019-12-23T04:16:00.159+0000: 12179.606: [ParNew: 69680K->4742K(72512K), 0.0042018 secs] 214686K->150700K(233664K), 0.0042755 secs] [Times: user=0.01 sys=0.00, real=0.00 secs] 
2019-12-23T04:16:06.523+0000: 12185.970: [GC (Allocation Failure) 2019-12-23T04:16:06.523+0000: 12185.970: [ParNew: 69254K->4952K(72512K), 0.0030772 secs] 215212K->151958K(233664K), 0.0031652 secs] [Times: user=0.01 sys=0.00, real=0.00 secs] 
2019-12-23T04:16:15.983+0000: 12195.430: [GC (Allocation Failure) 2019-12-23T04:16:15.983+0000: 12195.430: [ParNew: 69464K->4965K(72512K), 0.0028950 secs] 216470K->152988K(233664K), 0.0029876 secs] [Times: user=0.01 sys=0.00, real=0.00 secs] 
2019-12-23T04:16:23.540+0000: 12202.987: [GC (Allocation Failure) 2019-12-23T04:16:23.540+0000: 12202.987: [ParNew: 69477K->4879K(72512K), 0.0031438 secs] 217500K->153727K(233664K), 0.0032304 secs] [Times: user=0.01 sys=0.00, real=0.00 secs] 
2019-12-23T04:16:23.543+0000: 12202.990: [GC (CMS Initial Mark) [1 CMS-initial-mark: 148847K(161152K)] 154669K(233664K), 0.0009794 secs] [Times: user=0.00 sys=0.00, real=0.00 secs] 
2019-12-23T04:16:23.545+0000: 12202.991: [CMS-concurrent-mark-start]
2019-12-23T04:16:23.583+0000: 12203.030: [CMS-concurrent-mark: 0.038/0.038 secs] [Times: user=0.06 sys=0.00, real=0.04 secs] 
2019-12-23T04:16:23.583+0000: 12203.030: [CMS-concurrent-preclean-start]
2019-12-23T04:16:23.584+0000: 12203.031: [CMS-concurrent-preclean: 0.001/0.001 secs] [Times: user=0.00 sys=0.00, real=0.00 secs] 
2019-12-23T04:16:23.584+0000: 12203.031: [CMS-concurrent-abortable-preclean-start]
 CMS: abort preclean due to time 2019-12-23T04:16:28.593+0000: 12208.040: [CMS-concurrent-abortable-preclean: 0.204/5.009 secs] [Times: user=0.33 sys=0.00, real=5.01 secs] 
2019-12-23T04:16:28.593+0000: 12208.040: [GC (CMS Final Remark) [YG occupancy: 31334 K (72512 K)]2019-12-23T04:16:28.593+0000: 12208.040: [Rescan (parallel) , 0.0047673 secs]2019-12-23T04:16:28.598+0000: 12208.045: [weak refs processing, 0.0000490 secs]2019-12-23T04:16:28.598+0000: 12208.045: [class unloading, 0.0094305 secs]2019-12-23T04:16:28.607+0000: 12208.054: [scrub symbol table, 0.0052469 secs]2019-12-23T04:16:28.613+0000: 12208.060: [scrub string table, 0.0005633 secs][1 CMS-remark: 148847K(161152K)] 180181K(233664K), 0.0202422 secs] [Times: user=0.04 sys=0.00, real=0.02 secs] 
2019-12-23T04:16:28.614+0000: 12208.060: [CMS-concurrent-sweep-start]
2019-12-23T04:16:28.626+0000: 12208.073: [CMS-concurrent-sweep: 0.012/0.012 secs] [Times: user=0.01 sys=0.00, real=0.01 secs] 
2019-12-23T04:16:28.626+0000: 12208.073: [CMS-concurrent-reset-start]
2019-12-23T04:16:28.638+0000: 12208.085: [CMS-concurrent-reset: 0.012/0.012 secs] [Times: user=0.01 sys=0.00, real=0.01 secs] 
2019-12-23T04:16:35.869+0000: 12215.316: [GC (Allocation Failure) 2019-12-23T04:16:35.869+0000: 12215.316: [ParNew: 69391K->5201K(72512K), 0.0031045 secs] 99725K->36578K(233664K), 0.0031768 secs] [Times: user=0.01 sys=0.00, real=0.01 secs] 
2019-12-23T04:16:44.146+0000: 12223.592: [GC (Allocation Failure) 2019-12-23T04:16:44.146+0000: 12223.593: [ParNew: 69713K->5689K(72512K), 0.0028619 secs] 101090K->38018K(233664K), 0.0029421 secs] [Times: user=0.01 sys=0.00, real=0.00 secs] 
2019-12-23T04:16:57.351+0000: 12236.798: [GC (Allocation Failure) 2019-12-23T04:16:57.351+0000: 12236.798: [ParNew: 70201K->5403K(72512K), 0.0031840 secs] 102530K->38684K(233664K), 0.0032670 secs] [Times: user=0.01 sys=0.00, real=0.00 secs] 
2019-12-23T04:17:00.077+0000: 12239.524: [GC (Allocation Failure) 2019-12-23T04:17:00.077+0000: 12239.524: [ParNew: 69915K->4820K(72512K), 0.0029906 secs] 103196K->39054K(233664K), 0.0030847 secs] [Times: user=0.01 sys=0.00, real=0.01 secs] 
2019-12-23T04:17:15.446+0000: 12254.893: [GC (Allocation Failure) 2019-12-23T04:17:15.447+0000: 12254.893: [ParNew: 69332K->4821K(72512K), 0.0035556 secs] 103566K->40006K(233664K), 0.0036679 secs] [Times: user=0.01 sys=0.00, real=0.00 secs] 
2019-12-23T04:17:21.455+0000: 12260.902: [GC (Allocation Failure) 2019-12-23T04:17:21.455+0000: 12260.902: [ParNew: 69333K->5597K(72512K), 0.0032778 secs] 104518K->41737K(233664K), 0.0033654 secs] [Times: user=0.01 sys=0.00, real=0.00 secs] 
2019-12-23T04:17:31.375+0000: 12270.822: [GC (Allocation Failure) 2019-12-23T04:17:31.375+0000: 12270.822: [ParNew: 70109K->5627K(72512K), 0.0031662 secs] 106249K->42719K(233664K), 0.0032576 secs] [Times: user=0.01 sys=0.00, real=0.00 secs] 
2019-12-23T04:17:42.443+0000: 12281.890: [GC (Allocation Failure) 2019-12-23T04:17:42.443+0000: 12281.890: [ParNew: 70139K->5650K(72512K), 0.0028554 secs] 107231K->43694K(233664K), 0.0029361 secs] [Times: user=0.00 sys=0.00, real=0.00 secs] 
2019-12-23T04:17:51.007+0000: 12290.454: [GC (Allocation Failure) 2019-12-23T04:17:51.007+0000: 12290.454: [ParNew: 70162K->5826K(72512K), 0.0043946 secs] 108206K->44821K(233664K), 0.0044778 secs] [Times: user=0.01 sys=0.00, real=0.01 secs] 
2019-12-23T04:18:03.083+0000: 12302.530: [GC (Allocation Failure) 2019-12-23T04:18:03.083+0000: 12302.530: [ParNew: 70338K->5496K(72512K), 0.0029654 secs] 109333K->45443K(233664K), 0.0030568 secs] [Times: user=0.00 sys=0.00, real=0.00 secs] 
2019-12-23T04:18:06.877+0000: 12306.324: [GC (Allocation Failure) 2019-12-23T04:18:06.877+0000: 12306.324: [ParNew: 70008K->5043K(72512K), 0.0030829 secs] 109955K->45942K(233664K), 0.0031535 secs] [Times: user=0.01 sys=0.00, real=0.01 secs] 
2019-12-23T04:18:19.188+0000: 12318.635: [GC (Allocation Failure) 2019-12-23T04:18:19.188+0000: 12318.635: [ParNew: 69555K->5501K(72512K), 0.0030445 secs] 110454K->47353K(233664K), 0.0031265 secs] [Times: user=0.01 sys=0.00, real=0.01 secs] 
2019-12-23T04:18:26.928+0000: 12326.375: [GC (Allocation Failure) 2019-12-23T04:18:26.928+0000: 12326.375: [ParNew: 70013K->6097K(72512K), 0.0030163 secs] 111865K->48901K(233664K), 0.0030986 secs] [Times: user=0.01 sys=0.00, real=0.01 secs] 
2019-12-23T04:18:35.940+0000: 12335.387: [GC (Allocation Failure) 2019-12-23T04:18:35.940+0000: 12335.387: [ParNew: 70609K->6454K(72512K), 0.0034366 secs] 113413K->50210K(233664K), 0.0035291 secs] [Times: user=0.01 sys=0.00, real=0.00 secs] 
2019-12-23T04:18:49.482+0000: 12348.929: [GC (Allocation Failure) 2019-12-23T04:18:49.482+0000: 12348.929: [ParNew: 70966K->5057K(72512K), 0.0031825 secs] 114722K->49764K(233664K), 0.0032679 secs] [Times: user=0.01 sys=0.00, real=0.00 secs] 
2019-12-23T04:18:52.828+0000: 12352.275: [GC (Allocation Failure) 2019-12-23T04:18:52.828+0000: 12352.275: [ParNew: 69569K->5265K(72512K), 0.0044908 secs] 114276K->50925K(233664K), 0.0045870 secs] [Times: user=0.02 sys=0.00, real=0.01 secs] 
2019-12-23T04:19:07.577+0000: 12367.024: [GC (Allocation Failure) 2019-12-23T04:19:07.577+0000: 12367.024: [ParNew: 69777K->5322K(72512K), 0.0032165 secs] 115437K->51934K(233664K), 0.0032940 secs] [Times: user=0.01 sys=0.00, real=0.01 secs] 
2019-12-23T04:19:11.927+0000: 12371.374: [GC (Allocation Failure) 2019-12-23T04:19:11.927+0000: 12371.374: [ParNew: 69834K->6259K(72512K), 0.0032316 secs] 116446K->53822K(233664K), 0.0033078 secs] [Times: user=0.01 sys=0.00, real=0.00 secs] 
2019-12-23T04:19:24.047+0000: 12383.494: [GC (Allocation Failure) 2019-12-23T04:19:24.047+0000: 12383.494: [ParNew: 70771K->5369K(72512K), 0.0032495 secs] 118334K->53885K(233664K), 0.0033255 secs] [Times: user=0.01 sys=0.00, real=0.00 secs] 
2019-12-23T04:19:34.199+0000: 12393.646: [GC (Allocation Failure) 2019-12-23T04:19:34.199+0000: 12393.646: [ParNew: 69881K->5226K(72512K), 0.0028741 secs] 118397K->54721K(233664K), 0.0029539 secs] [Times: user=0.01 sys=0.00, real=0.00 secs] 
2019-12-23T04:19:44.410+0000: 12403.857: [GC (Allocation Failure) 2019-12-23T04:19:44.410+0000: 12403.857: [ParNew: 69738K->4744K(72512K), 0.0030421 secs] 119233K->55191K(233664K), 0.0031360 secs] [Times: user=0.01 sys=0.00, real=0.01 secs] 
2019-12-23T04:19:55.399+0000: 12414.846: [GC (Allocation Failure) 2019-12-23T04:19:55.399+0000: 12414.846: [ParNew: 69256K->5074K(72512K), 0.0041827 secs] 119703K->56473K(233664K), 0.0042573 secs] [Times: user=0.01 sys=0.00, real=0.00 secs] 
2019-12-23T04:20:02.183+0000: 12421.630: [GC (Allocation Failure) 2019-12-23T04:20:02.183+0000: 12421.630: [ParNew: 69586K->5491K(72512K), 0.0028588 secs] 120985K->57843K(233664K), 0.0029334 secs] [Times: user=0.01 sys=0.01, real=0.00 secs] 
2019-12-23T04:20:11.961+0000: 12431.408: [GC (Allocation Failure) 2019-12-23T04:20:11.961+0000: 12431.408: [ParNew: 70003K->4438K(72512K), 0.0029454 secs] 122355K->57876K(233664K), 0.0030263 secs] [Times: user=0.01 sys=0.00, real=0.00 secs] 
2019-12-23T04:20:20.208+0000: 12439.655: [GC (Allocation Failure) 2019-12-23T04:20:20.208+0000: 12439.655: [ParNew: 68950K->4742K(72512K), 0.0031308 secs] 122388K->59132K(233664K), 0.0032046 secs] [Times: user=0.01 sys=0.00, real=0.01 secs] 
2019-12-23T04:20:31.293+0000: 12450.740: [GC (Allocation Failure) 2019-12-23T04:20:31.293+0000: 12450.740: [ParNew: 69254K->5232K(72512K), 0.0030768 secs] 123644K->60574K(233664K), 0.0031499 secs] [Times: user=0.01 sys=0.00, real=0.00 secs] 
2019-12-23T04:20:42.121+0000: 12461.568: [GC (Allocation Failure) 2019-12-23T04:20:42.121+0000: 12461.568: [ParNew: 69744K->5468K(72512K), 0.0031175 secs] 125086K->61635K(233664K), 0.0031973 secs] [Times: user=0.01 sys=0.00, real=0.00 secs] 
2019-12-23T04:20:52.795+0000: 12472.242: [GC (Allocation Failure) 2019-12-23T04:20:52.796+0000: 12472.243: [ParNew: 69980K->5932K(72512K), 0.0047645 secs] 126147K->63051K(233664K), 0.0049471 secs] [Times: user=0.01 sys=0.00, real=0.01 secs] 
2019-12-23T04:21:01.142+0000: 12480.589: [GC (Allocation Failure) 2019-12-23T04:21:01.142+0000: 12480.589: [ParNew: 70444K->5089K(72512K), 0.0031245 secs] 127563K->63160K(233664K), 0.0032045 secs] [Times: user=0.01 sys=0.00, real=0.00 secs] 
2019-12-23T04:21:15.248+0000: 12494.695: [GC (Allocation Failure) 2019-12-23T04:21:15.248+0000: 12494.695: [ParNew: 69601K->5935K(72512K), 0.0034648 secs] 127672K->64957K(233664K), 0.0035412 secs] [Times: user=0.01 sys=0.00, real=0.01 secs] 
2019-12-23T04:21:16.661+0000: 12496.108: [GC (Allocation Failure) 2019-12-23T04:21:16.661+0000: 12496.108: [ParNew: 70447K->5248K(72512K), 0.0032609 secs] 129469K->65223K(233664K), 0.0033531 secs] [Times: user=0.01 sys=0.00, real=0.00 secs] 
2019-12-23T04:21:33.001+0000: 12512.448: [GC (Allocation Failure) 2019-12-23T04:21:33.001+0000: 12512.448: [ParNew: 69760K->5081K(72512K), 0.0031375 secs] 129735K->66007K(233664K), 0.0032095 secs] [Times: user=0.01 sys=0.00, real=0.00 secs] 
2019-12-23T04:21:38.218+0000: 12517.665: [GC (Allocation Failure) 2019-12-23T04:21:38.218+0000: 12517.665: [ParNew: 69593K->6069K(72512K), 0.0044068 secs] 130519K->67948K(233664K), 0.0044879 secs] [Times: user=0.02 sys=0.00, real=0.01 secs] 
2019-12-23T04:21:49.782+0000: 12529.229: [GC (Allocation Failure) 2019-12-23T04:21:49.782+0000: 12529.229: [ParNew: 70581K->5302K(72512K), 0.0030902 secs] 132460K->68160K(233664K), 0.0031646 secs] [Times: user=0.01 sys=0.00, real=0.00 secs] 
2019-12-23T04:22:00.579+0000: 12540.026: [GC (Allocation Failure) 2019-12-23T04:22:00.579+0000: 12540.026: [ParNew: 69814K->5481K(72512K), 0.0030253 secs] 132672K->69291K(233664K), 0.0031064 secs] [Times: user=0.01 sys=0.00, real=0.00 secs] 
2019-12-23T04:22:05.592+0000: 12545.039: [GC (Allocation Failure) 2019-12-23T04:22:05.592+0000: 12545.039: [ParNew: 69993K->5606K(72512K), 0.0030182 secs] 133803K->70375K(233664K), 0.0030890 secs] [Times: user=0.01 sys=0.00, real=0.00 secs] 
2019-12-23T04:22:18.874+0000: 12558.321: [GC (Allocation Failure) 2019-12-23T04:22:18.874+0000: 12558.321: [ParNew: 70118K->5820K(72512K), 0.0030213 secs] 134887K->71540K(233664K), 0.0031088 secs] [Times: user=0.01 sys=0.01, real=0.00 secs] 
2019-12-23T04:22:24.253+0000: 12563.700: [GC (Allocation Failure) 2019-12-23T04:22:24.253+0000: 12563.700: [ParNew: 70332K->5942K(72512K), 0.0030635 secs] 136052K->72614K(233664K), 0.0031349 secs] [Times: user=0.01 sys=0.00, real=0.00 secs] 
2019-12-23T04:22:35.232+0000: 12574.679: [GC (Allocation Failure) 2019-12-23T04:22:35.233+0000: 12574.679: [ParNew: 70454K->5577K(72512K), 0.0031514 secs] 137126K->73201K(233664K), 0.0032377 secs] [Times: user=0.01 sys=0.00, real=0.00 secs] 
2019-12-23T04:22:46.867+0000: 12586.314: [GC (Allocation Failure) 2019-12-23T04:22:46.867+0000: 12586.314: [ParNew: 70089K->6734K(72512K), 0.0029501 secs] 137713K->75309K(233664K), 0.0030226 secs] [Times: user=0.01 sys=0.00, real=0.00 secs] 
2019-12-23T04:22:52.573+0000: 12592.020: [GC (Allocation Failure) 2019-12-23T04:22:52.574+0000: 12592.020: [ParNew: 71246K->5391K(72512K), 0.0031118 secs] 139821K->74919K(233664K), 0.0031966 secs] [Times: user=0.01 sys=0.00, real=0.00 secs] 
2019-12-23T04:23:05.403+0000: 12604.850: [GC (Allocation Failure) 2019-12-23T04:23:05.403+0000: 12604.850: [ParNew: 69903K->5300K(72512K), 0.0031152 secs] 139431K->75780K(233664K), 0.0031915 secs] [Times: user=0.01 sys=0.00, real=0.00 secs] 
2019-12-23T04:23:09.057+0000: 12608.504: [GC (Allocation Failure) 2019-12-23T04:23:09.057+0000: 12608.504: [ParNew: 69749K->4969K(72512K), 0.0029525 secs] 140228K->76400K(233664K), 0.0030268 secs] [Times: user=0.01 sys=0.00, real=0.01 secs] 
2019-12-23T04:23:21.605+0000: 12621.052: [GC (Allocation Failure) 2019-12-23T04:23:21.605+0000: 12621.052: [ParNew: 69481K->4925K(72512K), 0.0030920 secs] 140912K->77309K(233664K), 0.0031732 secs] [Times: user=0.01 sys=0.00, real=0.00 secs] 
2019-12-23T04:23:32.301+0000: 12631.748: [GC (Allocation Failure) 2019-12-23T04:23:32.301+0000: 12631.748: [ParNew: 69437K->5371K(72512K), 0.0031360 secs] 141821K->78734K(233664K), 0.0032194 secs] [Times: user=0.01 sys=0.00, real=0.00 secs] 
2019-12-23T04:23:40.753+0000: 12640.200: [GC (Allocation Failure) 2019-12-23T04:23:40.753+0000: 12640.200: [ParNew: 69883K->5571K(72512K), 0.0030499 secs] 143246K->79952K(233664K), 0.0031196 secs] [Times: user=0.01 sys=0.00, real=0.00 secs] 
2019-12-23T04:23:51.825+0000: 12651.272: [GC (Allocation Failure) 2019-12-23T04:23:51.825+0000: 12651.272: [ParNew: 70083K->6584K(72512K), 0.0035145 secs] 144464K->81852K(233664K), 0.0035849 secs] [Times: user=0.01 sys=0.00, real=0.00 secs] 
2019-12-23T04:24:01.902+0000: 12661.349: [GC (Allocation Failure) 2019-12-23T04:24:01.902+0000: 12661.349: [ParNew: 71096K->7357K(72512K), 0.0031382 secs] 146364K->83578K(233664K), 0.0032387 secs] [Times: user=0.00 sys=0.00, real=0.00 secs] 
2019-12-23T04:24:09.829+0000: 12669.276: [GC (Allocation Failure) 2019-12-23T04:24:09.829+0000: 12669.276: [ParNew: 71869K->5402K(72512K), 0.0029644 secs] 148090K->82709K(233664K), 0.0030396 secs] [Times: user=0.01 sys=0.00, real=0.01 secs] 
2019-12-23T04:24:17.848+0000: 12677.294: [GC (Allocation Failure) 2019-12-23T04:24:17.848+0000: 12677.295: [ParNew: 69914K->5059K(72512K), 0.0029749 secs] 147221K->83319K(233664K), 0.0030472 secs] [Times: user=0.01 sys=0.00, real=0.01 secs] 
2019-12-23T04:24:27.135+0000: 12686.582: [GC (Allocation Failure) 2019-12-23T04:24:27.135+0000: 12686.582: [ParNew: 69571K->4728K(72512K), 0.0031251 secs] 147831K->83938K(233664K), 0.0032202 secs] [Times: user=0.01 sys=0.00, real=0.01 secs] 
2019-12-23T04:24:37.903+0000: 12697.350: [GC (Allocation Failure) 2019-12-23T04:24:37.903+0000: 12697.350: [ParNew: 69240K->4027K(72512K), 0.0027549 secs] 148450K->83895K(233664K), 0.0028326 secs] [Times: user=0.00 sys=0.00, real=0.00 secs] 
2019-12-23T04:24:45.321+0000: 12704.768: [GC (Allocation Failure) 2019-12-23T04:24:45.321+0000: 12704.768: [ParNew: 68539K->4899K(72512K), 0.0026163 secs] 148407K->84768K(233664K), 0.0026856 secs] [Times: user=0.01 sys=0.00, real=0.00 secs] 
2019-12-23T04:24:53.955+0000: 12713.402: [GC (Allocation Failure) 2019-12-23T04:24:53.956+0000: 12713.402: [ParNew: 69411K->5118K(72512K), 0.0030773 secs] 149280K->85805K(233664K), 0.0031616 secs] [Times: user=0.01 sys=0.00, real=0.01 secs] 
2019-12-23T04:25:04.515+0000: 12723.962: [GC (Allocation Failure) 2019-12-23T04:25:04.515+0000: 12723.962: [ParNew: 69630K->5807K(72512K), 0.0032491 secs] 150317K->87969K(233664K), 0.0033248 secs] [Times: user=0.01 sys=0.00, real=0.00 secs] 
2019-12-23T04:25:10.629+0000: 12730.076: [GC (Allocation Failure) 2019-12-23T04:25:10.629+0000: 12730.076: [ParNew: 70319K->5100K(72512K), 0.0031843 secs] 152481K->88214K(233664K), 0.0032574 secs] [Times: user=0.01 sys=0.00, real=0.01 secs] 
2019-12-23T04:25:25.840+0000: 12745.287: [GC (Allocation Failure) 2019-12-23T04:25:25.840+0000: 12745.287: [ParNew: 69612K->5470K(72512K), 0.0032252 secs] 152726K->89536K(233664K), 0.0033033 secs] [Times: user=0.01 sys=0.01, real=0.00 secs] 
2019-12-23T04:25:30.244+0000: 12749.691: [GC (Allocation Failure) 2019-12-23T04:25:30.244+0000: 12749.691: [ParNew: 69982K->5561K(72512K), 0.0030760 secs] 154048K->90579K(233664K), 0.0031582 secs] [Times: user=0.01 sys=0.00, real=0.00 secs] 
2019-12-23T04:25:41.697+0000: 12761.144: [GC (Allocation Failure) 2019-12-23T04:25:41.697+0000: 12761.144: [ParNew: 70073K->6703K(72512K), 0.0030913 secs] 155091K->92673K(233664K), 0.0031608 secs] [Times: user=0.01 sys=0.00, real=0.01 secs] 
2019-12-23T04:25:46.293+0000: 12765.740: [GC (Allocation Failure) 2019-12-23T04:25:46.293+0000: 12765.740: [ParNew: 71215K->5778K(72512K), 0.0031146 secs] 157185K->92727K(233664K), 0.0031976 secs] [Times: user=0.01 sys=0.00, real=0.00 secs] 
2019-12-23T04:25:58.243+0000: 12777.689: [GC (Allocation Failure) 2019-12-23T04:25:58.243+0000: 12777.690: [ParNew: 70290K->5343K(72512K), 0.0030543 secs] 157239K->93244K(233664K), 0.0031483 secs] [Times: user=0.01 sys=0.01, real=0.00 secs] 
2019-12-23T04:26:09.386+0000: 12788.833: [GC (Allocation Failure) 2019-12-23T04:26:09.386+0000: 12788.833: [ParNew: 69855K->5868K(72512K), 0.0029991 secs] 157756K->94722K(233664K), 0.0030781 secs] [Times: user=0.01 sys=0.01, real=0.00 secs] 
2019-12-23T04:26:16.055+0000: 12795.502: [GC (Allocation Failure) 2019-12-23T04:26:16.056+0000: 12795.502: [ParNew: 70380K->5616K(72512K), 0.0031511 secs] 159234K->95422K(233664K), 0.0032219 secs] [Times: user=0.01 sys=0.00, real=0.01 secs] 
2019-12-23T04:26:25.719+0000: 12805.166: [GC (Allocation Failure) 2019-12-23T04:26:25.719+0000: 12805.166: [ParNew: 70128K->5965K(72512K), 0.0029617 secs] 159934K->96723K(233664K), 0.0030490 secs] [Times: user=0.01 sys=0.00, real=0.00 secs] 
2019-12-23T04:26:34.664+0000: 12814.111: [GC (Allocation Failure) 2019-12-23T04:26:34.664+0000: 12814.111: [ParNew: 70477K->6488K(72512K), 0.0029360 secs] 161235K->98198K(233664K), 0.0030054 secs] [Times: user=0.01 sys=0.00, real=0.00 secs] 
2019-12-23T04:26:45.145+0000: 12824.592: [GC (Allocation Failure) 2019-12-23T04:26:45.145+0000: 12824.592: [ParNew: 71000K->6624K(72512K), 0.0031029 secs] 162710K->99285K(233664K), 0.0031821 secs] [Times: user=0.01 sys=0.00, real=0.00 secs] 
2019-12-23T04:26:53.207+0000: 12832.654: [GC (Allocation Failure) 2019-12-23T04:26:53.207+0000: 12832.654: [ParNew: 71136K->5912K(72512K), 0.0030552 secs] 163797K->99426K(233664K), 0.0031310 secs] [Times: user=0.01 sys=0.00, real=0.00 secs] 
2019-12-23T04:27:01.890+0000: 12841.337: [GC (Allocation Failure) 2019-12-23T04:27:01.890+0000: 12841.337: [ParNew: 70424K->6034K(72512K), 0.0030956 secs] 163938K->100500K(233664K), 0.0031749 secs] [Times: user=0.01 sys=0.00, real=0.01 secs] 
2019-12-23T04:27:11.692+0000: 12851.139: [GC (Allocation Failure) 2019-12-23T04:27:11.693+0000: 12851.139: [ParNew: 70546K->6062K(72512K), 0.0031233 secs] 165012K->101479K(233664K), 0.0031947 secs] [Times: user=0.01 sys=0.00, real=0.00 secs] 
2019-12-23T04:27:18.948+0000: 12858.395: [GC (Allocation Failure) 2019-12-23T04:27:18.948+0000: 12858.395: [ParNew: 70574K->6839K(72512K), 0.0029787 secs] 165991K->103209K(233664K), 0.0030613 secs] [Times: user=0.00 sys=0.00, real=0.01 secs] 
2019-12-23T04:27:29.602+0000: 12869.049: [GC (Allocation Failure) 2019-12-23T04:27:29.602+0000: 12869.049: [ParNew: 71351K->5256K(72512K), 0.0031680 secs] 167721K->102577K(233664K), 0.0032456 secs] [Times: user=0.01 sys=0.00, real=0.00 secs] 
2019-12-23T04:27:39.000+0000: 12878.447: [GC (Allocation Failure) 2019-12-23T04:27:39.000+0000: 12878.447: [ParNew: 69768K->4888K(72512K), 0.0038453 secs] 167089K->103162K(233664K), 0.0039202 secs] [Times: user=0.01 sys=0.00, real=0.00 secs] 
2019-12-23T04:27:49.047+0000: 12888.494: [GC (Allocation Failure) 2019-12-23T04:27:49.047+0000: 12888.494: [ParNew: 69400K->5597K(72512K), 0.0029471 secs] 167674K->104824K(233664K), 0.0030200 secs] [Times: user=0.01 sys=0.00, real=0.00 secs] 
2019-12-23T04:28:01.077+0000: 12900.524: [GC (Allocation Failure) 2019-12-23T04:28:01.077+0000: 12900.524: [ParNew: 70109K->5197K(72512K), 0.0054680 secs] 169336K->105403K(233664K), 0.0055649 secs] [Times: user=0.01 sys=0.00, real=0.01 secs] 
2019-12-23T04:28:06.102+0000: 12905.549: [GC (Allocation Failure) 2019-12-23T04:28:06.102+0000: 12905.549: [ParNew: 69709K->5938K(72512K), 0.0029488 secs] 169915K->107232K(233664K), 0.0030249 secs] [Times: user=0.00 sys=0.00, real=0.00 secs] 
2019-12-23T04:28:17.628+0000: 12917.074: [GC (Allocation Failure) 2019-12-23T04:28:17.628+0000: 12917.074: [ParNew: 70450K->4862K(72512K), 0.0028969 secs] 171744K->107107K(233664K), 0.0029921 secs] [Times: user=0.00 sys=0.00, real=0.01 secs] 
2019-12-23T04:28:23.416+0000: 12922.863: [GC (Allocation Failure) 2019-12-23T04:28:23.416+0000: 12922.863: [ParNew: 69374K->5341K(72512K), 0.0029641 secs] 171619K->108538K(233664K), 0.0030386 secs] [Times: user=0.01 sys=0.00, real=0.01 secs] 
2019-12-23T04:28:34.608+0000: 12934.055: [GC (Allocation Failure) 2019-12-23T04:28:34.608+0000: 12934.055: [ParNew: 69853K->5451K(72512K), 0.0029541 secs] 173050K->109600K(233664K), 0.0030248 secs] [Times: user=0.01 sys=0.00, real=0.01 secs] 
2019-12-23T04:28:45.070+0000: 12944.517: [GC (Allocation Failure) 2019-12-23T04:28:45.070+0000: 12944.517: [ParNew: 69963K->6050K(72512K), 0.0029478 secs] 174112K->111152K(233664K), 0.0030302 secs] [Times: user=0.01 sys=0.00, real=0.01 secs] 
2019-12-23T04:28:53.388+0000: 12952.835: [GC (Allocation Failure) 2019-12-23T04:28:53.388+0000: 12952.835: [ParNew: 70562K->5418K(72512K), 0.0042044 secs] 175664K->111472K(233664K), 0.0043143 secs] [Times: user=0.01 sys=0.00, real=0.01 secs] 
2019-12-23T04:29:03.311+0000: 12962.758: [GC (Allocation Failure) 2019-12-23T04:29:03.311+0000: 12962.758: [ParNew: 69930K->5545K(72512K), 0.0031086 secs] 175984K->112579K(233664K), 0.0032031 secs] [Times: user=0.01 sys=0.00, real=0.00 secs] 
2019-12-23T04:29:12.750+0000: 12972.197: [GC (Allocation Failure) 2019-12-23T04:29:12.750+0000: 12972.197: [ParNew: 70057K->4934K(72512K), 0.0031378 secs] 177091K->112920K(233664K), 0.0032128 secs] [Times: user=0.01 sys=0.00, real=0.01 secs] 
2019-12-23T04:29:23.368+0000: 12982.815: [GC (Allocation Failure) 2019-12-23T04:29:23.368+0000: 12982.815: [ParNew: 69446K->5726K(72512K), 0.0031171 secs] 177432K->114664K(233664K), 0.0031979 secs] [Times: user=0.01 sys=0.00, real=0.01 secs] 
2019-12-23T04:29:29.898+0000: 12989.345: [GC (Allocation Failure) 2019-12-23T04:29:29.898+0000: 12989.345: [ParNew: 70238K->5820K(72512K), 0.0029835 secs] 179176K->115709K(233664K), 0.0030565 secs] [Times: user=0.01 sys=0.00, real=0.01 secs] 
2019-12-23T04:29:39.960+0000: 12999.407: [GC (Allocation Failure) 2019-12-23T04:29:39.960+0000: 12999.407: [ParNew: 70332K->5216K(72512K), 0.0028825 secs] 180221K->116058K(233664K), 0.0029620 secs] [Times: user=0.01 sys=0.00, real=0.00 secs] 
2019-12-23T04:29:51.112+0000: 13010.559: [GC (Allocation Failure) 2019-12-23T04:29:51.112+0000: 13010.559: [ParNew: 69728K->5300K(72512K), 0.0030258 secs] 180570K->117094K(233664K), 0.0031009 secs] [Times: user=0.01 sys=0.00, real=0.00 secs] 
2019-12-23T04:29:56.261+0000: 13015.708: [GC (Allocation Failure) 2019-12-23T04:29:56.261+0000: 13015.708: [ParNew: 69812K->5485K(72512K), 0.0029931 secs] 181606K->118230K(233664K), 0.0030708 secs] [Times: user=0.00 sys=0.00, real=0.00 secs] 
2019-12-23T04:30:09.387+0000: 13028.834: [GC (Allocation Failure) 2019-12-23T04:30:09.387+0000: 13028.834: [ParNew: 69997K->4994K(72512K), 0.0029224 secs] 182742K->118691K(233664K), 0.0030076 secs] [Times: user=0.01 sys=0.00, real=0.00 secs] 
2019-12-23T04:30:15.301+0000: 13034.748: [GC (Allocation Failure) 2019-12-23T04:30:15.302+0000: 13034.748: [ParNew: 69506K->5487K(72512K), 0.0029461 secs] 183203K->120136K(233664K), 0.0030302 secs] [Times: user=0.01 sys=0.00, real=0.00 secs] 
2019-12-23T04:30:26.720+0000: 13046.167: [GC (Allocation Failure) 2019-12-23T04:30:26.720+0000: 13046.167: [ParNew: 69999K->6052K(72512K), 0.0031617 secs] 184648K->121653K(233664K), 0.0032693 secs] [Times: user=0.01 sys=0.00, real=0.00 secs] 
2019-12-23T04:30:36.250+0000: 13055.697: [GC (Allocation Failure) 2019-12-23T04:30:36.250+0000: 13055.697: [ParNew: 70564K->6217K(72512K), 0.0042797 secs] 186165K->122770K(233664K), 0.0043689 secs] [Times: user=0.01 sys=0.00, real=0.01 secs] 
2019-12-23T04:30:46.345+0000: 13065.792: [GC (Allocation Failure) 2019-12-23T04:30:46.345+0000: 13065.792: [ParNew: 70729K->4875K(72512K), 0.0032426 secs] 187282K->122380K(233664K), 0.0033173 secs] [Times: user=0.01 sys=0.00, real=0.00 secs] 
2019-12-23T04:30:50.277+0000: 13069.724: [GC (Allocation Failure) 2019-12-23T04:30:50.277+0000: 13069.724: [ParNew: 69387K->5505K(72512K), 0.0029614 secs] 186892K->123963K(233664K), 0.0030457 secs] [Times: user=0.01 sys=0.00, real=0.01 secs] 
2019-12-23T04:31:02.296+0000: 13081.743: [GC (Allocation Failure) 2019-12-23T04:31:02.296+0000: 13081.743: [ParNew: 70017K->5351K(72512K), 0.0029999 secs] 188475K->124760K(233664K), 0.0030821 secs] [Times: user=0.01 sys=0.00, real=0.01 secs] 
2019-12-23T04:31:14.604+0000: 13094.051: [GC (Allocation Failure) 2019-12-23T04:31:14.604+0000: 13094.051: [ParNew: 69863K->4962K(72512K), 0.0037410 secs] 189272K->125323K(233664K), 0.0038250 secs] [Times: user=0.01 sys=0.00, real=0.00 secs] 
2019-12-23T04:31:22.781+0000: 13102.228: [GC (Allocation Failure) 2019-12-23T04:31:22.781+0000: 13102.228: [ParNew: 69474K->4711K(72512K), 0.0042438 secs] 189835K->126024K(233664K), 0.0043361 secs] [Times: user=0.01 sys=0.00, real=0.00 secs] 
2019-12-23T04:31:33.742+0000: 13113.189: [GC (Allocation Failure) 2019-12-23T04:31:33.742+0000: 13113.189: [ParNew: 69223K->4534K(72512K), 0.0029546 secs] 190536K->126801K(233664K), 0.0030484 secs] [Times: user=0.01 sys=0.00, real=0.00 secs] 
2019-12-23T04:31:44.197+0000: 13123.644: [GC (Allocation Failure) 2019-12-23T04:31:44.197+0000: 13123.644: [ParNew: 69046K->5010K(72512K), 0.0030587 secs] 191313K->128363K(233664K), 0.0031407 secs] [Times: user=0.01 sys=0.00, real=0.01 secs] 
2019-12-23T04:31:49.601+0000: 13129.048: [GC (Allocation Failure) 2019-12-23T04:31:49.601+0000: 13129.048: [ParNew: 69522K->4852K(72512K), 0.0032923 secs] 192875K->129024K(233664K), 0.0033963 secs] [Times: user=0.00 sys=0.00, real=0.00 secs] 
2019-12-23T04:31:59.144+0000: 13138.591: [GC (Allocation Failure) 2019-12-23T04:31:59.144+0000: 13138.591: [ParNew: 69364K->4590K(72512K), 0.0028988 secs] 193536K->129716K(233664K), 0.0029836 secs] [Times: user=0.01 sys=0.01, real=0.00 secs] 
2019-12-23T04:32:08.350+0000: 13147.797: [GC (Allocation Failure) 2019-12-23T04:32:08.350+0000: 13147.797: [ParNew: 69102K->4681K(72512K), 0.0030792 secs] 194228K->130657K(233664K), 0.0031907 secs] [Times: user=0.01 sys=0.00, real=0.01 secs] 
2019-12-23T04:32:19.422+0000: 13158.869: [GC (Allocation Failure) 2019-12-23T04:32:19.422+0000: 13158.869: [ParNew: 69193K->5179K(72512K), 0.0030577 secs] 195169K->132110K(233664K), 0.0031393 secs] [Times: user=0.00 sys=0.00, real=0.00 secs] 
2019-12-23T04:32:30.179+0000: 13169.626: [GC (Allocation Failure) 2019-12-23T04:32:30.179+0000: 13169.626: [ParNew: 69691K->4959K(72512K), 0.0034737 secs] 196622K->132978K(233664K), 0.0035655 secs] [Times: user=0.01 sys=0.00, real=0.00 secs] 
2019-12-23T04:32:36.887+0000: 13176.334: [GC (Allocation Failure) 2019-12-23T04:32:36.887+0000: 13176.334: [ParNew: 69471K->4727K(72512K), 0.0029818 secs] 197490K->133699K(233664K), 0.0030681 secs] [Times: user=0.00 sys=0.00, real=0.00 secs] 
2019-12-23T04:32:46.854+0000: 13186.301: [GC (Allocation Failure) 2019-12-23T04:32:46.854+0000: 13186.301: [ParNew: 69239K->5347K(72512K), 0.0030005 secs] 198211K->135270K(233664K), 0.0030756 secs] [Times: user=0.01 sys=0.00, real=0.00 secs] 
2019-12-23T04:32:54.150+0000: 13193.597: [GC (Allocation Failure) 2019-12-23T04:32:54.150+0000: 13193.597: [ParNew: 69859K->5223K(72512K), 0.0042088 secs] 199782K->136098K(233664K), 0.0042802 secs] [Times: user=0.01 sys=0.00, real=0.01 secs] 
2019-12-23T04:33:06.072+0000: 13205.519: [GC (Allocation Failure) 2019-12-23T04:33:06.072+0000: 13205.519: [ParNew: 69735K->5323K(72512K), 0.0034712 secs] 200610K->137151K(233664K), 0.0035450 secs] [Times: user=0.01 sys=0.00, real=0.00 secs] 
2019-12-23T04:33:11.415+0000: 13210.862: [GC (Allocation Failure) 2019-12-23T04:33:11.415+0000: 13210.862: [ParNew: 69835K->5869K(72512K), 0.0059034 secs] 201663K->138649K(233664K), 0.0060190 secs] [Times: user=0.01 sys=0.00, real=0.01 secs] 
2019-12-23T04:33:22.114+0000: 13221.561: [GC (Allocation Failure) 2019-12-23T04:33:22.114+0000: 13221.561: [ParNew: 70381K->4990K(72512K), 0.0032462 secs] 203161K->138722K(233664K), 0.0033212 secs] [Times: user=0.01 sys=0.00, real=0.00 secs] 
2019-12-23T04:33:30.655+0000: 13230.102: [GC (Allocation Failure) 2019-12-23T04:33:30.655+0000: 13230.102: [ParNew: 69502K->5183K(72512K), 0.0030580 secs] 203234K->139868K(233664K), 0.0031340 secs] [Times: user=0.01 sys=0.00, real=0.00 secs] 
2019-12-23T04:33:41.850+0000: 13241.297: [GC (Allocation Failure) 2019-12-23T04:33:41.850+0000: 13241.297: [ParNew: 69695K->5602K(72512K), 0.0030785 secs] 204380K->141239K(233664K), 0.0031484 secs] [Times: user=0.00 sys=0.01, real=0.01 secs] 
2019-12-23T04:33:51.098+0000: 13250.545: [GC (Allocation Failure) 2019-12-23T04:33:51.098+0000: 13250.545: [ParNew: 70114K->5583K(72512K), 0.0047001 secs] 205751K->142173K(233664K), 0.0047943 secs] [Times: user=0.01 sys=0.00, real=0.01 secs] 
2019-12-23T04:33:58.219+0000: 13257.666: [GC (Allocation Failure) 2019-12-23T04:33:58.219+0000: 13257.666: [ParNew: 70095K->5750K(72512K), 0.0030653 secs] 206685K->143292K(233664K), 0.0031436 secs] [Times: user=0.01 sys=0.00, real=0.00 secs] 
2019-12-23T04:34:05.054+0000: 13264.501: [GC (Allocation Failure) 2019-12-23T04:34:05.054+0000: 13264.501: [ParNew: 70262K->6211K(72512K), 0.0030423 secs] 207804K->144865K(233664K), 0.0031276 secs] [Times: user=0.01 sys=0.00, real=0.00 secs] 
2019-12-23T04:34:16.470+0000: 13275.917: [GC (Allocation Failure) 2019-12-23T04:34:16.471+0000: 13275.917: [ParNew: 70723K->5202K(72512K), 0.0031191 secs] 209377K->144807K(233664K), 0.0032246 secs] [Times: user=0.01 sys=0.00, real=0.01 secs] 
2019-12-23T04:34:28.315+0000: 13287.762: [GC (Allocation Failure) 2019-12-23T04:34:28.315+0000: 13287.762: [ParNew: 69714K->5387K(72512K), 0.0031273 secs] 209319K->145945K(233664K), 0.0032193 secs] [Times: user=0.01 sys=0.00, real=0.00 secs] 
2019-12-23T04:34:37.703+0000: 13297.150: [GC (Allocation Failure) 2019-12-23T04:34:37.703+0000: 13297.150: [ParNew: 69899K->5780K(72512K), 0.0030227 secs] 210457K->147289K(233664K), 0.0031102 secs] [Times: user=0.00 sys=0.01, real=0.00 secs] 
2019-12-23T04:34:44.924+0000: 13304.371: [GC (Allocation Failure) 2019-12-23T04:34:44.924+0000: 13304.371: [ParNew: 70292K->4975K(72512K), 0.0035868 secs] 211801K->147436K(233664K), 0.0036707 secs] [Times: user=0.01 sys=0.00, real=0.00 secs] 
2019-12-23T04:34:58.450+0000: 13317.897: [GC (Allocation Failure) 2019-12-23T04:34:58.451+0000: 13317.897: [ParNew: 69487K->4955K(72512K), 0.0032176 secs] 211948K->148368K(233664K), 0.0033148 secs] [Times: user=0.01 sys=0.00, real=0.01 secs] 
2019-12-23T04:35:01.702+0000: 13321.149: [GC (Allocation Failure) 2019-12-23T04:35:01.702+0000: 13321.149: [ParNew: 69467K->5494K(72512K), 0.0031938 secs] 212880K->149859K(233664K), 0.0032724 secs] [Times: user=0.01 sys=0.00, real=0.00 secs] 
2019-12-23T04:35:12.809+0000: 13332.256: [GC (Allocation Failure) 2019-12-23T04:35:12.809+0000: 13332.256: [ParNew: 70006K->5589K(72512K), 0.0032073 secs] 214371K->150935K(233664K), 0.0033035 secs] [Times: user=0.01 sys=0.00, real=0.01 secs] 
2019-12-23T04:35:23.269+0000: 13342.716: [GC (Allocation Failure) 2019-12-23T04:35:23.269+0000: 13342.716: [ParNew: 70101K->5256K(72512K), 0.0034143 secs] 215447K->151554K(233664K), 0.0035044 secs] [Times: user=0.01 sys=0.00, real=0.01 secs] 
2019-12-23T04:35:35.066+0000: 13354.513: [GC (Allocation Failure) 2019-12-23T04:35:35.066+0000: 13354.513: [ParNew: 69768K->5265K(72512K), 0.0032430 secs] 216066K->152516K(233664K), 0.0033204 secs] [Times: user=0.01 sys=0.00, real=0.00 secs] 
2019-12-23T04:35:46.144+0000: 13365.591: [GC (Allocation Failure) 2019-12-23T04:35:46.144+0000: 13365.591: [ParNew: 69777K->6048K(72512K), 0.0031165 secs] 217028K->154386K(233664K), 0.0031924 secs] [Times: user=0.01 sys=0.00, real=0.00 secs] 
2019-12-23T04:35:46.147+0000: 13365.594: [GC (CMS Initial Mark) [1 CMS-initial-mark: 148338K(161152K)] 154488K(233664K), 0.0010395 secs] [Times: user=0.01 sys=0.00, real=0.00 secs] 
2019-12-23T04:35:46.148+0000: 13365.595: [CMS-concurrent-mark-start]
2019-12-23T04:35:46.207+0000: 13365.654: [CMS-concurrent-mark: 0.058/0.058 secs] [Times: user=0.11 sys=0.02, real=0.06 secs] 
2019-12-23T04:35:46.207+0000: 13365.654: [CMS-concurrent-preclean-start]
2019-12-23T04:35:46.208+0000: 13365.655: [CMS-concurrent-preclean: 0.001/0.001 secs] [Times: user=0.00 sys=0.00, real=0.00 secs] 
2019-12-23T04:35:46.208+0000: 13365.655: [CMS-concurrent-abortable-preclean-start]
 CMS: abort preclean due to time 2019-12-23T04:35:51.213+0000: 13370.660: [CMS-concurrent-abortable-preclean: 0.200/5.005 secs] [Times: user=0.24 sys=0.01, real=5.01 secs] 
2019-12-23T04:35:51.214+0000: 13370.661: [GC (CMS Final Remark) [YG occupancy: 41434 K (72512 K)]2019-12-23T04:35:51.214+0000: 13370.661: [Rescan (parallel) , 0.0062098 secs]2019-12-23T04:35:51.220+0000: 13370.667: [weak refs processing, 0.0000706 secs]2019-12-23T04:35:51.220+0000: 13370.667: [class unloading, 0.0131856 secs]2019-12-23T04:35:51.233+0000: 13370.680: [scrub symbol table, 0.0053265 secs]2019-12-23T04:35:51.239+0000: 13370.686: [scrub string table, 0.0005678 secs][1 CMS-remark: 148338K(161152K)] 189772K(233664K), 0.0255752 secs] [Times: user=0.05 sys=0.00, real=0.03 secs] 
2019-12-23T04:35:51.240+0000: 13370.687: [CMS-concurrent-sweep-start]
2019-12-23T04:35:51.251+0000: 13370.698: [CMS-concurrent-sweep: 0.011/0.011 secs] [Times: user=0.01 sys=0.00, real=0.01 secs] 
2019-12-23T04:35:51.251+0000: 13370.698: [CMS-concurrent-reset-start]
2019-12-23T04:35:51.263+0000: 13370.710: [CMS-concurrent-reset: 0.012/0.012 secs] [Times: user=0.01 sys=0.00, real=0.01 secs] 
2019-12-23T04:35:56.642+0000: 13376.089: [GC (Allocation Failure) 2019-12-23T04:35:56.642+0000: 13376.089: [ParNew: 70560K->4644K(72512K), 0.0027124 secs] 99155K->34191K(233664K), 0.0027793 secs] [Times: user=0.00 sys=0.00, real=0.00 secs] 
2019-12-23T04:36:07.951+0000: 13387.398: [GC (Allocation Failure) 2019-12-23T04:36:07.951+0000: 13387.398: [ParNew: 69156K->5111K(72512K), 0.0028550 secs] 98703K->35609K(233664K), 0.0029262 secs] [Times: user=0.01 sys=0.00, real=0.00 secs] 
2019-12-23T04:36:18.167+0000: 13397.614: [GC (Allocation Failure) 2019-12-23T04:36:18.167+0000: 13397.614: [ParNew: 69623K->5297K(72512K), 0.0029511 secs] 100121K->36647K(233664K), 0.0030501 secs] [Times: user=0.01 sys=0.00, real=0.00 secs] 
2019-12-23T04:36:28.518+0000: 13407.965: [GC (Allocation Failure) 2019-12-23T04:36:28.519+0000: 13407.965: [ParNew: 69809K->5547K(72512K), 0.0028933 secs] 101159K->37849K(233664K), 0.0029735 secs] [Times: user=0.01 sys=0.00, real=0.00 secs] 
2019-12-23T04:36:36.585+0000: 13416.032: [GC (Allocation Failure) 2019-12-23T04:36:36.585+0000: 13416.032: [ParNew: 70059K->6214K(72512K), 0.0028861 secs] 102361K->39467K(233664K), 0.0029646 secs] [Times: user=0.01 sys=0.00, real=0.00 secs] 
2019-12-23T04:36:46.010+0000: 13425.457: [GC (Allocation Failure) 2019-12-23T04:36:46.010+0000: 13425.457: [ParNew: 70726K->4766K(72512K), 0.0030499 secs] 103979K->38971K(233664K), 0.0031294 secs] [Times: user=0.01 sys=0.00, real=0.01 secs] 
2019-12-23T04:36:47.495+0000: 13426.942: [GC (Allocation Failure) 2019-12-23T04:36:47.495+0000: 13426.942: [ParNew: 69278K->5578K(72512K), 0.0028744 secs] 103483K->40735K(233664K), 0.0029602 secs] [Times: user=0.01 sys=0.00, real=0.00 secs] 
2019-12-23T04:37:02.590+0000: 13442.037: [GC (Allocation Failure) 2019-12-23T04:37:02.590+0000: 13442.037: [ParNew: 70090K->5694K(72512K), 0.0032252 secs] 105247K->41803K(233664K), 0.0033091 secs] [Times: user=0.01 sys=0.00, real=0.01 secs] 
2019-12-23T04:37:10.622+0000: 13450.069: [GC (Allocation Failure) 2019-12-23T04:37:10.622+0000: 13450.069: [ParNew: 70206K->5400K(72512K), 0.0031207 secs] 106315K->42461K(233664K), 0.0031955 secs] [Times: user=0.00 sys=0.00, real=0.00 secs] 
2019-12-23T04:37:22.599+0000: 13462.046: [GC (Allocation Failure) 2019-12-23T04:37:22.599+0000: 13462.046: [ParNew: 69912K->5063K(72512K), 0.0030692 secs] 106973K->43039K(233664K), 0.0031605 secs] [Times: user=0.00 sys=0.00, real=0.00 secs] 
2019-12-23T04:37:34.523+0000: 13473.970: [GC (Allocation Failure) 2019-12-23T04:37:34.523+0000: 13473.970: [ParNew: 69575K->4977K(72512K), 0.0029485 secs] 107551K->43905K(233664K), 0.0030273 secs] [Times: user=0.01 sys=0.00, real=0.00 secs] 
2019-12-23T04:37:42.631+0000: 13482.078: [GC (Allocation Failure) 2019-12-23T04:37:42.631+0000: 13482.078: [ParNew: 69489K->5123K(72512K), 0.0030974 secs] 108417K->45003K(233664K), 0.0031712 secs] [Times: user=0.01 sys=0.00, real=0.00 secs] 
2019-12-23T04:37:59.849+0000: 13499.296: [GC (Allocation Failure) 2019-12-23T04:37:59.849+0000: 13499.296: [ParNew: 69635K->5880K(72512K), 0.0030349 secs] 109515K->46739K(233664K), 0.0031172 secs] [Times: user=0.01 sys=0.00, real=0.01 secs] 
2019-12-23T04:38:10.211+0000: 13509.658: [GC (Allocation Failure) 2019-12-23T04:38:10.211+0000: 13509.658: [ParNew: 70392K->6092K(72512K), 0.0032217 secs] 111251K->47903K(233664K), 0.0033214 secs] [Times: user=0.00 sys=0.00, real=0.00 secs] 
2019-12-23T04:38:17.678+0000: 13517.125: [GC (Allocation Failure) 2019-12-23T04:38:17.678+0000: 13517.125: [ParNew: 70604K->5213K(72512K), 0.0028399 secs] 112415K->47976K(233664K), 0.0029137 secs] [Times: user=0.01 sys=0.00, real=0.01 secs] 
2019-12-23T04:38:33.165+0000: 13532.612: [GC (Allocation Failure) 2019-12-23T04:38:33.165+0000: 13532.612: [ParNew: 69725K->6020K(72512K), 0.0030664 secs] 112488K->49735K(233664K), 0.0031463 secs] [Times: user=0.01 sys=0.00, real=0.00 secs] 
2019-12-23T04:38:35.135+0000: 13534.582: [GC (Allocation Failure) 2019-12-23T04:38:35.135+0000: 13534.582: [ParNew: 70532K->4352K(72512K), 0.0026103 secs] 114247K->48200K(233664K), 0.0026978 secs] [Times: user=0.01 sys=0.00, real=0.00 secs] 
2019-12-23T04:38:51.475+0000: 13550.922: [GC (Allocation Failure) 2019-12-23T04:38:51.475+0000: 13550.922: [ParNew: 68864K->4843K(72512K), 0.0026106 secs] 112712K->48692K(233664K), 0.0026983 secs] [Times: user=0.01 sys=0.00, real=0.00 secs] 
2019-12-23T04:38:58.609+0000: 13558.056: [GC (Allocation Failure) 2019-12-23T04:38:58.609+0000: 13558.056: [ParNew: 69355K->5215K(72512K), 0.0027676 secs] 113204K->49063K(233664K), 0.0028503 secs] [Times: user=0.01 sys=0.00, real=0.01 secs] 
2019-12-23T04:39:10.257+0000: 13569.704: [GC (Allocation Failure) 2019-12-23T04:39:10.257+0000: 13569.704: [ParNew: 69727K->5126K(72512K), 0.0033979 secs] 113575K->50277K(233664K), 0.0034709 secs] [Times: user=0.01 sys=0.01, real=0.01 secs] 
2019-12-23T04:39:21.621+0000: 13581.068: [GC (Allocation Failure) 2019-12-23T04:39:21.621+0000: 13581.068: [ParNew: 69638K->6026K(72512K), 0.0031221 secs] 114789K->52129K(233664K), 0.0032060 secs] [Times: user=0.01 sys=0.00, real=0.00 secs] 
2019-12-23T04:39:28.346+0000: 13587.793: [GC (Allocation Failure) 2019-12-23T04:39:28.346+0000: 13587.793: [ParNew: 70538K->4912K(72512K), 0.0029857 secs] 116641K->51866K(233664K), 0.0030591 secs] [Times: user=0.01 sys=0.00, real=0.00 secs] 
2019-12-23T04:39:40.505+0000: 13599.952: [GC (Allocation Failure) 2019-12-23T04:39:40.505+0000: 13599.952: [ParNew: 69424K->5587K(72512K), 0.0030106 secs] 116378K->53493K(233664K), 0.0031138 secs] [Times: user=0.01 sys=0.00, real=0.00 secs] 
2019-12-23T04:39:48.585+0000: 13608.032: [GC (Allocation Failure) 2019-12-23T04:39:48.585+0000: 13608.032: [ParNew: 70099K->5123K(72512K), 0.0029264 secs] 118005K->53980K(233664K), 0.0030139 secs] [Times: user=0.01 sys=0.00, real=0.00 secs] 
2019-12-23T04:39:58.843+0000: 13618.289: [GC (Allocation Failure) 2019-12-23T04:39:58.843+0000: 13618.290: [ParNew: 69635K->4766K(72512K), 0.0029810 secs] 118492K->54576K(233664K), 0.0030698 secs] [Times: user=0.01 sys=0.00, real=0.00 secs] 
2019-12-23T04:40:10.753+0000: 13630.200: [GC (Allocation Failure) 2019-12-23T04:40:10.753+0000: 13630.200: [ParNew: 69278K->4710K(72512K), 0.0029908 secs] 119088K->55471K(233664K), 0.0030627 secs] [Times: user=0.01 sys=0.00, real=0.00 secs] 
2019-12-23T04:40:17.779+0000: 13637.226: [GC (Allocation Failure) 2019-12-23T04:40:17.780+0000: 13637.226: [ParNew: 69222K->5146K(72512K), 0.0028874 secs] 119983K->56860K(233664K), 0.0029694 secs] [Times: user=0.00 sys=0.00, real=0.00 secs] 
2019-12-23T04:40:34.882+0000: 13654.329: [GC (Allocation Failure) 2019-12-23T04:40:34.882+0000: 13654.329: [ParNew: 69658K->4769K(72512K), 0.0029108 secs] 121372K->57462K(233664K), 0.0029957 secs] [Times: user=0.01 sys=0.00, real=0.00 secs] 
2019-12-23T04:40:37.065+0000: 13656.512: [GC (Allocation Failure) 2019-12-23T04:40:37.065+0000: 13656.512: [ParNew: 69281K->4850K(72512K), 0.0028435 secs] 121974K->58495K(233664K), 0.0029270 secs] [Times: user=0.01 sys=0.00, real=0.00 secs] 
2019-12-23T04:40:51.714+0000: 13671.161: [GC (Allocation Failure) 2019-12-23T04:40:51.715+0000: 13671.162: [ParNew: 69362K->5481K(72512K), 0.0029259 secs] 123007K->60078K(233664K), 0.0030312 secs] [Times: user=0.00 sys=0.01, real=0.00 secs] 
2019-12-23T04:41:01.410+0000: 13680.857: [GC (Allocation Failure) 2019-12-23T04:41:01.410+0000: 13680.857: [ParNew: 69993K->5160K(72512K), 0.0031143 secs] 124590K->60709K(233664K), 0.0032154 secs] [Times: user=0.01 sys=0.00, real=0.01 secs] 
2019-12-23T04:41:10.943+0000: 13690.390: [GC (Allocation Failure) 2019-12-23T04:41:10.943+0000: 13690.390: [ParNew: 69672K->5300K(72512K), 0.0030125 secs] 125221K->61802K(233664K), 0.0030940 secs] [Times: user=0.01 sys=0.01, real=0.00 secs] 
2019-12-23T04:41:24.175+0000: 13703.622: [GC (Allocation Failure) 2019-12-23T04:41:24.175+0000: 13703.622: [ParNew: 69812K->4754K(72512K), 0.0042830 secs] 126314K->62342K(233664K), 0.0043690 secs] [Times: user=0.01 sys=0.00, real=0.01 secs] 
2019-12-23T04:41:27.737+0000: 13707.184: [GC (Allocation Failure) 2019-12-23T04:41:27.737+0000: 13707.184: [ParNew: 69266K->6246K(72512K), 0.0028240 secs] 126854K->64658K(233664K), 0.0029036 secs] [Times: user=0.01 sys=0.00, real=0.01 secs] 
2019-12-23T04:41:44.561+0000: 13724.008: [GC (Allocation Failure) 2019-12-23T04:41:44.561+0000: 13724.008: [ParNew: 70758K->5223K(72512K), 0.0029763 secs] 129170K->64587K(233664K), 0.0030495 secs] [Times: user=0.01 sys=0.00, real=0.00 secs] 
2019-12-23T04:41:47.441+0000: 13726.888: [GC (Allocation Failure) 2019-12-23T04:41:47.441+0000: 13726.888: [ParNew: 69735K->5606K(72512K), 0.0028776 secs] 129099K->65922K(233664K), 0.0029583 secs] [Times: user=0.01 sys=0.00, real=0.00 secs] 
2019-12-23T04:42:01.435+0000: 13740.882: [GC (Allocation Failure) 2019-12-23T04:42:01.435+0000: 13740.882: [ParNew: 70118K->4797K(72512K), 0.0028711 secs] 130434K->66065K(233664K), 0.0029452 secs] [Times: user=0.00 sys=0.00, real=0.00 secs] 
2019-12-23T04:42:11.997+0000: 13751.444: [GC (Allocation Failure) 2019-12-23T04:42:11.997+0000: 13751.444: [ParNew: 69309K->5289K(72512K), 0.0028673 secs] 130577K->67509K(233664K), 0.0029440 secs] [Times: user=0.00 sys=0.00, real=0.01 secs] 
2019-12-23T04:42:20.708+0000: 13760.155: [GC (Allocation Failure) 2019-12-23T04:42:20.708+0000: 13760.155: [ParNew: 69801K->5163K(72512K), 0.0031369 secs] 132021K->68334K(233664K), 0.0032097 secs] [Times: user=0.01 sys=0.00, real=0.01 secs] 
2019-12-23T04:42:34.254+0000: 13773.701: [GC (Allocation Failure) 2019-12-23T04:42:34.254+0000: 13773.701: [ParNew: 69675K->5190K(72512K), 0.0030956 secs] 132846K->69213K(233664K), 0.0031685 secs] [Times: user=0.01 sys=0.00, real=0.00 secs] 
2019-12-23T04:42:45.360+0000: 13784.807: [GC (Allocation Failure) 2019-12-23T04:42:45.360+0000: 13784.807: [ParNew: 69702K->5094K(72512K), 0.0030116 secs] 133725K->70068K(233664K), 0.0030831 secs] [Times: user=0.01 sys=0.00, real=0.00 secs] 
2019-12-23T04:42:53.040+0000: 13792.487: [GC (Allocation Failure) 2019-12-23T04:42:53.040+0000: 13792.487: [ParNew: 69606K->6059K(72512K), 0.0031248 secs] 134580K->72145K(233664K), 0.0032161 secs] [Times: user=0.01 sys=0.00, real=0.00 secs] 
2019-12-23T04:43:07.544+0000: 13806.991: [GC (Allocation Failure) 2019-12-23T04:43:07.544+0000: 13806.991: [ParNew: 70571K->5176K(72512K), 0.0034080 secs] 136657K->72215K(233664K), 0.0035140 secs] [Times: user=0.01 sys=0.01, real=0.00 secs] 
2019-12-23T04:43:10.546+0000: 13809.993: [GC (Allocation Failure) 2019-12-23T04:43:10.546+0000: 13809.993: [ParNew: 69688K->5491K(72512K), 0.0030188 secs] 136727K->73481K(233664K), 0.0031034 secs] [Times: user=0.01 sys=0.00, real=0.00 secs] 
2019-12-23T04:43:23.739+0000: 13823.186: [GC (Allocation Failure) 2019-12-23T04:43:23.739+0000: 13823.186: [ParNew: 70003K->5721K(72512K), 0.0031827 secs] 137993K->74663K(233664K), 0.0032595 secs] [Times: user=0.01 sys=0.00, real=0.00 secs] 
2019-12-23T04:43:31.246+0000: 13830.693: [GC (Allocation Failure) 2019-12-23T04:43:31.246+0000: 13830.693: [ParNew: 70233K->5795K(72512K), 0.0030617 secs] 139175K->75690K(233664K), 0.0031447 secs] [Times: user=0.01 sys=0.00, real=0.00 secs] 
2019-12-23T04:43:42.392+0000: 13841.839: [GC (Allocation Failure) 2019-12-23T04:43:42.392+0000: 13841.839: [ParNew: 70307K->6185K(72512K), 0.0029040 secs] 140202K->77032K(233664K), 0.0029762 secs] [Times: user=0.01 sys=0.00, real=0.00 secs] 
2019-12-23T04:43:53.734+0000: 13853.181: [GC (Allocation Failure) 2019-12-23T04:43:53.734+0000: 13853.181: [ParNew: 70697K->5046K(72512K), 0.0029512 secs] 141544K->76845K(233664K), 0.0030398 secs] [Times: user=0.01 sys=0.01, real=0.00 secs] 
2019-12-23T04:43:58.826+0000: 13858.273: [GC (Allocation Failure) 2019-12-23T04:43:58.826+0000: 13858.273: [ParNew: 69558K->5863K(72512K), 0.0030305 secs] 141357K->78642K(233664K), 0.0031092 secs] [Times: user=0.01 sys=0.00, real=0.00 secs] 
2019-12-23T04:44:14.290+0000: 13873.737: [GC (Allocation Failure) 2019-12-23T04:44:14.290+0000: 13873.737: [ParNew: 70375K->5034K(72512K), 0.0027976 secs] 143154K->78764K(233664K), 0.0028786 secs] [Times: user=0.01 sys=0.00, real=0.01 secs] 
2019-12-23T04:44:19.358+0000: 13878.805: [GC (Allocation Failure) 2019-12-23T04:44:19.358+0000: 13878.805: [ParNew: 69546K->5338K(72512K), 0.0029945 secs] 143276K->80020K(233664K), 0.0030697 secs] [Times: user=0.01 sys=0.00, real=0.01 secs] 
2019-12-23T04:44:30.563+0000: 13890.010: [GC (Allocation Failure) 2019-12-23T04:44:30.563+0000: 13890.010: [ParNew: 69850K->5851K(72512K), 0.0028850 secs] 144532K->81485K(233664K), 0.0029789 secs] [Times: user=0.00 sys=0.00, real=0.00 secs] 
2019-12-23T04:44:41.782+0000: 13901.229: [GC (Allocation Failure) 2019-12-23T04:44:41.782+0000: 13901.229: [ParNew: 70363K->5297K(72512K), 0.0030106 secs] 145997K->81755K(233664K), 0.0030877 secs] [Times: user=0.00 sys=0.00, real=0.00 secs] 
2019-12-23T04:44:50.238+0000: 13909.685: [GC (Allocation Failure) 2019-12-23T04:44:50.238+0000: 13909.685: [ParNew: 69809K->5990K(72512K), 0.0030116 secs] 146267K->83400K(233664K), 0.0031090 secs] [Times: user=0.01 sys=0.00, real=0.01 secs] 
2019-12-23T04:45:03.777+0000: 13923.224: [GC (Allocation Failure) 2019-12-23T04:45:03.777+0000: 13923.224: [ParNew: 70502K->6233K(72512K), 0.0035276 secs] 147912K->84622K(233664K), 0.0036093 secs] [Times: user=0.01 sys=0.01, real=0.01 secs] 
2019-12-23T04:45:08.180+0000: 13927.627: [GC (Allocation Failure) 2019-12-23T04:45:08.180+0000: 13927.627: [ParNew: 70745K->5924K(72512K), 0.0035548 secs] 149134K->85266K(233664K), 0.0036370 secs] [Times: user=0.01 sys=0.00, real=0.00 secs] 
2019-12-23T04:45:20.274+0000: 13939.721: [GC (Allocation Failure) 2019-12-23T04:45:20.274+0000: 13939.721: [ParNew: 70436K->6648K(72512K), 0.0038026 secs] 149778K->86941K(233664K), 0.0038920 secs] [Times: user=0.01 sys=0.00, real=0.00 secs] 
2019-12-23T04:45:28.307+0000: 13947.754: [GC (Allocation Failure) 2019-12-23T04:45:28.307+0000: 13947.754: [ParNew: 71160K->5558K(72512K), 0.0031464 secs] 151453K->86806K(233664K), 0.0032325 secs] [Times: user=0.01 sys=0.00, real=0.00 secs] 
2019-12-23T04:45:40.127+0000: 13959.574: [GC (Allocation Failure) 2019-12-23T04:45:40.127+0000: 13959.574: [ParNew: 70070K->4872K(72512K), 0.0029373 secs] 151318K->86945K(233664K), 0.0030193 secs] [Times: user=0.00 sys=0.00, real=0.00 secs] 
2019-12-23T04:45:53.119+0000: 13972.566: [GC (Allocation Failure) 2019-12-23T04:45:53.119+0000: 13972.566: [ParNew: 69384K->4941K(72512K), 0.0041418 secs] 151457K->87965K(233664K), 0.0042169 secs] [Times: user=0.01 sys=0.00, real=0.00 secs] 
2019-12-23T04:46:03.866+0000: 13983.313: [GC (Allocation Failure) 2019-12-23T04:46:03.866+0000: 13983.313: [ParNew: 69453K->4719K(72512K), 0.0046269 secs] 152477K->88698K(233664K), 0.0047311 secs] [Times: user=0.00 sys=0.01, real=0.01 secs] 
2019-12-23T04:46:12.440+0000: 13991.887: [GC (Allocation Failure) 2019-12-23T04:46:12.440+0000: 13991.887: [ParNew: 69231K->5635K(72512K), 0.0030378 secs] 153210K->90566K(233664K), 0.0031097 secs] [Times: user=0.01 sys=0.00, real=0.00 secs] 
2019-12-23T04:46:20.369+0000: 13999.816: [GC (Allocation Failure) 2019-12-23T04:46:20.369+0000: 13999.816: [ParNew: 70147K->4902K(72512K), 0.0030676 secs] 155078K->90920K(233664K), 0.0031545 secs] [Times: user=0.01 sys=0.00, real=0.01 secs] 
2019-12-23T04:46:28.357+0000: 14007.804: [GC (Allocation Failure) 2019-12-23T04:46:28.357+0000: 14007.804: [ParNew: 69414K->5359K(72512K), 0.0030528 secs] 155432K->92227K(233664K), 0.0031263 secs] [Times: user=0.01 sys=0.00, real=0.01 secs] 
2019-12-23T04:46:41.429+0000: 14020.876: [GC (Allocation Failure) 2019-12-23T04:46:41.430+0000: 14020.876: [ParNew: 69871K->5837K(72512K), 0.0031078 secs] 156739K->93786K(233664K), 0.0031959 secs] [Times: user=0.01 sys=0.00, real=0.01 secs] 
2019-12-23T04:46:53.390+0000: 14032.837: [GC (Allocation Failure) 2019-12-23T04:46:53.390+0000: 14032.837: [ParNew: 70349K->5211K(72512K), 0.0030933 secs] 158298K->94113K(233664K), 0.0031665 secs] [Times: user=0.01 sys=0.00, real=0.01 secs] 
2019-12-23T04:47:01.279+0000: 14040.726: [GC (Allocation Failure) 2019-12-23T04:47:01.279+0000: 14040.726: [ParNew: 69723K->4627K(72512K), 0.0030260 secs] 158625K->94480K(233664K), 0.0031355 secs] [Times: user=0.01 sys=0.00, real=0.00 secs] 
2019-12-23T04:47:17.065+0000: 14056.512: [GC (Allocation Failure) 2019-12-23T04:47:17.065+0000: 14056.512: [ParNew: 69139K->4855K(72512K), 0.0032524 secs] 158992K->95660K(233664K), 0.0033224 secs] [Times: user=0.01 sys=0.00, real=0.00 secs] 
2019-12-23T04:47:18.198+0000: 14057.645: [GC (Allocation Failure) 2019-12-23T04:47:18.198+0000: 14057.645: [ParNew: 69367K->5286K(72512K), 0.0030157 secs] 160172K->97043K(233664K), 0.0030943 secs] [Times: user=0.01 sys=0.00, real=0.01 secs] 
2019-12-23T04:47:34.427+0000: 14073.874: [GC (Allocation Failure) 2019-12-23T04:47:34.427+0000: 14073.874: [ParNew: 69798K->5741K(72512K), 0.0031777 secs] 161555K->98509K(233664K), 0.0032718 secs] [Times: user=0.01 sys=0.00, real=0.00 secs] 
2019-12-23T04:47:41.126+0000: 14080.573: [GC (Allocation Failure) 2019-12-23T04:47:41.126+0000: 14080.573: [ParNew: 70253K->5166K(72512K), 0.0031912 secs] 163021K->98887K(233664K), 0.0032672 secs] [Times: user=0.01 sys=0.01, real=0.00 secs] 
2019-12-23T04:47:53.531+0000: 14092.978: [GC (Allocation Failure) 2019-12-23T04:47:53.531+0000: 14092.978: [ParNew: 69678K->5975K(72512K), 0.0031688 secs] 163399K->100674K(233664K), 0.0032445 secs] [Times: user=0.00 sys=0.00, real=0.00 secs] 
2019-12-23T04:48:05.623+0000: 14105.070: [GC (Allocation Failure) 2019-12-23T04:48:05.623+0000: 14105.070: [ParNew: 70487K->5155K(72512K), 0.0028539 secs] 165186K->100805K(233664K), 0.0029422 secs] [Times: user=0.01 sys=0.00, real=0.00 secs] 
2019-12-23T04:48:11.552+0000: 14110.999: [GC (Allocation Failure) 2019-12-23T04:48:11.552+0000: 14110.999: [ParNew: 69667K->4799K(72512K), 0.0029474 secs] 165317K->101401K(233664K), 0.0030240 secs] [Times: user=0.01 sys=0.00, real=0.00 secs] 
2019-12-23T04:48:22.820+0000: 14122.267: [GC (Allocation Failure) 2019-12-23T04:48:22.820+0000: 14122.267: [ParNew: 69311K->5281K(72512K), 0.0030364 secs] 165913K->102836K(233664K), 0.0031235 secs] [Times: user=0.00 sys=0.00, real=0.00 secs] 
2019-12-23T04:48:29.865+0000: 14129.312: [GC (Allocation Failure) 2019-12-23T04:48:29.865+0000: 14129.312: [ParNew: 69793K->4812K(72512K), 0.0042900 secs] 167348K->103319K(233664K), 0.0043750 secs] [Times: user=0.01 sys=0.00, real=0.00 secs] 
2019-12-23T04:48:41.865+0000: 14141.312: [GC (Allocation Failure) 2019-12-23T04:48:41.865+0000: 14141.312: [ParNew: 69324K->5537K(72512K), 0.0041969 secs] 167831K->104996K(233664K), 0.0042912 secs] [Times: user=0.01 sys=0.00, real=0.00 secs] 
2019-12-23T04:48:54.154+0000: 14153.601: [GC (Allocation Failure) 2019-12-23T04:48:54.154+0000: 14153.601: [ParNew: 70049K->5784K(72512K), 0.0031632 secs] 169508K->106222K(233664K), 0.0032488 secs] [Times: user=0.01 sys=0.00, real=0.00 secs] 
2019-12-23T04:49:05.499+0000: 14164.946: [GC (Allocation Failure) 2019-12-23T04:49:05.499+0000: 14164.946: [ParNew: 70296K->5989K(72512K), 0.0043259 secs] 170734K->107406K(233664K), 0.0044057 secs] [Times: user=0.01 sys=0.00, real=0.00 secs] 
2019-12-23T04:49:19.430+0000: 14178.876: [GC (Allocation Failure) 2019-12-23T04:49:19.430+0000: 14178.877: [ParNew: 70501K->5396K(72512K), 0.0031884 secs] 171918K->107765K(233664K), 0.0032649 secs] [Times: user=0.01 sys=0.00, real=0.01 secs] 
2019-12-23T04:49:23.559+0000: 14183.006: [GC (Allocation Failure) 2019-12-23T04:49:23.559+0000: 14183.006: [ParNew: 69908K->4783K(72512K), 0.0030794 secs] 172277K->108104K(233664K), 0.0031485 secs] [Times: user=0.01 sys=0.00, real=0.00 secs] 
2019-12-23T04:49:34.721+0000: 14194.168: [GC (Allocation Failure) 2019-12-23T04:49:34.721+0000: 14194.168: [ParNew: 69295K->5038K(72512K), 0.0030513 secs] 172616K->109311K(233664K), 0.0031516 secs] [Times: user=0.01 sys=0.00, real=0.00 secs] 
2019-12-23T04:49:44.312+0000: 14203.759: [GC (Allocation Failure) 2019-12-23T04:49:44.312+0000: 14203.759: [ParNew: 69550K->5355K(72512K), 0.0030044 secs] 173823K->110580K(233664K), 0.0030882 secs] [Times: user=0.01 sys=0.00, real=0.00 secs] 
2019-12-23T04:49:56.663+0000: 14216.110: [GC (Allocation Failure) 2019-12-23T04:49:56.663+0000: 14216.110: [ParNew: 69867K->4833K(72512K), 0.0029449 secs] 175092K->111010K(233664K), 0.0030321 secs] [Times: user=0.01 sys=0.00, real=0.00 secs] 
2019-12-23T04:50:06.412+0000: 14225.859: [GC (Allocation Failure) 2019-12-23T04:50:06.412+0000: 14225.859: [ParNew: 69345K->5144K(72512K), 0.0036326 secs] 175522K->112273K(233664K), 0.0037150 secs] [Times: user=0.01 sys=0.00, real=0.00 secs] 
2019-12-23T04:50:17.046+0000: 14236.493: [GC (Allocation Failure) 2019-12-23T04:50:17.046+0000: 14236.493: [ParNew: 69656K->4803K(72512K), 0.0029754 secs] 176785K->112884K(233664K), 0.0030563 secs] [Times: user=0.01 sys=0.00, real=0.00 secs] 
2019-12-23T04:50:21.339+0000: 14240.786: [GC (Allocation Failure) 2019-12-23T04:50:21.339+0000: 14240.786: [ParNew: 69315K->5005K(72512K), 0.0040665 secs] 177396K->114038K(233664K), 0.0041436 secs] [Times: user=0.01 sys=0.00, real=0.00 secs] 
2019-12-23T04:50:33.073+0000: 14252.520: [GC (Allocation Failure) 2019-12-23T04:50:33.073+0000: 14252.520: [ParNew: 69517K->4992K(72512K), 0.0030339 secs] 178550K->114976K(233664K), 0.0031111 secs] [Times: user=0.00 sys=0.00, real=0.00 secs] 
2019-12-23T04:50:45.902+0000: 14265.349: [GC (Allocation Failure) 2019-12-23T04:50:45.902+0000: 14265.349: [ParNew: 69504K->5270K(72512K), 0.0029648 secs] 179488K->116208K(233664K), 0.0030440 secs] [Times: user=0.01 sys=0.00, real=0.00 secs] 
2019-12-23T04:50:56.306+0000: 14275.753: [GC (Allocation Failure) 2019-12-23T04:50:56.306+0000: 14275.753: [ParNew: 69782K->5810K(72512K), 0.0030906 secs] 180720K->117598K(233664K), 0.0031710 secs] [Times: user=0.01 sys=0.00, real=0.00 secs] 
2019-12-23T04:51:08.548+0000: 14287.994: [GC (Allocation Failure) 2019-12-23T04:51:08.548+0000: 14287.995: [ParNew: 70322K->4916K(72512K), 0.0042160 secs] 182110K->117656K(233664K), 0.0042948 secs] [Times: user=0.01 sys=0.00, real=0.01 secs] 
2019-12-23T04:51:15.840+0000: 14295.287: [GC (Allocation Failure) 2019-12-23T04:51:15.840+0000: 14295.287: [ParNew: 69428K->5650K(72512K), 0.0029151 secs] 182168K->119479K(233664K), 0.0029972 secs] [Times: user=0.01 sys=0.00, real=0.00 secs] 
2019-12-23T04:51:25.475+0000: 14304.922: [GC (Allocation Failure) 2019-12-23T04:51:25.476+0000: 14304.922: [ParNew: 70162K->4578K(72512K), 0.0031871 secs] 183991K->119359K(233664K), 0.0032586 secs] [Times: user=0.01 sys=0.00, real=0.01 secs] 
2019-12-23T04:51:33.217+0000: 14312.664: [GC (Allocation Failure) 2019-12-23T04:51:33.217+0000: 14312.664: [ParNew: 69090K->4708K(72512K), 0.0030709 secs] 183871K->120377K(233664K), 0.0031523 secs] [Times: user=0.01 sys=0.00, real=0.01 secs] 
2019-12-23T04:51:45.780+0000: 14325.227: [GC (Allocation Failure) 2019-12-23T04:51:45.780+0000: 14325.227: [ParNew: 69220K->5047K(72512K), 0.0028746 secs] 184889K->121667K(233664K), 0.0029464 secs] [Times: user=0.01 sys=0.00, real=0.00 secs] 
2019-12-23T04:51:58.030+0000: 14337.477: [GC (Allocation Failure) 2019-12-23T04:51:58.030+0000: 14337.477: [ParNew: 69559K->5179K(72512K), 0.0029337 secs] 186179K->122716K(233664K), 0.0030161 secs] [Times: user=0.01 sys=0.00, real=0.01 secs] 
2019-12-23T04:52:10.078+0000: 14349.525: [GC (Allocation Failure) 2019-12-23T04:52:10.078+0000: 14349.525: [ParNew: 69691K->5429K(72512K), 0.0030033 secs] 187228K->123917K(233664K), 0.0030716 secs] [Times: user=0.01 sys=0.00, real=0.01 secs] 
2019-12-23T04:52:15.843+0000: 14355.290: [GC (Allocation Failure) 2019-12-23T04:52:15.843+0000: 14355.290: [ParNew: 69941K->4955K(72512K), 0.0029932 secs] 188429K->124395K(233664K), 0.0030675 secs] [Times: user=0.01 sys=0.00, real=0.00 secs] 
2019-12-23T04:52:32.779+0000: 14372.226: [GC (Allocation Failure) 2019-12-23T04:52:32.779+0000: 14372.226: [ParNew: 69467K->4947K(72512K), 0.0029790 secs] 188907K->125339K(233664K), 0.0030557 secs] [Times: user=0.01 sys=0.00, real=0.00 secs] 
2019-12-23T04:52:33.986+0000: 14373.433: [GC (Allocation Failure) 2019-12-23T04:52:33.986+0000: 14373.433: [ParNew: 69459K->4894K(72512K), 0.0030718 secs] 189851K->126237K(233664K), 0.0031390 secs] [Times: user=0.01 sys=0.00, real=0.00 secs] 
2019-12-23T04:52:48.480+0000: 14387.927: [GC (Allocation Failure) 2019-12-23T04:52:48.480+0000: 14387.927: [ParNew: 69406K->5361K(72512K), 0.0030607 secs] 190749K->127656K(233664K), 0.0031425 secs] [Times: user=0.00 sys=0.00, real=0.00 secs] 
2019-12-23T04:52:55.525+0000: 14394.972: [GC (Allocation Failure) 2019-12-23T04:52:55.525+0000: 14394.972: [ParNew: 69873K->4164K(72512K), 0.0040287 secs] 192168K->126815K(233664K), 0.0041481 secs] [Times: user=0.01 sys=0.00, real=0.00 secs] 
2019-12-23T04:53:07.062+0000: 14406.509: [GC (Allocation Failure) 2019-12-23T04:53:07.062+0000: 14406.509: [ParNew: 68676K->4458K(72512K), 0.0029619 secs] 191327K->127110K(233664K), 0.0030471 secs] [Times: user=0.01 sys=0.00, real=0.00 secs] 
2019-12-23T04:53:17.898+0000: 14417.345: [GC (Allocation Failure) 2019-12-23T04:53:17.898+0000: 14417.345: [ParNew: 68970K->4764K(72512K), 0.0041778 secs] 191622K->127807K(233664K), 0.0042564 secs] [Times: user=0.01 sys=0.00, real=0.01 secs] 
2019-12-23T04:53:25.349+0000: 14424.796: [GC (Allocation Failure) 2019-12-23T04:53:25.349+0000: 14424.796: [ParNew: 69276K->4945K(72512K), 0.0032839 secs] 192319K->128997K(233664K), 0.0033568 secs] [Times: user=0.01 sys=0.00, real=0.01 secs] 
2019-12-23T04:53:38.808+0000: 14438.255: [GC (Allocation Failure) 2019-12-23T04:53:38.808+0000: 14438.255: [ParNew: 69457K->5262K(72512K), 0.0032624 secs] 193509K->130266K(233664K), 0.0033355 secs] [Times: user=0.01 sys=0.00, real=0.01 secs] 
2019-12-23T04:53:44.997+0000: 14444.444: [GC (Allocation Failure) 2019-12-23T04:53:44.997+0000: 14444.444: [ParNew: 69774K->5198K(72512K), 0.0031421 secs] 194778K->131154K(233664K), 0.0032288 secs] [Times: user=0.01 sys=0.00, real=0.01 secs] 
2019-12-23T04:53:54.841+0000: 14454.288: [GC (Allocation Failure) 2019-12-23T04:53:54.841+0000: 14454.288: [ParNew: 69710K->5268K(72512K), 0.0029915 secs] 195666K->132075K(233664K), 0.0030689 secs] [Times: user=0.01 sys=0.00, real=0.00 secs] 
2019-12-23T04:54:05.896+0000: 14465.343: [GC (Allocation Failure) 2019-12-23T04:54:05.896+0000: 14465.343: [ParNew: 69780K->5201K(72512K), 0.0030263 secs] 196587K->132960K(233664K), 0.0031106 secs] [Times: user=0.01 sys=0.00, real=0.01 secs] 
2019-12-23T04:54:15.308+0000: 14474.755: [GC (Allocation Failure) 2019-12-23T04:54:15.308+0000: 14474.755: [ParNew: 69713K->4758K(72512K), 0.0030683 secs] 197472K->133470K(233664K), 0.0031456 secs] [Times: user=0.01 sys=0.00, real=0.01 secs] 
2019-12-23T04:54:24.629+0000: 14484.076: [GC (Allocation Failure) 2019-12-23T04:54:24.629+0000: 14484.076: [ParNew: 69270K->6091K(72512K), 0.0033986 secs] 197982K->135753K(233664K), 0.0034703 secs] [Times: user=0.01 sys=0.00, real=0.01 secs] 
2019-12-23T04:54:32.983+0000: 14492.430: [GC (Allocation Failure) 2019-12-23T04:54:32.983+0000: 14492.430: [ParNew: 70603K->5474K(72512K), 0.0031057 secs] 200265K->136089K(233664K), 0.0032060 secs] [Times: user=0.01 sys=0.00, real=0.00 secs] 
2019-12-23T04:54:47.410+0000: 14506.857: [GC (Allocation Failure) 2019-12-23T04:54:47.410+0000: 14506.857: [ParNew: 69986K->5654K(72512K), 0.0031098 secs] 200601K->137221K(233664K), 0.0031838 secs] [Times: user=0.01 sys=0.00, real=0.01 secs] 
2019-12-23T04:54:49.905+0000: 14509.352: [GC (Allocation Failure) 2019-12-23T04:54:49.905+0000: 14509.352: [ParNew: 70166K->5991K(72512K), 0.0035216 secs] 201733K->138511K(233664K), 0.0035963 secs] [Times: user=0.01 sys=0.00, real=0.00 secs] 
2019-12-23T04:55:05.290+0000: 14524.737: [GC (Allocation Failure) 2019-12-23T04:55:05.290+0000: 14524.737: [ParNew: 70503K->5702K(72512K), 0.0036864 secs] 203023K->139073K(233664K), 0.0038016 secs] [Times: user=0.01 sys=0.00, real=0.01 secs] 
2019-12-23T04:55:11.432+0000: 14530.879: [GC (Allocation Failure) 2019-12-23T04:55:11.432+0000: 14530.879: [ParNew: 70214K->6141K(72512K), 0.0039856 secs] 203585K->140599K(233664K), 0.0040599 secs] [Times: user=0.01 sys=0.01, real=0.00 secs] 
2019-12-23T04:55:24.149+0000: 14543.596: [GC (Allocation Failure) 2019-12-23T04:55:24.149+0000: 14543.596: [ParNew: 70653K->6670K(72512K), 0.0039294 secs] 205111K->142080K(233664K), 0.0040227 secs] [Times: user=0.01 sys=0.00, real=0.01 secs] 
2019-12-23T04:55:31.453+0000: 14550.900: [GC (Allocation Failure) 2019-12-23T04:55:31.453+0000: 14550.900: [ParNew: 71182K->6797K(72512K), 0.0048786 secs] 206592K->143159K(233664K), 0.0049553 secs] [Times: user=0.02 sys=0.00, real=0.00 secs] 
2019-12-23T04:55:44.189+0000: 14563.636: [GC (Allocation Failure) 2019-12-23T04:55:44.189+0000: 14563.636: [ParNew: 71309K->5937K(72512K), 0.0030618 secs] 207671K->143251K(233664K), 0.0031495 secs] [Times: user=0.01 sys=0.00, real=0.01 secs] 
2019-12-23T04:55:55.763+0000: 14575.210: [GC (Allocation Failure) 2019-12-23T04:55:55.763+0000: 14575.210: [ParNew: 70449K->5105K(72512K), 0.0029542 secs] 207763K->143371K(233664K), 0.0030298 secs] [Times: user=0.01 sys=0.00, real=0.00 secs] 
2019-12-23T04:56:02.973+0000: 14582.420: [GC (Allocation Failure) 2019-12-23T04:56:02.973+0000: 14582.420: [ParNew: 69617K->5245K(72512K), 0.0031270 secs] 207883K->144426K(233664K), 0.0032057 secs] [Times: user=0.01 sys=0.00, real=0.00 secs] 
2019-12-23T04:56:14.221+0000: 14593.668: [GC (Allocation Failure) 2019-12-23T04:56:14.221+0000: 14593.668: [ParNew: 69757K->4973K(72512K), 0.0029386 secs] 208938K->145106K(233664K), 0.0030073 secs] [Times: user=0.01 sys=0.00, real=0.00 secs] 
2019-12-23T04:56:24.296+0000: 14603.743: [GC (Allocation Failure) 2019-12-23T04:56:24.296+0000: 14603.743: [ParNew: 69485K->5447K(72512K), 0.0028984 secs] 209618K->146603K(233664K), 0.0029697 secs] [Times: user=0.01 sys=0.00, real=0.01 secs] 
2019-12-23T04:56:34.607+0000: 14614.053: [GC (Allocation Failure) 2019-12-23T04:56:34.607+0000: 14614.054: [ParNew: 69959K->4640K(72512K), 0.0033103 secs] 211115K->146813K(233664K), 0.0033979 secs] [Times: user=0.01 sys=0.00, real=0.00 secs] 
2019-12-23T04:56:43.177+0000: 14622.624: [GC (Allocation Failure) 2019-12-23T04:56:43.177+0000: 14622.624: [ParNew: 69152K->4901K(72512K), 0.0030191 secs] 211325K->148027K(233664K), 0.0030893 secs] [Times: user=0.01 sys=0.01, real=0.01 secs] 
2019-12-23T04:56:50.619+0000: 14630.066: [GC (Allocation Failure) 2019-12-23T04:56:50.619+0000: 14630.066: [ParNew: 69413K->4644K(72512K), 0.0030881 secs] 212539K->148721K(233664K), 0.0031893 secs] [Times: user=0.01 sys=0.00, real=0.00 secs] 
2019-12-23T04:57:01.350+0000: 14640.797: [GC (Allocation Failure) 2019-12-23T04:57:01.350+0000: 14640.797: [ParNew: 69156K->5356K(72512K), 0.0031316 secs] 213233K->150258K(233664K), 0.0032102 secs] [Times: user=0.01 sys=0.00, real=0.01 secs] 
2019-12-23T04:57:12.015+0000: 14651.462: [GC (Allocation Failure) 2019-12-23T04:57:12.015+0000: 14651.462: [ParNew: 69868K->4923K(72512K), 0.0032476 secs] 214770K->150777K(233664K), 0.0033309 secs] [Times: user=0.01 sys=0.00, real=0.00 secs] 
2019-12-23T04:57:21.712+0000: 14661.159: [GC (Allocation Failure) 2019-12-23T04:57:21.712+0000: 14661.159: [ParNew: 69435K->5313K(72512K), 0.0031857 secs] 215289K->152118K(233664K), 0.0032655 secs] [Times: user=0.01 sys=0.00, real=0.00 secs] 
2019-12-23T04:57:34.485+0000: 14673.932: [GC (Allocation Failure) 2019-12-23T04:57:34.485+0000: 14673.932: [ParNew: 69825K->5428K(72512K), 0.0035929 secs] 216630K->153185K(233664K), 0.0036628 secs] [Times: user=0.01 sys=0.00, real=0.00 secs] 
2019-12-23T04:57:39.400+0000: 14678.847: [GC (Allocation Failure) 2019-12-23T04:57:39.400+0000: 14678.847: [ParNew: 69940K->5661K(72512K), 0.0030185 secs] 217697K->154371K(233664K), 0.0031071 secs] [Times: user=0.01 sys=0.00, real=0.00 secs] 
2019-12-23T04:57:39.404+0000: 14678.851: [GC (CMS Initial Mark) [1 CMS-initial-mark: 148709K(161152K)] 154937K(233664K), 0.0011326 secs] [Times: user=0.00 sys=0.00, real=0.00 secs] 
2019-12-23T04:57:39.405+0000: 14678.852: [CMS-concurrent-mark-start]
2019-12-23T04:57:39.515+0000: 14678.962: [CMS-concurrent-mark: 0.110/0.110 secs] [Times: user=0.12 sys=0.00, real=0.11 secs] 
2019-12-23T04:57:39.516+0000: 14678.962: [CMS-concurrent-preclean-start]
2019-12-23T04:57:39.517+0000: 14678.964: [CMS-concurrent-preclean: 0.001/0.001 secs] [Times: user=0.00 sys=0.00, real=0.00 secs] 
2019-12-23T04:57:39.517+0000: 14678.964: [CMS-concurrent-abortable-preclean-start]
 CMS: abort preclean due to time 2019-12-23T04:57:44.552+0000: 14683.999: [CMS-concurrent-abortable-preclean: 0.230/5.035 secs] [Times: user=0.24 sys=0.01, real=5.04 secs] 
2019-12-23T04:57:44.552+0000: 14683.999: [GC (CMS Final Remark) [YG occupancy: 11433 K (72512 K)]2019-12-23T04:57:44.552+0000: 14683.999: [Rescan (parallel) , 0.0023116 secs]2019-12-23T04:57:44.555+0000: 14684.002: [weak refs processing, 0.0000647 secs]2019-12-23T04:57:44.555+0000: 14684.002: [class unloading, 0.0098724 secs]2019-12-23T04:57:44.565+0000: 14684.012: [scrub symbol table, 0.0092253 secs]2019-12-23T04:57:44.574+0000: 14684.021: [scrub string table, 0.0005476 secs][1 CMS-remark: 148709K(161152K)] 160142K(233664K), 0.0222227 secs] [Times: user=0.03 sys=0.00, real=0.02 secs] 
2019-12-23T04:57:44.575+0000: 14684.022: [CMS-concurrent-sweep-start]
2019-12-23T04:57:44.587+0000: 14684.034: [CMS-concurrent-sweep: 0.012/0.012 secs] [Times: user=0.01 sys=0.00, real=0.01 secs] 
2019-12-23T04:57:44.587+0000: 14684.034: [CMS-concurrent-reset-start]
2019-12-23T04:57:44.595+0000: 14684.042: [CMS-concurrent-reset: 0.008/0.008 secs] [Times: user=0.01 sys=0.00, real=0.01 secs] 
2019-12-23T04:57:55.328+0000: 14694.775: [GC (Allocation Failure) 2019-12-23T04:57:55.328+0000: 14694.775: [ParNew: 70173K->5510K(72512K), 0.0031469 secs] 98028K->34316K(233664K), 0.0032191 secs] [Times: user=0.01 sys=0.00, real=0.01 secs] 
2019-12-23T04:57:59.890+0000: 14699.337: [GC (Allocation Failure) 2019-12-23T04:57:59.890+0000: 14699.337: [ParNew: 70022K->5875K(72512K), 0.0030968 secs] 98828K->35533K(233664K), 0.0031694 secs] [Times: user=0.01 sys=0.00, real=0.01 secs] 
2019-12-23T04:58:12.377+0000: 14711.824: [GC (Allocation Failure) 2019-12-23T04:58:12.377+0000: 14711.824: [ParNew: 70387K->5374K(72512K), 0.0030692 secs] 100045K->35983K(233664K), 0.0031694 secs] [Times: user=0.01 sys=0.00, real=0.01 secs] 
2019-12-23T04:58:24.093+0000: 14723.540: [GC (Allocation Failure) 2019-12-23T04:58:24.093+0000: 14723.540: [ParNew: 69886K->5876K(72512K), 0.0033821 secs] 100495K->37472K(233664K), 0.0034925 secs] [Times: user=0.01 sys=0.00, real=0.00 secs] 
2019-12-23T04:58:33.716+0000: 14733.163: [GC (Allocation Failure) 2019-12-23T04:58:33.716+0000: 14733.163: [ParNew: 70388K->5370K(72512K), 0.0031938 secs] 101984K->37917K(233664K), 0.0032770 secs] [Times: user=0.01 sys=0.00, real=0.01 secs] 
2019-12-23T04:58:46.714+0000: 14746.161: [GC (Allocation Failure) 2019-12-23T04:58:46.714+0000: 14746.161: [ParNew: 69882K->4400K(72512K), 0.0032207 secs] 102429K->37899K(233664K), 0.0033103 secs] [Times: user=0.01 sys=0.00, real=0.00 secs] 
2019-12-23T04:58:48.888+0000: 14748.335: [GC (Allocation Failure) 2019-12-23T04:58:48.889+0000: 14748.335: [ParNew: 68912K->4842K(72512K), 0.0031380 secs] 102411K->39293K(233664K), 0.0032195 secs] [Times: user=0.01 sys=0.00, real=0.01 secs] 
2019-12-23T04:59:01.468+0000: 14760.915: [GC (Allocation Failure) 2019-12-23T04:59:01.468+0000: 14760.915: [ParNew: 69354K->4640K(72512K), 0.0030060 secs] 103805K->40043K(233664K), 0.0030909 secs] [Times: user=0.00 sys=0.00, real=0.01 secs] 
2019-12-23T04:59:14.082+0000: 14773.529: [GC (Allocation Failure) 2019-12-23T04:59:14.082+0000: 14773.529: [ParNew: 69152K->4685K(72512K), 0.0033550 secs] 104555K->40784K(233664K), 0.0034500 secs] [Times: user=0.01 sys=0.00, real=0.00 secs] 
2019-12-23T04:59:22.142+0000: 14781.589: [GC (Allocation Failure) 2019-12-23T04:59:22.142+0000: 14781.589: [ParNew: 69197K->4851K(72512K), 0.0034562 secs] 105296K->41902K(233664K), 0.0035419 secs] [Times: user=0.01 sys=0.00, real=0.00 secs] 
2019-12-23T04:59:36.351+0000: 14795.798: [GC (Allocation Failure) 2019-12-23T04:59:36.351+0000: 14795.798: [ParNew: 69363K->5853K(72512K), 0.0031026 secs] 106414K->43856K(233664K), 0.0031785 secs] [Times: user=0.01 sys=0.00, real=0.00 secs] 
2019-12-23T04:59:38.441+0000: 14797.888: [GC (Allocation Failure) 2019-12-23T04:59:38.441+0000: 14797.888: [ParNew: 70365K->6328K(72512K), 0.0031861 secs] 108368K->45283K(233664K), 0.0032738 secs] [Times: user=0.01 sys=0.00, real=0.00 secs] 
2019-12-23T04:59:53.991+0000: 14813.438: [GC (Allocation Failure) 2019-12-23T04:59:53.991+0000: 14813.438: [ParNew: 70840K->5970K(72512K), 0.0042030 secs] 109795K->45877K(233664K), 0.0042787 secs] [Times: user=0.01 sys=0.00, real=0.00 secs] 
2019-12-23T05:00:01.610+0000: 14821.057: [GC (Allocation Failure) 2019-12-23T05:00:01.610+0000: 14821.057: [ParNew: 70482K->6814K(72512K), 0.0031906 secs] 110389K->47673K(233664K), 0.0032720 secs] [Times: user=0.01 sys=0.00, real=0.01 secs] 
2019-12-23T05:00:12.223+0000: 14831.670: [GC (Allocation Failure) 2019-12-23T05:00:12.223+0000: 14831.670: [ParNew: 71326K->5704K(72512K), 0.0033425 secs] 112185K->47515K(233664K), 0.0034249 secs] [Times: user=0.00 sys=0.01, real=0.00 secs] 
2019-12-23T05:00:24.268+0000: 14843.715: [GC (Allocation Failure) 2019-12-23T05:00:24.268+0000: 14843.715: [ParNew: 70216K->5331K(72512K), 0.0030963 secs] 112027K->48095K(233664K), 0.0031762 secs] [Times: user=0.01 sys=0.00, real=0.01 secs] 
2019-12-23T05:00:34.494+0000: 14853.940: [GC (Allocation Failure) 2019-12-23T05:00:34.494+0000: 14853.940: [ParNew: 69843K->5684K(72512K), 0.0030565 secs] 112607K->49399K(233664K), 0.0031311 secs] [Times: user=0.01 sys=0.00, real=0.00 secs] 
2019-12-23T05:00:42.692+0000: 14862.139: [GC (Allocation Failure) 2019-12-23T05:00:42.692+0000: 14862.139: [ParNew: 70196K->6175K(72512K), 0.0029943 secs] 113911K->50869K(233664K), 0.0030704 secs] [Times: user=0.00 sys=0.00, real=0.00 secs] 
2019-12-23T05:00:49.129+0000: 14868.576: [GC (Allocation Failure) 2019-12-23T05:00:49.129+0000: 14868.576: [ParNew: 70644K->4605K(72512K), 0.0029150 secs] 115338K->50251K(233664K), 0.0029900 secs] [Times: user=0.01 sys=0.00, real=0.01 secs] 
2019-12-23T05:01:01.429+0000: 14880.876: [GC (Allocation Failure) 2019-12-23T05:01:01.429+0000: 14880.876: [ParNew: 69117K->4622K(72512K), 0.0033972 secs] 114763K->51219K(233664K), 0.0034873 secs] [Times: user=0.00 sys=0.00, real=0.01 secs] 
2019-12-23T05:01:13.314+0000: 14892.761: [GC (Allocation Failure) 2019-12-23T05:01:13.314+0000: 14892.761: [ParNew: 69134K->4851K(72512K), 0.0031166 secs] 115731K->52272K(233664K), 0.0032022 secs] [Times: user=0.01 sys=0.00, real=0.00 secs] 
2019-12-23T05:01:24.248+0000: 14903.695: [GC (Allocation Failure) 2019-12-23T05:01:24.248+0000: 14903.695: [ParNew: 69363K->5020K(72512K), 0.0039552 secs] 116784K->53397K(233664K), 0.0040429 secs] [Times: user=0.01 sys=0.00, real=0.01 secs] 
2019-12-23T05:01:35.583+0000: 14915.030: [GC (Allocation Failure) 2019-12-23T05:01:35.583+0000: 14915.030: [ParNew: 69532K->5476K(72512K), 0.0028665 secs] 117909K->54937K(233664K), 0.0029585 secs] [Times: user=0.01 sys=0.00, real=0.00 secs] 
2019-12-23T05:01:44.610+0000: 14924.057: [GC (Allocation Failure) 2019-12-23T05:01:44.610+0000: 14924.057: [ParNew: 69988K->5498K(72512K), 0.0027603 secs] 119449K->55938K(233664K), 0.0028303 secs] [Times: user=0.01 sys=0.00, real=0.01 secs] 
2019-12-23T05:01:52.543+0000: 14931.990: [GC (Allocation Failure) 2019-12-23T05:01:52.543+0000: 14931.990: [ParNew: 70010K->5278K(72512K), 0.0027834 secs] 120450K->56670K(233664K), 0.0028566 secs] [Times: user=0.01 sys=0.00, real=0.00 secs] 
2019-12-23T05:02:02.469+0000: 14941.916: [GC (Allocation Failure) 2019-12-23T05:02:02.469+0000: 14941.916: [ParNew: 69790K->4745K(72512K), 0.0032580 secs] 121182K->57089K(233664K), 0.0033646 secs] [Times: user=0.01 sys=0.00, real=0.01 secs] 
2019-12-23T05:02:14.464+0000: 14953.911: [GC (Allocation Failure) 2019-12-23T05:02:14.464+0000: 14953.911: [ParNew: 69257K->4944K(72512K), 0.0032681 secs] 121601K->58112K(233664K), 0.0033456 secs] [Times: user=0.01 sys=0.00, real=0.00 secs] 
2019-12-23T05:02:27.012+0000: 14966.459: [GC (Allocation Failure) 2019-12-23T05:02:27.012+0000: 14966.459: [ParNew: 69456K->5276K(72512K), 0.0029918 secs] 122624K->59395K(233664K), 0.0030662 secs] [Times: user=0.01 sys=0.00, real=0.00 secs] 
2019-12-23T05:02:31.286+0000: 14970.733: [GC (Allocation Failure) 2019-12-23T05:02:31.286+0000: 14970.733: [ParNew: 69788K->5521K(72512K), 0.0031328 secs] 123907K->60621K(233664K), 0.0032342 secs] [Times: user=0.01 sys=0.00, real=0.00 secs] 
2019-12-23T05:02:43.974+0000: 14983.421: [GC (Allocation Failure) 2019-12-23T05:02:43.974+0000: 14983.421: [ParNew: 70033K->5626K(72512K), 0.0030301 secs] 125133K->61677K(233664K), 0.0031128 secs] [Times: user=0.01 sys=0.00, real=0.00 secs] 
2019-12-23T05:02:52.199+0000: 14991.646: [GC (Allocation Failure) 2019-12-23T05:02:52.199+0000: 14991.646: [ParNew: 70138K->5261K(72512K), 0.0031565 secs] 126189K->62263K(233664K), 0.0032555 secs] [Times: user=0.00 sys=0.00, real=0.00 secs] 
2019-12-23T05:03:04.273+0000: 15003.720: [GC (Allocation Failure) 2019-12-23T05:03:04.273+0000: 15003.720: [ParNew: 69773K->4773K(72512K), 0.0035062 secs] 126775K->62728K(233664K), 0.0035880 secs] [Times: user=0.00 sys=0.00, real=0.00 secs] 
2019-12-23T05:03:16.672+0000: 15016.119: [GC (Allocation Failure) 2019-12-23T05:03:16.672+0000: 15016.119: [ParNew: 69285K->5676K(72512K), 0.0033321 secs] 127240K->64519K(233664K), 0.0034219 secs] [Times: user=0.01 sys=0.00, real=0.00 secs] 
2019-12-23T05:03:27.411+0000: 15026.858: [GC (Allocation Failure) 2019-12-23T05:03:27.411+0000: 15026.858: [ParNew: 70188K->5373K(72512K), 0.0032148 secs] 129031K->65167K(233664K), 0.0032915 secs] [Times: user=0.01 sys=0.00, real=0.00 secs] 
2019-12-23T05:03:37.178+0000: 15036.625: [GC (Allocation Failure) 2019-12-23T05:03:37.179+0000: 15036.625: [ParNew: 69885K->6628K(72512K), 0.0032060 secs] 129679K->67374K(233664K), 0.0033184 secs] [Times: user=0.00 sys=0.01, real=0.01 secs] 
2019-12-23T05:03:50.485+0000: 15049.932: [GC (Allocation Failure) 2019-12-23T05:03:50.485+0000: 15049.932: [ParNew: 71140K->6761K(72512K), 0.0035189 secs] 131886K->68459K(233664K), 0.0035967 secs] [Times: user=0.00 sys=0.00, real=0.00 secs] 
2019-12-23T05:03:55.061+0000: 15054.508: [GC (Allocation Failure) 2019-12-23T05:03:55.061+0000: 15054.508: [ParNew: 71273K->5412K(72512K), 0.0031271 secs] 132971K->68062K(233664K), 0.0032089 secs] [Times: user=0.00 sys=0.00, real=0.00 secs] 
2019-12-23T05:04:07.901+0000: 15067.348: [GC (Allocation Failure) 2019-12-23T05:04:07.901+0000: 15067.348: [ParNew: 69924K->5296K(72512K), 0.0029062 secs] 132574K->68897K(233664K), 0.0029864 secs] [Times: user=0.01 sys=0.00, real=0.00 secs] 
2019-12-23T05:04:13.532+0000: 15072.979: [GC (Allocation Failure) 2019-12-23T05:04:13.532+0000: 15072.979: [ParNew: 69808K->6275K(72512K), 0.0029745 secs] 133409K->70728K(233664K), 0.0030772 secs] [Times: user=0.01 sys=0.00, real=0.00 secs] 
2019-12-23T05:04:27.499+0000: 15086.946: [GC (Allocation Failure) 2019-12-23T05:04:27.499+0000: 15086.946: [ParNew: 70787K->5069K(72512K), 0.0030221 secs] 135240K->70475K(233664K), 0.0031049 secs] [Times: user=0.01 sys=0.00, real=0.00 secs] 
2019-12-23T05:04:38.187+0000: 15097.634: [GC (Allocation Failure) 2019-12-23T05:04:38.187+0000: 15097.634: [ParNew: 69581K->4995K(72512K), 0.0031092 secs] 134987K->71352K(233664K), 0.0032248 secs] [Times: user=0.01 sys=0.00, real=0.01 secs] 
2019-12-23T05:04:49.090+0000: 15108.537: [GC (Allocation Failure) 2019-12-23T05:04:49.090+0000: 15108.537: [ParNew: 69507K->4988K(72512K), 0.0031734 secs] 135864K->72297K(233664K), 0.0032571 secs] [Times: user=0.01 sys=0.00, real=0.01 secs] 
2019-12-23T05:04:54.546+0000: 15113.993: [GC (Allocation Failure) 2019-12-23T05:04:54.546+0000: 15113.993: [ParNew: 69500K->6013K(72512K), 0.0031969 secs] 136809K->74277K(233664K), 0.0032963 secs] [Times: user=0.01 sys=0.00, real=0.00 secs] 
2019-12-23T05:05:05.725+0000: 15125.172: [GC (Allocation Failure) 2019-12-23T05:05:05.725+0000: 15125.172: [ParNew: 70525K->6590K(72512K), 0.0030309 secs] 138789K->75805K(233664K), 0.0031111 secs] [Times: user=0.01 sys=0.00, real=0.00 secs] 
2019-12-23T05:05:16.301+0000: 15135.748: [GC (Allocation Failure) 2019-12-23T05:05:16.302+0000: 15135.748: [ParNew: 71102K->6069K(72512K), 0.0029520 secs] 140317K->76397K(233664K), 0.0030306 secs] [Times: user=0.00 sys=0.00, real=0.00 secs] 
2019-12-23T05:05:25.419+0000: 15144.866: [GC (Allocation Failure) 2019-12-23T05:05:25.419+0000: 15144.866: [ParNew: 70581K->6621K(72512K), 0.0029085 secs] 140909K->77901K(233664K), 0.0030087 secs] [Times: user=0.01 sys=0.00, real=0.00 secs] 
2019-12-23T05:05:39.090+0000: 15158.537: [GC (Allocation Failure) 2019-12-23T05:05:39.090+0000: 15158.537: [ParNew: 71133K->5133K(72512K), 0.0030070 secs] 142413K->77365K(233664K), 0.0030779 secs] [Times: user=0.00 sys=0.00, real=0.01 secs] 
2019-12-23T05:05:47.511+0000: 15166.958: [GC (Allocation Failure) 2019-12-23T05:05:47.511+0000: 15166.958: [ParNew: 69645K->5101K(72512K), 0.0028621 secs] 141877K->78285K(233664K), 0.0029539 secs] [Times: user=0.01 sys=0.00, real=0.00 secs] 
2019-12-23T05:05:56.807+0000: 15176.254: [GC (Allocation Failure) 2019-12-23T05:05:56.807+0000: 15176.254: [ParNew: 69613K->5280K(72512K), 0.0043687 secs] 142797K->79418K(233664K), 0.0044910 secs] [Times: user=0.01 sys=0.00, real=0.01 secs] 
2019-12-23T05:06:06.224+0000: 15185.671: [GC (Allocation Failure) 2019-12-23T05:06:06.224+0000: 15185.671: [ParNew: 69792K->5298K(72512K), 0.0030826 secs] 143930K->80522K(233664K), 0.0031691 secs] [Times: user=0.01 sys=0.00, real=0.00 secs] 
2019-12-23T05:06:13.841+0000: 15193.288: [GC (Allocation Failure) 2019-12-23T05:06:13.841+0000: 15193.288: [ParNew: 69810K->6124K(72512K), 0.0030919 secs] 145034K->82327K(233664K), 0.0031815 secs] [Times: user=0.00 sys=0.00, real=0.00 secs] 
2019-12-23T05:06:26.971+0000: 15206.418: [GC (Allocation Failure) 2019-12-23T05:06:26.971+0000: 15206.418: [ParNew: 70624K->4680K(72512K), 0.0028777 secs] 146827K->81836K(233664K), 0.0030052 secs] [Times: user=0.00 sys=0.00, real=0.00 secs] 
2019-12-23T05:06:33.951+0000: 15213.398: [GC (Allocation Failure) 2019-12-23T05:06:33.951+0000: 15213.398: [ParNew: 69192K->2358K(72512K), 0.0036648 secs] 146348K->80193K(233664K), 0.0037773 secs] [Times: user=0.01 sys=0.00, real=0.00 secs] 
2019-12-23T05:06:45.466+0000: 15224.913: [GC (Allocation Failure) 2019-12-23T05:06:45.466+0000: 15224.913: [ParNew: 66870K->3038K(72512K), 0.0058165 secs] 144705K->80874K(233664K), 0.0059252 secs] [Times: user=0.00 sys=0.00, real=0.01 secs] 
2019-12-23T05:06:53.514+0000: 15232.961: [GC (Allocation Failure) 2019-12-23T05:06:53.514+0000: 15232.961: [ParNew: 67550K->4224K(72512K), 0.0027384 secs] 145386K->82060K(233664K), 0.0028489 secs] [Times: user=0.01 sys=0.00, real=0.00 secs] 
2019-12-23T05:07:03.442+0000: 15242.889: [GC (Allocation Failure) 2019-12-23T05:07:03.442+0000: 15242.889: [ParNew: 68736K->5339K(72512K), 0.0029468 secs] 146572K->83174K(233664K), 0.0030326 secs] [Times: user=0.01 sys=0.00, real=0.00 secs] 
2019-12-23T05:07:13.645+0000: 15253.092: [GC (Allocation Failure) 2019-12-23T05:07:13.645+0000: 15253.092: [ParNew: 69851K->4637K(72512K), 0.0033452 secs] 147686K->83765K(233664K), 0.0034218 secs] [Times: user=0.01 sys=0.00, real=0.00 secs] 
2019-12-23T05:07:25.188+0000: 15264.634: [GC (Allocation Failure) 2019-12-23T05:07:25.188+0000: 15264.635: [ParNew: 69149K->5816K(72512K), 0.0030837 secs] 148277K->85859K(233664K), 0.0031699 secs] [Times: user=0.01 sys=0.01, real=0.01 secs] 
2019-12-23T05:07:38.473+0000: 15277.919: [GC (Allocation Failure) 2019-12-23T05:07:38.473+0000: 15277.920: [ParNew: 70328K->5324K(72512K), 0.0034186 secs] 150371K->86319K(233664K), 0.0035036 secs] [Times: user=0.01 sys=0.00, real=0.00 secs] 
2019-12-23T05:07:43.599+0000: 15283.046: [GC (Allocation Failure) 2019-12-23T05:07:43.599+0000: 15283.046: [ParNew: 69836K->5554K(72512K), 0.0031798 secs] 150831K->87437K(233664K), 0.0032621 secs] [Times: user=0.00 sys=0.00, real=0.00 secs] 
2019-12-23T05:07:54.363+0000: 15293.810: [GC (Allocation Failure) 2019-12-23T05:07:54.363+0000: 15293.810: [ParNew: 70066K->5159K(72512K), 0.0030567 secs] 151949K->88086K(233664K), 0.0031587 secs] [Times: user=0.01 sys=0.00, real=0.00 secs] 
2019-12-23T05:08:06.466+0000: 15305.913: [GC (Allocation Failure) 2019-12-23T05:08:06.467+0000: 15305.913: [ParNew: 69671K->5360K(72512K), 0.0030813 secs] 152598K->89237K(233664K), 0.0031976 secs] [Times: user=0.00 sys=0.01, real=0.00 secs] 
2019-12-23T05:08:16.501+0000: 15315.948: [GC (Allocation Failure) 2019-12-23T05:08:16.502+0000: 15315.948: [ParNew: 69872K->5069K(72512K), 0.0032535 secs] 153749K->89899K(233664K), 0.0033626 secs] [Times: user=0.01 sys=0.00, real=0.00 secs] 
2019-12-23T05:08:28.160+0000: 15327.607: [GC (Allocation Failure) 2019-12-23T05:08:28.160+0000: 15327.607: [ParNew: 69581K->4872K(72512K), 0.0029445 secs] 154411K->90654K(233664K), 0.0030399 secs] [Times: user=0.00 sys=0.00, real=0.00 secs] 
2019-12-23T05:08:33.589+0000: 15333.036: [GC (Allocation Failure) 2019-12-23T05:08:33.589+0000: 15333.036: [ParNew: 69384K->5942K(72512K), 0.0029280 secs] 155166K->92677K(233664K), 0.0030127 secs] [Times: user=0.01 sys=0.00, real=0.01 secs] 
2019-12-23T05:08:48.744+0000: 15348.191: [GC (Allocation Failure) 2019-12-23T05:08:48.744+0000: 15348.191: [ParNew: 70454K->6390K(72512K), 0.0041531 secs] 157189K->94077K(233664K), 0.0042535 secs] [Times: user=0.02 sys=0.00, real=0.00 secs] 
2019-12-23T05:08:52.327+0000: 15351.774: [GC (Allocation Failure) 2019-12-23T05:08:52.327+0000: 15351.774: [ParNew: 70902K->6010K(72512K), 0.0031945 secs] 158589K->94649K(233664K), 0.0032827 secs] [Times: user=0.01 sys=0.00, real=0.00 secs] 
2019-12-23T05:09:05.214+0000: 15364.661: [GC (Allocation Failure) 2019-12-23T05:09:05.215+0000: 15364.661: [ParNew: 70522K->6880K(72512K), 0.0034379 secs] 159161K->96471K(233664K), 0.0035467 secs] [Times: user=0.01 sys=0.00, real=0.00 secs] 
2019-12-23T05:09:16.367+0000: 15375.814: [GC (Allocation Failure) 2019-12-23T05:09:16.367+0000: 15375.814: [ParNew: 71392K->5549K(72512K), 0.0030207 secs] 160983K->96118K(233664K), 0.0031059 secs] [Times: user=0.01 sys=0.00, real=0.00 secs] 
2019-12-23T05:09:28.980+0000: 15388.427: [GC (Allocation Failure) 2019-12-23T05:09:28.980+0000: 15388.427: [ParNew: 70061K->4783K(72512K), 0.0031629 secs] 160630K->96304K(233664K), 0.0032578 secs] [Times: user=0.01 sys=0.00, real=0.00 secs] 
2019-12-23T05:09:40.256+0000: 15399.703: [GC (Allocation Failure) 2019-12-23T05:09:40.256+0000: 15399.703: [ParNew: 69295K->4627K(72512K), 0.0029884 secs] 160816K->96972K(233664K), 0.0030790 secs] [Times: user=0.00 sys=0.00, real=0.01 secs] 
2019-12-23T05:09:46.315+0000: 15405.762: [GC (Allocation Failure) 2019-12-23T05:09:46.315+0000: 15405.762: [ParNew: 69139K->5165K(72512K), 0.0030555 secs] 161484K->98464K(233664K), 0.0031385 secs] [Times: user=0.01 sys=0.00, real=0.00 secs] 
2019-12-23T05:09:58.567+0000: 15418.014: [GC (Allocation Failure) 2019-12-23T05:09:58.567+0000: 15418.014: [ParNew: 69677K->5317K(72512K), 0.0029707 secs] 162976K->99702K(233664K), 0.0030426 secs] [Times: user=0.01 sys=0.00, real=0.00 secs] 
2019-12-23T05:10:06.988+0000: 15426.435: [GC (Allocation Failure) 2019-12-23T05:10:06.988+0000: 15426.435: [ParNew: 69829K->5068K(72512K), 0.0030438 secs] 164214K->100404K(233664K), 0.0031305 secs] [Times: user=0.01 sys=0.01, real=0.01 secs] 
2019-12-23T05:10:20.015+0000: 15439.462: [GC (Allocation Failure) 2019-12-23T05:10:20.015+0000: 15439.462: [ParNew: 69580K->5819K(72512K), 0.0029482 secs] 164916K->102108K(233664K), 0.0030198 secs] [Times: user=0.00 sys=0.00, real=0.00 secs] 
2019-12-23T05:10:31.513+0000: 15450.960: [GC (Allocation Failure) 2019-12-23T05:10:31.513+0000: 15450.960: [ParNew: 70331K->4790K(72512K), 0.0029693 secs] 166620K->102031K(233664K), 0.0030470 secs] [Times: user=0.01 sys=0.00, real=0.00 secs] 
2019-12-23T05:10:42.230+0000: 15461.677: [GC (Allocation Failure) 2019-12-23T05:10:42.230+0000: 15461.677: [ParNew: 69302K->4908K(72512K), 0.0031108 secs] 166543K->103001K(233664K), 0.0031834 secs] [Times: user=0.01 sys=0.00, real=0.01 secs] 
2019-12-23T05:10:56.807+0000: 15476.254: [GC (Allocation Failure) 2019-12-23T05:10:56.807+0000: 15476.254: [ParNew: 69420K->5236K(72512K), 0.0030072 secs] 167513K->104280K(233664K), 0.0031184 secs] [Times: user=0.01 sys=0.00, real=0.00 secs] 
2019-12-23T05:11:25.573+0000: 15505.020: [GC (Allocation Failure) 2019-12-23T05:11:25.573+0000: 15505.020: [ParNew: 69748K->5684K(72512K), 0.0031573 secs] 168792K->105680K(233664K), 0.0032283 secs] [Times: user=0.01 sys=0.00, real=0.00 secs] 
2019-12-23T05:11:38.939+0000: 15518.386: [GC (Allocation Failure) 2019-12-23T05:11:38.939+0000: 15518.386: [ParNew: 70196K->5850K(72512K), 0.0030823 secs] 170192K->106798K(233664K), 0.0031577 secs] [Times: user=0.01 sys=0.00, real=0.00 secs] 
2019-12-23T05:12:01.262+0000: 15540.709: [GC (Allocation Failure) 2019-12-23T05:12:01.262+0000: 15540.709: [ParNew: 70362K->5293K(72512K), 0.0030889 secs] 171310K->107192K(233664K), 0.0031618 secs] [Times: user=0.01 sys=0.00, real=0.00 secs] 
2019-12-23T05:12:16.545+0000: 15555.992: [GC (Allocation Failure) 2019-12-23T05:12:16.545+0000: 15555.992: [ParNew: 69805K->5522K(72512K), 0.0032612 secs] 171704K->108401K(233664K), 0.0033509 secs] [Times: user=0.01 sys=0.00, real=0.00 secs] 
2019-12-23T05:12:32.772+0000: 15572.219: [GC (Allocation Failure) 2019-12-23T05:12:32.772+0000: 15572.219: [ParNew: 70034K->5257K(72512K), 0.0031433 secs] 172913K->109088K(233664K), 0.0032171 secs] [Times: user=0.01 sys=0.00, real=0.00 secs] 
2019-12-23T05:12:45.675+0000: 15585.122: [GC (Allocation Failure) 2019-12-23T05:12:45.675+0000: 15585.122: [ParNew: 69769K->5434K(72512K), 0.0031688 secs] 173600K->110216K(233664K), 0.0032523 secs] [Times: user=0.01 sys=0.00, real=0.00 secs] 
2019-12-23T05:13:01.373+0000: 15600.820: [GC (Allocation Failure) 2019-12-23T05:13:01.373+0000: 15600.820: [ParNew: 69946K->5653K(72512K), 0.0031908 secs] 174728K->111414K(233664K), 0.0032889 secs] [Times: user=0.01 sys=0.00, real=0.00 secs] 
2019-12-23T05:13:11.147+0000: 15610.594: [GC (Allocation Failure) 2019-12-23T05:13:11.147+0000: 15610.594: [ParNew: 70165K->5727K(72512K), 0.0033756 secs] 175926K->112440K(233664K), 0.0034585 secs] [Times: user=0.01 sys=0.00, real=0.00 secs] 
2019-12-23T05:13:27.587+0000: 15627.034: [GC (Allocation Failure) 2019-12-23T05:13:27.587+0000: 15627.034: [ParNew: 70239K->6103K(72512K), 0.0031716 secs] 176952K->113768K(233664K), 0.0032944 secs] [Times: user=0.00 sys=0.00, real=0.01 secs] 
2019-12-23T05:13:35.618+0000: 15635.065: [GC (Allocation Failure) 2019-12-23T05:13:35.618+0000: 15635.065: [ParNew: 70615K->5456K(72512K), 0.0030551 secs] 178280K->114073K(233664K), 0.0031380 secs] [Times: user=0.00 sys=0.00, real=0.01 secs] 
2019-12-23T05:13:48.593+0000: 15648.040: [GC (Allocation Failure) 2019-12-23T05:13:48.593+0000: 15648.040: [ParNew: 69968K->5566K(72512K), 0.0031125 secs] 178585K->115099K(233664K), 0.0031866 secs] [Times: user=0.01 sys=0.00, real=0.00 secs] 
2019-12-23T05:14:01.158+0000: 15660.605: [GC (Allocation Failure) 2019-12-23T05:14:01.158+0000: 15660.605: [ParNew: 70078K->5493K(72512K), 0.0030519 secs] 179611K->115976K(233664K), 0.0031416 secs] [Times: user=0.01 sys=0.00, real=0.01 secs] 
2019-12-23T05:14:09.621+0000: 15669.068: [GC (Allocation Failure) 2019-12-23T05:14:09.621+0000: 15669.068: [ParNew: 70005K->5181K(72512K), 0.0033677 secs] 180488K->116616K(233664K), 0.0034584 secs] [Times: user=0.01 sys=0.00, real=0.00 secs] 
2019-12-23T05:14:26.830+0000: 15686.277: [GC (Allocation Failure) 2019-12-23T05:14:26.830+0000: 15686.277: [ParNew: 69693K->5395K(72512K), 0.0035646 secs] 181128K->117782K(233664K), 0.0036546 secs] [Times: user=0.01 sys=0.00, real=0.01 secs] 
2019-12-23T05:14:34.719+0000: 15694.166: [GC (Allocation Failure) 2019-12-23T05:14:34.719+0000: 15694.166: [ParNew: 69907K->6318K(72512K), 0.0031971 secs] 182294K->119553K(233664K), 0.0032843 secs] [Times: user=0.00 sys=0.00, real=0.00 secs] 
2019-12-23T05:14:43.896+0000: 15703.343: [GC (Allocation Failure) 2019-12-23T05:14:43.896+0000: 15703.343: [ParNew: 70830K->6924K(72512K), 0.0035170 secs] 184065K->121111K(233664K), 0.0036075 secs] [Times: user=0.01 sys=0.00, real=0.01 secs] 
2019-12-23T05:14:56.804+0000: 15716.251: [GC (Allocation Failure) 2019-12-23T05:14:56.804+0000: 15716.251: [ParNew: 71436K->6270K(72512K), 0.0032637 secs] 185623K->121540K(233664K), 0.0033528 secs] [Times: user=0.01 sys=0.00, real=0.00 secs] 
2019-12-23T05:15:00.981+0000: 15720.428: [GC (Allocation Failure) 2019-12-23T05:15:00.981+0000: 15720.428: [ParNew: 70782K->6956K(72512K), 0.0033019 secs] 186052K->123206K(233664K), 0.0033868 secs] [Times: user=0.01 sys=0.00, real=0.00 secs] 
2019-12-23T05:15:17.860+0000: 15737.307: [GC (Allocation Failure) 2019-12-23T05:15:17.860+0000: 15737.307: [ParNew: 71468K->4721K(72512K), 0.0056986 secs] 187718K->121923K(233664K), 0.0058184 secs] [Times: user=0.01 sys=0.00, real=0.00 secs] 
2019-12-23T05:15:21.725+0000: 15741.172: [GC (Allocation Failure) 2019-12-23T05:15:21.725+0000: 15741.172: [ParNew: 69233K->5615K(72512K), 0.0031865 secs] 186435K->123770K(233664K), 0.0032691 secs] [Times: user=0.01 sys=0.00, real=0.00 secs] 
2019-12-23T05:15:34.849+0000: 15754.296: [GC (Allocation Failure) 2019-12-23T05:15:34.849+0000: 15754.296: [ParNew: 70127K->5236K(72512K), 0.0031430 secs] 188282K->124343K(233664K), 0.0032249 secs] [Times: user=0.01 sys=0.00, real=0.01 secs] 
2019-12-23T05:15:52.556+0000: 15772.003: [GC (Allocation Failure) 2019-12-23T05:15:52.557+0000: 15772.003: [ParNew: 69748K->5744K(72512K), 0.0029202 secs] 188855K->125803K(233664K), 0.0029908 secs] [Times: user=0.00 sys=0.00, real=0.01 secs] 
2019-12-23T05:15:56.557+0000: 15776.004: [GC (Allocation Failure) 2019-12-23T05:15:56.557+0000: 15776.004: [ParNew: 70256K->6064K(72512K), 0.0031650 secs] 190315K->127075K(233664K), 0.0032570 secs] [Times: user=0.01 sys=0.00, real=0.01 secs] 
2019-12-23T05:16:09.366+0000: 15788.813: [GC (Allocation Failure) 2019-12-23T05:16:09.366+0000: 15788.813: [ParNew: 70576K->5058K(72512K), 0.0031805 secs] 191587K->127156K(233664K), 0.0032609 secs] [Times: user=0.01 sys=0.00, real=0.00 secs] 
2019-12-23T05:16:19.168+0000: 15798.615: [GC (Allocation Failure) 2019-12-23T05:16:19.168+0000: 15798.615: [ParNew: 69570K->5838K(72512K), 0.0029643 secs] 191668K->128887K(233664K), 0.0030504 secs] [Times: user=0.01 sys=0.00, real=0.01 secs] 
2019-12-23T05:16:27.044+0000: 15806.491: [GC (Allocation Failure) 2019-12-23T05:16:27.044+0000: 15806.491: [ParNew: 70350K->4652K(72512K), 0.0030111 secs] 193399K->128654K(233664K), 0.0030842 secs] [Times: user=0.01 sys=0.00, real=0.00 secs] 
2019-12-23T05:16:40.434+0000: 15819.881: [GC (Allocation Failure) 2019-12-23T05:16:40.434+0000: 15819.881: [ParNew: 69164K->5316K(72512K), 0.0030512 secs] 193166K->130270K(233664K), 0.0031433 secs] [Times: user=0.01 sys=0.00, real=0.00 secs] 
2019-12-23T05:16:44.453+0000: 15823.900: [GC (Allocation Failure) 2019-12-23T05:16:44.453+0000: 15823.900: [ParNew: 69828K->5464K(72512K), 0.0030275 secs] 194782K->131397K(233664K), 0.0031218 secs] [Times: user=0.01 sys=0.00, real=0.00 secs] 
2019-12-23T05:16:56.507+0000: 15835.954: [GC (Allocation Failure) 2019-12-23T05:16:56.508+0000: 15835.954: [ParNew: 69976K->5705K(72512K), 0.0030362 secs] 195909K->132590K(233664K), 0.0031215 secs] [Times: user=0.00 sys=0.00, real=0.01 secs] 
2019-12-23T05:17:05.571+0000: 15845.018: [GC (Allocation Failure) 2019-12-23T05:17:05.571+0000: 15845.018: [ParNew: 70217K->5352K(72512K), 0.0030723 secs] 197102K->133189K(233664K), 0.0031519 secs] [Times: user=0.01 sys=0.00, real=0.00 secs] 
2019-12-23T05:17:16.022+0000: 15855.469: [GC (Allocation Failure) 2019-12-23T05:17:16.022+0000: 15855.469: [ParNew: 69864K->5040K(72512K), 0.0034312 secs] 197701K->133829K(233664K), 0.0035238 secs] [Times: user=0.01 sys=0.00, real=0.00 secs] 
2019-12-23T05:17:27.885+0000: 15867.332: [GC (Allocation Failure) 2019-12-23T05:17:27.885+0000: 15867.332: [ParNew: 69552K->5314K(72512K), 0.0030426 secs] 198341K->135056K(233664K), 0.0031158 secs] [Times: user=0.01 sys=0.00, real=0.00 secs] 
2019-12-23T05:17:35.394+0000: 15874.841: [GC (Allocation Failure) 2019-12-23T05:17:35.394+0000: 15874.841: [ParNew: 69826K->5215K(72512K), 0.0031778 secs] 199568K->135908K(233664K), 0.0032569 secs] [Times: user=0.01 sys=0.00, real=0.00 secs] 
2019-12-23T05:17:45.613+0000: 15885.060: [GC (Allocation Failure) 2019-12-23T05:17:45.613+0000: 15885.060: [ParNew: 69727K->5404K(72512K), 0.0030713 secs] 200420K->137048K(233664K), 0.0031453 secs] [Times: user=0.01 sys=0.00, real=0.00 secs] 
2019-12-23T05:17:52.085+0000: 15891.532: [GC (Allocation Failure) 2019-12-23T05:17:52.085+0000: 15891.532: [ParNew: 69916K->6602K(72512K), 0.0032438 secs] 201560K->139231K(233664K), 0.0033314 secs] [Times: user=0.01 sys=0.00, real=0.00 secs] 
2019-12-23T05:18:06.090+0000: 15905.537: [GC (Allocation Failure) 2019-12-23T05:18:06.091+0000: 15905.537: [ParNew: 71114K->5606K(72512K), 0.0031012 secs] 203743K->139186K(233664K), 0.0032049 secs] [Times: user=0.01 sys=0.00, real=0.01 secs] 
2019-12-23T05:18:11.281+0000: 15910.728: [GC (Allocation Failure) 2019-12-23T05:18:11.281+0000: 15910.728: [ParNew: 70118K->5047K(72512K), 0.0031086 secs] 203698K->139580K(233664K), 0.0032172 secs] [Times: user=0.01 sys=0.00, real=0.00 secs] 
2019-12-23T05:18:22.133+0000: 15921.580: [GC (Allocation Failure) 2019-12-23T05:18:22.133+0000: 15921.580: [ParNew: 69559K->4763K(72512K), 0.0034232 secs] 204092K->140248K(233664K), 0.0034968 secs] [Times: user=0.01 sys=0.00, real=0.00 secs] 
2019-12-23T05:18:31.872+0000: 15931.319: [GC (Allocation Failure) 2019-12-23T05:18:31.872+0000: 15931.319: [ParNew: 69275K->5773K(72512K), 0.0031578 secs] 204760K->142210K(233664K), 0.0032340 secs] [Times: user=0.01 sys=0.00, real=0.00 secs] 
2019-12-23T05:18:43.684+0000: 15943.131: [GC (Allocation Failure) 2019-12-23T05:18:43.684+0000: 15943.131: [ParNew: 70285K->5311K(72512K), 0.0035195 secs] 206722K->142727K(233664K), 0.0035971 secs] [Times: user=0.01 sys=0.00, real=0.00 secs] 
2019-12-23T05:18:48.817+0000: 15948.264: [GC (Allocation Failure) 2019-12-23T05:18:48.817+0000: 15948.264: [ParNew: 69823K->6808K(72512K), 0.0036224 secs] 207239K->145177K(233664K), 0.0037011 secs] [Times: user=0.01 sys=0.00, real=0.01 secs] 
2019-12-23T05:19:00.548+0000: 15959.995: [GC (Allocation Failure) 2019-12-23T05:19:00.549+0000: 15959.995: [ParNew: 71320K->5687K(72512K), 0.0032885 secs] 209689K->145007K(233664K), 0.0033715 secs] [Times: user=0.01 sys=0.00, real=0.01 secs] 
2019-12-23T05:19:10.512+0000: 15969.959: [GC (Allocation Failure) 2019-12-23T05:19:10.512+0000: 15969.959: [ParNew: 70199K->4968K(72512K), 0.0033202 secs] 209519K->145240K(233664K), 0.0034081 secs] [Times: user=0.01 sys=0.00, real=0.00 secs] 
2019-12-23T05:19:22.896+0000: 15982.342: [GC (Allocation Failure) 2019-12-23T05:19:22.896+0000: 15982.343: [ParNew: 69480K->4768K(72512K), 0.0033044 secs] 209752K->145991K(233664K), 0.0034233 secs] [Times: user=0.01 sys=0.00, real=0.01 secs] 
2019-12-23T05:19:27.116+0000: 15986.563: [GC (Allocation Failure) 2019-12-23T05:19:27.116+0000: 15986.563: [ParNew: 69280K->5202K(72512K), 0.0034550 secs] 210503K->147380K(233664K), 0.0035488 secs] [Times: user=0.01 sys=0.00, real=0.01 secs] 
2019-12-23T05:19:40.469+0000: 15999.916: [GC (Allocation Failure) 2019-12-23T05:19:40.469+0000: 15999.916: [ParNew: 69714K->5151K(72512K), 0.0032074 secs] 211892K->148281K(233664K), 0.0033022 secs] [Times: user=0.01 sys=0.00, real=0.01 secs] 
2019-12-23T05:19:47.966+0000: 16007.413: [GC (Allocation Failure) 2019-12-23T05:19:47.966+0000: 16007.413: [ParNew: 69663K->4952K(72512K), 0.0030378 secs] 212793K->149034K(233664K), 0.0031513 secs] [Times: user=0.01 sys=0.00, real=0.00 secs] 
2019-12-23T05:19:58.980+0000: 16018.427: [GC (Allocation Failure) 2019-12-23T05:19:58.980+0000: 16018.427: [ParNew: 69464K->4819K(72512K), 0.0034387 secs] 213546K->149726K(233664K), 0.0035240 secs] [Times: user=0.01 sys=0.00, real=0.00 secs] 
2019-12-23T05:20:06.887+0000: 16026.334: [GC (Allocation Failure) 2019-12-23T05:20:06.887+0000: 16026.334: [ParNew: 69331K->4754K(72512K), 0.0029692 secs] 214238K->150612K(233664K), 0.0030600 secs] [Times: user=0.00 sys=0.00, real=0.00 secs] 
2019-12-23T05:20:17.264+0000: 16036.711: [GC (Allocation Failure) 2019-12-23T05:20:17.264+0000: 16036.711: [ParNew: 69266K->5440K(72512K), 0.0030260 secs] 215124K->152251K(233664K), 0.0031183 secs] [Times: user=0.00 sys=0.00, real=0.00 secs] 
2019-12-23T05:20:23.957+0000: 16043.404: [GC (Allocation Failure) 2019-12-23T05:20:23.957+0000: 16043.404: [ParNew: 69952K->2308K(72512K), 0.0025754 secs] 216763K->149121K(233664K), 0.0026993 secs] [Times: user=0.01 sys=0.00, real=0.01 secs] 
2019-12-23T05:20:34.687+0000: 16054.134: [GC (Allocation Failure) 2019-12-23T05:20:34.687+0000: 16054.134: [ParNew: 66820K->3205K(72512K), 0.0025310 secs] 213633K->150018K(233664K), 0.0026068 secs] [Times: user=0.00 sys=0.00, real=0.00 secs] 
2019-12-23T05:20:44.524+0000: 16063.971: [GC (Allocation Failure) 2019-12-23T05:20:44.524+0000: 16063.971: [ParNew: 67717K->4247K(72512K), 0.0025848 secs] 214530K->151060K(233664K), 0.0026628 secs] [Times: user=0.01 sys=0.00, real=0.00 secs] 
2019-12-23T05:20:54.563+0000: 16074.010: [GC (Allocation Failure) 2019-12-23T05:20:54.563+0000: 16074.010: [ParNew: 68759K->5679K(72512K), 0.0037277 secs] 215572K->152492K(233664K), 0.0038053 secs] [Times: user=0.00 sys=0.00, real=0.00 secs] 
2019-12-23T05:21:06.347+0000: 16085.794: [GC (Allocation Failure) 2019-12-23T05:21:06.347+0000: 16085.794: [ParNew: 70191K->4803K(72512K), 0.0043482 secs] 217004K->152969K(233664K), 0.0044332 secs] [Times: user=0.01 sys=0.00, real=0.01 secs] 
2019-12-23T05:21:12.602+0000: 16092.049: [GC (Allocation Failure) 2019-12-23T05:21:12.603+0000: 16092.049: [ParNew: 69315K->5235K(72512K), 0.0032684 secs] 217481K->154353K(233664K), 0.0033454 secs] [Times: user=0.01 sys=0.00, real=0.00 secs] 
2019-12-23T05:21:12.606+0000: 16092.053: [GC (CMS Initial Mark) [1 CMS-initial-mark: 149117K(161152K)] 155496K(233664K), 0.0009753 secs] [Times: user=0.00 sys=0.00, real=0.00 secs] 
2019-12-23T05:21:12.607+0000: 16092.054: [CMS-concurrent-mark-start]
2019-12-23T05:21:12.658+0000: 16092.105: [CMS-concurrent-mark: 0.051/0.051 secs] [Times: user=0.08 sys=0.00, real=0.05 secs] 
2019-12-23T05:21:12.658+0000: 16092.105: [CMS-concurrent-preclean-start]
2019-12-23T05:21:12.659+0000: 16092.106: [CMS-concurrent-preclean: 0.001/0.001 secs] [Times: user=0.00 sys=0.00, real=0.01 secs] 
2019-12-23T05:21:12.659+0000: 16092.106: [CMS-concurrent-abortable-preclean-start]
 CMS: abort preclean due to time 2019-12-23T05:21:17.664+0000: 16097.111: [CMS-concurrent-abortable-preclean: 0.200/5.005 secs] [Times: user=0.25 sys=0.00, real=5.00 secs] 
2019-12-23T05:21:17.664+0000: 16097.111: [GC (CMS Final Remark) [YG occupancy: 31561 K (72512 K)]2019-12-23T05:21:17.664+0000: 16097.111: [Rescan (parallel) , 0.0047060 secs]2019-12-23T05:21:17.669+0000: 16097.116: [weak refs processing, 0.0000526 secs]2019-12-23T05:21:17.669+0000: 16097.116: [class unloading, 0.0093658 secs]2019-12-23T05:21:17.679+0000: 16097.125: [scrub symbol table, 0.0058174 secs]2019-12-23T05:21:17.684+0000: 16097.131: [scrub string table, 0.0005395 secs][1 CMS-remark: 149117K(161152K)] 180679K(233664K), 0.0206639 secs] [Times: user=0.03 sys=0.00, real=0.02 secs] 
2019-12-23T05:21:17.685+0000: 16097.132: [CMS-concurrent-sweep-start]
2019-12-23T05:21:17.697+0000: 16097.144: [CMS-concurrent-sweep: 0.012/0.012 secs] [Times: user=0.01 sys=0.00, real=0.01 secs] 
2019-12-23T05:21:17.697+0000: 16097.144: [CMS-concurrent-reset-start]
2019-12-23T05:21:17.709+0000: 16097.156: [CMS-concurrent-reset: 0.011/0.011 secs] [Times: user=0.02 sys=0.00, real=0.01 secs] 
2019-12-23T05:21:26.589+0000: 16106.036: [GC (Allocation Failure) 2019-12-23T05:21:26.589+0000: 16106.036: [ParNew: 69747K->5183K(72512K), 0.0030689 secs] 83301K->19826K(233664K), 0.0031363 secs] [Times: user=0.01 sys=0.00, real=0.01 secs] 
2019-12-23T05:21:34.916+0000: 16114.363: [GC (Allocation Failure) 2019-12-23T05:21:34.916+0000: 16114.363: [ParNew: 69695K->5525K(72512K), 0.0027829 secs] 84338K->21125K(233664K), 0.0028553 secs] [Times: user=0.00 sys=0.00, real=0.01 secs] 
2019-12-23T05:21:44.787+0000: 16124.233: [GC (Allocation Failure) 2019-12-23T05:21:44.787+0000: 16124.233: [ParNew: 70037K->4852K(72512K), 0.0029146 secs] 85637K->21405K(233664K), 0.0029880 secs] [Times: user=0.01 sys=0.00, real=0.00 secs] 
2019-12-23T05:21:49.650+0000: 16129.097: [GC (Allocation Failure) 2019-12-23T05:21:49.650+0000: 16129.097: [ParNew: 69364K->5345K(72512K), 0.0029834 secs] 85917K->22722K(233664K), 0.0030536 secs] [Times: user=0.00 sys=0.00, real=0.01 secs] 
2019-12-23T05:22:01.632+0000: 16141.079: [GC (Allocation Failure) 2019-12-23T05:22:01.632+0000: 16141.079: [ParNew: 69857K->5549K(72512K), 0.0030205 secs] 87234K->23877K(233664K), 0.0030875 secs] [Times: user=0.01 sys=0.00, real=0.00 secs] 
2019-12-23T05:22:11.861+0000: 16151.308: [GC (Allocation Failure) 2019-12-23T05:22:11.861+0000: 16151.308: [ParNew: 70061K->5273K(72512K), 0.0043410 secs] 88389K->24553K(233664K), 0.0044401 secs] [Times: user=0.01 sys=0.00, real=0.00 secs] 
2019-12-23T05:22:21.206+0000: 16160.653: [GC (Allocation Failure) 2019-12-23T05:22:21.206+0000: 16160.653: [ParNew: 69785K->4911K(72512K), 0.0032511 secs] 89065K->25143K(233664K), 0.0033414 secs] [Times: user=0.01 sys=0.00, real=0.00 secs] 
2019-12-23T05:22:33.513+0000: 16172.960: [GC (Allocation Failure) 2019-12-23T05:22:33.513+0000: 16172.960: [ParNew: 69423K->5686K(72512K), 0.0030858 secs] 89655K->26870K(233664K), 0.0031723 secs] [Times: user=0.01 sys=0.00, real=0.00 secs] 
2019-12-23T05:22:41.783+0000: 16181.230: [GC (Allocation Failure) 2019-12-23T05:22:41.783+0000: 16181.230: [ParNew: 70198K->5172K(72512K), 0.0030463 secs] 91382K->27308K(233664K), 0.0031398 secs] [Times: user=0.01 sys=0.00, real=0.00 secs] 
2019-12-23T05:22:53.017+0000: 16192.464: [GC (Allocation Failure) 2019-12-23T05:22:53.017+0000: 16192.464: [ParNew: 69684K->5804K(72512K), 0.0029723 secs] 91820K->28892K(233664K), 0.0030610 secs] [Times: user=0.01 sys=0.00, real=0.01 secs] 
2019-12-23T05:23:04.433+0000: 16203.880: [GC (Allocation Failure) 2019-12-23T05:23:04.433+0000: 16203.880: [ParNew: 70316K->4952K(72512K), 0.0031025 secs] 93404K->29020K(233664K), 0.0031861 secs] [Times: user=0.01 sys=0.00, real=0.00 secs] 
2019-12-23T05:23:10.909+0000: 16210.356: [GC (Allocation Failure) 2019-12-23T05:23:10.909+0000: 16210.356: [ParNew: 69464K->5016K(72512K), 0.0030410 secs] 93532K->30036K(233664K), 0.0031450 secs] [Times: user=0.01 sys=0.00, real=0.01 secs] 
2019-12-23T05:23:23.246+0000: 16222.693: [GC (Allocation Failure) 2019-12-23T05:23:23.246+0000: 16222.693: [ParNew: 69528K->5985K(72512K), 0.0029732 secs] 94548K->31956K(233664K), 0.0030448 secs] [Times: user=0.01 sys=0.00, real=0.00 secs] 
2019-12-23T05:23:29.300+0000: 16228.747: [GC (Allocation Failure) 2019-12-23T05:23:29.300+0000: 16228.747: [ParNew: 70497K->4869K(72512K), 0.0030924 secs] 96468K->31792K(233664K), 0.0031608 secs] [Times: user=0.01 sys=0.00, real=0.00 secs] 
2019-12-23T05:23:41.717+0000: 16241.164: [GC (Allocation Failure) 2019-12-23T05:23:41.717+0000: 16241.164: [ParNew: 69381K->6179K(72512K), 0.0030935 secs] 96304K->34055K(233664K), 0.0031693 secs] [Times: user=0.01 sys=0.00, real=0.01 secs] 
2019-12-23T05:23:47.920+0000: 16247.367: [GC (Allocation Failure) 2019-12-23T05:23:47.920+0000: 16247.367: [ParNew: 70691K->5743K(72512K), 0.0030403 secs] 98567K->34570K(233664K), 0.0031165 secs] [Times: user=0.01 sys=0.00, real=0.00 secs] 
2019-12-23T05:24:00.648+0000: 16260.095: [GC (Allocation Failure) 2019-12-23T05:24:00.648+0000: 16260.095: [ParNew: 70255K->4919K(72512K), 0.0029700 secs] 99082K->34571K(233664K), 0.0030494 secs] [Times: user=0.00 sys=0.00, real=0.01 secs] 
2019-12-23T05:24:06.597+0000: 16266.044: [GC (Allocation Failure) 2019-12-23T05:24:06.597+0000: 16266.044: [ParNew: 69431K->4865K(72512K), 0.0028770 secs] 99083K->35469K(233664K), 0.0029816 secs] [Times: user=0.01 sys=0.00, real=0.01 secs] 
2019-12-23T05:24:19.676+0000: 16279.123: [GC (Allocation Failure) 2019-12-23T05:24:19.676+0000: 16279.123: [ParNew: 69377K->4771K(72512K), 0.0031429 secs] 99981K->36326K(233664K), 0.0032286 secs] [Times: user=0.01 sys=0.00, real=0.01 secs] 
2019-12-23T05:24:28.090+0000: 16287.537: [GC (Allocation Failure) 2019-12-23T05:24:28.090+0000: 16287.537: [ParNew: 69283K->4952K(72512K), 0.0038848 secs] 100838K->37459K(233664K), 0.0039545 secs] [Times: user=0.01 sys=0.00, real=0.01 secs] 
2019-12-23T05:24:38.638+0000: 16298.085: [GC (Allocation Failure) 2019-12-23T05:24:38.638+0000: 16298.085: [ParNew: 69464K->5763K(72512K), 0.0031508 secs] 101971K->39223K(233664K), 0.0032469 secs] [Times: user=0.01 sys=0.00, real=0.01 secs] 
2019-12-23T05:24:49.234+0000: 16308.681: [GC (Allocation Failure) 2019-12-23T05:24:49.234+0000: 16308.681: [ParNew: 70275K->4935K(72512K), 0.0029229 secs] 103735K->39482K(233664K), 0.0029871 secs] [Times: user=0.01 sys=0.00, real=0.00 secs] 
2019-12-23T05:24:55.969+0000: 16315.416: [GC (Allocation Failure) 2019-12-23T05:24:55.969+0000: 16315.416: [ParNew: 69447K->5293K(72512K), 0.0027719 secs] 103994K->40792K(233664K), 0.0028451 secs] [Times: user=0.01 sys=0.00, real=0.01 secs] 
2019-12-23T05:25:12.199+0000: 16331.646: [GC (Allocation Failure) 2019-12-23T05:25:12.199+0000: 16331.646: [ParNew: 69805K->5766K(72512K), 0.0031301 secs] 105304K->42244K(233664K), 0.0031986 secs] [Times: user=0.01 sys=0.00, real=0.00 secs] 
2019-12-23T05:25:16.037+0000: 16335.484: [GC (Allocation Failure) 2019-12-23T05:25:16.038+0000: 16335.484: [ParNew: 70278K->5008K(72512K), 0.0030895 secs] 106756K->42438K(233664K), 0.0031632 secs] [Times: user=0.01 sys=0.00, real=0.01 secs] 
2019-12-23T05:25:29.833+0000: 16349.280: [GC (Allocation Failure) 2019-12-23T05:25:29.833+0000: 16349.280: [ParNew: 69520K->5919K(72512K), 0.0030321 secs] 106950K->44302K(233664K), 0.0031049 secs] [Times: user=0.01 sys=0.00, real=0.00 secs] 
2019-12-23T05:25:34.292+0000: 16353.738: [GC (Allocation Failure) 2019-12-23T05:25:34.292+0000: 16353.739: [ParNew: 70431K->5372K(72512K), 0.0030724 secs] 108814K->44707K(233664K), 0.0031756 secs] [Times: user=0.01 sys=0.00, real=0.00 secs] 
2019-12-23T05:25:48.501+0000: 16367.948: [GC (Allocation Failure) 2019-12-23T05:25:48.501+0000: 16367.948: [ParNew: 69884K->5034K(72512K), 0.0029683 secs] 109219K->45320K(233664K), 0.0030525 secs] [Times: user=0.01 sys=0.00, real=0.00 secs] 
2019-12-23T05:25:56.711+0000: 16376.158: [GC (Allocation Failure) 2019-12-23T05:25:56.711+0000: 16376.158: [ParNew: 69546K->5163K(72512K), 0.0029615 secs] 109832K->46401K(233664K), 0.0030365 secs] [Times: user=0.01 sys=0.00, real=0.00 secs] 
2019-12-23T05:26:07.533+0000: 16386.980: [GC (Allocation Failure) 2019-12-23T05:26:07.533+0000: 16386.980: [ParNew: 69675K->5422K(72512K), 0.0030731 secs] 110913K->47512K(233664K), 0.0032120 secs] [Times: user=0.01 sys=0.00, real=0.00 secs] 
2019-12-23T05:26:19.744+0000: 16399.191: [GC (Allocation Failure) 2019-12-23T05:26:19.744+0000: 16399.191: [ParNew: 69934K->5701K(72512K), 0.0029351 secs] 112024K->48770K(233664K), 0.0030090 secs] [Times: user=0.00 sys=0.00, real=0.00 secs] 
2019-12-23T05:26:25.985+0000: 16405.432: [GC (Allocation Failure) 2019-12-23T05:26:25.985+0000: 16405.432: [ParNew: 70213K->5167K(72512K), 0.0030550 secs] 113282K->49188K(233664K), 0.0031223 secs] [Times: user=0.01 sys=0.00, real=0.00 secs] 
2019-12-23T05:26:35.002+0000: 16414.449: [GC (Allocation Failure) 2019-12-23T05:26:35.002+0000: 16414.449: [ParNew: 69679K->5023K(72512K), 0.0041275 secs] 113700K->49995K(233664K), 0.0042262 secs] [Times: user=0.02 sys=0.00, real=0.00 secs] 
2019-12-23T05:26:45.925+0000: 16425.372: [GC (Allocation Failure) 2019-12-23T05:26:45.925+0000: 16425.372: [ParNew: 69535K->5188K(72512K), 0.0029290 secs] 114507K->51112K(233664K), 0.0030104 secs] [Times: user=0.01 sys=0.00, real=0.00 secs] 
2019-12-23T05:26:56.818+0000: 16436.265: [GC (Allocation Failure) 2019-12-23T05:26:56.818+0000: 16436.265: [ParNew: 69700K->5413K(72512K), 0.0028813 secs] 115624K->52290K(233664K), 0.0029598 secs] [Times: user=0.01 sys=0.00, real=0.01 secs] 
2019-12-23T05:27:07.213+0000: 16446.660: [GC (Allocation Failure) 2019-12-23T05:27:07.213+0000: 16446.660: [ParNew: 69925K->5815K(72512K), 0.0031868 secs] 116802K->53515K(233664K), 0.0032698 secs] [Times: user=0.01 sys=0.00, real=0.00 secs] 
2019-12-23T05:27:18.541+0000: 16457.988: [GC (Allocation Failure) 2019-12-23T05:27:18.541+0000: 16457.988: [ParNew: 70327K->5289K(72512K), 0.0030186 secs] 118027K->53942K(233664K), 0.0030932 secs] [Times: user=0.01 sys=0.00, real=0.00 secs] 
2019-12-23T05:27:22.704+0000: 16462.151: [GC (Allocation Failure) 2019-12-23T05:27:22.704+0000: 16462.151: [ParNew: 69801K->5427K(72512K), 0.0032900 secs] 118454K->55034K(233664K), 0.0033609 secs] [Times: user=0.01 sys=0.00, real=0.00 secs] 
2019-12-23T05:27:35.640+0000: 16475.087: [GC (Allocation Failure) 2019-12-23T05:27:35.640+0000: 16475.087: [ParNew: 69939K->5277K(72512K), 0.0029815 secs] 119546K->55836K(233664K), 0.0030522 secs] [Times: user=0.01 sys=0.00, real=0.00 secs] 
2019-12-23T05:27:46.131+0000: 16485.578: [GC (Allocation Failure) 2019-12-23T05:27:46.131+0000: 16485.578: [ParNew: 69789K->5500K(72512K), 0.0030446 secs] 120348K->57038K(233664K), 0.0031109 secs] [Times: user=0.01 sys=0.00, real=0.00 secs] 
2019-12-23T05:27:54.116+0000: 16493.563: [GC (Allocation Failure) 2019-12-23T05:27:54.116+0000: 16493.563: [ParNew: 70012K->4936K(72512K), 0.0029398 secs] 121550K->57426K(233664K), 0.0030091 secs] [Times: user=0.01 sys=0.00, real=0.01 secs] 
2019-12-23T05:28:07.068+0000: 16506.515: [GC (Allocation Failure) 2019-12-23T05:28:07.068+0000: 16506.515: [ParNew: 69448K->5415K(72512K), 0.0030086 secs] 121938K->58857K(233664K), 0.0030967 secs] [Times: user=0.01 sys=0.00, real=0.01 secs] 
2019-12-23T05:28:11.868+0000: 16511.315: [GC (Allocation Failure) 2019-12-23T05:28:11.868+0000: 16511.315: [ParNew: 69927K->5475K(72512K), 0.0027108 secs] 123369K->59868K(233664K), 0.0028177 secs] [Times: user=0.01 sys=0.00, real=0.01 secs] 
2019-12-23T05:28:27.227+0000: 16526.674: [GC (Allocation Failure) 2019-12-23T05:28:27.227+0000: 16526.674: [ParNew: 69987K->4493K(72512K), 0.0029114 secs] 124380K->59776K(233664K), 0.0029837 secs] [Times: user=0.01 sys=0.00, real=0.00 secs] 
2019-12-23T05:28:30.229+0000: 16529.676: [GC (Allocation Failure) 2019-12-23T05:28:30.229+0000: 16529.676: [ParNew: 69005K->4764K(72512K), 0.0028445 secs] 124288K->60999K(233664K), 0.0029197 secs] [Times: user=0.01 sys=0.00, real=0.01 secs] 
2019-12-23T05:28:44.418+0000: 16543.865: [GC (Allocation Failure) 2019-12-23T05:28:44.418+0000: 16543.865: [ParNew: 69276K->5814K(72512K), 0.0028751 secs] 125511K->63001K(233664K), 0.0029634 secs] [Times: user=0.01 sys=0.00, real=0.01 secs] 
2019-12-23T05:28:48.675+0000: 16548.122: [GC (Allocation Failure) 2019-12-23T05:28:48.675+0000: 16548.122: [ParNew: 70326K->5338K(72512K), 0.0029716 secs] 127513K->63476K(233664K), 0.0030425 secs] [Times: user=0.01 sys=0.00, real=0.00 secs] 
2019-12-23T05:29:06.946+0000: 16566.393: [GC (Allocation Failure) 2019-12-23T05:29:06.946+0000: 16566.393: [ParNew: 69850K->5479K(72512K), 0.0029383 secs] 127988K->64569K(233664K), 0.0030299 secs] [Times: user=0.01 sys=0.00, real=0.00 secs] 
2019-12-23T05:29:11.029+0000: 16570.476: [GC (Allocation Failure) 2019-12-23T05:29:11.029+0000: 16570.476: [ParNew: 69991K->5341K(72512K), 0.0029644 secs] 129081K->65346K(233664K), 0.0030399 secs] [Times: user=0.01 sys=0.00, real=0.01 secs] 
2019-12-23T05:29:23.308+0000: 16582.755: [GC (Allocation Failure) 2019-12-23T05:29:23.308+0000: 16582.755: [ParNew: 69853K->5833K(72512K), 0.0030266 secs] 129858K->66790K(233664K), 0.0031109 secs] [Times: user=0.00 sys=0.00, real=0.01 secs] 
2019-12-23T05:29:32.660+0000: 16592.107: [GC (Allocation Failure) 2019-12-23T05:29:32.660+0000: 16592.107: [ParNew: 70345K->5522K(72512K), 0.0036288 secs] 131302K->67431K(233664K), 0.0037032 secs] [Times: user=0.01 sys=0.00, real=0.00 secs] 
2019-12-23T05:29:42.002+0000: 16601.449: [GC (Allocation Failure) 2019-12-23T05:29:42.002+0000: 16601.449: [ParNew: 70034K->5451K(72512K), 0.0039030 secs] 131943K->68313K(233664K), 0.0039763 secs] [Times: user=0.01 sys=0.01, real=0.00 secs] 
2019-12-23T05:29:55.263+0000: 16614.710: [GC (Allocation Failure) 2019-12-23T05:29:55.263+0000: 16614.710: [ParNew: 69963K->4953K(72512K), 0.0041172 secs] 132825K->68902K(233664K), 0.0041905 secs] [Times: user=0.01 sys=0.00, real=0.00 secs] 
2019-12-23T05:30:02.028+0000: 16621.475: [GC (Allocation Failure) 2019-12-23T05:30:02.028+0000: 16621.475: [ParNew: 69465K->5105K(72512K), 0.0027326 secs] 133414K->69878K(233664K), 0.0028063 secs] [Times: user=0.01 sys=0.00, real=0.01 secs] 
2019-12-23T05:30:15.858+0000: 16635.305: [GC (Allocation Failure) 2019-12-23T05:30:15.858+0000: 16635.305: [ParNew: 69617K->5499K(72512K), 0.0044696 secs] 134390K->71353K(233664K), 0.0045604 secs] [Times: user=0.01 sys=0.00, real=0.01 secs] 
2019-12-23T05:30:20.952+0000: 16640.399: [GC (Allocation Failure) 2019-12-23T05:30:20.952+0000: 16640.399: [ParNew: 70011K->5662K(72512K), 0.0029819 secs] 135865K->72468K(233664K), 0.0030511 secs] [Times: user=0.01 sys=0.00, real=0.00 secs] 
2019-12-23T05:30:35.494+0000: 16654.941: [GC (Allocation Failure) 2019-12-23T05:30:35.494+0000: 16654.941: [ParNew: 70174K->6229K(72512K), 0.0030238 secs] 136980K->73987K(233664K), 0.0031037 secs] [Times: user=0.01 sys=0.00, real=0.00 secs] 
2019-12-23T05:30:39.060+0000: 16658.507: [GC (Allocation Failure) 2019-12-23T05:30:39.060+0000: 16658.507: [ParNew: 70741K->5306K(72512K), 0.0030333 secs] 138499K->74015K(233664K), 0.0031087 secs] [Times: user=0.00 sys=0.00, real=0.00 secs] 
2019-12-23T05:30:53.858+0000: 16673.304: [GC (Allocation Failure) 2019-12-23T05:30:53.858+0000: 16673.305: [ParNew: 69818K->5676K(72512K), 0.0033955 secs] 138527K->75338K(233664K), 0.0034756 secs] [Times: user=0.01 sys=0.00, real=0.01 secs] 
2019-12-23T05:31:01.626+0000: 16681.073: [GC (Allocation Failure) 2019-12-23T05:31:01.626+0000: 16681.073: [ParNew: 70188K->5822K(72512K), 0.0030656 secs] 139850K->76435K(233664K), 0.0031432 secs] [Times: user=0.01 sys=0.00, real=0.00 secs] 
2019-12-23T05:31:12.408+0000: 16691.855: [GC (Allocation Failure) 2019-12-23T05:31:12.408+0000: 16691.855: [ParNew: 70334K->6609K(72512K), 0.0032300 secs] 140947K->78047K(233664K), 0.0033060 secs] [Times: user=0.01 sys=0.00, real=0.01 secs] 
2019-12-23T05:31:20.299+0000: 16699.746: [GC (Allocation Failure) 2019-12-23T05:31:20.300+0000: 16699.746: [ParNew: 71121K->6030K(72512K), 0.0035660 secs] 142559K->78449K(233664K), 0.0036541 secs] [Times: user=0.01 sys=0.00, real=0.00 secs] 
2019-12-23T05:31:31.266+0000: 16710.713: [GC (Allocation Failure) 2019-12-23T05:31:31.266+0000: 16710.713: [ParNew: 70542K->6037K(72512K), 0.0030019 secs] 142961K->79408K(233664K), 0.0030922 secs] [Times: user=0.00 sys=0.00, real=0.00 secs] 
2019-12-23T05:31:40.401+0000: 16719.848: [GC (Allocation Failure) 2019-12-23T05:31:40.401+0000: 16719.848: [ParNew: 70549K->6017K(72512K), 0.0030634 secs] 143920K->80339K(233664K), 0.0031429 secs] [Times: user=0.01 sys=0.00, real=0.00 secs] 
2019-12-23T05:31:50.531+0000: 16729.978: [GC (Allocation Failure) 2019-12-23T05:31:50.531+0000: 16729.978: [ParNew: 70529K->6641K(72512K), 0.0029825 secs] 144851K->81915K(233664K), 0.0030899 secs] [Times: user=0.01 sys=0.00, real=0.00 secs] 
2019-12-23T05:31:59.179+0000: 16738.626: [GC (Allocation Failure) 2019-12-23T05:31:59.179+0000: 16738.626: [ParNew: 71153K->5751K(72512K), 0.0029036 secs] 146427K->81977K(233664K), 0.0029764 secs] [Times: user=0.01 sys=0.00, real=0.00 secs] 
2019-12-23T05:32:07.377+0000: 16746.824: [GC (Allocation Failure) 2019-12-23T05:32:07.377+0000: 16746.824: [ParNew: 70263K->4914K(72512K), 0.0028525 secs] 146489K->81965K(233664K), 0.0029246 secs] [Times: user=0.01 sys=0.00, real=0.01 secs] 
2019-12-23T05:32:17.805+0000: 16757.252: [GC (Allocation Failure) 2019-12-23T05:32:17.806+0000: 16757.252: [ParNew: 69426K->4782K(72512K), 0.0029412 secs] 146477K->82785K(233664K), 0.0030315 secs] [Times: user=0.01 sys=0.00, real=0.00 secs] 
2019-12-23T05:32:28.757+0000: 16768.204: [GC (Allocation Failure) 2019-12-23T05:32:28.757+0000: 16768.204: [ParNew: 69294K->5502K(72512K), 0.0031130 secs] 147297K->84457K(233664K), 0.0031884 secs] [Times: user=0.01 sys=0.00, real=0.01 secs] 
2019-12-23T05:32:38.281+0000: 16777.728: [GC (Allocation Failure) 2019-12-23T05:32:38.281+0000: 16777.728: [ParNew: 70014K->4892K(72512K), 0.0033314 secs] 148969K->84799K(233664K), 0.0034247 secs] [Times: user=0.01 sys=0.00, real=0.00 secs] 
2019-12-23T05:32:44.716+0000: 16784.163: [GC (Allocation Failure) 2019-12-23T05:32:44.716+0000: 16784.163: [ParNew: 69404K->4962K(72512K), 0.0032240 secs] 149311K->85821K(233664K), 0.0033068 secs] [Times: user=0.01 sys=0.00, real=0.01 secs] 
2019-12-23T05:32:54.658+0000: 16794.105: [GC (Allocation Failure) 2019-12-23T05:32:54.658+0000: 16794.105: [ParNew: 69474K->5830K(72512K), 0.0029545 secs] 150333K->87641K(233664K), 0.0030542 secs] [Times: user=0.00 sys=0.00, real=0.01 secs] 
2019-12-23T05:33:04.502+0000: 16803.949: [GC (Allocation Failure) 2019-12-23T05:33:04.502+0000: 16803.949: [ParNew: 70342K->4435K(72512K), 0.0030797 secs] 152153K->87165K(233664K), 0.0031606 secs] [Times: user=0.01 sys=0.00, real=0.00 secs] 
2019-12-23T05:33:12.370+0000: 16811.817: [GC (Allocation Failure) 2019-12-23T05:33:12.370+0000: 16811.817: [ParNew: 68947K->5147K(72512K), 0.0032349 secs] 151677K->88697K(233664K), 0.0033172 secs] [Times: user=0.00 sys=0.00, real=0.01 secs] 
2019-12-23T05:33:25.048+0000: 16824.495: [GC (Allocation Failure) 2019-12-23T05:33:25.048+0000: 16824.495: [ParNew: 69659K->5250K(72512K), 0.0030481 secs] 153209K->89457K(233664K), 0.0031262 secs] [Times: user=0.00 sys=0.00, real=0.01 secs] 
2019-12-23T05:33:31.554+0000: 16831.001: [GC (Allocation Failure) 2019-12-23T05:33:31.554+0000: 16831.001: [ParNew: 69762K->5164K(72512K), 0.0033035 secs] 153969K->90305K(233664K), 0.0033818 secs] [Times: user=0.01 sys=0.00, real=0.00 secs] 
2019-12-23T05:33:43.693+0000: 16843.140: [GC (Allocation Failure) 2019-12-23T05:33:43.693+0000: 16843.140: [ParNew: 69676K->5101K(72512K), 0.0030983 secs] 154817K->91285K(233664K), 0.0031814 secs] [Times: user=0.00 sys=0.00, real=0.00 secs] 
2019-12-23T05:33:49.600+0000: 16849.047: [GC (Allocation Failure) 2019-12-23T05:33:49.600+0000: 16849.047: [ParNew: 69613K->5686K(72512K), 0.0032484 secs] 155797K->92822K(233664K), 0.0033369 secs] [Times: user=0.01 sys=0.00, real=0.00 secs] 
2019-12-23T05:34:02.006+0000: 16861.453: [GC (Allocation Failure) 2019-12-23T05:34:02.006+0000: 16861.453: [ParNew: 70198K->5849K(72512K), 0.0032027 secs] 157334K->93936K(233664K), 0.0032785 secs] [Times: user=0.01 sys=0.00, real=0.00 secs] 
2019-12-23T05:34:10.138+0000: 16869.585: [GC (Allocation Failure) 2019-12-23T05:34:10.138+0000: 16869.585: [ParNew: 70361K->5442K(72512K), 0.0030097 secs] 158448K->94481K(233664K), 0.0030930 secs] [Times: user=0.01 sys=0.00, real=0.01 secs] 
2019-12-23T05:34:21.317+0000: 16880.763: [GC (Allocation Failure) 2019-12-23T05:34:21.317+0000: 16880.764: [ParNew: 69954K->6026K(72512K), 0.0031543 secs] 158993K->95890K(233664K), 0.0032697 secs] [Times: user=0.01 sys=0.00, real=0.01 secs] 
2019-12-23T05:34:26.747+0000: 16886.194: [GC (Allocation Failure) 2019-12-23T05:34:26.748+0000: 16886.194: [ParNew: 70538K->4962K(72512K), 0.0030923 secs] 160402K->95778K(233664K), 0.0031743 secs] [Times: user=0.01 sys=0.00, real=0.01 secs] 
2019-12-23T05:34:38.465+0000: 16897.912: [GC (Allocation Failure) 2019-12-23T05:34:38.466+0000: 16897.912: [ParNew: 69474K->4750K(72512K), 0.0030002 secs] 160290K->96545K(233664K), 0.0030764 secs] [Times: user=0.01 sys=0.00, real=0.00 secs] 
2019-12-23T05:34:48.888+0000: 16908.335: [GC (Allocation Failure) 2019-12-23T05:34:48.889+0000: 16908.335: [ParNew: 69262K->5748K(72512K), 0.0032702 secs] 161057K->98495K(233664K), 0.0033456 secs] [Times: user=0.01 sys=0.00, real=0.01 secs] 
2019-12-23T05:35:00.380+0000: 16919.827: [GC (Allocation Failure) 2019-12-23T05:35:00.380+0000: 16919.827: [ParNew: 70260K->5507K(72512K), 0.0038008 secs] 163007K->99206K(233664K), 0.0038936 secs] [Times: user=0.01 sys=0.00, real=0.00 secs] 
2019-12-23T05:35:10.836+0000: 16930.283: [GC (Allocation Failure) 2019-12-23T05:35:10.836+0000: 16930.283: [ParNew: 70019K->4839K(72512K), 0.0030465 secs] 163718K->99493K(233664K), 0.0031217 secs] [Times: user=0.01 sys=0.00, real=0.01 secs] 
2019-12-23T05:35:16.434+0000: 16935.881: [GC (Allocation Failure) 2019-12-23T05:35:16.434+0000: 16935.881: [ParNew: 69351K->4894K(72512K), 0.0029692 secs] 164005K->100497K(233664K), 0.0030640 secs] [Times: user=0.00 sys=0.00, real=0.00 secs] 
2019-12-23T05:35:27.849+0000: 16947.296: [GC (Allocation Failure) 2019-12-23T05:35:27.849+0000: 16947.296: [ParNew: 69406K->5287K(72512K), 0.0032681 secs] 165009K->101843K(233664K), 0.0033512 secs] [Times: user=0.01 sys=0.00, real=0.01 secs] 
2019-12-23T05:35:37.302+0000: 16956.749: [GC (Allocation Failure) 2019-12-23T05:35:37.303+0000: 16956.749: [ParNew: 69799K->5638K(72512K), 0.0030415 secs] 166355K->103147K(233664K), 0.0031702 secs] [Times: user=0.00 sys=0.00, real=0.00 secs] 
2019-12-23T05:35:46.749+0000: 16966.196: [GC (Allocation Failure) 2019-12-23T05:35:46.749+0000: 16966.196: [ParNew: 70150K->6033K(72512K), 0.0031790 secs] 167659K->104628K(233664K), 0.0032524 secs] [Times: user=0.01 sys=0.00, real=0.01 secs] 
2019-12-23T05:35:57.849+0000: 16977.296: [GC (Allocation Failure) 2019-12-23T05:35:57.849+0000: 16977.296: [ParNew: 70545K->5742K(72512K), 0.0028760 secs] 169140K->105289K(233664K), 0.0029507 secs] [Times: user=0.01 sys=0.00, real=0.01 secs] 
2019-12-23T05:36:07.608+0000: 16987.055: [GC (Allocation Failure) 2019-12-23T05:36:07.608+0000: 16987.055: [ParNew: 70254K->5690K(72512K), 0.0030495 secs] 169801K->106189K(233664K), 0.0031206 secs] [Times: user=0.00 sys=0.00, real=0.01 secs] 
2019-12-23T05:36:17.963+0000: 16997.410: [GC (Allocation Failure) 2019-12-23T05:36:17.963+0000: 16997.410: [ParNew: 70202K->6456K(72512K), 0.0036493 secs] 170701K->107907K(233664K), 0.0037765 secs] [Times: user=0.01 sys=0.00, real=0.00 secs] 
2019-12-23T05:36:27.042+0000: 17006.489: [GC (Allocation Failure) 2019-12-23T05:36:27.042+0000: 17006.489: [ParNew: 70968K->5962K(72512K), 0.0030106 secs] 172419K->108237K(233664K), 0.0031015 secs] [Times: user=0.01 sys=0.00, real=0.00 secs] 
2019-12-23T05:36:37.674+0000: 17017.121: [GC (Allocation Failure) 2019-12-23T05:36:37.674+0000: 17017.121: [ParNew: 70474K->5090K(72512K), 0.0029743 secs] 172749K->108317K(233664K), 0.0030558 secs] [Times: user=0.00 sys=0.00, real=0.00 secs] 
2019-12-23T05:36:45.797+0000: 17025.244: [GC (Allocation Failure) 2019-12-23T05:36:45.797+0000: 17025.244: [ParNew: 69602K->5524K(72512K), 0.0044149 secs] 172829K->109603K(233664K), 0.0045167 secs] [Times: user=0.01 sys=0.00, real=0.01 secs] 
2019-12-23T05:36:55.179+0000: 17034.626: [GC (Allocation Failure) 2019-12-23T05:36:55.179+0000: 17034.626: [ParNew: 70036K->5490K(72512K), 0.0030710 secs] 174115K->110522K(233664K), 0.0031577 secs] [Times: user=0.01 sys=0.00, real=0.00 secs] 
2019-12-23T05:37:07.565+0000: 17047.011: [GC (Allocation Failure) 2019-12-23T05:37:07.565+0000: 17047.011: [ParNew: 70002K->5293K(72512K), 0.0032129 secs] 175034K->111276K(233664K), 0.0032823 secs] [Times: user=0.01 sys=0.00, real=0.00 secs] 
2019-12-23T05:37:12.376+0000: 17051.823: [GC (Allocation Failure) 2019-12-23T05:37:12.376+0000: 17051.823: [ParNew: 69805K->5759K(72512K), 0.0033204 secs] 175788K->112695K(233664K), 0.0034015 secs] [Times: user=0.01 sys=0.00, real=0.01 secs] 
2019-12-23T05:37:24.560+0000: 17064.007: [GC (Allocation Failure) 2019-12-23T05:37:24.560+0000: 17064.007: [ParNew: 70271K->5425K(72512K), 0.0031998 secs] 177207K->113441K(233664K), 0.0032918 secs] [Times: user=0.01 sys=0.00, real=0.00 secs] 
2019-12-23T05:37:34.245+0000: 17073.692: [GC (Allocation Failure) 2019-12-23T05:37:34.245+0000: 17073.692: [ParNew: 69937K->5706K(72512K), 0.0030029 secs] 177953K->114675K(233664K), 0.0030846 secs] [Times: user=0.01 sys=0.00, real=0.00 secs] 
2019-12-23T05:37:43.062+0000: 17082.509: [GC (Allocation Failure) 2019-12-23T05:37:43.062+0000: 17082.509: [ParNew: 70218K->5514K(72512K), 0.0030366 secs] 179187K->115462K(233664K), 0.0031230 secs] [Times: user=0.00 sys=0.00, real=0.00 secs] 
2019-12-23T05:37:50.756+0000: 17090.203: [GC (Allocation Failure) 2019-12-23T05:37:50.756+0000: 17090.203: [ParNew: 70026K->5582K(72512K), 0.0030381 secs] 179974K->116482K(233664K), 0.0031356 secs] [Times: user=0.01 sys=0.00, real=0.01 secs] 
2019-12-23T05:38:00.819+0000: 17100.266: [GC (Allocation Failure) 2019-12-23T05:38:00.819+0000: 17100.266: [ParNew: 70094K->5791K(72512K), 0.0028228 secs] 180994K->117642K(233664K), 0.0029043 secs] [Times: user=0.01 sys=0.00, real=0.00 secs] 
2019-12-23T05:38:12.189+0000: 17111.636: [GC (Allocation Failure) 2019-12-23T05:38:12.189+0000: 17111.636: [ParNew: 70303K->6274K(72512K), 0.0030863 secs] 182154K->119014K(233664K), 0.0031627 secs] [Times: user=0.00 sys=0.00, real=0.01 secs] 
2019-12-23T05:38:21.381+0000: 17120.828: [GC (Allocation Failure) 2019-12-23T05:38:21.381+0000: 17120.828: [ParNew: 70786K->5085K(72512K), 0.0031700 secs] 183526K->118776K(233664K), 0.0032556 secs] [Times: user=0.01 sys=0.00, real=0.00 secs] 
2019-12-23T05:38:34.132+0000: 17133.579: [GC (Allocation Failure) 2019-12-23T05:38:34.132+0000: 17133.579: [ParNew: 69597K->5586K(72512K), 0.0030501 secs] 183288K->120229K(233664K), 0.0031266 secs] [Times: user=0.01 sys=0.00, real=0.00 secs] 
2019-12-23T05:38:38.837+0000: 17138.284: [GC (Allocation Failure) 2019-12-23T05:38:38.837+0000: 17138.284: [ParNew: 70098K->5150K(72512K), 0.0030948 secs] 184741K->120682K(233664K), 0.0031658 secs] [Times: user=0.01 sys=0.00, real=0.01 secs] 
2019-12-23T05:38:51.796+0000: 17151.243: [GC (Allocation Failure) 2019-12-23T05:38:51.796+0000: 17151.243: [ParNew: 69662K->5240K(72512K), 0.0029464 secs] 185194K->121724K(233664K), 0.0030283 secs] [Times: user=0.00 sys=0.00, real=0.01 secs] 
2019-12-23T05:39:01.048+0000: 17160.495: [GC (Allocation Failure) 2019-12-23T05:39:01.048+0000: 17160.495: [ParNew: 69752K->4844K(72512K), 0.0032966 secs] 186236K->122371K(233664K), 0.0033894 secs] [Times: user=0.01 sys=0.00, real=0.01 secs] 
2019-12-23T05:39:10.095+0000: 17169.542: [GC (Allocation Failure) 2019-12-23T05:39:10.096+0000: 17169.543: [ParNew: 69356K->5301K(72512K), 0.0052142 secs] 186883K->123780K(233664K), 0.0053191 secs] [Times: user=0.02 sys=0.00, real=0.01 secs] 
2019-12-23T05:39:23.142+0000: 17182.589: [GC (Allocation Failure) 2019-12-23T05:39:23.143+0000: 17182.589: [ParNew: 69813K->4951K(72512K), 0.0030233 secs] 188292K->124317K(233664K), 0.0031033 secs] [Times: user=0.01 sys=0.01, real=0.00 secs] 
2019-12-23T05:39:26.923+0000: 17186.370: [GC (Allocation Failure) 2019-12-23T05:39:26.923+0000: 17186.370: [ParNew: 69463K->5158K(72512K), 0.0029437 secs] 188829K->125413K(233664K), 0.0030419 secs] [Times: user=0.00 sys=0.00, real=0.00 secs] 
2019-12-23T05:39:43.185+0000: 17202.632: [GC (Allocation Failure) 2019-12-23T05:39:43.185+0000: 17202.632: [ParNew: 69670K->5152K(72512K), 0.0030892 secs] 189925K->126358K(233664K), 0.0031638 secs] [Times: user=0.01 sys=0.00, real=0.00 secs] 
2019-12-23T05:39:46.634+0000: 17206.081: [GC (Allocation Failure) 2019-12-23T05:39:46.634+0000: 17206.081: [ParNew: 69664K->5871K(72512K), 0.0030796 secs] 190870K->128029K(233664K), 0.0031639 secs] [Times: user=0.01 sys=0.01, real=0.00 secs] 
2019-12-23T05:40:01.471+0000: 17220.918: [GC (Allocation Failure) 2019-12-23T05:40:01.471+0000: 17220.918: [ParNew: 70383K->5703K(72512K), 0.0030121 secs] 192541K->128813K(233664K), 0.0030857 secs] [Times: user=0.01 sys=0.00, real=0.00 secs] 
2019-12-23T05:40:09.582+0000: 17229.029: [GC (Allocation Failure) 2019-12-23T05:40:09.582+0000: 17229.029: [ParNew: 70215K->5757K(72512K), 0.0029261 secs] 193325K->129819K(233664K), 0.0030031 secs] [Times: user=0.01 sys=0.00, real=0.00 secs] 
2019-12-23T05:40:18.966+0000: 17238.413: [GC (Allocation Failure) 2019-12-23T05:40:18.966+0000: 17238.413: [ParNew: 70269K->4537K(72512K), 0.0044646 secs] 194331K->129551K(233664K), 0.0045421 secs] [Times: user=0.01 sys=0.00, real=0.01 secs] 
2019-12-23T05:40:29.591+0000: 17249.038: [GC (Allocation Failure) 2019-12-23T05:40:29.591+0000: 17249.038: [ParNew: 69049K->5335K(72512K), 0.0028952 secs] 194063K->131201K(233664K), 0.0029833 secs] [Times: user=0.01 sys=0.00, real=0.00 secs] 
2019-12-23T05:40:41.327+0000: 17260.774: [GC (Allocation Failure) 2019-12-23T05:40:41.327+0000: 17260.774: [ParNew: 69847K->4841K(72512K), 0.0028679 secs] 195713K->131659K(233664K), 0.0029435 secs] [Times: user=0.01 sys=0.00, real=0.00 secs] 
2019-12-23T05:40:51.182+0000: 17270.629: [GC (Allocation Failure) 2019-12-23T05:40:51.182+0000: 17270.629: [ParNew: 69353K->4991K(72512K), 0.0027493 secs] 196171K->132762K(233664K), 0.0028295 secs] [Times: user=0.01 sys=0.00, real=0.00 secs] 
2019-12-23T05:40:57.673+0000: 17277.120: [GC (Allocation Failure) 2019-12-23T05:40:57.673+0000: 17277.120: [ParNew: 69503K->4971K(72512K), 0.0029534 secs] 197274K->133695K(233664K), 0.0030374 secs] [Times: user=0.00 sys=0.00, real=0.00 secs] 
2019-12-23T05:41:09.185+0000: 17288.632: [GC (Allocation Failure) 2019-12-23T05:41:09.185+0000: 17288.632: [ParNew: 69483K->5086K(72512K), 0.0043100 secs] 198207K->134763K(233664K), 0.0043928 secs] [Times: user=0.01 sys=0.00, real=0.00 secs] 
2019-12-23T05:41:17.832+0000: 17297.279: [GC (Allocation Failure) 2019-12-23T05:41:17.832+0000: 17297.279: [ParNew: 69598K->5131K(72512K), 0.0029059 secs] 199275K->135758K(233664K), 0.0029812 secs] [Times: user=0.01 sys=0.00, real=0.00 secs] 
2019-12-23T05:41:29.145+0000: 17308.592: [GC (Allocation Failure) 2019-12-23T05:41:29.145+0000: 17308.592: [ParNew: 69643K->5320K(72512K), 0.0030100 secs] 200270K->136904K(233664K), 0.0031008 secs] [Times: user=0.00 sys=0.00, real=0.00 secs] 
2019-12-23T05:41:39.655+0000: 17319.102: [GC (Allocation Failure) 2019-12-23T05:41:39.655+0000: 17319.102: [ParNew: 69832K->5743K(72512K), 0.0029701 secs] 201416K->138336K(233664K), 0.0030525 secs] [Times: user=0.01 sys=0.00, real=0.00 secs] 
2019-12-23T05:41:46.871+0000: 17326.318: [GC (Allocation Failure) 2019-12-23T05:41:46.871+0000: 17326.318: [ParNew: 70255K->5027K(72512K), 0.0033586 secs] 202848K->138572K(233664K), 0.0034574 secs] [Times: user=0.00 sys=0.00, real=0.00 secs] 
2019-12-23T05:41:56.444+0000: 17335.891: [GC (Allocation Failure) 2019-12-23T05:41:56.444+0000: 17335.891: [ParNew: 69539K->5117K(72512K), 0.0033728 secs] 203084K->139614K(233664K), 0.0034571 secs] [Times: user=0.01 sys=0.00, real=0.00 secs] 
2019-12-23T05:42:07.226+0000: 17346.673: [GC (Allocation Failure) 2019-12-23T05:42:07.226+0000: 17346.673: [ParNew: 69629K->5450K(72512K), 0.0030888 secs] 204126K->140899K(233664K), 0.0031711 secs] [Times: user=0.01 sys=0.00, real=0.00 secs] 
2019-12-23T05:42:20.134+0000: 17359.580: [GC (Allocation Failure) 2019-12-23T05:42:20.134+0000: 17359.581: [ParNew: 69962K->5108K(72512K), 0.0032190 secs] 205411K->141509K(233664K), 0.0033019 secs] [Times: user=0.01 sys=0.00, real=0.00 secs] 
2019-12-23T05:42:27.153+0000: 17366.599: [GC (Allocation Failure) 2019-12-23T05:42:27.153+0000: 17366.599: [ParNew: 69620K->5446K(72512K), 0.0031786 secs] 206021K->142798K(233664K), 0.0032506 secs] [Times: user=0.01 sys=0.00, real=0.00 secs] 
2019-12-23T05:42:38.130+0000: 17377.577: [GC (Allocation Failure) 2019-12-23T05:42:38.130+0000: 17377.577: [ParNew: 69958K->5164K(72512K), 0.0030179 secs] 207310K->143469K(233664K), 0.0031023 secs] [Times: user=0.01 sys=0.00, real=0.01 secs] 
2019-12-23T05:42:49.824+0000: 17389.271: [GC (Allocation Failure) 2019-12-23T05:42:49.824+0000: 17389.271: [ParNew: 69676K->5384K(72512K), 0.0045774 secs] 207981K->144641K(233664K), 0.0046791 secs] [Times: user=0.01 sys=0.00, real=0.00 secs] 
2019-12-23T05:42:56.511+0000: 17395.958: [GC (Allocation Failure) 2019-12-23T05:42:56.511+0000: 17395.958: [ParNew: 69896K->6305K(72512K), 0.0035816 secs] 209153K->146514K(233664K), 0.0036629 secs] [Times: user=0.01 sys=0.00, real=0.00 secs] 
2019-12-23T05:43:10.874+0000: 17410.321: [GC (Allocation Failure) 2019-12-23T05:43:10.874+0000: 17410.321: [ParNew: 70817K->5332K(72512K), 0.0031468 secs] 211026K->146493K(233664K), 0.0032261 secs] [Times: user=0.01 sys=0.00, real=0.00 secs] 
2019-12-23T05:43:16.488+0000: 17415.935: [GC (Allocation Failure) 2019-12-23T05:43:16.488+0000: 17415.935: [ParNew: 69844K->5047K(72512K), 0.0030306 secs] 211005K->147160K(233664K), 0.0031228 secs] [Times: user=0.01 sys=0.00, real=0.01 secs] 
2019-12-23T05:43:27.324+0000: 17426.771: [GC (Allocation Failure) 2019-12-23T05:43:27.324+0000: 17426.771: [ParNew: 69559K->5453K(72512K), 0.0031236 secs] 211672K->148518K(233664K), 0.0032057 secs] [Times: user=0.01 sys=0.00, real=0.00 secs] 
2019-12-23T05:43:35.086+0000: 17434.533: [GC (Allocation Failure) 2019-12-23T05:43:35.086+0000: 17434.533: [ParNew: 69965K->5963K(72512K), 0.0030481 secs] 213030K->149980K(233664K), 0.0031396 secs] [Times: user=0.01 sys=0.00, real=0.00 secs] 
2019-12-23T05:43:46.600+0000: 17446.046: [GC (Allocation Failure) 2019-12-23T05:43:46.600+0000: 17446.047: [ParNew: 70475K->5913K(72512K), 0.0031746 secs] 214492K->150882K(233664K), 0.0032506 secs] [Times: user=0.01 sys=0.00, real=0.00 secs] 
2019-12-23T05:43:56.045+0000: 17455.492: [GC (Allocation Failure) 2019-12-23T05:43:56.045+0000: 17455.492: [ParNew: 70425K->5346K(72512K), 0.0032677 secs] 215394K->151267K(233664K), 0.0033356 secs] [Times: user=0.01 sys=0.00, real=0.00 secs] 
2019-12-23T05:44:07.651+0000: 17467.098: [GC (Allocation Failure) 2019-12-23T05:44:07.651+0000: 17467.098: [ParNew: 69858K->5228K(72512K), 0.0029968 secs] 215779K->152102K(233664K), 0.0030919 secs] [Times: user=0.01 sys=0.00, real=0.00 secs] 
2019-12-23T05:44:16.727+0000: 17476.174: [GC (Allocation Failure) 2019-12-23T05:44:16.727+0000: 17476.174: [ParNew: 69740K->4873K(72512K), 0.0026734 secs] 216614K->152698K(233664K), 0.0027538 secs] [Times: user=0.00 sys=0.00, real=0.00 secs] 
2019-12-23T05:44:27.881+0000: 17487.328: [GC (Allocation Failure) 2019-12-23T05:44:27.881+0000: 17487.328: [ParNew: 69385K->4903K(72512K), 0.0027720 secs] 217210K->153681K(233664K), 0.0028497 secs] [Times: user=0.01 sys=0.00, real=0.00 secs] 
2019-12-23T05:44:27.885+0000: 17487.331: [GC (CMS Initial Mark) [1 CMS-initial-mark: 148777K(161152K)] 154938K(233664K), 0.0010323 secs] [Times: user=0.00 sys=0.00, real=0.00 secs] 
2019-12-23T05:44:27.886+0000: 17487.333: [CMS-concurrent-mark-start]
2019-12-23T05:44:27.998+0000: 17487.445: [CMS-concurrent-mark: 0.112/0.112 secs] [Times: user=0.17 sys=0.00, real=0.11 secs] 
2019-12-23T05:44:27.998+0000: 17487.445: [CMS-concurrent-preclean-start]
2019-12-23T05:44:27.999+0000: 17487.446: [CMS-concurrent-preclean: 0.001/0.001 secs] [Times: user=0.00 sys=0.00, real=0.01 secs] 
2019-12-23T05:44:27.999+0000: 17487.446: [CMS-concurrent-abortable-preclean-start]
 CMS: abort preclean due to time 2019-12-23T05:44:33.097+0000: 17492.544: [CMS-concurrent-abortable-preclean: 0.192/5.098 secs] [Times: user=0.26 sys=0.01, real=5.09 secs] 
2019-12-23T05:44:33.097+0000: 17492.544: [GC (CMS Final Remark) [YG occupancy: 51475 K (72512 K)]2019-12-23T05:44:33.097+0000: 17492.544: [Rescan (parallel) , 0.0070215 secs]2019-12-23T05:44:33.104+0000: 17492.551: [weak refs processing, 0.0000725 secs]2019-12-23T05:44:33.104+0000: 17492.551: [class unloading, 0.0094158 secs]2019-12-23T05:44:33.114+0000: 17492.561: [scrub symbol table, 0.0094333 secs]2019-12-23T05:44:33.123+0000: 17492.570: [scrub string table, 0.0005826 secs][1 CMS-remark: 148777K(161152K)] 200253K(233664K), 0.0266973 secs] [Times: user=0.05 sys=0.00, real=0.03 secs] 
2019-12-23T05:44:33.124+0000: 17492.571: [CMS-concurrent-sweep-start]
2019-12-23T05:44:33.136+0000: 17492.583: [CMS-concurrent-sweep: 0.011/0.011 secs] [Times: user=0.01 sys=0.00, real=0.01 secs] 
2019-12-23T05:44:33.136+0000: 17492.583: [CMS-concurrent-reset-start]
2019-12-23T05:44:33.144+0000: 17492.591: [CMS-concurrent-reset: 0.009/0.009 secs] [Times: user=0.01 sys=0.00, real=0.01 secs] 
2019-12-23T05:44:39.217+0000: 17498.664: [GC (Allocation Failure) 2019-12-23T05:44:39.217+0000: 17498.664: [ParNew: 69415K->5218K(72512K), 0.0030031 secs] 96622K->33378K(233664K), 0.0030771 secs] [Times: user=0.01 sys=0.00, real=0.01 secs] 
2019-12-23T05:44:47.898+0000: 17507.344: [GC (Allocation Failure) 2019-12-23T05:44:47.898+0000: 17507.345: [ParNew: 69730K->5417K(72512K), 0.0030333 secs] 97890K->34529K(233664K), 0.0031089 secs] [Times: user=0.00 sys=0.00, real=0.01 secs] 
2019-12-23T05:44:56.536+0000: 17515.983: [GC (Allocation Failure) 2019-12-23T05:44:56.536+0000: 17515.983: [ParNew: 69929K->5121K(72512K), 0.0028742 secs] 99041K->35187K(233664K), 0.0029553 secs] [Times: user=0.00 sys=0.00, real=0.01 secs] 
2019-12-23T05:45:05.641+0000: 17525.088: [GC (Allocation Failure) 2019-12-23T05:45:05.641+0000: 17525.088: [ParNew: 69633K->5148K(72512K), 0.0030403 secs] 99699K->36099K(233664K), 0.0031242 secs] [Times: user=0.01 sys=0.00, real=0.00 secs] 
2019-12-23T05:45:16.586+0000: 17536.033: [GC (Allocation Failure) 2019-12-23T05:45:16.586+0000: 17536.033: [ParNew: 69660K->5028K(72512K), 0.0028404 secs] 100611K->36933K(233664K), 0.0029189 secs] [Times: user=0.00 sys=0.00, real=0.00 secs] 
2019-12-23T05:45:27.429+0000: 17546.875: [GC (Allocation Failure) 2019-12-23T05:45:27.429+0000: 17546.876: [ParNew: 69540K->3962K(72512K), 0.0028341 secs] 101445K->36261K(233664K), 0.0029267 secs] [Times: user=0.00 sys=0.01, real=0.01 secs] 
2019-12-23T05:45:35.820+0000: 17555.267: [GC (Allocation Failure) 2019-12-23T05:45:35.820+0000: 17555.267: [ParNew: 68474K->4440K(72512K), 0.0025794 secs] 100773K->36739K(233664K), 0.0026593 secs] [Times: user=0.01 sys=0.00, real=0.00 secs] 
2019-12-23T05:45:46.687+0000: 17566.134: [GC (Allocation Failure) 2019-12-23T05:45:46.687+0000: 17566.134: [ParNew: 68952K->6003K(72512K), 0.0028389 secs] 101251K->38302K(233664K), 0.0029104 secs] [Times: user=0.01 sys=0.00, real=0.00 secs] 
2019-12-23T05:45:52.604+0000: 17572.050: [GC (Allocation Failure) 2019-12-23T05:45:52.604+0000: 17572.051: [ParNew: 70515K->4950K(72512K), 0.0029386 secs] 102814K->38593K(233664K), 0.0030164 secs] [Times: user=0.01 sys=0.00, real=0.00 secs] 
2019-12-23T05:46:09.475+0000: 17588.922: [GC (Allocation Failure) 2019-12-23T05:46:09.475+0000: 17588.922: [ParNew: 69462K->4706K(72512K), 0.0028927 secs] 103105K->39301K(233664K), 0.0029943 secs] [Times: user=0.01 sys=0.00, real=0.00 secs] 
2019-12-23T05:46:18.957+0000: 17598.404: [GC (Allocation Failure) 2019-12-23T05:46:18.957+0000: 17598.404: [ParNew: 69218K->5142K(72512K), 0.0026677 secs] 103813K->40689K(233664K), 0.0027496 secs] [Times: user=0.00 sys=0.00, real=0.01 secs] 
2019-12-23T05:46:32.584+0000: 17612.031: [GC (Allocation Failure) 2019-12-23T05:46:32.584+0000: 17612.031: [ParNew: 69654K->5819K(72512K), 0.0026368 secs] 105201K->42318K(233664K), 0.0027208 secs] [Times: user=0.01 sys=0.00, real=0.00 secs] 
2019-12-23T05:46:40.007+0000: 17619.454: [GC (Allocation Failure) 2019-12-23T05:46:40.007+0000: 17619.454: [ParNew: 70331K->5790K(72512K), 0.0027672 secs] 106830K->43241K(233664K), 0.0028449 secs] [Times: user=0.01 sys=0.00, real=0.00 secs] 
2019-12-23T05:46:54.282+0000: 17633.729: [GC (Allocation Failure) 2019-12-23T05:46:54.282+0000: 17633.729: [ParNew: 70302K->4801K(72512K), 0.0028515 secs] 107753K->43205K(233664K), 0.0029275 secs] [Times: user=0.01 sys=0.00, real=0.00 secs] 
2019-12-23T05:47:05.856+0000: 17645.303: [GC (Allocation Failure) 2019-12-23T05:47:05.856+0000: 17645.303: [ParNew: 69313K->5521K(72512K), 0.0044537 secs] 107717K->44877K(233664K), 0.0045320 secs] [Times: user=0.01 sys=0.00, real=0.01 secs] 
2019-12-23T05:47:12.400+0000: 17651.847: [GC (Allocation Failure) 2019-12-23T05:47:12.400+0000: 17651.847: [ParNew: 70033K->6180K(72512K), 0.0033596 secs] 109389K->46486K(233664K), 0.0034469 secs] [Times: user=0.01 sys=0.00, real=0.00 secs] 
2019-12-23T05:47:23.289+0000: 17662.735: [GC (Allocation Failure) 2019-12-23T05:47:23.289+0000: 17662.735: [ParNew: 70692K->5023K(72512K), 0.0030707 secs] 110998K->46416K(233664K), 0.0031489 secs] [Times: user=0.00 sys=0.00, real=0.01 secs] 
2019-12-23T05:47:28.315+0000: 17667.762: [GC (Allocation Failure) 2019-12-23T05:47:28.315+0000: 17667.762: [ParNew: 69535K->5213K(72512K), 0.0028653 secs] 110928K->47559K(233664K), 0.0029485 secs] [Times: user=0.01 sys=0.00, real=0.00 secs] 
2019-12-23T05:47:37.442+0000: 17676.889: [GC (Allocation Failure) 2019-12-23T05:47:37.442+0000: 17676.889: [ParNew: 69725K->5732K(72512K), 0.0029767 secs] 112071K->49057K(233664K), 0.0030576 secs] [Times: user=0.01 sys=0.00, real=0.00 secs] 
2019-12-23T05:47:52.415+0000: 17691.862: [GC (Allocation Failure) 2019-12-23T05:47:52.415+0000: 17691.862: [ParNew: 70244K->5292K(72512K), 0.0027234 secs] 113569K->49569K(233664K), 0.0028089 secs] [Times: user=0.01 sys=0.00, real=0.00 secs] 
2019-12-23T05:48:01.839+0000: 17701.286: [GC (Allocation Failure) 2019-12-23T05:48:01.839+0000: 17701.286: [ParNew: 69804K->6146K(72512K), 0.0029270 secs] 114081K->51375K(233664K), 0.0030003 secs] [Times: user=0.01 sys=0.00, real=0.00 secs] 
2019-12-23T05:48:20.448+0000: 17719.895: [GC (Allocation Failure) 2019-12-23T05:48:20.448+0000: 17719.895: [ParNew: 70658K->6063K(72512K), 0.0028857 secs] 115887K->52243K(233664K), 0.0029588 secs] [Times: user=0.01 sys=0.00, real=0.01 secs] 
2019-12-23T05:48:29.832+0000: 17729.279: [GC (Allocation Failure) 2019-12-23T05:48:29.832+0000: 17729.279: [ParNew: 70575K->6656K(72512K), 0.0038464 secs] 116755K->53815K(233664K), 0.0039239 secs] [Times: user=0.01 sys=0.00, real=0.00 secs] 
2019-12-23T05:48:40.277+0000: 17739.724: [GC (Allocation Failure) 2019-12-23T05:48:40.277+0000: 17739.724: [ParNew: 71168K->6772K(72512K), 0.0037028 secs] 118327K->54883K(233664K), 0.0037763 secs] [Times: user=0.01 sys=0.00, real=0.01 secs] 
2019-12-23T05:48:55.558+0000: 17755.005: [GC (Allocation Failure) 2019-12-23T05:48:55.558+0000: 17755.005: [ParNew: 71284K->5689K(72512K), 0.0028870 secs] 119395K->54752K(233664K), 0.0029539 secs] [Times: user=0.01 sys=0.00, real=0.01 secs] 
2019-12-23T05:48:58.955+0000: 17758.402: [GC (Allocation Failure) 2019-12-23T05:48:58.955+0000: 17758.402: [ParNew: 70201K->5956K(72512K), 0.0028323 secs] 119264K->55972K(233664K), 0.0029155 secs] [Times: user=0.01 sys=0.00, real=0.00 secs] 
2019-12-23T05:49:14.738+0000: 17774.185: [GC (Allocation Failure) 2019-12-23T05:49:14.738+0000: 17774.185: [ParNew: 70468K->5547K(72512K), 0.0030640 secs] 120484K->56514K(233664K), 0.0031377 secs] [Times: user=0.01 sys=0.00, real=0.01 secs] 
2019-12-23T05:49:21.089+0000: 17780.536: [GC (Allocation Failure) 2019-12-23T05:49:21.089+0000: 17780.536: [ParNew: 70059K->5887K(72512K), 0.0030263 secs] 121026K->57806K(233664K), 0.0031286 secs] [Times: user=0.01 sys=0.00, real=0.01 secs] 
2019-12-23T05:49:33.136+0000: 17792.583: [GC (Allocation Failure) 2019-12-23T05:49:33.136+0000: 17792.583: [ParNew: 70399K->5202K(72512K), 0.0029754 secs] 122318K->58074K(233664K), 0.0030912 secs] [Times: user=0.01 sys=0.00, real=0.01 secs] 
2019-12-23T05:49:44.920+0000: 17804.367: [GC (Allocation Failure) 2019-12-23T05:49:44.920+0000: 17804.367: [ParNew: 69714K->5627K(72512K), 0.0029289 secs] 122586K->59478K(233664K), 0.0030066 secs] [Times: user=0.01 sys=0.00, real=0.00 secs] 
2019-12-23T05:49:55.949+0000: 17815.396: [GC (Allocation Failure) 2019-12-23T05:49:55.949+0000: 17815.396: [ParNew: 70139K->5141K(72512K), 0.0027848 secs] 123990K->59944K(233664K), 0.0028538 secs] [Times: user=0.01 sys=0.00, real=0.01 secs] 
2019-12-23T05:50:05.852+0000: 17825.298: [GC (Allocation Failure) 2019-12-23T05:50:05.852+0000: 17825.299: [ParNew: 69653K->4972K(72512K), 0.0028428 secs] 124456K->60727K(233664K), 0.0029209 secs] [Times: user=0.01 sys=0.00, real=0.00 secs] 
2019-12-23T05:50:20.669+0000: 17840.116: [GC (Allocation Failure) 2019-12-23T05:50:20.669+0000: 17840.116: [ParNew: 69484K->5204K(72512K), 0.0031281 secs] 125239K->61910K(233664K), 0.0031971 secs] [Times: user=0.01 sys=0.00, real=0.01 secs] 
2019-12-23T05:50:22.506+0000: 17841.953: [GC (Allocation Failure) 2019-12-23T05:50:22.506+0000: 17841.953: [ParNew: 69716K->4766K(72512K), 0.0030176 secs] 126422K->62425K(233664K), 0.0030889 secs] [Times: user=0.00 sys=0.00, real=0.00 secs] 
2019-12-23T05:50:38.368+0000: 17857.815: [GC (Allocation Failure) 2019-12-23T05:50:38.369+0000: 17857.815: [ParNew: 69278K->5009K(72512K), 0.0032822 secs] 126937K->63619K(233664K), 0.0033669 secs] [Times: user=0.01 sys=0.00, real=0.01 secs] 
2019-12-23T05:50:46.728+0000: 17866.175: [GC (Allocation Failure) 2019-12-23T05:50:46.728+0000: 17866.175: [ParNew: 69521K->5619K(72512K), 0.0043219 secs] 128131K->65181K(233664K), 0.0044116 secs] [Times: user=0.01 sys=0.00, real=0.01 secs] 
2019-12-23T05:50:58.421+0000: 17877.868: [GC (Allocation Failure) 2019-12-23T05:50:58.421+0000: 17877.868: [ParNew: 70131K->5048K(72512K), 0.0028135 secs] 129693K->65563K(233664K), 0.0028846 secs] [Times: user=0.01 sys=0.00, real=0.00 secs] 
2019-12-23T05:51:10.804+0000: 17890.251: [GC (Allocation Failure) 2019-12-23T05:51:10.804+0000: 17890.251: [ParNew: 69560K->5608K(72512K), 0.0029628 secs] 130075K->67211K(233664K), 0.0030293 secs] [Times: user=0.01 sys=0.00, real=0.00 secs] 
2019-12-23T05:51:16.956+0000: 17896.403: [GC (Allocation Failure) 2019-12-23T05:51:16.957+0000: 17896.403: [ParNew: 70120K->4574K(72512K), 0.0030185 secs] 131723K->67220K(233664K), 0.0030986 secs] [Times: user=0.01 sys=0.00, real=0.01 secs] 
2019-12-23T05:51:29.249+0000: 17908.696: [GC (Allocation Failure) 2019-12-23T05:51:29.249+0000: 17908.696: [ParNew: 69086K->4886K(72512K), 0.0030550 secs] 131732K->68484K(233664K), 0.0031296 secs] [Times: user=0.01 sys=0.00, real=0.01 secs] 
2019-12-23T05:51:35.921+0000: 17915.368: [GC (Allocation Failure) 2019-12-23T05:51:35.921+0000: 17915.368: [ParNew: 69398K->4962K(72512K), 0.0029975 secs] 132996K->69512K(233664K), 0.0030600 secs] [Times: user=0.01 sys=0.00, real=0.00 secs] 
2019-12-23T05:51:49.195+0000: 17928.642: [GC (Allocation Failure) 2019-12-23T05:51:49.195+0000: 17928.642: [ParNew: 69474K->5742K(72512K), 0.0029157 secs] 134024K->71244K(233664K), 0.0030028 secs] [Times: user=0.00 sys=0.00, real=0.00 secs] 
2019-12-23T05:52:01.681+0000: 17941.128: [GC (Allocation Failure) 2019-12-23T05:52:01.681+0000: 17941.128: [ParNew: 70254K->5283K(72512K), 0.0029452 secs] 135756K->71737K(233664K), 0.0030259 secs] [Times: user=0.01 sys=0.00, real=0.00 secs] 
2019-12-23T05:52:13.578+0000: 17953.025: [GC (Allocation Failure) 2019-12-23T05:52:13.578+0000: 17953.025: [ParNew: 69795K->5508K(72512K), 0.0030037 secs] 136249K->72914K(233664K), 0.0030768 secs] [Times: user=0.01 sys=0.00, real=0.01 secs] 
2019-12-23T05:52:21.970+0000: 17961.417: [GC (Allocation Failure) 2019-12-23T05:52:21.970+0000: 17961.417: [ParNew: 70020K->5953K(72512K), 0.0028586 secs] 137426K->74311K(233664K), 0.0029602 secs] [Times: user=0.01 sys=0.00, real=0.01 secs] 
2019-12-23T05:52:39.242+0000: 17978.689: [GC (Allocation Failure) 2019-12-23T05:52:39.242+0000: 17978.689: [ParNew: 70465K->4956K(72512K), 0.0032104 secs] 138823K->74265K(233664K), 0.0032873 secs] [Times: user=0.01 sys=0.00, real=0.00 secs] 
2019-12-23T05:52:39.940+0000: 17979.387: [GC (Allocation Failure) 2019-12-23T05:52:39.940+0000: 17979.387: [ParNew: 69468K->4849K(72512K), 0.0029737 secs] 138777K->75110K(233664K), 0.0030474 secs] [Times: user=0.01 sys=0.00, real=0.00 secs] 
2019-12-23T05:52:57.353+0000: 17996.800: [GC (Allocation Failure) 2019-12-23T05:52:57.353+0000: 17996.800: [ParNew: 69361K->5554K(72512K), 0.0029160 secs] 139622K->76766K(233664K), 0.0029900 secs] [Times: user=0.01 sys=0.00, real=0.00 secs] 
2019-12-23T05:53:03.863+0000: 18003.310: [GC (Allocation Failure) 2019-12-23T05:53:03.863+0000: 18003.310: [ParNew: 70066K->4979K(72512K), 0.0065099 secs] 141278K->77143K(233664K), 0.0066135 secs] [Times: user=0.01 sys=0.00, real=0.00 secs] 
2019-12-23T05:53:16.426+0000: 18015.873: [GC (Allocation Failure) 2019-12-23T05:53:16.426+0000: 18015.873: [ParNew: 69491K->5079K(72512K), 0.0031627 secs] 141655K->78196K(233664K), 0.0032463 secs] [Times: user=0.01 sys=0.00, real=0.00 secs] 
2019-12-23T05:53:27.779+0000: 18027.225: [GC (Allocation Failure) 2019-12-23T05:53:27.779+0000: 18027.226: [ParNew: 69591K->4812K(72512K), 0.0030559 secs] 142708K->78880K(233664K), 0.0031294 secs] [Times: user=0.00 sys=0.00, real=0.00 secs] 
2019-12-23T05:53:34.779+0000: 18034.226: [GC (Allocation Failure) 2019-12-23T05:53:34.780+0000: 18034.226: [ParNew: 69324K->5427K(72512K), 0.0028781 secs] 143392K->80447K(233664K), 0.0029477 secs] [Times: user=0.01 sys=0.00, real=0.00 secs] 
2019-12-23T05:53:49.068+0000: 18048.515: [GC (Allocation Failure) 2019-12-23T05:53:49.068+0000: 18048.515: [ParNew: 69939K->5563K(72512K), 0.0029993 secs] 144959K->81535K(233664K), 0.0030703 secs] [Times: user=0.00 sys=0.00, real=0.01 secs] 
2019-12-23T05:53:54.123+0000: 18053.570: [GC (Allocation Failure) 2019-12-23T05:53:54.123+0000: 18053.570: [ParNew: 70075K->5174K(72512K), 0.0028584 secs] 146047K->82097K(233664K), 0.0029377 secs] [Times: user=0.01 sys=0.00, real=0.00 secs] 
2019-12-23T05:54:08.272+0000: 18067.719: [GC (Allocation Failure) 2019-12-23T05:54:08.272+0000: 18067.719: [ParNew: 69686K->5574K(72512K), 0.0029297 secs] 146609K->83450K(233664K), 0.0030209 secs] [Times: user=0.01 sys=0.00, real=0.00 secs] 
2019-12-23T05:54:20.552+0000: 18079.999: [GC (Allocation Failure) 2019-12-23T05:54:20.552+0000: 18079.999: [ParNew: 70086K->5092K(72512K), 0.0031304 secs] 147962K->83919K(233664K), 0.0032024 secs] [Times: user=0.01 sys=0.00, real=0.00 secs] 
2019-12-23T05:54:29.878+0000: 18089.324: [GC (Allocation Failure) 2019-12-23T05:54:29.878+0000: 18089.325: [ParNew: 69604K->6423K(72512K), 0.0033596 secs] 148431K->86203K(233664K), 0.0034272 secs] [Times: user=0.00 sys=0.00, real=0.01 secs] 
2019-12-23T05:54:42.348+0000: 18101.795: [GC (Allocation Failure) 2019-12-23T05:54:42.348+0000: 18101.795: [ParNew: 70935K->5293K(72512K), 0.0029039 secs] 150715K->86026K(233664K), 0.0029939 secs] [Times: user=0.00 sys=0.01, real=0.01 secs] 
2019-12-23T05:54:55.221+0000: 18114.668: [GC (Allocation Failure) 2019-12-23T05:54:55.221+0000: 18114.668: [ParNew: 69805K->5135K(72512K), 0.0029431 secs] 150538K->86954K(233664K), 0.0030124 secs] [Times: user=0.01 sys=0.00, real=0.00 secs] 
2019-12-23T05:55:01.382+0000: 18120.829: [GC (Allocation Failure) 2019-12-23T05:55:01.382+0000: 18120.829: [ParNew: 69647K->5838K(72512K), 0.0030861 secs] 151466K->88642K(233664K), 0.0031613 secs] [Times: user=0.01 sys=0.00, real=0.00 secs] 
2019-12-23T05:55:12.896+0000: 18132.343: [GC (Allocation Failure) 2019-12-23T05:55:12.896+0000: 18132.343: [ParNew: 70350K->4977K(72512K), 0.0030484 secs] 153154K->88732K(233664K), 0.0031382 secs] [Times: user=0.01 sys=0.00, real=0.01 secs] 
2019-12-23T05:55:20.471+0000: 18139.918: [GC (Allocation Failure) 2019-12-23T05:55:20.471+0000: 18139.918: [ParNew: 69489K->5106K(72512K), 0.0030429 secs] 153244K->89813K(233664K), 0.0031507 secs] [Times: user=0.01 sys=0.01, real=0.00 secs] 
2019-12-23T05:55:34.480+0000: 18153.927: [GC (Allocation Failure) 2019-12-23T05:55:34.480+0000: 18153.927: [ParNew: 69618K->5098K(72512K), 0.0029556 secs] 154325K->90757K(233664K), 0.0030258 secs] [Times: user=0.01 sys=0.00, real=0.00 secs] 
2019-12-23T05:55:43.435+0000: 18162.882: [GC (Allocation Failure) 2019-12-23T05:55:43.435+0000: 18162.882: [ParNew: 69610K->6363K(72512K), 0.0031723 secs] 155269K->92974K(233664K), 0.0032428 secs] [Times: user=0.01 sys=0.00, real=0.00 secs] 
2019-12-23T05:55:53.579+0000: 18173.026: [GC (Allocation Failure) 2019-12-23T05:55:53.579+0000: 18173.026: [ParNew: 70875K->5539K(72512K), 0.0039637 secs] 157486K->93102K(233664K), 0.0040320 secs] [Times: user=0.01 sys=0.00, real=0.00 secs] 
2019-12-23T05:56:01.740+0000: 18181.187: [GC (Allocation Failure) 2019-12-23T05:56:01.740+0000: 18181.187: [ParNew: 70051K->4882K(72512K), 0.0033035 secs] 157614K->93296K(233664K), 0.0033739 secs] [Times: user=0.01 sys=0.00, real=0.00 secs] 
2019-12-23T05:56:12.846+0000: 18192.293: [GC (Allocation Failure) 2019-12-23T05:56:12.846+0000: 18192.293: [ParNew: 69394K->5953K(72512K), 0.0028729 secs] 157808K->95322K(233664K), 0.0029520 secs] [Times: user=0.01 sys=0.00, real=0.00 secs] 
2019-12-23T05:56:25.508+0000: 18204.955: [GC (Allocation Failure) 2019-12-23T05:56:25.508+0000: 18204.955: [ParNew: 70465K->5168K(72512K), 0.0028962 secs] 159834K->95490K(233664K), 0.0029781 secs] [Times: user=0.00 sys=0.00, real=0.01 secs] 
2019-12-23T05:56:36.087+0000: 18215.534: [GC (Allocation Failure) 2019-12-23T05:56:36.087+0000: 18215.534: [ParNew: 69680K->4752K(72512K), 0.0028559 secs] 160002K->96025K(233664K), 0.0029247 secs] [Times: user=0.01 sys=0.01, real=0.00 secs] 
2019-12-23T05:56:43.618+0000: 18223.065: [GC (Allocation Failure) 2019-12-23T05:56:43.618+0000: 18223.065: [ParNew: 69264K->5244K(72512K), 0.0029152 secs] 160537K->97470K(233664K), 0.0030002 secs] [Times: user=0.01 sys=0.00, real=0.01 secs] 
2019-12-23T05:56:53.591+0000: 18233.038: [GC (Allocation Failure) 2019-12-23T05:56:53.591+0000: 18233.038: [ParNew: 69756K->4896K(72512K), 0.0029227 secs] 161982K->97945K(233664K), 0.0029951 secs] [Times: user=0.01 sys=0.00, real=0.00 secs] 
2019-12-23T05:57:01.092+0000: 18240.539: [GC (Allocation Failure) 2019-12-23T05:57:01.092+0000: 18240.539: [ParNew: 69408K->5232K(72512K), 0.0029042 secs] 162457K->99232K(233664K), 0.0029774 secs] [Times: user=0.00 sys=0.00, real=0.00 secs] 
2019-12-23T05:57:16.201+0000: 18255.648: [GC (Allocation Failure) 2019-12-23T05:57:16.202+0000: 18255.648: [ParNew: 69744K->5354K(72512K), 0.0029253 secs] 163744K->100307K(233664K), 0.0030039 secs] [Times: user=0.01 sys=0.00, real=0.00 secs] 
2019-12-23T05:57:23.946+0000: 18263.393: [GC (Allocation Failure) 2019-12-23T05:57:23.946+0000: 18263.393: [ParNew: 69866K->5851K(72512K), 0.0029858 secs] 164819K->101784K(233664K), 0.0030502 secs] [Times: user=0.00 sys=0.00, real=0.00 secs] 
2019-12-23T05:57:35.384+0000: 18274.830: [GC (Allocation Failure) 2019-12-23T05:57:35.384+0000: 18274.831: [ParNew: 70363K->5089K(72512K), 0.0029110 secs] 166296K->101973K(233664K), 0.0029855 secs] [Times: user=0.00 sys=0.01, real=0.00 secs] 
2019-12-23T05:57:41.378+0000: 18280.825: [GC (Allocation Failure) 2019-12-23T05:57:41.379+0000: 18280.825: [ParNew: 69601K->3946K(72512K), 0.0026090 secs] 166485K->101225K(233664K), 0.0027060 secs] [Times: user=0.01 sys=0.00, real=0.00 secs] 
2019-12-23T05:57:53.242+0000: 18292.689: [GC (Allocation Failure) 2019-12-23T05:57:53.242+0000: 18292.689: [ParNew: 68458K->4499K(72512K), 0.0026451 secs] 165737K->101778K(233664K), 0.0027148 secs] [Times: user=0.01 sys=0.00, real=0.00 secs] 
2019-12-23T05:58:03.129+0000: 18302.576: [GC (Allocation Failure) 2019-12-23T05:58:03.129+0000: 18302.576: [ParNew: 69011K->5363K(72512K), 0.0026717 secs] 166290K->102969K(233664K), 0.0027491 secs] [Times: user=0.01 sys=0.00, real=0.01 secs] 
2019-12-23T05:58:14.918+0000: 18314.365: [GC (Allocation Failure) 2019-12-23T05:58:14.918+0000: 18314.365: [ParNew: 69875K->5714K(72512K), 0.0029159 secs] 167481K->104413K(233664K), 0.0030052 secs] [Times: user=0.01 sys=0.00, real=0.01 secs] 
2019-12-23T05:58:25.592+0000: 18325.039: [GC (Allocation Failure) 2019-12-23T05:58:25.592+0000: 18325.039: [ParNew: 70226K->5340K(72512K), 0.0029975 secs] 168925K->104991K(233664K), 0.0030714 secs] [Times: user=0.01 sys=0.00, real=0.00 secs] 
2019-12-23T05:58:37.970+0000: 18337.417: [GC (Allocation Failure) 2019-12-23T05:58:37.970+0000: 18337.417: [ParNew: 69852K->5067K(72512K), 0.0028222 secs] 169503K->105670K(233664K), 0.0028968 secs] [Times: user=0.00 sys=0.00, real=0.01 secs] 
2019-12-23T05:58:46.904+0000: 18346.351: [GC (Allocation Failure) 2019-12-23T05:58:46.904+0000: 18346.351: [ParNew: 69579K->4986K(72512K), 0.0028609 secs] 170182K->106541K(233664K), 0.0029403 secs] [Times: user=0.00 sys=0.00, real=0.00 secs] 
2019-12-23T05:58:58.344+0000: 18357.791: [GC (Allocation Failure) 2019-12-23T05:58:58.344+0000: 18357.791: [ParNew: 69498K->4639K(72512K), 0.0029807 secs] 171053K->107146K(233664K), 0.0030695 secs] [Times: user=0.01 sys=0.00, real=0.00 secs] 
2019-12-23T05:59:04.901+0000: 18364.348: [GC (Allocation Failure) 2019-12-23T05:59:04.901+0000: 18364.348: [ParNew: 69151K->5008K(72512K), 0.0029081 secs] 171658K->108367K(233664K), 0.0029792 secs] [Times: user=0.01 sys=0.00, real=0.00 secs] 
2019-12-23T05:59:17.658+0000: 18377.105: [GC (Allocation Failure) 2019-12-23T05:59:17.658+0000: 18377.105: [ParNew: 69520K->5754K(72512K), 0.0031546 secs] 172879K->110201K(233664K), 0.0032673 secs] [Times: user=0.01 sys=0.00, real=0.01 secs] 
2019-12-23T05:59:29.163+0000: 18388.610: [GC (Allocation Failure) 2019-12-23T05:59:29.163+0000: 18388.610: [ParNew: 70266K->5492K(72512K), 0.0028784 secs] 174713K->110890K(233664K), 0.0029533 secs] [Times: user=0.00 sys=0.00, real=0.00 secs] 
2019-12-23T05:59:36.631+0000: 18396.078: [GC (Allocation Failure) 2019-12-23T05:59:36.631+0000: 18396.078: [ParNew: 70004K->5277K(72512K), 0.0029498 secs] 175402K->111627K(233664K), 0.0030252 secs] [Times: user=0.01 sys=0.00, real=0.00 secs] 
2019-12-23T05:59:53.652+0000: 18413.099: [GC (Allocation Failure) 2019-12-23T05:59:53.652+0000: 18413.099: [ParNew: 69789K->5591K(72512K), 0.0028406 secs] 176139K->112921K(233664K), 0.0029086 secs] [Times: user=0.00 sys=0.00, real=0.00 secs] 
2019-12-23T05:59:55.823+0000: 18415.270: [GC (Allocation Failure) 2019-12-23T05:59:55.823+0000: 18415.270: [ParNew: 70103K->4798K(72512K), 0.0026738 secs] 177433K->113080K(233664K), 0.0027428 secs] [Times: user=0.01 sys=0.00, real=0.00 secs] 
2019-12-23T06:00:12.272+0000: 18431.719: [GC (Allocation Failure) 2019-12-23T06:00:12.272+0000: 18431.719: [ParNew: 69310K->4895K(72512K), 0.0029581 secs] 177592K->114000K(233664K), 0.0030421 secs] [Times: user=0.01 sys=0.00, real=0.00 secs] 
2019-12-23T06:00:19.930+0000: 18439.377: [GC (Allocation Failure) 2019-12-23T06:00:19.930+0000: 18439.377: [ParNew: 69407K->5642K(72512K), 0.0028297 secs] 178512K->115700K(233664K), 0.0029088 secs] [Times: user=0.01 sys=0.00, real=0.01 secs] 
2019-12-23T06:00:32.347+0000: 18451.794: [GC (Allocation Failure) 2019-12-23T06:00:32.347+0000: 18451.794: [ParNew: 70154K->5892K(72512K), 0.0029382 secs] 180212K->116901K(233664K), 0.0030212 secs] [Times: user=0.01 sys=0.00, real=0.00 secs] 
2019-12-23T06:00:44.065+0000: 18463.512: [GC (Allocation Failure) 2019-12-23T06:00:44.065+0000: 18463.512: [ParNew: 70404K->5960K(72512K), 0.0028332 secs] 181413K->117921K(233664K), 0.0029014 secs] [Times: user=0.01 sys=0.00, real=0.00 secs] 
2019-12-23T06:00:50.964+0000: 18470.411: [GC (Allocation Failure) 2019-12-23T06:00:50.964+0000: 18470.411: [ParNew: 70472K->5002K(72512K), 0.0028710 secs] 182433K->117915K(233664K), 0.0029434 secs] [Times: user=0.00 sys=0.00, real=0.00 secs] 
2019-12-23T06:00:58.960+0000: 18478.407: [GC (Allocation Failure) 2019-12-23T06:00:58.961+0000: 18478.407: [ParNew: 69514K->5611K(72512K), 0.0030233 secs] 182427K->119348K(233664K), 0.0031028 secs] [Times: user=0.01 sys=0.01, real=0.00 secs] 
2019-12-23T06:01:10.049+0000: 18489.496: [GC (Allocation Failure) 2019-12-23T06:01:10.049+0000: 18489.496: [ParNew: 70123K->4933K(72512K), 0.0035172 secs] 183860K->119622K(233664K), 0.0035899 secs] [Times: user=0.01 sys=0.00, real=0.01 secs] 
2019-12-23T06:01:23.010+0000: 18502.457: [GC (Allocation Failure) 2019-12-23T06:01:23.010+0000: 18502.457: [ParNew: 69445K->4961K(72512K), 0.0030849 secs] 184134K->120602K(233664K), 0.0031737 secs] [Times: user=0.00 sys=0.00, real=0.01 secs] 
2019-12-23T06:01:35.836+0000: 18515.283: [GC (Allocation Failure) 2019-12-23T06:01:35.836+0000: 18515.283: [ParNew: 69473K->5401K(72512K), 0.0029318 secs] 185114K->121994K(233664K), 0.0030033 secs] [Times: user=0.01 sys=0.00, real=0.01 secs] 
2019-12-23T06:01:44.899+0000: 18524.345: [GC (Allocation Failure) 2019-12-23T06:01:44.899+0000: 18524.346: [ParNew: 69913K->5775K(72512K), 0.0033701 secs] 186506K->123320K(233664K), 0.0034673 secs] [Times: user=0.01 sys=0.00, real=0.00 secs] 
2019-12-23T06:01:57.994+0000: 18537.441: [GC (Allocation Failure) 2019-12-23T06:01:57.994+0000: 18537.441: [ParNew: 70287K->5959K(72512K), 0.0030710 secs] 187832K->124482K(233664K), 0.0031545 secs] [Times: user=0.01 sys=0.00, real=0.00 secs] 
2019-12-23T06:02:02.920+0000: 18542.367: [GC (Allocation Failure) 2019-12-23T06:02:02.920+0000: 18542.367: [ParNew: 70471K->5879K(72512K), 0.0041276 secs] 188994K->125354K(233664K), 0.0042182 secs] [Times: user=0.01 sys=0.00, real=0.00 secs] 
2019-12-23T06:02:15.051+0000: 18554.498: [GC (Allocation Failure) 2019-12-23T06:02:15.051+0000: 18554.498: [ParNew: 70391K->5263K(72512K), 0.0030958 secs] 189866K->125690K(233664K), 0.0031751 secs] [Times: user=0.01 sys=0.00, real=0.00 secs] 
2019-12-23T06:02:26.493+0000: 18565.940: [GC (Allocation Failure) 2019-12-23T06:02:26.493+0000: 18565.940: [ParNew: 69775K->6834K(72512K), 0.0040249 secs] 190202K->128213K(233664K), 0.0041092 secs] [Times: user=0.01 sys=0.00, real=0.00 secs] 
2019-12-23T06:02:39.624+0000: 18579.071: [GC (Allocation Failure) 2019-12-23T06:02:39.624+0000: 18579.071: [ParNew: 71346K->5747K(72512K), 0.0030280 secs] 192725K->128078K(233664K), 0.0031103 secs] [Times: user=0.01 sys=0.00, real=0.00 secs] 
2019-12-23T06:02:46.001+0000: 18585.448: [GC (Allocation Failure) 2019-12-23T06:02:46.001+0000: 18585.448: [ParNew: 70259K->5939K(72512K), 0.0029142 secs] 192590K->129222K(233664K), 0.0029964 secs] [Times: user=0.01 sys=0.00, real=0.00 secs] 
2019-12-23T06:02:56.846+0000: 18596.293: [GC (Allocation Failure) 2019-12-23T06:02:56.846+0000: 18596.293: [ParNew: 70451K->5653K(72512K), 0.0030461 secs] 193734K->129888K(233664K), 0.0031190 secs] [Times: user=0.01 sys=0.00, real=0.00 secs] 
2019-12-23T06:03:12.959+0000: 18612.406: [GC (Allocation Failure) 2019-12-23T06:03:12.959+0000: 18612.406: [ParNew: 70165K->5775K(72512K), 0.0042661 secs] 194400K->130962K(233664K), 0.0043720 secs] [Times: user=0.01 sys=0.00, real=0.00 secs] 
2019-12-23T06:03:18.058+0000: 18617.505: [GC (Allocation Failure) 2019-12-23T06:03:18.058+0000: 18617.505: [ParNew: 70287K->6756K(72512K), 0.0031266 secs] 195474K->132894K(233664K), 0.0032085 secs] [Times: user=0.00 sys=0.00, real=0.01 secs] 
2019-12-23T06:03:31.487+0000: 18630.934: [GC (Allocation Failure) 2019-12-23T06:03:31.488+0000: 18630.934: [ParNew: 71268K->5076K(72512K), 0.0029666 secs] 197406K->132167K(233664K), 0.0030812 secs] [Times: user=0.01 sys=0.00, real=0.01 secs] 
2019-12-23T06:03:40.881+0000: 18640.328: [GC (Allocation Failure) 2019-12-23T06:03:40.881+0000: 18640.328: [ParNew: 69588K->5626K(72512K), 0.0028687 secs] 196679K->133804K(233664K), 0.0029471 secs] [Times: user=0.01 sys=0.00, real=0.00 secs] 
2019-12-23T06:03:51.836+0000: 18651.283: [GC (Allocation Failure) 2019-12-23T06:03:51.837+0000: 18651.283: [ParNew: 70138K->4916K(72512K), 0.0028739 secs] 198316K->134045K(233664K), 0.0029580 secs] [Times: user=0.01 sys=0.01, real=0.01 secs] 
2019-12-23T06:04:03.129+0000: 18662.576: [GC (Allocation Failure) 2019-12-23T06:04:03.129+0000: 18662.576: [ParNew: 69428K->5547K(72512K), 0.0027238 secs] 198557K->135656K(233664K), 0.0028013 secs] [Times: user=0.00 sys=0.00, real=0.01 secs] 
2019-12-23T06:04:12.307+0000: 18671.754: [GC (Allocation Failure) 2019-12-23T06:04:12.307+0000: 18671.754: [ParNew: 70059K->6670K(72512K), 0.0032011 secs] 200168K->137731K(233664K), 0.0032737 secs] [Times: user=0.01 sys=0.00, real=0.01 secs] 
2019-12-23T06:04:26.586+0000: 18686.033: [GC (Allocation Failure) 2019-12-23T06:04:26.586+0000: 18686.033: [ParNew: 71182K->6607K(72512K), 0.0031764 secs] 202243K->138620K(233664K), 0.0032575 secs] [Times: user=0.01 sys=0.00, real=0.00 secs] 
2019-12-23T06:04:31.662+0000: 18691.109: [GC (Allocation Failure) 2019-12-23T06:04:31.662+0000: 18691.109: [ParNew: 71119K->5997K(72512K), 0.0030518 secs] 203132K->138962K(233664K), 0.0031213 secs] [Times: user=0.01 sys=0.00, real=0.00 secs] 
2019-12-23T06:04:46.412+0000: 18705.859: [GC (Allocation Failure) 2019-12-23T06:04:46.413+0000: 18705.859: [ParNew: 70509K->6008K(72512K), 0.0032583 secs] 203474K->139924K(233664K), 0.0033445 secs] [Times: user=0.01 sys=0.00, real=0.00 secs] 
2019-12-23T06:04:55.056+0000: 18714.503: [GC (Allocation Failure) 2019-12-23T06:04:55.057+0000: 18714.503: [ParNew: 70520K->6836K(72512K), 0.0032393 secs] 204436K->141704K(233664K), 0.0033134 secs] [Times: user=0.01 sys=0.00, real=0.01 secs] 
2019-12-23T06:05:05.459+0000: 18724.906: [GC (Allocation Failure) 2019-12-23T06:05:05.459+0000: 18724.906: [ParNew: 71348K->5300K(72512K), 0.0056992 secs] 206216K->141120K(233664K), 0.0058159 secs] [Times: user=0.02 sys=0.00, real=0.00 secs] 
2019-12-23T06:05:18.978+0000: 18738.425: [GC (Allocation Failure) 2019-12-23T06:05:18.978+0000: 18738.425: [ParNew: 69812K->5982K(72512K), 0.0032862 secs] 205632K->142782K(233664K), 0.0033648 secs] [Times: user=0.01 sys=0.00, real=0.01 secs] 
2019-12-23T06:05:23.560+0000: 18743.007: [GC (Allocation Failure) 2019-12-23T06:05:23.560+0000: 18743.007: [ParNew: 70494K->5398K(72512K), 0.0031298 secs] 207294K->143150K(233664K), 0.0032099 secs] [Times: user=0.01 sys=0.00, real=0.00 secs] 
2019-12-23T06:05:40.666+0000: 18760.113: [GC (Allocation Failure) 2019-12-23T06:05:40.667+0000: 18760.113: [ParNew: 69910K->5899K(72512K), 0.0028614 secs] 207662K->144603K(233664K), 0.0029433 secs] [Times: user=0.00 sys=0.00, real=0.00 secs] 
2019-12-23T06:05:42.812+0000: 18762.259: [GC (Allocation Failure) 2019-12-23T06:05:42.812+0000: 18762.259: [ParNew: 70411K->4781K(72512K), 0.0030435 secs] 209115K->144435K(233664K), 0.0031194 secs] [Times: user=0.01 sys=0.00, real=0.00 secs] 
2019-12-23T06:05:59.291+0000: 18778.738: [GC (Allocation Failure) 2019-12-23T06:05:59.291+0000: 18778.738: [ParNew: 69293K->5243K(72512K), 0.0029839 secs] 208947K->145849K(233664K), 0.0030608 secs] [Times: user=0.01 sys=0.00, real=0.00 secs] 
2019-12-23T06:06:05.226+0000: 18784.673: [GC (Allocation Failure) 2019-12-23T06:06:05.226+0000: 18784.673: [ParNew: 69755K->5264K(72512K), 0.0034252 secs] 210361K->146823K(233664K), 0.0035076 secs] [Times: user=0.01 sys=0.00, real=0.00 secs] 
2019-12-23T06:06:17.526+0000: 18796.973: [GC (Allocation Failure) 2019-12-23T06:06:17.526+0000: 18796.973: [ParNew: 69776K->5525K(72512K), 0.0031289 secs] 211335K->147999K(233664K), 0.0032189 secs] [Times: user=0.01 sys=0.00, real=0.00 secs] 
2019-12-23T06:06:28.659+0000: 18808.106: [GC (Allocation Failure) 2019-12-23T06:06:28.659+0000: 18808.106: [ParNew: 70037K->5648K(72512K), 0.0031168 secs] 212511K->149074K(233664K), 0.0031977 secs] [Times: user=0.01 sys=0.00, real=0.00 secs] 
2019-12-23T06:06:36.914+0000: 18816.361: [GC (Allocation Failure) 2019-12-23T06:06:36.914+0000: 18816.361: [ParNew: 70160K->5295K(72512K), 0.0029372 secs] 213586K->149673K(233664K), 0.0030235 secs] [Times: user=0.01 sys=0.00, real=0.00 secs] 
2019-12-23T06:06:51.278+0000: 18830.725: [GC (Allocation Failure) 2019-12-23T06:06:51.278+0000: 18830.725: [ParNew: 69807K->5216K(72512K), 0.0030725 secs] 214185K->150546K(233664K), 0.0031554 secs] [Times: user=0.01 sys=0.00, real=0.01 secs] 
2019-12-23T06:06:56.371+0000: 18835.818: [GC (Allocation Failure) 2019-12-23T06:06:56.371+0000: 18835.818: [ParNew: 69728K->5236K(72512K), 0.0044870 secs] 215058K->151517K(233664K), 0.0045680 secs] [Times: user=0.01 sys=0.00, real=0.00 secs] 
2019-12-23T06:07:11.232+0000: 18850.679: [GC (Allocation Failure) 2019-12-23T06:07:11.232+0000: 18850.679: [ParNew: 69748K->4936K(72512K), 0.0029551 secs] 216029K->152169K(233664K), 0.0030419 secs] [Times: user=0.01 sys=0.00, real=0.00 secs] 
2019-12-23T06:07:20.354+0000: 18859.801: [GC (Allocation Failure) 2019-12-23T06:07:20.354+0000: 18859.801: [ParNew: 69448K->4637K(72512K), 0.0035848 secs] 216681K->152850K(233664K), 0.0036773 secs] [Times: user=0.01 sys=0.00, real=0.00 secs] 
2019-12-23T06:07:29.386+0000: 18868.833: [GC (Allocation Failure) 2019-12-23T06:07:29.386+0000: 18868.833: [ParNew: 69149K->5906K(72512K), 0.0033584 secs] 217362K->155071K(233664K), 0.0034762 secs] [Times: user=0.01 sys=0.00, real=0.00 secs] 
2019-12-23T06:07:29.391+0000: 18868.837: [GC (CMS Initial Mark) [1 CMS-initial-mark: 149164K(161152K)] 155478K(233664K), 0.0012365 secs] [Times: user=0.01 sys=0.00, real=0.00 secs] 
2019-12-23T06:07:29.392+0000: 18868.839: [CMS-concurrent-mark-start]
2019-12-23T06:07:29.506+0000: 18868.953: [CMS-concurrent-mark: 0.114/0.114 secs] [Times: user=0.11 sys=0.00, real=0.11 secs] 
2019-12-23T06:07:29.506+0000: 18868.953: [CMS-concurrent-preclean-start]
2019-12-23T06:07:29.507+0000: 18868.954: [CMS-concurrent-preclean: 0.001/0.001 secs] [Times: user=0.00 sys=0.00, real=0.00 secs] 
2019-12-23T06:07:29.508+0000: 18868.955: [GC (CMS Final Remark) [YG occupancy: 6725 K (72512 K)]2019-12-23T06:07:29.508+0000: 18868.955: [Rescan (parallel) , 0.0015680 secs]2019-12-23T06:07:29.509+0000: 18868.956: [weak refs processing, 0.0000385 secs]2019-12-23T06:07:29.509+0000: 18868.956: [class unloading, 0.0094507 secs]2019-12-23T06:07:29.519+0000: 18868.966: [scrub symbol table, 0.0089227 secs]2019-12-23T06:07:29.528+0000: 18868.975: [scrub string table, 0.0005727 secs][1 CMS-remark: 149164K(161152K)] 155890K(233664K), 0.0206991 secs] [Times: user=0.03 sys=0.00, real=0.02 secs] 
2019-12-23T06:07:29.529+0000: 18868.976: [CMS-concurrent-sweep-start]
2019-12-23T06:07:29.541+0000: 18868.988: [CMS-concurrent-sweep: 0.012/0.012 secs] [Times: user=0.01 sys=0.00, real=0.02 secs] 
2019-12-23T06:07:29.541+0000: 18868.988: [CMS-concurrent-reset-start]
2019-12-23T06:07:29.549+0000: 18868.996: [CMS-concurrent-reset: 0.008/0.008 secs] [Times: user=0.01 sys=0.00, real=0.00 secs] 
2019-12-23T06:07:45.602+0000: 18885.049: [GC (Allocation Failure) 2019-12-23T06:07:45.602+0000: 18885.049: [ParNew: 70418K->4717K(72512K), 0.0041339 secs] 96700K->31951K(233664K), 0.0042120 secs] [Times: user=0.02 sys=0.00, real=0.00 secs] 
2019-12-23T06:07:47.972+0000: 18887.419: [GC (Allocation Failure) 2019-12-23T06:07:47.972+0000: 18887.419: [ParNew: 69229K->5587K(72512K), 0.0037916 secs] 96463K->33774K(233664K), 0.0038855 secs] [Times: user=0.00 sys=0.00, real=0.00 secs] 
2019-12-23T06:08:04.700+0000: 18904.147: [GC (Allocation Failure) 2019-12-23T06:08:04.700+0000: 18904.147: [ParNew: 70099K->4843K(72512K), 0.0031920 secs] 98286K->34007K(233664K), 0.0032879 secs] [Times: user=0.01 sys=0.00, real=0.00 secs] 
2019-12-23T06:08:16.345+0000: 18915.792: [GC (Allocation Failure) 2019-12-23T06:08:16.345+0000: 18915.792: [ParNew: 69355K->5051K(72512K), 0.0028146 secs] 98519K->35174K(233664K), 0.0028908 secs] [Times: user=0.01 sys=0.00, real=0.00 secs] 
2019-12-23T06:08:24.286+0000: 18923.733: [GC (Allocation Failure) 2019-12-23T06:08:24.287+0000: 18923.733: [ParNew: 69563K->5209K(72512K), 0.0030746 secs] 99686K->36285K(233664K), 0.0031906 secs] [Times: user=0.00 sys=0.01, real=0.00 secs] 
2019-12-23T06:08:40.218+0000: 18939.664: [GC (Allocation Failure) 2019-12-23T06:08:40.218+0000: 18939.665: [ParNew: 69721K->5241K(72512K), 0.0029836 secs] 100797K->37403K(233664K), 0.0030508 secs] [Times: user=0.00 sys=0.00, real=0.01 secs] 
2019-12-23T06:08:43.033+0000: 18942.480: [GC (Allocation Failure) 2019-12-23T06:08:43.033+0000: 18942.480: [ParNew: 69753K->5855K(72512K), 0.0030345 secs] 101915K->38969K(233664K), 0.0031131 secs] [Times: user=0.01 sys=0.00, real=0.00 secs] 
2019-12-23T06:08:59.813+0000: 18959.260: [GC (Allocation Failure) 2019-12-23T06:08:59.813+0000: 18959.260: [ParNew: 70367K->5156K(72512K), 0.0028617 secs] 103481K->39222K(233664K), 0.0029330 secs] [Times: user=0.01 sys=0.00, real=0.00 secs] 
2019-12-23T06:09:03.910+0000: 18963.357: [GC (Allocation Failure) 2019-12-23T06:09:03.910+0000: 18963.357: [ParNew: 69668K->6230K(72512K), 0.0031671 secs] 103734K->41248K(233664K), 0.0032387 secs] [Times: user=0.01 sys=0.00, real=0.01 secs] 
2019-12-23T06:09:19.749+0000: 18979.196: [GC (Allocation Failure) 2019-12-23T06:09:19.749+0000: 18979.196: [ParNew: 70742K->5333K(72512K), 0.0031529 secs] 105760K->41303K(233664K), 0.0032451 secs] [Times: user=0.01 sys=0.00, real=0.01 secs] 
2019-12-23T06:09:27.145+0000: 18986.592: [GC (Allocation Failure) 2019-12-23T06:09:27.146+0000: 18986.592: [ParNew: 69845K->5369K(72512K), 0.0029315 secs] 105815K->42452K(233664K), 0.0030193 secs] [Times: user=0.01 sys=0.00, real=0.00 secs] 
2019-12-23T06:09:38.469+0000: 18997.916: [GC (Allocation Failure) 2019-12-23T06:09:38.469+0000: 18997.916: [ParNew: 69881K->5697K(72512K), 0.0029046 secs] 106964K->43731K(233664K), 0.0029771 secs] [Times: user=0.00 sys=0.00, real=0.01 secs] 
2019-12-23T06:09:50.945+0000: 19010.392: [GC (Allocation Failure) 2019-12-23T06:09:50.945+0000: 19010.392: [ParNew: 70209K->2734K(72512K), 0.0024689 secs] 108243K->41096K(233664K), 0.0025450 secs] [Times: user=0.00 sys=0.00, real=0.00 secs] 
2019-12-23T06:09:58.228+0000: 19017.675: [GC (Allocation Failure) 2019-12-23T06:09:58.228+0000: 19017.675: [ParNew: 67246K->3648K(72512K), 0.0024674 secs] 105608K->42011K(233664K), 0.0025380 secs] [Times: user=0.01 sys=0.00, real=0.01 secs] 
2019-12-23T06:10:11.187+0000: 19030.634: [GC (Allocation Failure) 2019-12-23T06:10:11.187+0000: 19030.634: [ParNew: 68160K->4253K(72512K), 0.0024152 secs] 106523K->42616K(233664K), 0.0024900 secs] [Times: user=0.01 sys=0.00, real=0.00 secs] 
2019-12-23T06:10:24.505+0000: 19043.952: [GC (Allocation Failure) 2019-12-23T06:10:24.505+0000: 19043.952: [ParNew: 68765K->5189K(72512K), 0.0028928 secs] 107128K->43773K(233664K), 0.0029680 secs] [Times: user=0.00 sys=0.00, real=0.00 secs] 
2019-12-23T06:10:32.323+0000: 19051.770: [GC (Allocation Failure) 2019-12-23T06:10:32.323+0000: 19051.770: [ParNew: 69701K->5056K(72512K), 0.0029018 secs] 108285K->45101K(233664K), 0.0029802 secs] [Times: user=0.00 sys=0.00, real=0.00 secs] 
2019-12-23T06:10:42.475+0000: 19061.922: [GC (Allocation Failure) 2019-12-23T06:10:42.475+0000: 19061.922: [ParNew: 69568K->5344K(72512K), 0.0028678 secs] 109613K->46276K(233664K), 0.0029360 secs] [Times: user=0.01 sys=0.00, real=0.00 secs] 
2019-12-23T06:10:51.497+0000: 19070.944: [GC (Allocation Failure) 2019-12-23T06:10:51.497+0000: 19070.944: [ParNew: 69856K->5339K(72512K), 0.0030394 secs] 110788K->47223K(233664K), 0.0031143 secs] [Times: user=0.01 sys=0.00, real=0.01 secs] 
2019-12-23T06:11:04.326+0000: 19083.773: [GC (Allocation Failure) 2019-12-23T06:11:04.326+0000: 19083.773: [ParNew: 69851K->4933K(72512K), 0.0030432 secs] 111735K->47769K(233664K), 0.0031168 secs] [Times: user=0.01 sys=0.00, real=0.00 secs] 
2019-12-23T06:11:14.078+0000: 19093.525: [GC (Allocation Failure) 2019-12-23T06:11:14.078+0000: 19093.525: [ParNew: 69445K->5067K(72512K), 0.0030501 secs] 112281K->48855K(233664K), 0.0031196 secs] [Times: user=0.01 sys=0.00, real=0.01 secs] 
2019-12-23T06:11:28.205+0000: 19107.652: [GC (Allocation Failure) 2019-12-23T06:11:28.205+0000: 19107.652: [ParNew: 69579K->5867K(72512K), 0.0031571 secs] 113367K->50763K(233664K), 0.0032283 secs] [Times: user=0.01 sys=0.00, real=0.00 secs] 
2019-12-23T06:11:32.079+0000: 19111.526: [GC (Allocation Failure) 2019-12-23T06:11:32.079+0000: 19111.526: [ParNew: 70379K->4800K(72512K), 0.0029272 secs] 115275K->50520K(233664K), 0.0030001 secs] [Times: user=0.00 sys=0.00, real=0.00 secs] 
2019-12-23T06:11:45.209+0000: 19124.656: [GC (Allocation Failure) 2019-12-23T06:11:45.209+0000: 19124.656: [ParNew: 69312K->5841K(72512K), 0.0030520 secs] 115032K->52512K(233664K), 0.0031226 secs] [Times: user=0.00 sys=0.00, real=0.01 secs] 
2019-12-23T06:11:56.753+0000: 19136.200: [GC (Allocation Failure) 2019-12-23T06:11:56.753+0000: 19136.200: [ParNew: 70353K->6586K(72512K), 0.0030599 secs] 117024K->54209K(233664K), 0.0031466 secs] [Times: user=0.00 sys=0.00, real=0.00 secs] 
2019-12-23T06:12:06.288+0000: 19145.735: [GC (Allocation Failure) 2019-12-23T06:12:06.288+0000: 19145.735: [ParNew: 71098K->5035K(72512K), 0.0028583 secs] 118721K->53611K(233664K), 0.0029276 secs] [Times: user=0.01 sys=0.00, real=0.01 secs] 
2019-12-23T06:12:18.375+0000: 19157.822: [GC (Allocation Failure) 2019-12-23T06:12:18.375+0000: 19157.822: [ParNew: 69547K->5928K(72512K), 0.0031214 secs] 118123K->55455K(233664K), 0.0032165 secs] [Times: user=0.01 sys=0.00, real=0.00 secs] 
2019-12-23T06:12:31.353+0000: 19170.800: [GC (Allocation Failure) 2019-12-23T06:12:31.353+0000: 19170.800: [ParNew: 70440K->5666K(72512K), 0.0029262 secs] 119967K->56109K(233664K), 0.0030067 secs] [Times: user=0.01 sys=0.00, real=0.00 secs] 
2019-12-23T06:12:38.630+0000: 19178.077: [GC (Allocation Failure) 2019-12-23T06:12:38.630+0000: 19178.077: [ParNew: 70178K->5053K(72512K), 0.0028640 secs] 120621K->56448K(233664K), 0.0029369 secs] [Times: user=0.01 sys=0.00, real=0.01 secs] 
2019-12-23T06:12:49.312+0000: 19188.758: [GC (Allocation Failure) 2019-12-23T06:12:49.312+0000: 19188.759: [ParNew: 69565K->5196K(72512K), 0.0028461 secs] 120960K->57575K(233664K), 0.0029449 secs] [Times: user=0.01 sys=0.00, real=0.00 secs] 
2019-12-23T06:12:59.108+0000: 19198.555: [GC (Allocation Failure) 2019-12-23T06:12:59.109+0000: 19198.555: [ParNew: 69708K->5678K(72512K), 0.0033001 secs] 122087K->59009K(233664K), 0.0033781 secs] [Times: user=0.01 sys=0.00, real=0.01 secs] 
2019-12-23T06:13:12.883+0000: 19212.330: [GC (Allocation Failure) 2019-12-23T06:13:12.883+0000: 19212.330: [ParNew: 70190K->5049K(72512K), 0.0031863 secs] 123521K->59331K(233664K), 0.0032627 secs] [Times: user=0.01 sys=0.00, real=0.00 secs] 
2019-12-23T06:13:22.132+0000: 19221.579: [GC (Allocation Failure) 2019-12-23T06:13:22.132+0000: 19221.579: [ParNew: 69561K->5397K(72512K), 0.0031174 secs] 123843K->60632K(233664K), 0.0032263 secs] [Times: user=0.01 sys=0.00, real=0.00 secs] 
2019-12-23T06:13:38.072+0000: 19237.519: [GC (Allocation Failure) 2019-12-23T06:13:38.072+0000: 19237.519: [ParNew: 69909K->5431K(72512K), 0.0028066 secs] 125144K->61746K(233664K), 0.0028956 secs] [Times: user=0.01 sys=0.00, real=0.00 secs] 
2019-12-23T06:13:40.093+0000: 19239.540: [GC (Allocation Failure) 2019-12-23T06:13:40.093+0000: 19239.540: [ParNew: 69943K->4499K(72512K), 0.0027791 secs] 126258K->61766K(233664K), 0.0028547 secs] [Times: user=0.01 sys=0.00, real=0.00 secs] 
2019-12-23T06:13:55.351+0000: 19254.798: [GC (Allocation Failure) 2019-12-23T06:13:55.351+0000: 19254.798: [ParNew: 69011K->4523K(72512K), 0.0028037 secs] 126278K->62743K(233664K), 0.0029082 secs] [Times: user=0.01 sys=0.00, real=0.00 secs] 
2019-12-23T06:14:08.085+0000: 19267.532: [GC (Allocation Failure) 2019-12-23T06:14:08.085+0000: 19267.532: [ParNew: 69035K->5145K(72512K), 0.0033145 secs] 127255K->64319K(233664K), 0.0034010 secs] [Times: user=0.01 sys=0.00, real=0.00 secs] 
2019-12-23T06:14:16.728+0000: 19276.175: [GC (Allocation Failure) 2019-12-23T06:14:16.728+0000: 19276.175: [ParNew: 69657K->5052K(72512K), 0.0027745 secs] 128831K->65179K(233664K), 0.0028447 secs] [Times: user=0.01 sys=0.00, real=0.01 secs] 
2019-12-23T06:14:29.627+0000: 19289.074: [GC (Allocation Failure) 2019-12-23T06:14:29.628+0000: 19289.074: [ParNew: 69564K->5933K(72512K), 0.0031046 secs] 129691K->67013K(233664K), 0.0031882 secs] [Times: user=0.01 sys=0.00, real=0.01 secs] 
2019-12-23T06:14:40.841+0000: 19300.288: [GC (Allocation Failure) 2019-12-23T06:14:40.841+0000: 19300.288: [ParNew: 70445K->5196K(72512K), 0.0027713 secs] 131525K->67261K(233664K), 0.0028442 secs] [Times: user=0.01 sys=0.00, real=0.00 secs] 
2019-12-23T06:14:49.807+0000: 19309.254: [GC (Allocation Failure) 2019-12-23T06:14:49.807+0000: 19309.254: [ParNew: 69708K->4752K(72512K), 0.0028800 secs] 131773K->67770K(233664K), 0.0029499 secs] [Times: user=0.00 sys=0.00, real=0.00 secs] 
2019-12-23T06:14:58.139+0000: 19317.586: [GC (Allocation Failure) 2019-12-23T06:14:58.139+0000: 19317.586: [ParNew: 69264K->4848K(72512K), 0.0029613 secs] 132282K->68818K(233664K), 0.0030442 secs] [Times: user=0.01 sys=0.00, real=0.00 secs] 
2019-12-23T06:15:07.462+0000: 19326.909: [GC (Allocation Failure) 2019-12-23T06:15:07.462+0000: 19326.909: [ParNew: 69360K->4666K(72512K), 0.0030290 secs] 133330K->69587K(233664K), 0.0031182 secs] [Times: user=0.01 sys=0.01, real=0.00 secs] 
2019-12-23T06:15:19.914+0000: 19339.361: [GC (Allocation Failure) 2019-12-23T06:15:19.914+0000: 19339.361: [ParNew: 69178K->5056K(72512K), 0.0030210 secs] 134099K->70929K(233664K), 0.0030920 secs] [Times: user=0.01 sys=0.00, real=0.00 secs] 
2019-12-23T06:15:31.843+0000: 19351.290: [GC (Allocation Failure) 2019-12-23T06:15:31.843+0000: 19351.290: [ParNew: 69568K->4788K(72512K), 0.0029433 secs] 135441K->71485K(233664K), 0.0030133 secs] [Times: user=0.01 sys=0.00, real=0.00 secs] 
2019-12-23T06:15:43.312+0000: 19362.759: [GC (Allocation Failure) 2019-12-23T06:15:43.312+0000: 19362.759: [ParNew: 69300K->5189K(72512K), 0.0030478 secs] 135997K->72838K(233664K), 0.0031281 secs] [Times: user=0.01 sys=0.00, real=0.00 secs] 
2019-12-23T06:15:57.758+0000: 19377.205: [GC (Allocation Failure) 2019-12-23T06:15:57.759+0000: 19377.205: [ParNew: 69701K->5434K(72512K), 0.0029280 secs] 137350K->74062K(233664K), 0.0030252 secs] [Times: user=0.00 sys=0.00, real=0.01 secs] 
2019-12-23T06:16:00.613+0000: 19380.060: [GC (Allocation Failure) 2019-12-23T06:16:00.613+0000: 19380.060: [ParNew: 69946K->6058K(72512K), 0.0031054 secs] 138574K->75637K(233664K), 0.0031799 secs] [Times: user=0.01 sys=0.00, real=0.00 secs] 
2019-12-23T06:16:17.395+0000: 19396.842: [GC (Allocation Failure) 2019-12-23T06:16:17.395+0000: 19396.842: [ParNew: 70570K->5038K(72512K), 0.0028570 secs] 140149K->75569K(233664K), 0.0029335 secs] [Times: user=0.00 sys=0.00, real=0.00 secs] 
2019-12-23T06:16:23.637+0000: 19403.084: [GC (Allocation Failure) 2019-12-23T06:16:23.637+0000: 19403.084: [ParNew: 69550K->4842K(72512K), 0.0031170 secs] 140081K->76325K(233664K), 0.0032221 secs] [Times: user=0.00 sys=0.00, real=0.01 secs] 
2019-12-23T06:16:36.622+0000: 19416.069: [GC (Allocation Failure) 2019-12-23T06:16:36.622+0000: 19416.069: [ParNew: 69354K->5204K(72512K), 0.0029983 secs] 140837K->77511K(233664K), 0.0030731 secs] [Times: user=0.01 sys=0.00, real=0.00 secs] 
2019-12-23T06:16:48.426+0000: 19427.873: [GC (Allocation Failure) 2019-12-23T06:16:48.426+0000: 19427.873: [ParNew: 69716K->5901K(72512K), 0.0029796 secs] 142023K->79159K(233664K), 0.0030806 secs] [Times: user=0.01 sys=0.00, real=0.00 secs] 
2019-12-23T06:16:57.444+0000: 19436.891: [GC (Allocation Failure) 2019-12-23T06:16:57.444+0000: 19436.891: [ParNew: 70413K->6325K(72512K), 0.0030432 secs] 143671K->80536K(233664K), 0.0031351 secs] [Times: user=0.01 sys=0.00, real=0.00 secs] 
2019-12-23T06:17:09.562+0000: 19449.009: [GC (Allocation Failure) 2019-12-23T06:17:09.562+0000: 19449.009: [ParNew: 70837K->5151K(72512K), 0.0031531 secs] 145048K->80314K(233664K), 0.0032731 secs] [Times: user=0.00 sys=0.01, real=0.00 secs] 
2019-12-23T06:17:14.194+0000: 19453.641: [GC (Allocation Failure) 2019-12-23T06:17:14.194+0000: 19453.641: [ParNew: 69663K->5296K(72512K), 0.0031145 secs] 144826K->81410K(233664K), 0.0031908 secs] [Times: user=0.01 sys=0.00, real=0.00 secs] 
2019-12-23T06:17:27.224+0000: 19466.671: [GC (Allocation Failure) 2019-12-23T06:17:27.224+0000: 19466.671: [ParNew: 69808K->5616K(72512K), 0.0029348 secs] 145922K->82682K(233664K), 0.0030153 secs] [Times: user=0.01 sys=0.00, real=0.00 secs] 
2019-12-23T06:17:39.011+0000: 19478.458: [GC (Allocation Failure) 2019-12-23T06:17:39.011+0000: 19478.458: [ParNew: 70128K->5875K(72512K), 0.0029335 secs] 147194K->83765K(233664K), 0.0030242 secs] [Times: user=0.01 sys=0.01, real=0.00 secs] 
2019-12-23T06:17:48.823+0000: 19488.270: [GC (Allocation Failure) 2019-12-23T06:17:48.823+0000: 19488.270: [ParNew: 70387K->5156K(72512K), 0.0026477 secs] 148277K->83999K(233664K), 0.0027246 secs] [Times: user=0.01 sys=0.00, real=0.00 secs] 
2019-12-23T06:18:01.097+0000: 19500.544: [GC (Allocation Failure) 2019-12-23T06:18:01.097+0000: 19500.544: [ParNew: 69668K->5029K(72512K), 0.0028514 secs] 148511K->84823K(233664K), 0.0029538 secs] [Times: user=0.01 sys=0.00, real=0.01 secs] 
2019-12-23T06:18:14.532+0000: 19513.979: [GC (Allocation Failure) 2019-12-23T06:18:14.532+0000: 19513.979: [ParNew: 69541K->5046K(72512K), 0.0029300 secs] 149335K->85792K(233664K), 0.0030084 secs] [Times: user=0.01 sys=0.00, real=0.00 secs] 
2019-12-23T06:18:24.345+0000: 19523.792: [GC (Allocation Failure) 2019-12-23T06:18:24.345+0000: 19523.792: [ParNew: 69558K->5612K(72512K), 0.0028875 secs] 150304K->87312K(233664K), 0.0029569 secs] [Times: user=0.01 sys=0.00, real=0.00 secs] 
2019-12-23T06:18:31.497+0000: 19530.944: [GC (Allocation Failure) 2019-12-23T06:18:31.497+0000: 19530.944: [ParNew: 70124K->4731K(72512K), 0.0031850 secs] 151824K->87383K(233664K), 0.0032580 secs] [Times: user=0.01 sys=0.00, real=0.01 secs] 
2019-12-23T06:18:42.642+0000: 19542.089: [GC (Allocation Failure) 2019-12-23T06:18:42.642+0000: 19542.089: [ParNew: 69243K->4813K(72512K), 0.0032037 secs] 151895K->88450K(233664K), 0.0032904 secs] [Times: user=0.01 sys=0.00, real=0.00 secs] 
2019-12-23T06:18:54.437+0000: 19553.884: [GC (Allocation Failure) 2019-12-23T06:18:54.437+0000: 19553.884: [ParNew: 69325K->4901K(72512K), 0.0030908 secs] 152962K->89490K(233664K), 0.0031873 secs] [Times: user=0.01 sys=0.00, real=0.01 secs] 
2019-12-23T06:19:06.124+0000: 19565.571: [GC (Allocation Failure) 2019-12-23T06:19:06.124+0000: 19565.571: [ParNew: 69413K->5101K(72512K), 0.0029320 secs] 154002K->90643K(233664K), 0.0030174 secs] [Times: user=0.00 sys=0.00, real=0.00 secs] 
2019-12-23T06:19:15.389+0000: 19574.835: [GC (Allocation Failure) 2019-12-23T06:19:15.389+0000: 19574.836: [ParNew: 69613K->5514K(72512K), 0.0031868 secs] 155155K->92007K(233664K), 0.0032617 secs] [Times: user=0.01 sys=0.00, real=0.01 secs] 
2019-12-23T06:19:26.648+0000: 19586.095: [GC (Allocation Failure) 2019-12-23T06:19:26.648+0000: 19586.095: [ParNew: 70026K->6690K(72512K), 0.0034592 secs] 156519K->94136K(233664K), 0.0035441 secs] [Times: user=0.01 sys=0.00, real=0.01 secs] 
2019-12-23T06:19:39.907+0000: 19599.354: [GC (Allocation Failure) 2019-12-23T06:19:39.907+0000: 19599.354: [ParNew: 71202K->5833K(72512K), 0.0029304 secs] 158648K->94193K(233664K), 0.0030085 secs] [Times: user=0.01 sys=0.00, real=0.00 secs] 
2019-12-23T06:19:45.854+0000: 19605.301: [GC (Allocation Failure) 2019-12-23T06:19:45.854+0000: 19605.301: [ParNew: 70345K->6749K(72512K), 0.0031060 secs] 158705K->96062K(233664K), 0.0031875 secs] [Times: user=0.01 sys=0.00, real=0.00 secs] 
2019-12-23T06:19:59.606+0000: 19619.053: [GC (Allocation Failure) 2019-12-23T06:19:59.606+0000: 19619.053: [ParNew: 71261K->5939K(72512K), 0.0029658 secs] 160574K->96203K(233664K), 0.0030485 secs] [Times: user=0.01 sys=0.00, real=0.00 secs] 
2019-12-23T06:20:07.272+0000: 19626.719: [GC (Allocation Failure) 2019-12-23T06:20:07.272+0000: 19626.719: [ParNew: 70451K->5377K(72512K), 0.0030168 secs] 160715K->96593K(233664K), 0.0031161 secs] [Times: user=0.01 sys=0.00, real=0.00 secs] 
2019-12-23T06:20:20.936+0000: 19640.383: [GC (Allocation Failure) 2019-12-23T06:20:20.936+0000: 19640.383: [ParNew: 69889K->5442K(72512K), 0.0029033 secs] 161105K->97610K(233664K), 0.0029752 secs] [Times: user=0.01 sys=0.00, real=0.01 secs] 
2019-12-23T06:20:29.843+0000: 19649.290: [GC (Allocation Failure) 2019-12-23T06:20:29.843+0000: 19649.290: [ParNew: 69954K->5838K(72512K), 0.0029186 secs] 162122K->98959K(233664K), 0.0029913 secs] [Times: user=0.01 sys=0.00, real=0.00 secs] 
2019-12-23T06:20:42.308+0000: 19661.755: [GC (Allocation Failure) 2019-12-23T06:20:42.308+0000: 19661.755: [ParNew: 70350K->4833K(72512K), 0.0029521 secs] 163471K->98905K(233664K), 0.0030240 secs] [Times: user=0.01 sys=0.00, real=0.01 secs] 
2019-12-23T06:20:52.967+0000: 19672.414: [GC (Allocation Failure) 2019-12-23T06:20:52.968+0000: 19672.414: [ParNew: 69345K->5144K(72512K), 0.0028428 secs] 163417K->100168K(233664K), 0.0029181 secs] [Times: user=0.00 sys=0.00, real=0.00 secs] 
2019-12-23T06:21:02.528+0000: 19681.975: [GC (Allocation Failure) 2019-12-23T06:21:02.529+0000: 19681.975: [ParNew: 69656K->5446K(72512K), 0.0030595 secs] 164680K->101423K(233664K), 0.0031405 secs] [Times: user=0.01 sys=0.00, real=0.01 secs] 
2019-12-23T06:21:10.314+0000: 19689.761: [GC (Allocation Failure) 2019-12-23T06:21:10.314+0000: 19689.761: [ParNew: 69958K->5332K(72512K), 0.0030258 secs] 165935K->102260K(233664K), 0.0031026 secs] [Times: user=0.01 sys=0.00, real=0.00 secs] 
2019-12-23T06:21:21.474+0000: 19700.921: [GC (Allocation Failure) 2019-12-23T06:21:21.474+0000: 19700.921: [ParNew: 69844K->5712K(72512K), 0.0030332 secs] 166772K->103592K(233664K), 0.0030980 secs] [Times: user=0.01 sys=0.00, real=0.00 secs] 
2019-12-23T06:21:34.525+0000: 19713.972: [GC (Allocation Failure) 2019-12-23T06:21:34.525+0000: 19713.972: [ParNew: 70224K->5507K(72512K), 0.0028658 secs] 168104K->104366K(233664K), 0.0029368 secs] [Times: user=0.00 sys=0.00, real=0.00 secs] 
2019-12-23T06:21:44.543+0000: 19723.990: [GC (Allocation Failure) 2019-12-23T06:21:44.543+0000: 19723.990: [ParNew: 70019K->5283K(72512K), 0.0032093 secs] 168878K->105094K(233664K), 0.0033085 secs] [Times: user=0.01 sys=0.00, real=0.00 secs] 
2019-12-23T06:21:54.985+0000: 19734.432: [GC (Allocation Failure) 2019-12-23T06:21:54.985+0000: 19734.432: [ParNew: 69795K->4055K(72512K), 0.0025362 secs] 169606K->103996K(233664K), 0.0026156 secs] [Times: user=0.01 sys=0.00, real=0.00 secs] 
2019-12-23T06:22:10.264+0000: 19749.710: [GC (Allocation Failure) 2019-12-23T06:22:10.264+0000: 19749.711: [ParNew: 68567K->4231K(72512K), 0.0024892 secs] 168508K->104172K(233664K), 0.0025583 secs] [Times: user=0.01 sys=0.00, real=0.00 secs] 
2019-12-23T06:22:12.960+0000: 19752.407: [GC (Allocation Failure) 2019-12-23T06:22:12.960+0000: 19752.407: [ParNew: 68726K->5096K(72512K), 0.0026377 secs] 168667K->105037K(233664K), 0.0027315 secs] [Times: user=0.00 sys=0.00, real=0.00 secs] 
2019-12-23T06:22:30.072+0000: 19769.519: [GC (Allocation Failure) 2019-12-23T06:22:30.072+0000: 19769.519: [ParNew: 69556K->5066K(72512K), 0.0028839 secs] 169497K->106211K(233664K), 0.0029668 secs] [Times: user=0.00 sys=0.00, real=0.00 secs] 
2019-12-23T06:22:34.029+0000: 19773.476: [GC (Allocation Failure) 2019-12-23T06:22:34.029+0000: 19773.476: [ParNew: 69578K->5003K(72512K), 0.0028496 secs] 170723K->107036K(233664K), 0.0029197 secs] [Times: user=0.01 sys=0.00, real=0.01 secs] 
2019-12-23T06:22:47.095+0000: 19786.542: [GC (Allocation Failure) 2019-12-23T06:22:47.095+0000: 19786.542: [ParNew: 69515K->5212K(72512K), 0.0028004 secs] 171548K->108161K(233664K), 0.0028747 secs] [Times: user=0.01 sys=0.00, real=0.00 secs] 
2019-12-23T06:23:00.275+0000: 19799.722: [GC (Allocation Failure) 2019-12-23T06:23:00.275+0000: 19799.722: [ParNew: 69724K->5936K(72512K), 0.0029651 secs] 172673K->109864K(233664K), 0.0030373 secs] [Times: user=0.01 sys=0.00, real=0.01 secs] 
2019-12-23T06:23:10.142+0000: 19809.588: [GC (Allocation Failure) 2019-12-23T06:23:10.142+0000: 19809.588: [ParNew: 70448K->4873K(72512K), 0.0029544 secs] 174376K->109888K(233664K), 0.0030344 secs] [Times: user=0.01 sys=0.00, real=0.00 secs] 
2019-12-23T06:23:23.045+0000: 19822.492: [GC (Allocation Failure) 2019-12-23T06:23:23.045+0000: 19822.492: [ParNew: 69385K->5216K(72512K), 0.0028311 secs] 174400K->111183K(233664K), 0.0029137 secs] [Times: user=0.01 sys=0.00, real=0.00 secs] 
2019-12-23T06:23:33.609+0000: 19833.056: [GC (Allocation Failure) 2019-12-23T06:23:33.609+0000: 19833.056: [ParNew: 69728K->4828K(72512K), 0.0027288 secs] 175695K->111747K(233664K), 0.0028097 secs] [Times: user=0.00 sys=0.00, real=0.01 secs] 
2019-12-23T06:23:43.978+0000: 19843.425: [GC (Allocation Failure) 2019-12-23T06:23:43.979+0000: 19843.425: [ParNew: 69340K->5206K(72512K), 0.0029929 secs] 176259K->113077K(233664K), 0.0030631 secs] [Times: user=0.00 sys=0.00, real=0.01 secs] 
2019-12-23T06:23:52.524+0000: 19851.971: [GC (Allocation Failure) 2019-12-23T06:23:52.524+0000: 19851.971: [ParNew: 69718K->5688K(72512K), 0.0029601 secs] 177589K->114412K(233664K), 0.0030624 secs] [Times: user=0.01 sys=0.00, real=0.00 secs] 
2019-12-23T06:24:01.295+0000: 19860.742: [GC (Allocation Failure) 2019-12-23T06:24:01.295+0000: 19860.742: [ParNew: 70200K->5981K(72512K), 0.0028826 secs] 178924K->115655K(233664K), 0.0029673 secs] [Times: user=0.01 sys=0.00, real=0.00 secs] 
2019-12-23T06:24:07.641+0000: 19867.088: [GC (Allocation Failure) 2019-12-23T06:24:07.641+0000: 19867.088: [ParNew: 70493K->5091K(72512K), 0.0028677 secs] 180167K->115717K(233664K), 0.0029462 secs] [Times: user=0.01 sys=0.00, real=0.00 secs] 
2019-12-23T06:24:18.718+0000: 19878.165: [GC (Allocation Failure) 2019-12-23T06:24:18.718+0000: 19878.165: [ParNew: 69603K->5621K(72512K), 0.0031472 secs] 180229K->117199K(233664K), 0.0032224 secs] [Times: user=0.01 sys=0.00, real=0.01 secs] 
2019-12-23T06:24:27.706+0000: 19887.153: [GC (Allocation Failure) 2019-12-23T06:24:27.706+0000: 19887.153: [ParNew: 70133K->5349K(72512K), 0.0030176 secs] 181711K->117880K(233664K), 0.0030900 secs] [Times: user=0.01 sys=0.00, real=0.00 secs] 
2019-12-23T06:24:45.531+0000: 19904.978: [GC (Allocation Failure) 2019-12-23T06:24:45.531+0000: 19904.978: [ParNew: 69861K->5601K(72512K), 0.0031900 secs] 182392K->119084K(233664K), 0.0032830 secs] [Times: user=0.01 sys=0.00, real=0.00 secs] 
2019-12-23T06:24:54.744+0000: 19914.191: [GC (Allocation Failure) 2019-12-23T06:24:54.744+0000: 19914.191: [ParNew: 70113K->5648K(72512K), 0.0031208 secs] 183596K->119983K(233664K), 0.0032049 secs] [Times: user=0.01 sys=0.00, real=0.00 secs] 
2019-12-23T06:25:05.108+0000: 19924.555: [GC (Allocation Failure) 2019-12-23T06:25:05.108+0000: 19924.555: [ParNew: 70160K->5879K(72512K), 0.0034019 secs] 184495K->121165K(233664K), 0.0034876 secs] [Times: user=0.01 sys=0.00, real=0.01 secs] 
2019-12-23T06:25:19.736+0000: 19939.183: [GC (Allocation Failure) 2019-12-23T06:25:19.736+0000: 19939.183: [ParNew: 70391K->5712K(72512K), 0.0032047 secs] 185677K->121951K(233664K), 0.0032859 secs] [Times: user=0.01 sys=0.00, real=0.01 secs] 
2019-12-23T06:25:23.150+0000: 19942.597: [GC (Allocation Failure) 2019-12-23T06:25:23.150+0000: 19942.597: [ParNew: 70224K->5950K(72512K), 0.0032730 secs] 186463K->123140K(233664K), 0.0033622 secs] [Times: user=0.01 sys=0.00, real=0.01 secs] 
2019-12-23T06:25:36.944+0000: 19956.391: [GC (Allocation Failure) 2019-12-23T06:25:36.944+0000: 19956.391: [ParNew: 70462K->6616K(72512K), 0.0042033 secs] 187652K->124758K(233664K), 0.0042861 secs] [Times: user=0.01 sys=0.00, real=0.00 secs] 
2019-12-23T06:25:44.976+0000: 19964.423: [GC (Allocation Failure) 2019-12-23T06:25:44.976+0000: 19964.423: [ParNew: 71128K->6757K(72512K), 0.0034344 secs] 189270K->125851K(233664K), 0.0035057 secs] [Times: user=0.01 sys=0.00, real=0.01 secs] 
2019-12-23T06:25:56.197+0000: 19975.644: [GC (Allocation Failure) 2019-12-23T06:25:56.197+0000: 19975.644: [ParNew: 71269K->5554K(72512K), 0.0028804 secs] 190363K->125600K(233664K), 0.0029606 secs] [Times: user=0.01 sys=0.00, real=0.01 secs] 
2019-12-23T06:26:09.028+0000: 19988.475: [GC (Allocation Failure) 2019-12-23T06:26:09.028+0000: 19988.475: [ParNew: 70066K->5645K(72512K), 0.0029615 secs] 190112K->126643K(233664K), 0.0030323 secs] [Times: user=0.00 sys=0.00, real=0.01 secs] 
2019-12-23T06:26:12.780+0000: 19992.227: [GC (Allocation Failure) 2019-12-23T06:26:12.780+0000: 19992.227: [ParNew: 70157K->5301K(72512K), 0.0028849 secs] 191155K->127279K(233664K), 0.0029582 secs] [Times: user=0.01 sys=0.00, real=0.00 secs] 
2019-12-23T06:26:29.257+0000: 20008.704: [GC (Allocation Failure) 2019-12-23T06:26:29.257+0000: 20008.704: [ParNew: 69813K->5903K(72512K), 0.0028466 secs] 191791K->128832K(233664K), 0.0029406 secs] [Times: user=0.00 sys=0.00, real=0.01 secs] 
2019-12-23T06:26:33.585+0000: 20013.032: [GC (Allocation Failure) 2019-12-23T06:26:33.585+0000: 20013.032: [ParNew: 70415K->5512K(72512K), 0.0028245 secs] 193344K->129393K(233664K), 0.0029001 secs] [Times: user=0.01 sys=0.00, real=0.00 secs] 
2019-12-23T06:26:46.163+0000: 20025.610: [GC (Allocation Failure) 2019-12-23T06:26:46.163+0000: 20025.610: [ParNew: 70024K->5087K(72512K), 0.0044568 secs] 193905K->129920K(233664K), 0.0045320 secs] [Times: user=0.01 sys=0.00, real=0.00 secs] 
2019-12-23T06:26:56.729+0000: 20036.176: [GC (Allocation Failure) 2019-12-23T06:26:56.729+0000: 20036.176: [ParNew: 69599K->5388K(72512K), 0.0031296 secs] 194432K->131174K(233664K), 0.0032118 secs] [Times: user=0.01 sys=0.00, real=0.01 secs] 
2019-12-23T06:27:08.056+0000: 20047.503: [GC (Allocation Failure) 2019-12-23T06:27:08.056+0000: 20047.503: [ParNew: 69900K->5479K(72512K), 0.0039223 secs] 195686K->132216K(233664K), 0.0039946 secs] [Times: user=0.01 sys=0.00, real=0.01 secs] 
2019-12-23T06:27:20.113+0000: 20059.560: [GC (Allocation Failure) 2019-12-23T06:27:20.113+0000: 20059.560: [ParNew: 69991K->5414K(72512K), 0.0030443 secs] 196728K->133182K(233664K), 0.0031158 secs] [Times: user=0.01 sys=0.00, real=0.00 secs] 
2019-12-23T06:27:31.711+0000: 20071.158: [GC (Allocation Failure) 2019-12-23T06:27:31.711+0000: 20071.158: [ParNew: 69926K->5801K(72512K), 0.0029737 secs] 197694K->134521K(233664K), 0.0030539 secs] [Times: user=0.01 sys=0.00, real=0.00 secs] 
2019-12-23T06:27:38.202+0000: 20077.649: [GC (Allocation Failure) 2019-12-23T06:27:38.202+0000: 20077.649: [ParNew: 70313K->6226K(72512K), 0.0029258 secs] 199033K->135898K(233664K), 0.0030112 secs] [Times: user=0.01 sys=0.00, real=0.00 secs] 
2019-12-23T06:27:47.809+0000: 20087.256: [GC (Allocation Failure) 2019-12-23T06:27:47.809+0000: 20087.256: [ParNew: 70738K->5379K(72512K), 0.0029968 secs] 200410K->135901K(233664K), 0.0030764 secs] [Times: user=0.01 sys=0.00, real=0.01 secs] 
2019-12-23T06:27:57.250+0000: 20096.697: [GC (Allocation Failure) 2019-12-23T06:27:57.250+0000: 20096.697: [ParNew: 69891K->4897K(72512K), 0.0028629 secs] 200413K->136371K(233664K), 0.0029406 secs] [Times: user=0.01 sys=0.00, real=0.01 secs] 
2019-12-23T06:28:09.457+0000: 20108.904: [GC (Allocation Failure) 2019-12-23T06:28:09.458+0000: 20108.904: [ParNew: 69409K->4987K(72512K), 0.0029724 secs] 200883K->137413K(233664K), 0.0030703 secs] [Times: user=0.01 sys=0.00, real=0.01 secs] 
2019-12-23T06:28:20.944+0000: 20120.391: [GC (Allocation Failure) 2019-12-23T06:28:20.944+0000: 20120.391: [ParNew: 69499K->6232K(72512K), 0.0031254 secs] 201925K->139610K(233664K), 0.0032104 secs] [Times: user=0.00 sys=0.00, real=0.00 secs] 
2019-12-23T06:28:30.777+0000: 20130.224: [GC (Allocation Failure) 2019-12-23T06:28:30.777+0000: 20130.224: [ParNew: 70744K->5135K(72512K), 0.0033981 secs] 204122K->139466K(233664K), 0.0034861 secs] [Times: user=0.01 sys=0.00, real=0.01 secs] 
2019-12-23T06:28:45.202+0000: 20144.649: [GC (Allocation Failure) 2019-12-23T06:28:45.202+0000: 20144.649: [ParNew: 69647K->4689K(72512K), 0.0035845 secs] 203978K->140043K(233664K), 0.0036925 secs] [Times: user=0.01 sys=0.00, real=0.00 secs] 
2019-12-23T06:28:47.139+0000: 20146.586: [GC (Allocation Failure) 2019-12-23T06:28:47.140+0000: 20146.586: [ParNew: 69201K->4897K(72512K), 0.0028270 secs] 204555K->141204K(233664K), 0.0029221 secs] [Times: user=0.00 sys=0.00, real=0.00 secs] 
2019-12-23T06:29:03.852+0000: 20163.299: [GC (Allocation Failure) 2019-12-23T06:29:03.852+0000: 20163.299: [ParNew: 69409K->5408K(72512K), 0.0032961 secs] 205716K->142630K(233664K), 0.0033765 secs] [Times: user=0.01 sys=0.00, real=0.00 secs] 
2019-12-23T06:29:11.232+0000: 20170.679: [GC (Allocation Failure) 2019-12-23T06:29:11.232+0000: 20170.679: [ParNew: 69920K->5815K(72512K), 0.0037513 secs] 207142K->143989K(233664K), 0.0038526 secs] [Times: user=0.01 sys=0.00, real=0.00 secs] 
2019-12-23T06:29:24.013+0000: 20183.460: [GC (Allocation Failure) 2019-12-23T06:29:24.013+0000: 20183.460: [ParNew: 70327K->6336K(72512K), 0.0031238 secs] 208501K->145461K(233664K), 0.0031987 secs] [Times: user=0.01 sys=0.00, real=0.00 secs] 
2019-12-23T06:29:34.032+0000: 20193.479: [GC (Allocation Failure) 2019-12-23T06:29:34.033+0000: 20193.479: [ParNew: 70848K->5464K(72512K), 0.0029512 secs] 209973K->145541K(233664K), 0.0030310 secs] [Times: user=0.01 sys=0.00, real=0.00 secs] 
2019-12-23T06:29:43.156+0000: 20202.603: [GC (Allocation Failure) 2019-12-23T06:29:43.156+0000: 20202.603: [ParNew: 69976K->5026K(72512K), 0.0029661 secs] 210053K->146055K(233664K), 0.0030554 secs] [Times: user=0.01 sys=0.00, real=0.01 secs] 
2019-12-23T06:29:48.934+0000: 20208.381: [GC (Allocation Failure) 2019-12-23T06:29:48.934+0000: 20208.381: [ParNew: 69538K->4781K(72512K), 0.0029320 secs] 210567K->146794K(233664K), 0.0030093 secs] [Times: user=0.01 sys=0.00, real=0.00 secs] 
2019-12-23T06:30:01.636+0000: 20221.083: [GC (Allocation Failure) 2019-12-23T06:30:01.636+0000: 20221.083: [ParNew: 69293K->5497K(72512K), 0.0029256 secs] 211306K->148462K(233664K), 0.0029989 secs] [Times: user=0.01 sys=0.00, real=0.01 secs] 
2019-12-23T06:30:12.876+0000: 20232.323: [GC (Allocation Failure) 2019-12-23T06:30:12.876+0000: 20232.323: [ParNew: 70009K->5618K(72512K), 0.0032091 secs] 212974K->149536K(233664K), 0.0032821 secs] [Times: user=0.00 sys=0.00, real=0.01 secs] 
2019-12-23T06:30:24.527+0000: 20243.974: [GC (Allocation Failure) 2019-12-23T06:30:24.527+0000: 20243.974: [ParNew: 70130K->5930K(72512K), 0.0034257 secs] 214048K->150799K(233664K), 0.0035122 secs] [Times: user=0.01 sys=0.00, real=0.00 secs] 
2019-12-23T06:30:35.318+0000: 20254.764: [GC (Allocation Failure) 2019-12-23T06:30:35.318+0000: 20254.764: [ParNew: 70442K->4979K(72512K), 0.0033013 secs] 215311K->150799K(233664K), 0.0033775 secs] [Times: user=0.01 sys=0.00, real=0.01 secs] 
2019-12-23T06:30:46.980+0000: 20266.427: [GC (Allocation Failure) 2019-12-23T06:30:46.980+0000: 20266.427: [ParNew: 69491K->5277K(72512K), 0.0034174 secs] 215311K->152077K(233664K), 0.0034878 secs] [Times: user=0.01 sys=0.00, real=0.00 secs] 
2019-12-23T06:30:52.756+0000: 20272.203: [GC (Allocation Failure) 2019-12-23T06:30:52.756+0000: 20272.203: [ParNew: 69789K->4956K(72512K), 0.0030759 secs] 216589K->152708K(233664K), 0.0031557 secs] [Times: user=0.01 sys=0.00, real=0.01 secs] 
2019-12-23T06:31:02.905+0000: 20282.352: [GC (Allocation Failure) 2019-12-23T06:31:02.905+0000: 20282.352: [ParNew: 69468K->5745K(72512K), 0.0033093 secs] 217220K->154321K(233664K), 0.0033824 secs] [Times: user=0.01 sys=0.00, real=0.00 secs] 
2019-12-23T06:31:02.909+0000: 20282.356: [GC (CMS Initial Mark) [1 CMS-initial-mark: 148575K(161152K)] 155538K(233664K), 0.0011251 secs] [Times: user=0.00 sys=0.00, real=0.00 secs] 
2019-12-23T06:31:02.910+0000: 20282.357: [CMS-concurrent-mark-start]
2019-12-23T06:31:02.976+0000: 20282.423: [CMS-concurrent-mark: 0.066/0.066 secs] [Times: user=0.09 sys=0.00, real=0.07 secs] 
2019-12-23T06:31:02.976+0000: 20282.423: [CMS-concurrent-preclean-start]
2019-12-23T06:31:02.978+0000: 20282.425: [CMS-concurrent-preclean: 0.001/0.001 secs] [Times: user=0.00 sys=0.00, real=0.00 secs] 
2019-12-23T06:31:02.978+0000: 20282.425: [CMS-concurrent-abortable-preclean-start]
 CMS: abort preclean due to time 2019-12-23T06:31:08.022+0000: 20287.469: [CMS-concurrent-abortable-preclean: 0.240/5.045 secs] [Times: user=0.24 sys=0.01, real=5.05 secs] 
2019-12-23T06:31:08.023+0000: 20287.470: [GC (CMS Final Remark) [YG occupancy: 16742 K (72512 K)]2019-12-23T06:31:08.023+0000: 20287.470: [Rescan (parallel) , 0.0026380 secs]2019-12-23T06:31:08.025+0000: 20287.472: [weak refs processing, 0.0000560 secs]2019-12-23T06:31:08.025+0000: 20287.472: [class unloading, 0.0095122 secs]2019-12-23T06:31:08.035+0000: 20287.482: [scrub symbol table, 0.0074688 secs]2019-12-23T06:31:08.043+0000: 20287.489: [scrub string table, 0.0005437 secs][1 CMS-remark: 148575K(161152K)] 165318K(233664K), 0.0203646 secs] [Times: user=0.03 sys=0.00, real=0.02 secs] 
2019-12-23T06:31:08.043+0000: 20287.490: [CMS-concurrent-sweep-start]
2019-12-23T06:31:08.054+0000: 20287.501: [CMS-concurrent-sweep: 0.011/0.011 secs] [Times: user=0.01 sys=0.00, real=0.01 secs] 
2019-12-23T06:31:08.054+0000: 20287.501: [CMS-concurrent-reset-start]
2019-12-23T06:31:08.063+0000: 20287.510: [CMS-concurrent-reset: 0.008/0.008 secs] [Times: user=0.01 sys=0.00, real=0.01 secs] 
2019-12-23T06:31:14.852+0000: 20294.299: [GC (Allocation Failure) 2019-12-23T06:31:14.852+0000: 20294.299: [ParNew: 70257K->5655K(72512K), 0.0032141 secs] 97208K->33558K(233664K), 0.0032887 secs] [Times: user=0.01 sys=0.00, real=0.00 secs] 
2019-12-23T06:31:27.144+0000: 20306.591: [GC (Allocation Failure) 2019-12-23T06:31:27.144+0000: 20306.591: [ParNew: 70167K->4562K(72512K), 0.0029642 secs] 98070K->33353K(233664K), 0.0030320 secs] [Times: user=0.01 sys=0.00, real=0.00 secs] 
2019-12-23T06:31:34.500+0000: 20313.947: [GC (Allocation Failure) 2019-12-23T06:31:34.500+0000: 20313.947: [ParNew: 69074K->5290K(72512K), 0.0029056 secs] 97865K->35033K(233664K), 0.0029952 secs] [Times: user=0.01 sys=0.00, real=0.00 secs] 
2019-12-23T06:31:45.843+0000: 20325.290: [GC (Allocation Failure) 2019-12-23T06:31:45.843+0000: 20325.290: [ParNew: 69802K->4639K(72512K), 0.0027585 secs] 99545K->35333K(233664K), 0.0028483 secs] [Times: user=0.01 sys=0.00, real=0.00 secs] 
2019-12-23T06:31:52.069+0000: 20331.516: [GC (Allocation Failure) 2019-12-23T06:31:52.069+0000: 20331.516: [ParNew: 69151K->5798K(72512K), 0.0029400 secs] 99845K->37380K(233664K), 0.0030194 secs] [Times: user=0.01 sys=0.00, real=0.01 secs] 
2019-12-23T06:32:04.077+0000: 20343.524: [GC (Allocation Failure) 2019-12-23T06:32:04.077+0000: 20343.524: [ParNew: 70310K->5256K(72512K), 0.0030764 secs] 101892K->37791K(233664K), 0.0031649 secs] [Times: user=0.01 sys=0.00, real=0.01 secs] 
2019-12-23T06:32:17.348+0000: 20356.795: [GC (Allocation Failure) 2019-12-23T06:32:17.349+0000: 20356.795: [ParNew: 69768K->6360K(72512K), 0.0031320 secs] 102303K->39848K(233664K), 0.0032206 secs] [Times: user=0.01 sys=0.00, real=0.01 secs] 
2019-12-23T06:32:28.908+0000: 20368.355: [GC (Allocation Failure) 2019-12-23T06:32:28.908+0000: 20368.355: [ParNew: 70872K->4853K(72512K), 0.0029072 secs] 104360K->39318K(233664K), 0.0029863 secs] [Times: user=0.01 sys=0.00, real=0.01 secs] 
2019-12-23T06:32:40.798+0000: 20380.245: [GC (Allocation Failure) 2019-12-23T06:32:40.798+0000: 20380.245: [ParNew: 69365K->5281K(72512K), 0.0032146 secs] 103830K->40769K(233664K), 0.0033026 secs] [Times: user=0.01 sys=0.00, real=0.01 secs] 
2019-12-23T06:32:48.980+0000: 20388.427: [GC (Allocation Failure) 2019-12-23T06:32:48.980+0000: 20388.427: [ParNew: 69793K->5207K(72512K), 0.0027868 secs] 105281K->41511K(233664K), 0.0028667 secs] [Times: user=0.01 sys=0.00, real=0.00 secs] 
2019-12-23T06:32:58.622+0000: 20398.069: [GC (Allocation Failure) 2019-12-23T06:32:58.622+0000: 20398.069: [ParNew: 69719K->4900K(72512K), 0.0040052 secs] 106023K->42158K(233664K), 0.0040841 secs] [Times: user=0.01 sys=0.00, real=0.00 secs] 
2019-12-23T06:33:04.761+0000: 20404.208: [GC (Allocation Failure) 2019-12-23T06:33:04.762+0000: 20404.208: [ParNew: 69412K->3410K(72512K), 0.0028789 secs] 106670K->40998K(233664K), 0.0029849 secs] [Times: user=0.01 sys=0.00, real=0.00 secs] 
2019-12-23T06:33:16.997+0000: 20416.444: [GC (Allocation Failure) 2019-12-23T06:33:16.998+0000: 20416.444: [ParNew: 67922K->4302K(72512K), 0.0026567 secs] 105510K->41891K(233664K), 0.0027327 secs] [Times: user=0.01 sys=0.00, real=0.01 secs] 
2019-12-23T06:33:28.619+0000: 20428.066: [GC (Allocation Failure) 2019-12-23T06:33:28.619+0000: 20428.066: [ParNew: 68814K->5418K(72512K), 0.0028645 secs] 106403K->43007K(233664K), 0.0029447 secs] [Times: user=0.01 sys=0.00, real=0.00 secs] 
2019-12-23T06:33:36.843+0000: 20436.290: [GC (Allocation Failure) 2019-12-23T06:33:36.843+0000: 20436.290: [ParNew: 69930K->5481K(72512K), 0.0034254 secs] 107519K->44231K(233664K), 0.0035084 secs] [Times: user=0.01 sys=0.00, real=0.00 secs] 
2019-12-23T06:33:49.745+0000: 20449.192: [GC (Allocation Failure) 2019-12-23T06:33:49.745+0000: 20449.192: [ParNew: 69993K->4749K(72512K), 0.0033090 secs] 108743K->44451K(233664K), 0.0034160 secs] [Times: user=0.01 sys=0.00, real=0.00 secs] 
2019-12-23T06:33:55.297+0000: 20454.744: [GC (Allocation Failure) 2019-12-23T06:33:55.297+0000: 20454.744: [ParNew: 69205K->5300K(72512K), 0.0029188 secs] 108907K->45954K(233664K), 0.0030210 secs] [Times: user=0.01 sys=0.00, real=0.01 secs] 
2019-12-23T06:34:10.817+0000: 20470.264: [GC (Allocation Failure) 2019-12-23T06:34:10.817+0000: 20470.264: [ParNew: 69812K->5000K(72512K), 0.0029888 secs] 110466K->46505K(233664K), 0.0030716 secs] [Times: user=0.01 sys=0.00, real=0.01 secs] 
2019-12-23T06:34:16.706+0000: 20476.153: [GC (Allocation Failure) 2019-12-23T06:34:16.707+0000: 20476.153: [ParNew: 69512K->5075K(72512K), 0.0043510 secs] 111017K->47532K(233664K), 0.0044638 secs] [Times: user=0.00 sys=0.01, real=0.01 secs] 
2019-12-23T06:34:27.300+0000: 20486.747: [GC (Allocation Failure) 2019-12-23T06:34:27.300+0000: 20486.747: [ParNew: 69587K->5272K(72512K), 0.0032930 secs] 112044K->48584K(233664K), 0.0033902 secs] [Times: user=0.01 sys=0.00, real=0.00 secs] 
2019-12-23T06:34:36.271+0000: 20495.718: [GC (Allocation Failure) 2019-12-23T06:34:36.271+0000: 20495.718: [ParNew: 69784K->4703K(72512K), 0.0041606 secs] 113096K->49100K(233664K), 0.0042410 secs] [Times: user=0.01 sys=0.00, real=0.00 secs] 
2019-12-23T06:34:47.898+0000: 20507.345: [GC (Allocation Failure) 2019-12-23T06:34:47.898+0000: 20507.345: [ParNew: 69215K->5465K(72512K), 0.0029738 secs] 113612K->50814K(233664K), 0.0030805 secs] [Times: user=0.01 sys=0.00, real=0.01 secs] 
2019-12-23T06:34:58.558+0000: 20518.005: [GC (Allocation Failure) 2019-12-23T06:34:58.558+0000: 20518.005: [ParNew: 69977K->5765K(72512K), 0.0030954 secs] 115326K->52066K(233664K), 0.0031685 secs] [Times: user=0.00 sys=0.00, real=0.01 secs] 
2019-12-23T06:35:05.081+0000: 20524.528: [GC (Allocation Failure) 2019-12-23T06:35:05.081+0000: 20524.528: [ParNew: 70277K->6575K(72512K), 0.0033004 secs] 116578K->53829K(233664K), 0.0033770 secs] [Times: user=0.01 sys=0.00, real=0.00 secs] 
2019-12-23T06:35:18.370+0000: 20537.817: [GC (Allocation Failure) 2019-12-23T06:35:18.370+0000: 20537.817: [ParNew: 71087K->6684K(72512K), 0.0030688 secs] 118341K->54889K(233664K), 0.0031575 secs] [Times: user=0.01 sys=0.00, real=0.01 secs] 
2019-12-23T06:35:23.807+0000: 20543.254: [GC (Allocation Failure) 2019-12-23T06:35:23.807+0000: 20543.254: [ParNew: 71196K->4965K(72512K), 0.0030483 secs] 119401K->54122K(233664K), 0.0031544 secs] [Times: user=0.01 sys=0.00, real=0.00 secs] 
2019-12-23T06:35:37.009+0000: 20556.456: [GC (Allocation Failure) 2019-12-23T06:35:37.009+0000: 20556.456: [ParNew: 69477K->5411K(72512K), 0.0030893 secs] 118634K->55520K(233664K), 0.0031618 secs] [Times: user=0.01 sys=0.00, real=0.01 secs] 
2019-12-23T06:35:47.521+0000: 20566.968: [GC (Allocation Failure) 2019-12-23T06:35:47.521+0000: 20566.968: [ParNew: 69923K->5037K(72512K), 0.0030343 secs] 120032K->56098K(233664K), 0.0031184 secs] [Times: user=0.01 sys=0.00, real=0.00 secs] 
2019-12-23T06:35:59.898+0000: 20579.344: [GC (Allocation Failure) 2019-12-23T06:35:59.898+0000: 20579.344: [ParNew: 69549K->5127K(72512K), 0.0030406 secs] 120610K->57140K(233664K), 0.0031141 secs] [Times: user=0.01 sys=0.00, real=0.01 secs] 
2019-12-23T06:36:11.057+0000: 20590.504: [GC (Allocation Failure) 2019-12-23T06:36:11.057+0000: 20590.504: [ParNew: 69639K->5302K(72512K), 0.0031275 secs] 121652K->58295K(233664K), 0.0032031 secs] [Times: user=0.01 sys=0.00, real=0.01 secs] 
2019-12-23T06:36:20.157+0000: 20599.604: [GC (Allocation Failure) 2019-12-23T06:36:20.157+0000: 20599.604: [ParNew: 69814K->5239K(72512K), 0.0029332 secs] 122807K->59184K(233664K), 0.0030019 secs] [Times: user=0.01 sys=0.00, real=0.01 secs] 
2019-12-23T06:36:28.529+0000: 20607.976: [GC (Allocation Failure) 2019-12-23T06:36:28.529+0000: 20607.976: [ParNew: 69751K->6133K(72512K), 0.0033279 secs] 123696K->61029K(233664K), 0.0034059 secs] [Times: user=0.01 sys=0.00, real=0.01 secs] 
2019-12-23T06:36:36.596+0000: 20616.043: [GC (Allocation Failure) 2019-12-23T06:36:36.597+0000: 20616.043: [ParNew: 70645K->5320K(72512K), 0.0031068 secs] 125541K->61167K(233664K), 0.0031850 secs] [Times: user=0.01 sys=0.00, real=0.01 secs] 
2019-12-23T06:36:48.385+0000: 20627.832: [GC (Allocation Failure) 2019-12-23T06:36:48.385+0000: 20627.832: [ParNew: 69832K->4708K(72512K), 0.0033786 secs] 125679K->61508K(233664K), 0.0034738 secs] [Times: user=0.01 sys=0.00, real=0.00 secs] 
2019-12-23T06:37:00.603+0000: 20640.050: [GC (Allocation Failure) 2019-12-23T06:37:00.603+0000: 20640.050: [ParNew: 69220K->4708K(72512K), 0.0028945 secs] 126020K->62487K(233664K), 0.0029628 secs] [Times: user=0.01 sys=0.00, real=0.00 secs] 
2019-12-23T06:37:06.413+0000: 20645.860: [GC (Allocation Failure) 2019-12-23T06:37:06.413+0000: 20645.860: [ParNew: 69220K->5179K(72512K), 0.0030856 secs] 126999K->63782K(233664K), 0.0031792 secs] [Times: user=0.01 sys=0.00, real=0.00 secs] 
2019-12-23T06:37:19.284+0000: 20658.731: [GC (Allocation Failure) 2019-12-23T06:37:19.285+0000: 20658.731: [ParNew: 69691K->5677K(72512K), 0.0033144 secs] 128294K->65232K(233664K), 0.0034123 secs] [Times: user=0.01 sys=0.00, real=0.00 secs] 
2019-12-23T06:37:27.414+0000: 20666.861: [GC (Allocation Failure) 2019-12-23T06:37:27.414+0000: 20666.861: [ParNew: 70189K->5922K(72512K), 0.0030758 secs] 129744K->66429K(233664K), 0.0031524 secs] [Times: user=0.01 sys=0.00, real=0.00 secs] 
2019-12-23T06:37:41.111+0000: 20680.558: [GC (Allocation Failure) 2019-12-23T06:37:41.111+0000: 20680.558: [ParNew: 70434K->5746K(72512K), 0.0029813 secs] 130941K->67205K(233664K), 0.0030595 secs] [Times: user=0.01 sys=0.00, real=0.00 secs] 
2019-12-23T06:37:46.716+0000: 20686.163: [GC (Allocation Failure) 2019-12-23T06:37:46.716+0000: 20686.163: [ParNew: 70258K->4759K(72512K), 0.0030005 secs] 131717K->67170K(233664K), 0.0030767 secs] [Times: user=0.01 sys=0.00, real=0.01 secs] 
2019-12-23T06:37:58.727+0000: 20698.174: [GC (Allocation Failure) 2019-12-23T06:37:58.727+0000: 20698.174: [ParNew: 69252K->5272K(72512K), 0.0030333 secs] 131663K->68635K(233664K), 0.0031122 secs] [Times: user=0.01 sys=0.00, real=0.00 secs] 
2019-12-23T06:38:09.516+0000: 20708.963: [GC (Allocation Failure) 2019-12-23T06:38:09.516+0000: 20708.963: [ParNew: 69784K->4900K(72512K), 0.0039483 secs] 133147K->69115K(233664K), 0.0040322 secs] [Times: user=0.01 sys=0.00, real=0.01 secs] 
2019-12-23T06:38:18.554+0000: 20718.001: [GC (Allocation Failure) 2019-12-23T06:38:18.554+0000: 20718.001: [ParNew: 69412K->5597K(72512K), 0.0031251 secs] 133627K->70764K(233664K), 0.0032082 secs] [Times: user=0.01 sys=0.00, real=0.00 secs] 
2019-12-23T06:38:31.833+0000: 20731.280: [GC (Allocation Failure) 2019-12-23T06:38:31.833+0000: 20731.280: [ParNew: 70109K->5454K(72512K), 0.0041931 secs] 135276K->71601K(233664K), 0.0042812 secs] [Times: user=0.01 sys=0.00, real=0.00 secs] 
2019-12-23T06:38:38.225+0000: 20737.672: [GC (Allocation Failure) 2019-12-23T06:38:38.225+0000: 20737.672: [ParNew: 69966K->5176K(72512K), 0.0031555 secs] 136113K->72410K(233664K), 0.0032341 secs] [Times: user=0.01 sys=0.00, real=0.00 secs] 
2019-12-23T06:38:49.075+0000: 20748.522: [GC (Allocation Failure) 2019-12-23T06:38:49.075+0000: 20748.522: [ParNew: 69688K->5332K(72512K), 0.0031960 secs] 136922K->73519K(233664K), 0.0032713 secs] [Times: user=0.01 sys=0.00, real=0.00 secs] 
2019-12-23T06:38:57.310+0000: 20756.757: [GC (Allocation Failure) 2019-12-23T06:38:57.310+0000: 20756.757: [ParNew: 69844K->5619K(72512K), 0.0029316 secs] 138031K->74761K(233664K), 0.0030141 secs] [Times: user=0.01 sys=0.01, real=0.01 secs] 
2019-12-23T06:39:10.053+0000: 20769.500: [GC (Allocation Failure) 2019-12-23T06:39:10.053+0000: 20769.500: [ParNew: 70131K->5737K(72512K), 0.0031704 secs] 139273K->75702K(233664K), 0.0032574 secs] [Times: user=0.01 sys=0.00, real=0.00 secs] 
2019-12-23T06:39:15.525+0000: 20774.972: [GC (Allocation Failure) 2019-12-23T06:39:15.525+0000: 20774.972: [ParNew: 70249K->5508K(72512K), 0.0031606 secs] 140214K->76426K(233664K), 0.0032448 secs] [Times: user=0.01 sys=0.00, real=0.00 secs] 
2019-12-23T06:39:26.527+0000: 20785.974: [GC (Allocation Failure) 2019-12-23T06:39:26.527+0000: 20785.974: [ParNew: 70020K->6035K(72512K), 0.0030287 secs] 140938K->77905K(233664K), 0.0031151 secs] [Times: user=0.01 sys=0.00, real=0.00 secs] 
2019-12-23T06:39:34.523+0000: 20793.970: [GC (Allocation Failure) 2019-12-23T06:39:34.523+0000: 20793.970: [ParNew: 70547K->6613K(72512K), 0.0040379 secs] 142417K->79434K(233664K), 0.0041183 secs] [Times: user=0.01 sys=0.00, real=0.00 secs] 
2019-12-23T06:39:46.846+0000: 20806.293: [GC (Allocation Failure) 2019-12-23T06:39:46.846+0000: 20806.293: [ParNew: 71125K->6726K(72512K), 0.0032838 secs] 143946K->80500K(233664K), 0.0033527 secs] [Times: user=0.01 sys=0.00, real=0.00 secs] 
2019-12-23T06:39:58.049+0000: 20817.496: [GC (Allocation Failure) 2019-12-23T06:39:58.049+0000: 20817.496: [ParNew: 71238K->5254K(72512K), 0.0028543 secs] 145012K->79980K(233664K), 0.0029243 secs] [Times: user=0.01 sys=0.00, real=0.01 secs] 
2019-12-23T06:40:07.029+0000: 20826.476: [GC (Allocation Failure) 2019-12-23T06:40:07.029+0000: 20826.476: [ParNew: 69766K->5233K(72512K), 0.0028487 secs] 144492K->80911K(233664K), 0.0029382 secs] [Times: user=0.00 sys=0.00, real=0.01 secs] 
2019-12-23T06:40:14.131+0000: 20833.578: [GC (Allocation Failure) 2019-12-23T06:40:14.131+0000: 20833.578: [ParNew: 69745K->5169K(72512K), 0.0027644 secs] 145423K->81699K(233664K), 0.0028325 secs] [Times: user=0.01 sys=0.00, real=0.00 secs] 
2019-12-23T06:40:24.232+0000: 20843.679: [GC (Allocation Failure) 2019-12-23T06:40:24.232+0000: 20843.679: [ParNew: 69681K->5966K(72512K), 0.0029751 secs] 146211K->83447K(233664K), 0.0030628 secs] [Times: user=0.01 sys=0.00, real=0.00 secs] 
2019-12-23T06:40:34.866+0000: 20854.313: [GC (Allocation Failure) 2019-12-23T06:40:34.866+0000: 20854.313: [ParNew: 70478K->5366K(72512K), 0.0028502 secs] 147959K->83799K(233664K), 0.0029266 secs] [Times: user=0.01 sys=0.00, real=0.00 secs] 
2019-12-23T06:40:45.625+0000: 20865.072: [GC (Allocation Failure) 2019-12-23T06:40:45.625+0000: 20865.072: [ParNew: 69878K->5532K(72512K), 0.0028367 secs] 148311K->84917K(233664K), 0.0029150 secs] [Times: user=0.01 sys=0.00, real=0.00 secs] 
2019-12-23T06:40:55.868+0000: 20875.315: [GC (Allocation Failure) 2019-12-23T06:40:55.868+0000: 20875.315: [ParNew: 70044K->5568K(72512K), 0.0029031 secs] 149429K->85905K(233664K), 0.0029808 secs] [Times: user=0.01 sys=0.00, real=0.01 secs] 
2019-12-23T06:41:05.787+0000: 20885.234: [GC (Allocation Failure) 2019-12-23T06:41:05.787+0000: 20885.234: [ParNew: 70080K->5824K(72512K), 0.0050472 secs] 150417K->87113K(233664K), 0.0051316 secs] [Times: user=0.01 sys=0.00, real=0.01 secs] 
2019-12-23T06:41:17.386+0000: 20896.833: [GC (Allocation Failure) 2019-12-23T06:41:17.386+0000: 20896.833: [ParNew: 70336K->5815K(72512K), 0.0031380 secs] 151625K->88056K(233664K), 0.0032233 secs] [Times: user=0.01 sys=0.00, real=0.00 secs] 
2019-12-23T06:41:28.385+0000: 20907.831: [GC (Allocation Failure) 2019-12-23T06:41:28.385+0000: 20907.832: [ParNew: 70327K->5926K(72512K), 0.0029331 secs] 152568K->89118K(233664K), 0.0030056 secs] [Times: user=0.01 sys=0.00, real=0.00 secs] 
2019-12-23T06:41:35.075+0000: 20914.522: [GC (Allocation Failure) 2019-12-23T06:41:35.075+0000: 20914.522: [ParNew: 70438K->5169K(72512K), 0.0030661 secs] 153630K->89314K(233664K), 0.0031527 secs] [Times: user=0.01 sys=0.00, real=0.00 secs] 
2019-12-23T06:41:43.731+0000: 20923.178: [GC (Allocation Failure) 2019-12-23T06:41:43.731+0000: 20923.178: [ParNew: 69681K->5022K(72512K), 0.0030570 secs] 153826K->90118K(233664K), 0.0031554 secs] [Times: user=0.01 sys=0.00, real=0.00 secs] 
2019-12-23T06:41:54.802+0000: 20934.249: [GC (Allocation Failure) 2019-12-23T06:41:54.802+0000: 20934.249: [ParNew: 69529K->5652K(72512K), 0.0029684 secs] 154626K->91700K(233664K), 0.0030661 secs] [Times: user=0.01 sys=0.00, real=0.00 secs] 
2019-12-23T06:42:06.237+0000: 20945.684: [GC (Allocation Failure) 2019-12-23T06:42:06.237+0000: 20945.684: [ParNew: 70164K->5880K(72512K), 0.0029753 secs] 156212K->92908K(233664K), 0.0030592 secs] [Times: user=0.01 sys=0.00, real=0.01 secs] 
2019-12-23T06:42:14.785+0000: 20954.232: [GC (Allocation Failure) 2019-12-23T06:42:14.785+0000: 20954.232: [ParNew: 70392K->5139K(72512K), 0.0028006 secs] 157420K->92991K(233664K), 0.0028815 secs] [Times: user=0.01 sys=0.00, real=0.00 secs] 
2019-12-23T06:42:27.719+0000: 20967.166: [GC (Allocation Failure) 2019-12-23T06:42:27.719+0000: 20967.166: [ParNew: 69651K->4769K(72512K), 0.0029507 secs] 157503K->93573K(233664K), 0.0030278 secs] [Times: user=0.01 sys=0.00, real=0.00 secs] 
2019-12-23T06:42:34.343+0000: 20973.790: [GC (Allocation Failure) 2019-12-23T06:42:34.343+0000: 20973.790: [ParNew: 69281K->5501K(72512K), 0.0027499 secs] 158085K->95393K(233664K), 0.0028310 secs] [Times: user=0.01 sys=0.00, real=0.00 secs] 
2019-12-23T06:42:48.766+0000: 20988.212: [GC (Allocation Failure) 2019-12-23T06:42:48.766+0000: 20988.213: [ParNew: 70013K->4740K(72512K), 0.0027616 secs] 159905K->95448K(233664K), 0.0028426 secs] [Times: user=0.00 sys=0.00, real=0.00 secs] 
2019-12-23T06:42:54.226+0000: 20993.673: [GC (Allocation Failure) 2019-12-23T06:42:54.226+0000: 20993.673: [ParNew: 69252K->4869K(72512K), 0.0028251 secs] 159960K->96529K(233664K), 0.0029157 secs] [Times: user=0.01 sys=0.00, real=0.00 secs] 
2019-12-23T06:43:05.369+0000: 21004.816: [GC (Allocation Failure) 2019-12-23T06:43:05.369+0000: 21004.816: [ParNew: 69381K->4834K(72512K), 0.0027679 secs] 161041K->97574K(233664K), 0.0028429 secs] [Times: user=0.01 sys=0.00, real=0.01 secs] 
2019-12-23T06:43:12.386+0000: 21011.833: [GC (Allocation Failure) 2019-12-23T06:43:12.386+0000: 21011.833: [ParNew: 69346K->5091K(72512K), 0.0029189 secs] 162086K->98678K(233664K), 0.0029970 secs] [Times: user=0.01 sys=0.00, real=0.00 secs] 
2019-12-23T06:43:26.001+0000: 21025.448: [GC (Allocation Failure) 2019-12-23T06:43:26.001+0000: 21025.448: [ParNew: 69603K->6631K(72512K), 0.0029055 secs] 163190K->101171K(233664K), 0.0029832 secs] [Times: user=0.00 sys=0.00, real=0.00 secs] 
2019-12-23T06:43:38.084+0000: 21037.531: [GC (Allocation Failure) 2019-12-23T06:43:38.085+0000: 21037.531: [ParNew: 71143K->6626K(72512K), 0.0032259 secs] 165683K->102119K(233664K), 0.0032950 secs] [Times: user=0.01 sys=0.00, real=0.00 secs] 
2019-12-23T06:43:44.525+0000: 21043.972: [GC (Allocation Failure) 2019-12-23T06:43:44.525+0000: 21043.972: [ParNew: 71138K->4483K(72512K), 0.0027273 secs] 166631K->100433K(233664K), 0.0028049 secs] [Times: user=0.01 sys=0.00, real=0.00 secs] 
2019-12-23T06:43:53.154+0000: 21052.601: [GC (Allocation Failure) 2019-12-23T06:43:53.154+0000: 21052.601: [ParNew: 68995K->3765K(72512K), 0.0025130 secs] 164945K->99716K(233664K), 0.0026016 secs] [Times: user=0.01 sys=0.01, real=0.00 secs] 
2019-12-23T06:44:03.104+0000: 21062.550: [GC (Allocation Failure) 2019-12-23T06:44:03.104+0000: 21062.551: [ParNew: 68277K->4415K(72512K), 0.0024585 secs] 164228K->100366K(233664K), 0.0025358 secs] [Times: user=0.00 sys=0.00, real=0.00 secs] 
2019-12-23T06:44:19.077+0000: 21078.524: [GC (Allocation Failure) 2019-12-23T06:44:19.077+0000: 21078.524: [ParNew: 68927K->5218K(72512K), 0.0028657 secs] 164878K->101363K(233664K), 0.0029535 secs] [Times: user=0.01 sys=0.00, real=0.01 secs] 
2019-12-23T06:44:24.803+0000: 21084.250: [GC (Allocation Failure) 2019-12-23T06:44:24.803+0000: 21084.250: [ParNew: 69730K->5189K(72512K), 0.0032783 secs] 165875K->102682K(233664K), 0.0033865 secs] [Times: user=0.01 sys=0.00, real=0.00 secs] 
2019-12-23T06:44:36.115+0000: 21095.562: [GC (Allocation Failure) 2019-12-23T06:44:36.115+0000: 21095.562: [ParNew: 69701K->5507K(72512K), 0.0028369 secs] 167194K->104087K(233664K), 0.0029207 secs] [Times: user=0.01 sys=0.00, real=0.00 secs] 
2019-12-23T06:44:42.729+0000: 21102.176: [GC (Allocation Failure) 2019-12-23T06:44:42.729+0000: 21102.176: [ParNew: 70019K->5222K(72512K), 0.0029763 secs] 168599K->104754K(233664K), 0.0030600 secs] [Times: user=0.01 sys=0.00, real=0.01 secs] 
2019-12-23T06:44:55.721+0000: 21115.168: [GC (Allocation Failure) 2019-12-23T06:44:55.721+0000: 21115.168: [ParNew: 69734K->5217K(72512K), 0.0030269 secs] 169266K->105728K(233664K), 0.0030987 secs] [Times: user=0.01 sys=0.00, real=0.00 secs] 
2019-12-23T06:45:07.150+0000: 21126.597: [GC (Allocation Failure) 2019-12-23T06:45:07.150+0000: 21126.597: [ParNew: 69729K->6601K(72512K), 0.0034561 secs] 170240K->108065K(233664K), 0.0035268 secs] [Times: user=0.01 sys=0.00, real=0.01 secs] 
2019-12-23T06:45:17.591+0000: 21137.038: [GC (Allocation Failure) 2019-12-23T06:45:17.591+0000: 21137.038: [ParNew: 71113K->5897K(72512K), 0.0032213 secs] 172577K->108313K(233664K), 0.0033024 secs] [Times: user=0.01 sys=0.00, real=0.00 secs] 
2019-12-23T06:45:24.021+0000: 21143.468: [GC (Allocation Failure) 2019-12-23T06:45:24.021+0000: 21143.468: [ParNew: 70409K->6072K(72512K), 0.0028341 secs] 172825K->109440K(233664K), 0.0029054 secs] [Times: user=0.01 sys=0.00, real=0.00 secs] 
2019-12-23T06:45:36.214+0000: 21155.660: [GC (Allocation Failure) 2019-12-23T06:45:36.214+0000: 21155.660: [ParNew: 70584K->6723K(72512K), 0.0032866 secs] 173952K->111042K(233664K), 0.0033563 secs] [Times: user=0.01 sys=0.00, real=0.00 secs] 
2019-12-23T06:45:45.559+0000: 21165.006: [GC (Allocation Failure) 2019-12-23T06:45:45.559+0000: 21165.006: [ParNew: 71235K->5883K(72512K), 0.0032173 secs] 175554K->111155K(233664K), 0.0032907 secs] [Times: user=0.01 sys=0.00, real=0.00 secs] 
2019-12-23T06:45:57.077+0000: 21176.524: [GC (Allocation Failure) 2019-12-23T06:45:57.077+0000: 21176.524: [ParNew: 70395K->6763K(72512K), 0.0029644 secs] 175667K->112986K(233664K), 0.0030335 secs] [Times: user=0.01 sys=0.00, real=0.01 secs] 
2019-12-23T06:46:06.080+0000: 21185.527: [GC (Allocation Failure) 2019-12-23T06:46:06.080+0000: 21185.527: [ParNew: 71275K->5089K(72512K), 0.0037857 secs] 177498K->112265K(233664K), 0.0038573 secs] [Times: user=0.01 sys=0.00, real=0.00 secs] 
2019-12-23T06:46:17.360+0000: 21196.807: [GC (Allocation Failure) 2019-12-23T06:46:17.360+0000: 21196.807: [ParNew: 69601K->5888K(72512K), 0.0028428 secs] 176777K->114015K(233664K), 0.0029134 secs] [Times: user=0.00 sys=0.00, real=0.00 secs] 
2019-12-23T06:46:25.973+0000: 21205.420: [GC (Allocation Failure) 2019-12-23T06:46:25.973+0000: 21205.420: [ParNew: 70400K->6222K(72512K), 0.0027550 secs] 178527K->115302K(233664K), 0.0028266 secs] [Times: user=0.01 sys=0.00, real=0.00 secs] 
2019-12-23T06:46:37.152+0000: 21216.599: [GC (Allocation Failure) 2019-12-23T06:46:37.152+0000: 21216.599: [ParNew: 70734K->5040K(72512K), 0.0030114 secs] 179814K->115071K(233664K), 0.0030959 secs] [Times: user=0.00 sys=0.01, real=0.00 secs] 
2019-12-23T06:46:44.008+0000: 21223.455: [GC (Allocation Failure) 2019-12-23T06:46:44.008+0000: 21223.455: [ParNew: 69552K->5890K(72512K), 0.0028584 secs] 179583K->116873K(233664K), 0.0029305 secs] [Times: user=0.01 sys=0.00, real=0.01 secs] 
2019-12-23T06:46:56.701+0000: 21236.148: [GC (Allocation Failure) 2019-12-23T06:46:56.701+0000: 21236.148: [ParNew: 70402K->5031K(72512K), 0.0028404 secs] 181385K->116966K(233664K), 0.0029211 secs] [Times: user=0.01 sys=0.00, real=0.00 secs] 
2019-12-23T06:47:04.263+0000: 21243.710: [GC (Allocation Failure) 2019-12-23T06:47:04.263+0000: 21243.710: [ParNew: 69543K->5160K(72512K), 0.0040286 secs] 181478K->118048K(233664K), 0.0041025 secs] [Times: user=0.00 sys=0.00, real=0.00 secs] 
2019-12-23T06:47:15.366+0000: 21254.813: [GC (Allocation Failure) 2019-12-23T06:47:15.366+0000: 21254.813: [ParNew: 69672K->5433K(72512K), 0.0033957 secs] 182560K->119272K(233664K), 0.0034852 secs] [Times: user=0.01 sys=0.00, real=0.00 secs] 
2019-12-23T06:47:26.204+0000: 21265.651: [GC (Allocation Failure) 2019-12-23T06:47:26.204+0000: 21265.651: [ParNew: 69945K->5045K(72512K), 0.0030140 secs] 183784K->119837K(233664K), 0.0030902 secs] [Times: user=0.01 sys=0.01, real=0.00 secs] 
2019-12-23T06:47:36.973+0000: 21276.420: [GC (Allocation Failure) 2019-12-23T06:47:36.973+0000: 21276.420: [ParNew: 69557K->4867K(72512K), 0.0026831 secs] 184349K->120611K(233664K), 0.0027655 secs] [Times: user=0.01 sys=0.00, real=0.00 secs] 
2019-12-23T06:47:46.800+0000: 21286.247: [GC (Allocation Failure) 2019-12-23T06:47:46.800+0000: 21286.247: [ParNew: 69379K->5002K(72512K), 0.0026601 secs] 185123K->121697K(233664K), 0.0027313 secs] [Times: user=0.00 sys=0.00, real=0.00 secs] 
2019-12-23T06:47:56.929+0000: 21296.376: [GC (Allocation Failure) 2019-12-23T06:47:56.929+0000: 21296.376: [ParNew: 69514K->5429K(72512K), 0.0028381 secs] 186209K->123077K(233664K), 0.0029177 secs] [Times: user=0.01 sys=0.00, real=0.01 secs] 
2019-12-23T06:48:08.224+0000: 21307.671: [GC (Allocation Failure) 2019-12-23T06:48:08.224+0000: 21307.671: [ParNew: 69941K->5267K(72512K), 0.0033599 secs] 187589K->123869K(233664K), 0.0034404 secs] [Times: user=0.00 sys=0.00, real=0.00 secs] 
2019-12-23T06:48:19.202+0000: 21318.649: [GC (Allocation Failure) 2019-12-23T06:48:19.202+0000: 21318.649: [ParNew: 69779K->6030K(72512K), 0.0030859 secs] 188381K->125583K(233664K), 0.0031541 secs] [Times: user=0.01 sys=0.00, real=0.00 secs] 
2019-12-23T06:48:26.774+0000: 21326.221: [GC (Allocation Failure) 2019-12-23T06:48:26.774+0000: 21326.221: [ParNew: 70542K->4769K(72512K), 0.0029459 secs] 190095K->125409K(233664K), 0.0030136 secs] [Times: user=0.01 sys=0.00, real=0.00 secs] 
2019-12-23T06:48:39.360+0000: 21338.807: [GC (Allocation Failure) 2019-12-23T06:48:39.360+0000: 21338.807: [ParNew: 69281K->4934K(72512K), 0.0029354 secs] 189921K->126526K(233664K), 0.0030309 secs] [Times: user=0.00 sys=0.00, real=0.00 secs] 
2019-12-23T06:48:48.242+0000: 21347.689: [GC (Allocation Failure) 2019-12-23T06:48:48.242+0000: 21347.689: [ParNew: 69446K->5040K(72512K), 0.0027532 secs] 191038K->127584K(233664K), 0.0028260 secs] [Times: user=0.01 sys=0.00, real=0.00 secs] 
2019-12-23T06:48:59.229+0000: 21358.676: [GC (Allocation Failure) 2019-12-23T06:48:59.229+0000: 21358.676: [ParNew: 69552K->5787K(72512K), 0.0029807 secs] 192096K->129283K(233664K), 0.0030579 secs] [Times: user=0.01 sys=0.00, real=0.01 secs] 
2019-12-23T06:49:10.854+0000: 21370.301: [GC (Allocation Failure) 2019-12-23T06:49:10.854+0000: 21370.301: [ParNew: 70299K->4937K(72512K), 0.0033531 secs] 193795K->129384K(233664K), 0.0034233 secs] [Times: user=0.01 sys=0.00, real=0.00 secs] 
2019-12-23T06:49:17.570+0000: 21377.017: [GC (Allocation Failure) 2019-12-23T06:49:17.570+0000: 21377.017: [ParNew: 69449K->5565K(72512K), 0.0030276 secs] 193896K->130837K(233664K), 0.0031088 secs] [Times: user=0.01 sys=0.00, real=0.01 secs] 
2019-12-23T06:49:29.515+0000: 21388.962: [GC (Allocation Failure) 2019-12-23T06:49:29.515+0000: 21388.962: [ParNew: 70077K->5676K(72512K), 0.0030788 secs] 195349K->131836K(233664K), 0.0031484 secs] [Times: user=0.01 sys=0.00, real=0.00 secs] 
2019-12-23T06:49:37.093+0000: 21396.540: [GC (Allocation Failure) 2019-12-23T06:49:37.093+0000: 21396.540: [ParNew: 70188K->6316K(72512K), 0.0031861 secs] 196348K->133427K(233664K), 0.0032733 secs] [Times: user=0.01 sys=0.00, real=0.00 secs] 
2019-12-23T06:49:54.258+0000: 21413.705: [GC (Allocation Failure) 2019-12-23T06:49:54.258+0000: 21413.705: [ParNew: 70828K->5249K(72512K), 0.0029940 secs] 197939K->133312K(233664K), 0.0030849 secs] [Times: user=0.01 sys=0.00, real=0.01 secs] 
2019-12-23T06:49:55.530+0000: 21414.977: [GC (Allocation Failure) 2019-12-23T06:49:55.530+0000: 21414.977: [ParNew: 69761K->5246K(72512K), 0.0041373 secs] 197824K->134261K(233664K), 0.0042143 secs] [Times: user=0.01 sys=0.00, real=0.01 secs] 
2019-12-23T06:50:10.572+0000: 21430.019: [GC (Allocation Failure) 2019-12-23T06:50:10.572+0000: 21430.019: [ParNew: 69758K->5570K(72512K), 0.0028053 secs] 198773K->135537K(233664K), 0.0028880 secs] [Times: user=0.00 sys=0.00, real=0.00 secs] 
2019-12-23T06:50:18.650+0000: 21438.097: [GC (Allocation Failure) 2019-12-23T06:50:18.650+0000: 21438.097: [ParNew: 70082K->5363K(72512K), 0.0028482 secs] 200049K->136310K(233664K), 0.0029182 secs] [Times: user=0.00 sys=0.00, real=0.01 secs] 
2019-12-23T06:50:31.571+0000: 21451.018: [GC (Allocation Failure) 2019-12-23T06:50:31.571+0000: 21451.018: [ParNew: 69875K->5109K(72512K), 0.0028753 secs] 200822K->137008K(233664K), 0.0029459 secs] [Times: user=0.01 sys=0.00, real=0.00 secs] 
2019-12-23T06:50:42.308+0000: 21461.755: [GC (Allocation Failure) 2019-12-23T06:50:42.308+0000: 21461.755: [ParNew: 69621K->6875K(72512K), 0.0033035 secs] 201520K->139726K(233664K), 0.0033921 secs] [Times: user=0.00 sys=0.00, real=0.01 secs] 
2019-12-23T06:50:53.511+0000: 21472.958: [GC (Allocation Failure) 2019-12-23T06:50:53.511+0000: 21472.958: [ParNew: 71387K->5081K(72512K), 0.0032910 secs] 204238K->138884K(233664K), 0.0033674 secs] [Times: user=0.01 sys=0.00, real=0.00 secs] 
2019-12-23T06:51:02.562+0000: 21482.008: [GC (Allocation Failure) 2019-12-23T06:51:02.562+0000: 21482.009: [ParNew: 69593K->5039K(72512K), 0.0033154 secs] 203396K->139794K(233664K), 0.0034013 secs] [Times: user=0.00 sys=0.00, real=0.00 secs] 
2019-12-23T06:51:10.221+0000: 21489.668: [GC (Allocation Failure) 2019-12-23T06:51:10.221+0000: 21489.668: [ParNew: 69551K->5261K(72512K), 0.0032869 secs] 204306K->140967K(233664K), 0.0033707 secs] [Times: user=0.01 sys=0.00, real=0.00 secs] 
2019-12-23T06:51:20.204+0000: 21499.651: [GC (Allocation Failure) 2019-12-23T06:51:20.204+0000: 21499.651: [ParNew: 69773K->6318K(72512K), 0.0030495 secs] 205479K->142876K(233664K), 0.0031384 secs] [Times: user=0.01 sys=0.00, real=0.00 secs] 
2019-12-23T06:51:32.782+0000: 21512.229: [GC (Allocation Failure) 2019-12-23T06:51:32.782+0000: 21512.229: [ParNew: 70830K->5204K(72512K), 0.0030328 secs] 207388K->142714K(233664K), 0.0031115 secs] [Times: user=0.01 sys=0.00, real=0.00 secs] 
2019-12-23T06:51:42.787+0000: 21522.234: [GC (Allocation Failure) 2019-12-23T06:51:42.787+0000: 21522.234: [ParNew: 69716K->6829K(72512K), 0.0026803 secs] 207226K->145292K(233664K), 0.0027775 secs] [Times: user=0.01 sys=0.00, real=0.00 secs] 
2019-12-23T06:51:56.321+0000: 21535.768: [GC (Allocation Failure) 2019-12-23T06:51:56.321+0000: 21535.768: [ParNew: 71341K->5235K(72512K), 0.0029317 secs] 209804K->144648K(233664K), 0.0030046 secs] [Times: user=0.01 sys=0.00, real=0.00 secs] 
2019-12-23T06:52:05.511+0000: 21544.958: [GC (Allocation Failure) 2019-12-23T06:52:05.511+0000: 21544.958: [ParNew: 69747K->5562K(72512K), 0.0028923 secs] 209160K->145928K(233664K), 0.0029637 secs] [Times: user=0.01 sys=0.00, real=0.00 secs] 
2019-12-23T06:52:16.240+0000: 21555.687: [GC (Allocation Failure) 2019-12-23T06:52:16.240+0000: 21555.687: [ParNew: 70074K->5583K(72512K), 0.0030658 secs] 210440K->146902K(233664K), 0.0031394 secs] [Times: user=0.01 sys=0.00, real=0.00 secs] 
2019-12-23T06:52:22.941+0000: 21562.388: [GC (Allocation Failure) 2019-12-23T06:52:22.941+0000: 21562.388: [ParNew: 70095K->4840K(72512K), 0.0032723 secs] 211414K->147236K(233664K), 0.0033452 secs] [Times: user=0.01 sys=0.00, real=0.00 secs] 
2019-12-23T06:52:33.490+0000: 21572.937: [GC (Allocation Failure) 2019-12-23T06:52:33.491+0000: 21572.937: [ParNew: 69352K->5308K(72512K), 0.0027920 secs] 211748K->148722K(233664K), 0.0028894 secs] [Times: user=0.01 sys=0.00, real=0.01 secs] 
2019-12-23T06:52:46.051+0000: 21585.498: [GC (Allocation Failure) 2019-12-23T06:52:46.051+0000: 21585.498: [ParNew: 69820K->4803K(72512K), 0.0028510 secs] 213234K->149168K(233664K), 0.0029283 secs] [Times: user=0.01 sys=0.00, real=0.00 secs] 
2019-12-23T06:52:56.896+0000: 21596.343: [GC (Allocation Failure) 2019-12-23T06:52:56.896+0000: 21596.343: [ParNew: 69315K->5142K(72512K), 0.0027287 secs] 213680K->150459K(233664K), 0.0028107 secs] [Times: user=0.01 sys=0.00, real=0.01 secs] 
2019-12-23T06:53:09.167+0000: 21608.614: [GC (Allocation Failure) 2019-12-23T06:53:09.167+0000: 21608.614: [ParNew: 69654K->5247K(72512K), 0.0030511 secs] 214971K->151516K(233664K), 0.0031410 secs] [Times: user=0.00 sys=0.00, real=0.00 secs] 
2019-12-23T06:53:14.835+0000: 21614.282: [GC (Allocation Failure) 2019-12-23T06:53:14.835+0000: 21614.282: [ParNew: 69759K->5978K(72512K), 0.0028793 secs] 216028K->153134K(233664K), 0.0029665 secs] [Times: user=0.01 sys=0.01, real=0.00 secs] 
2019-12-23T06:53:25.143+0000: 21624.590: [GC (Allocation Failure) 2019-12-23T06:53:25.143+0000: 21624.590: [ParNew: 70490K->4999K(72512K), 0.0035006 secs] 217646K->153044K(233664K), 0.0035716 secs] [Times: user=0.01 sys=0.00, real=0.00 secs] 
2019-12-23T06:53:35.220+0000: 21634.667: [GC (Allocation Failure) 2019-12-23T06:53:35.220+0000: 21634.667: [ParNew: 69511K->4944K(72512K), 0.0034474 secs] 217556K->154033K(233664K), 0.0035271 secs] [Times: user=0.01 sys=0.00, real=0.00 secs] 
2019-12-23T06:53:35.225+0000: 21634.672: [GC (CMS Initial Mark) [1 CMS-initial-mark: 149088K(161152K)] 155014K(233664K), 0.0011568 secs] [Times: user=0.00 sys=0.00, real=0.00 secs] 
2019-12-23T06:53:35.226+0000: 21634.673: [CMS-concurrent-mark-start]
2019-12-23T06:53:35.343+0000: 21634.790: [CMS-concurrent-mark: 0.117/0.117 secs] [Times: user=0.13 sys=0.00, real=0.12 secs] 
2019-12-23T06:53:35.343+0000: 21634.790: [CMS-concurrent-preclean-start]
2019-12-23T06:53:35.344+0000: 21634.791: [CMS-concurrent-preclean: 0.001/0.001 secs] [Times: user=0.00 sys=0.00, real=0.00 secs] 
2019-12-23T06:53:35.345+0000: 21634.791: [CMS-concurrent-abortable-preclean-start]
 CMS: abort preclean due to time 2019-12-23T06:53:40.379+0000: 21639.826: [CMS-concurrent-abortable-preclean: 0.230/5.034 secs] [Times: user=0.27 sys=0.00, real=5.04 secs] 
2019-12-23T06:53:40.379+0000: 21639.826: [GC (CMS Final Remark) [YG occupancy: 29508 K (72512 K)]2019-12-23T06:53:40.379+0000: 21639.826: [Rescan (parallel) , 0.0042148 secs]2019-12-23T06:53:40.384+0000: 21639.831: [weak refs processing, 0.0000503 secs]2019-12-23T06:53:40.384+0000: 21639.831: [class unloading, 0.0113178 secs]2019-12-23T06:53:40.395+0000: 21639.842: [scrub symbol table, 0.0107585 secs]2019-12-23T06:53:40.406+0000: 21639.853: [scrub string table, 0.0005463 secs][1 CMS-remark: 149088K(161152K)] 178597K(233664K), 0.0270506 secs] [Times: user=0.04 sys=0.00, real=0.02 secs] 
2019-12-23T06:53:40.407+0000: 21639.853: [CMS-concurrent-sweep-start]
2019-12-23T06:53:40.418+0000: 21639.865: [CMS-concurrent-sweep: 0.011/0.011 secs] [Times: user=0.01 sys=0.01, real=0.01 secs] 
2019-12-23T06:53:40.418+0000: 21639.865: [CMS-concurrent-reset-start]
2019-12-23T06:53:40.426+0000: 21639.873: [CMS-concurrent-reset: 0.008/0.008 secs] [Times: user=0.01 sys=0.00, real=0.01 secs] 
2019-12-23T06:53:46.445+0000: 21645.892: [GC (Allocation Failure) 2019-12-23T06:53:46.445+0000: 21645.892: [ParNew: 69456K->4990K(72512K), 0.0030688 secs] 96975K->33461K(233664K), 0.0031378 secs] [Times: user=0.01 sys=0.00, real=0.00 secs] 
2019-12-23T06:53:57.971+0000: 21657.418: [GC (Allocation Failure) 2019-12-23T06:53:57.971+0000: 21657.418: [ParNew: 69502K->5376K(72512K), 0.0030020 secs] 97973K->34799K(233664K), 0.0030985 secs] [Times: user=0.01 sys=0.00, real=0.00 secs] 
2019-12-23T06:54:07.971+0000: 21667.418: [GC (Allocation Failure) 2019-12-23T06:54:07.971+0000: 21667.418: [ParNew: 69888K->5498K(72512K), 0.0030098 secs] 99311K->35872K(233664K), 0.0030875 secs] [Times: user=0.01 sys=0.00, real=0.00 secs] 
2019-12-23T06:54:17.437+0000: 21676.884: [GC (Allocation Failure) 2019-12-23T06:54:17.437+0000: 21676.884: [ParNew: 70010K->5664K(72512K), 0.0028457 secs] 100384K->36990K(233664K), 0.0029290 secs] [Times: user=0.01 sys=0.00, real=0.01 secs] 
2019-12-23T06:54:32.325+0000: 21691.772: [GC (Allocation Failure) 2019-12-23T06:54:32.325+0000: 21691.772: [ParNew: 70176K->3820K(72512K), 0.0026443 secs] 101502K->35732K(233664K), 0.0027189 secs] [Times: user=0.01 sys=0.01, real=0.00 secs] 
2019-12-23T06:54:37.176+0000: 21696.623: [GC (Allocation Failure) 2019-12-23T06:54:37.176+0000: 21696.623: [ParNew: 68332K->4224K(72512K), 0.0024892 secs] 100244K->36136K(233664K), 0.0025614 secs] [Times: user=0.01 sys=0.00, real=0.00 secs] 
2019-12-23T06:54:50.047+0000: 21709.494: [GC (Allocation Failure) 2019-12-23T06:54:50.047+0000: 21709.494: [ParNew: 68736K->5237K(72512K), 0.0026131 secs] 100648K->37149K(233664K), 0.0027003 secs] [Times: user=0.01 sys=0.00, real=0.00 secs] 
2019-12-23T06:54:56.508+0000: 21715.955: [GC (Allocation Failure) 2019-12-23T06:54:56.508+0000: 21715.955: [ParNew: 69749K->4969K(72512K), 0.0030923 secs] 101661K->37979K(233664K), 0.0031658 secs] [Times: user=0.01 sys=0.00, real=0.01 secs] 
2019-12-23T06:55:11.425+0000: 21730.872: [GC (Allocation Failure) 2019-12-23T06:55:11.425+0000: 21730.872: [ParNew: 69481K->4889K(72512K), 0.0033743 secs] 102491K->38877K(233664K), 0.0034489 secs] [Times: user=0.01 sys=0.00, real=0.00 secs] 
2019-12-23T06:55:17.747+0000: 21737.194: [GC (Allocation Failure) 2019-12-23T06:55:17.747+0000: 21737.194: [ParNew: 69401K->5349K(72512K), 0.0030075 secs] 103389K->40289K(233664K), 0.0030852 secs] [Times: user=0.01 sys=0.00, real=0.00 secs] 
2019-12-23T06:55:29.852+0000: 21749.299: [GC (Allocation Failure) 2019-12-23T06:55:29.852+0000: 21749.299: [ParNew: 69861K->4982K(72512K), 0.0029882 secs] 104801K->40875K(233664K), 0.0030610 secs] [Times: user=0.01 sys=0.00, real=0.00 secs] 
2019-12-23T06:55:37.889+0000: 21757.336: [GC (Allocation Failure) 2019-12-23T06:55:37.889+0000: 21757.336: [ParNew: 69494K->6550K(72512K), 0.0035486 secs] 105387K->43267K(233664K), 0.0036248 secs] [Times: user=0.01 sys=0.00, real=0.01 secs] 
2019-12-23T06:55:48.277+0000: 21767.724: [GC (Allocation Failure) 2019-12-23T06:55:48.277+0000: 21767.724: [ParNew: 71062K->5895K(72512K), 0.0031251 secs] 107779K->43564K(233664K), 0.0032126 secs] [Times: user=0.01 sys=0.00, real=0.01 secs] 
2019-12-23T06:55:59.445+0000: 21778.892: [GC (Allocation Failure) 2019-12-23T06:55:59.445+0000: 21778.892: [ParNew: 70407K->6046K(72512K), 0.0032226 secs] 108076K->44667K(233664K), 0.0033166 secs] [Times: user=0.01 sys=0.00, real=0.00 secs] 
2019-12-23T06:56:10.208+0000: 21789.655: [GC (Allocation Failure) 2019-12-23T06:56:10.208+0000: 21789.655: [ParNew: 70558K->6083K(72512K), 0.0029882 secs] 109179K->45683K(233664K), 0.0030650 secs] [Times: user=0.01 sys=0.00, real=0.01 secs] 
2019-12-23T06:56:22.152+0000: 21801.599: [GC (Allocation Failure) 2019-12-23T06:56:22.152+0000: 21801.599: [ParNew: 70595K->5922K(72512K), 0.0029098 secs] 110195K->46474K(233664K), 0.0029872 secs] [Times: user=0.00 sys=0.01, real=0.00 secs] 
2019-12-23T06:56:28.563+0000: 21808.010: [GC (Allocation Failure) 2019-12-23T06:56:28.563+0000: 21808.010: [ParNew: 70434K->5893K(72512K), 0.0028797 secs] 110986K->47396K(233664K), 0.0029631 secs] [Times: user=0.00 sys=0.00, real=0.00 secs] 
2019-12-23T06:56:42.216+0000: 21821.663: [GC (Allocation Failure) 2019-12-23T06:56:42.216+0000: 21821.663: [ParNew: 70405K->7363K(72512K), 0.0045872 secs] 111908K->49690K(233664K), 0.0046736 secs] [Times: user=0.01 sys=0.00, real=0.01 secs] 
2019-12-23T06:56:50.394+0000: 21829.841: [GC (Allocation Failure) 2019-12-23T06:56:50.394+0000: 21829.841: [ParNew: 71875K->5441K(72512K), 0.0029546 secs] 114202K->48720K(233664K), 0.0030539 secs] [Times: user=0.01 sys=0.00, real=0.00 secs] 
2019-12-23T06:57:00.313+0000: 21839.760: [GC (Allocation Failure) 2019-12-23T06:57:00.313+0000: 21839.760: [ParNew: 69953K->5422K(72512K), 0.0031318 secs] 113232K->49653K(233664K), 0.0032209 secs] [Times: user=0.01 sys=0.00, real=0.00 secs] 
2019-12-23T06:57:12.333+0000: 21851.780: [GC (Allocation Failure) 2019-12-23T06:57:12.333+0000: 21851.780: [ParNew: 69934K->5621K(72512K), 0.0031595 secs] 114165K->50805K(233664K), 0.0032406 secs] [Times: user=0.01 sys=0.00, real=0.00 secs] 
2019-12-23T06:57:19.823+0000: 21859.270: [GC (Allocation Failure) 2019-12-23T06:57:19.823+0000: 21859.270: [ParNew: 70133K->5128K(72512K), 0.0039428 secs] 115317K->51264K(233664K), 0.0040247 secs] [Times: user=0.01 sys=0.00, real=0.00 secs] 
2019-12-23T06:57:33.634+0000: 21873.081: [GC (Allocation Failure) 2019-12-23T06:57:33.634+0000: 21873.081: [ParNew: 69640K->5385K(72512K), 0.0029268 secs] 115776K->52473K(233664K), 0.0030167 secs] [Times: user=0.01 sys=0.00, real=0.00 secs] 
2019-12-23T06:57:42.792+0000: 21882.239: [GC (Allocation Failure) 2019-12-23T06:57:42.792+0000: 21882.239: [ParNew: 69897K->5380K(72512K), 0.0029029 secs] 116985K->53447K(233664K), 0.0029824 secs] [Times: user=0.01 sys=0.00, real=0.00 secs] 
2019-12-23T06:57:51.360+0000: 21890.807: [GC (Allocation Failure) 2019-12-23T06:57:51.360+0000: 21890.807: [ParNew: 69892K->5383K(72512K), 0.0028189 secs] 117959K->54538K(233664K), 0.0028919 secs] [Times: user=0.01 sys=0.00, real=0.00 secs] 
2019-12-23T06:58:06.823+0000: 21906.270: [GC (Allocation Failure) 2019-12-23T06:58:06.823+0000: 21906.270: [ParNew: 69895K->4912K(72512K), 0.0040804 secs] 119050K->54920K(233664K), 0.0041687 secs] [Times: user=0.01 sys=0.00, real=0.00 secs] 
2019-12-23T06:58:13.730+0000: 21913.177: [GC (Allocation Failure) 2019-12-23T06:58:13.730+0000: 21913.177: [ParNew: 69424K->5110K(72512K), 0.0028102 secs] 119432K->56069K(233664K), 0.0029053 secs] [Times: user=0.01 sys=0.00, real=0.01 secs] 
2019-12-23T06:58:27.533+0000: 21926.980: [GC (Allocation Failure) 2019-12-23T06:58:27.533+0000: 21926.980: [ParNew: 69622K->5812K(72512K), 0.0028492 secs] 120581K->57723K(233664K), 0.0029182 secs] [Times: user=0.01 sys=0.00, real=0.00 secs] 
2019-12-23T06:58:36.200+0000: 21935.647: [GC (Allocation Failure) 2019-12-23T06:58:36.200+0000: 21935.647: [ParNew: 70324K->5444K(72512K), 0.0038279 secs] 122235K->58371K(233664K), 0.0038984 secs] [Times: user=0.01 sys=0.00, real=0.00 secs] 
2019-12-23T06:58:47.566+0000: 21947.012: [GC (Allocation Failure) 2019-12-23T06:58:47.566+0000: 21947.013: [ParNew: 69956K->6537K(72512K), 0.0029526 secs] 122883K->60480K(233664K), 0.0030350 secs] [Times: user=0.00 sys=0.00, real=0.00 secs] 
2019-12-23T06:58:56.332+0000: 21955.779: [GC (Allocation Failure) 2019-12-23T06:58:56.333+0000: 21955.779: [ParNew: 71049K->5191K(72512K), 0.0029932 secs] 124992K->60086K(233664K), 0.0030746 secs] [Times: user=0.01 sys=0.00, real=0.00 secs] 
2019-12-23T06:59:05.912+0000: 21965.359: [GC (Allocation Failure) 2019-12-23T06:59:05.912+0000: 21965.359: [ParNew: 69703K->5129K(72512K), 0.0029778 secs] 124598K->60976K(233664K), 0.0030697 secs] [Times: user=0.01 sys=0.00, real=0.00 secs] 
2019-12-23T06:59:13.229+0000: 21972.676: [GC (Allocation Failure) 2019-12-23T06:59:13.230+0000: 21972.676: [ParNew: 69641K->5444K(72512K), 0.0030636 secs] 125488K->62243K(233664K), 0.0031373 secs] [Times: user=0.01 sys=0.00, real=0.01 secs] 
2019-12-23T06:59:25.273+0000: 21984.720: [GC (Allocation Failure) 2019-12-23T06:59:25.273+0000: 21984.720: [ParNew: 69956K->5306K(72512K), 0.0046796 secs] 126755K->63084K(233664K), 0.0047791 secs] [Times: user=0.01 sys=0.00, real=0.00 secs] 
2019-12-23T06:59:35.622+0000: 21995.068: [GC (Allocation Failure) 2019-12-23T06:59:35.622+0000: 21995.068: [ParNew: 69818K->5949K(72512K), 0.0029930 secs] 127596K->64680K(233664K), 0.0030674 secs] [Times: user=0.01 sys=0.00, real=0.00 secs] 
2019-12-23T06:59:50.064+0000: 22009.511: [GC (Allocation Failure) 2019-12-23T06:59:50.064+0000: 22009.511: [ParNew: 70461K->5211K(72512K), 0.0028389 secs] 129192K->64893K(233664K), 0.0029197 secs] [Times: user=0.00 sys=0.00, real=0.00 secs] 
2019-12-23T06:59:56.079+0000: 22015.526: [GC (Allocation Failure) 2019-12-23T06:59:56.079+0000: 22015.526: [ParNew: 69723K->5543K(72512K), 0.0030333 secs] 129405K->66077K(233664K), 0.0031092 secs] [Times: user=0.01 sys=0.00, real=0.00 secs] 
2019-12-23T07:00:14.448+0000: 22033.895: [GC (Allocation Failure) 2019-12-23T07:00:14.448+0000: 22033.895: [ParNew: 70055K->5003K(72512K), 0.0029210 secs] 130589K->66488K(233664K), 0.0029964 secs] [Times: user=0.01 sys=0.00, real=0.01 secs] 
2019-12-23T07:00:18.938+0000: 22038.385: [GC (Allocation Failure) 2019-12-23T07:00:18.938+0000: 22038.385: [ParNew: 69515K->5394K(72512K), 0.0028231 secs] 131000K->67831K(233664K), 0.0028945 secs] [Times: user=0.01 sys=0.00, real=0.01 secs] 
2019-12-23T07:00:33.721+0000: 22053.168: [GC (Allocation Failure) 2019-12-23T07:00:33.721+0000: 22053.168: [ParNew: 69906K->5654K(72512K), 0.0028742 secs] 132343K->68979K(233664K), 0.0029460 secs] [Times: user=0.01 sys=0.00, real=0.00 secs] 
2019-12-23T07:00:45.121+0000: 22064.568: [GC (Allocation Failure) 2019-12-23T07:00:45.121+0000: 22064.568: [ParNew: 70166K->5554K(72512K), 0.0029331 secs] 133491K->69766K(233664K), 0.0030054 secs] [Times: user=0.01 sys=0.00, real=0.00 secs] 
2019-12-23T07:00:57.362+0000: 22076.809: [GC (Allocation Failure) 2019-12-23T07:00:57.362+0000: 22076.809: [ParNew: 70066K->5616K(72512K), 0.0028914 secs] 134278K->70781K(233664K), 0.0029764 secs] [Times: user=0.01 sys=0.01, real=0.00 secs] 
2019-12-23T07:01:11.050+0000: 22090.497: [GC (Allocation Failure) 2019-12-23T07:01:11.050+0000: 22090.497: [ParNew: 70128K->5920K(72512K), 0.0033291 secs] 135293K->72037K(233664K), 0.0034117 secs] [Times: user=0.01 sys=0.00, real=0.01 secs] 
2019-12-23T07:01:23.044+0000: 22102.491: [GC (Allocation Failure) 2019-12-23T07:01:23.044+0000: 22102.491: [ParNew: 70432K->5864K(72512K), 0.0029939 secs] 136549K->72932K(233664K), 0.0030801 secs] [Times: user=0.01 sys=0.01, real=0.00 secs] 
2019-12-23T07:01:30.418+0000: 22109.865: [GC (Allocation Failure) 2019-12-23T07:01:30.418+0000: 22109.865: [ParNew: 70376K->5126K(72512K), 0.0029507 secs] 137444K->73145K(233664K), 0.0030237 secs] [Times: user=0.01 sys=0.01, real=0.01 secs] 
2019-12-23T07:01:44.634+0000: 22124.081: [GC (Allocation Failure) 2019-12-23T07:01:44.634+0000: 22124.081: [ParNew: 69638K->5466K(72512K), 0.0028656 secs] 137657K->74437K(233664K), 0.0029356 secs] [Times: user=0.01 sys=0.00, real=0.00 secs] 
2019-12-23T07:01:50.669+0000: 22130.116: [GC (Allocation Failure) 2019-12-23T07:01:50.669+0000: 22130.116: [ParNew: 69978K->6053K(72512K), 0.0028862 secs] 138949K->75978K(233664K), 0.0029640 secs] [Times: user=0.01 sys=0.00, real=0.01 secs] 
2019-12-23T07:02:02.446+0000: 22141.893: [GC (Allocation Failure) 2019-12-23T07:02:02.446+0000: 22141.893: [ParNew: 70565K->5202K(72512K), 0.0026525 secs] 140490K->76105K(233664K), 0.0027390 secs] [Times: user=0.00 sys=0.00, real=0.00 secs] 
2019-12-23T07:02:14.948+0000: 22154.395: [GC (Allocation Failure) 2019-12-23T07:02:14.948+0000: 22154.395: [ParNew: 69714K->5224K(72512K), 0.0032248 secs] 140617K->77079K(233664K), 0.0033159 secs] [Times: user=0.01 sys=0.00, real=0.01 secs] 
2019-12-23T07:02:24.885+0000: 22164.332: [GC (Allocation Failure) 2019-12-23T07:02:24.885+0000: 22164.332: [ParNew: 69736K->5377K(72512K), 0.0027630 secs] 141591K->78184K(233664K), 0.0028559 secs] [Times: user=0.01 sys=0.00, real=0.00 secs] 
2019-12-23T07:02:40.320+0000: 22179.767: [GC (Allocation Failure) 2019-12-23T07:02:40.321+0000: 22179.768: [ParNew: 69889K->5435K(72512K), 0.0030860 secs] 142696K->79330K(233664K), 0.0031928 secs] [Times: user=0.01 sys=0.00, real=0.00 secs] 
2019-12-23T07:02:42.973+0000: 22182.420: [GC (Allocation Failure) 2019-12-23T07:02:42.973+0000: 22182.420: [ParNew: 69947K->4916K(72512K), 0.0027248 secs] 143842K->79762K(233664K), 0.0028121 secs] [Times: user=0.01 sys=0.00, real=0.00 secs] 
2019-12-23T07:02:59.071+0000: 22198.518: [GC (Allocation Failure) 2019-12-23T07:02:59.071+0000: 22198.518: [ParNew: 69428K->4598K(72512K), 0.0027932 secs] 144274K->80296K(233664K), 0.0028685 secs] [Times: user=0.00 sys=0.00, real=0.00 secs] 
2019-12-23T07:03:05.547+0000: 22204.994: [GC (Allocation Failure) 2019-12-23T07:03:05.547+0000: 22204.994: [ParNew: 69110K->4631K(72512K), 0.0039760 secs] 144808K->81281K(233664K), 0.0040496 secs] [Times: user=0.01 sys=0.00, real=0.01 secs] 
2019-12-23T07:03:18.353+0000: 22217.800: [GC (Allocation Failure) 2019-12-23T07:03:18.353+0000: 22217.800: [ParNew: 69143K->4770K(72512K), 0.0043838 secs] 145793K->82372K(233664K), 0.0044891 secs] [Times: user=0.01 sys=0.00, real=0.00 secs] 
2019-12-23T07:03:30.883+0000: 22230.330: [GC (Allocation Failure) 2019-12-23T07:03:30.883+0000: 22230.330: [ParNew: 69282K->5312K(72512K), 0.0029163 secs] 146884K->83866K(233664K), 0.0029912 secs] [Times: user=0.00 sys=0.00, real=0.00 secs] 
2019-12-23T07:03:39.735+0000: 22239.182: [GC (Allocation Failure) 2019-12-23T07:03:39.735+0000: 22239.182: [ParNew: 69824K->5301K(72512K), 0.0028890 secs] 148378K->84806K(233664K), 0.0029887 secs] [Times: user=0.01 sys=0.00, real=0.00 secs] 
2019-12-23T07:03:53.361+0000: 22252.808: [GC (Allocation Failure) 2019-12-23T07:03:53.361+0000: 22252.808: [ParNew: 69813K->5960K(72512K), 0.0029104 secs] 149318K->86417K(233664K), 0.0030003 secs] [Times: user=0.00 sys=0.00, real=0.00 secs] 
2019-12-23T07:04:05.515+0000: 22264.962: [GC (Allocation Failure) 2019-12-23T07:04:05.515+0000: 22264.962: [ParNew: 70472K->5447K(72512K), 0.0027888 secs] 150929K->86884K(233664K), 0.0028613 secs] [Times: user=0.00 sys=0.00, real=0.00 secs] 
2019-12-23T07:04:11.437+0000: 22270.884: [GC (Allocation Failure) 2019-12-23T07:04:11.437+0000: 22270.884: [ParNew: 69959K->5289K(72512K), 0.0028970 secs] 151396K->87678K(233664K), 0.0029990 secs] [Times: user=0.01 sys=0.00, real=0.01 secs] 
2019-12-23T07:04:26.630+0000: 22286.076: [GC (Allocation Failure) 2019-12-23T07:04:26.630+0000: 22286.077: [ParNew: 69801K->5629K(72512K), 0.0029597 secs] 152190K->88969K(233664K), 0.0030327 secs] [Times: user=0.01 sys=0.00, real=0.01 secs] 
2019-12-23T07:04:30.705+0000: 22290.152: [GC (Allocation Failure) 2019-12-23T07:04:30.705+0000: 22290.152: [ParNew: 70141K->6212K(72512K), 0.0028943 secs] 153481K->90505K(233664K), 0.0029811 secs] [Times: user=0.01 sys=0.00, real=0.00 secs] 
2019-12-23T07:04:46.686+0000: 22306.133: [GC (Allocation Failure) 2019-12-23T07:04:46.686+0000: 22306.133: [ParNew: 70724K->5328K(72512K), 0.0029634 secs] 155017K->90573K(233664K), 0.0030521 secs] [Times: user=0.01 sys=0.00, real=0.00 secs] 
2019-12-23T07:04:59.515+0000: 22318.961: [GC (Allocation Failure) 2019-12-23T07:04:59.515+0000: 22318.962: [ParNew: 69840K->3006K(72512K), 0.0024677 secs] 155085K->88515K(233664K), 0.0025568 secs] [Times: user=0.01 sys=0.01, real=0.00 secs] 
2019-12-23T07:05:07.239+0000: 22326.686: [GC (Allocation Failure) 2019-12-23T07:05:07.239+0000: 22326.686: [ParNew: 67518K->3876K(72512K), 0.0025899 secs] 153027K->89385K(233664K), 0.0026670 secs] [Times: user=0.00 sys=0.00, real=0.00 secs] 
2019-12-23T07:05:21.253+0000: 22340.700: [GC (Allocation Failure) 2019-12-23T07:05:21.253+0000: 22340.700: [ParNew: 68388K->4584K(72512K), 0.0028061 secs] 153897K->90093K(233664K), 0.0028919 secs] [Times: user=0.00 sys=0.00, real=0.00 secs] 
2019-12-23T07:05:30.865+0000: 22350.312: [GC (Allocation Failure) 2019-12-23T07:05:30.865+0000: 22350.312: [ParNew: 69096K->5067K(72512K), 0.0029487 secs] 154605K->90972K(233664K), 0.0030390 secs] [Times: user=0.01 sys=0.00, real=0.00 secs] 
2019-12-23T07:05:42.558+0000: 22362.005: [GC (Allocation Failure) 2019-12-23T07:05:42.558+0000: 22362.005: [ParNew: 69579K->4931K(72512K), 0.0029760 secs] 155484K->92076K(233664K), 0.0030745 secs] [Times: user=0.00 sys=0.00, real=0.01 secs] 
2019-12-23T07:05:54.725+0000: 22374.172: [GC (Allocation Failure) 2019-12-23T07:05:54.725+0000: 22374.172: [ParNew: 69443K->4908K(72512K), 0.0032580 secs] 156588K->93032K(233664K), 0.0033432 secs] [Times: user=0.01 sys=0.00, real=0.00 secs] 
2019-12-23T07:06:04.944+0000: 22384.390: [GC (Allocation Failure) 2019-12-23T07:06:04.944+0000: 22384.391: [ParNew: 69420K->4912K(72512K), 0.0032700 secs] 157544K->93988K(233664K), 0.0033565 secs] [Times: user=0.01 sys=0.00, real=0.00 secs] 
2019-12-23T07:06:20.179+0000: 22399.626: [GC (Allocation Failure) 2019-12-23T07:06:20.179+0000: 22399.626: [ParNew: 69424K->5660K(72512K), 0.0030796 secs] 158500K->95687K(233664K), 0.0031576 secs] [Times: user=0.01 sys=0.00, real=0.00 secs] 
2019-12-23T07:06:21.683+0000: 22401.130: [GC (Allocation Failure) 2019-12-23T07:06:21.683+0000: 22401.130: [ParNew: 70172K->5098K(72512K), 0.0041683 secs] 160199K->96078K(233664K), 0.0042676 secs] [Times: user=0.01 sys=0.00, real=0.00 secs] 
2019-12-23T07:06:38.169+0000: 22417.616: [GC (Allocation Failure) 2019-12-23T07:06:38.169+0000: 22417.616: [ParNew: 69610K->5252K(72512K), 0.0029533 secs] 160590K->97183K(233664K), 0.0030428 secs] [Times: user=0.00 sys=0.00, real=0.01 secs] 
2019-12-23T07:06:45.698+0000: 22425.145: [GC (Allocation Failure) 2019-12-23T07:06:45.698+0000: 22425.145: [ParNew: 69764K->5131K(72512K), 0.0030107 secs] 161695K->98042K(233664K), 0.0031092 secs] [Times: user=0.01 sys=0.00, real=0.01 secs] 
2019-12-23T07:06:57.950+0000: 22437.397: [GC (Allocation Failure) 2019-12-23T07:06:57.950+0000: 22437.397: [ParNew: 69643K->5380K(72512K), 0.0028935 secs] 162554K->99242K(233664K), 0.0029731 secs] [Times: user=0.01 sys=0.00, real=0.01 secs] 
2019-12-23T07:07:09.723+0000: 22449.170: [GC (Allocation Failure) 2019-12-23T07:07:09.723+0000: 22449.170: [ParNew: 69892K->4920K(72512K), 0.0041748 secs] 163754K->99734K(233664K), 0.0042665 secs] [Times: user=0.01 sys=0.00, real=0.00 secs] 
2019-12-23T07:07:19.674+0000: 22459.121: [GC (Allocation Failure) 2019-12-23T07:07:19.675+0000: 22459.121: [ParNew: 69432K->5119K(72512K), 0.0029212 secs] 164246K->100886K(233664K), 0.0030342 secs] [Times: user=0.01 sys=0.01, real=0.00 secs] 
2019-12-23T07:07:29.985+0000: 22469.432: [GC (Allocation Failure) 2019-12-23T07:07:29.985+0000: 22469.432: [ParNew: 69631K->5436K(72512K), 0.0030051 secs] 165398K->102154K(233664K), 0.0030936 secs] [Times: user=0.00 sys=0.00, real=0.00 secs] 
2019-12-23T07:07:36.331+0000: 22475.778: [GC (Allocation Failure) 2019-12-23T07:07:36.331+0000: 22475.778: [ParNew: 69948K->5015K(72512K), 0.0028638 secs] 166666K->102686K(233664K), 0.0029455 secs] [Times: user=0.01 sys=0.00, real=0.00 secs] 
2019-12-23T07:07:49.643+0000: 22489.090: [GC (Allocation Failure) 2019-12-23T07:07:49.643+0000: 22489.090: [ParNew: 69527K->5010K(72512K), 0.0038674 secs] 167198K->103768K(233664K), 0.0039405 secs] [Times: user=0.01 sys=0.00, real=0.00 secs] 
2019-12-23T07:08:02.116+0000: 22501.563: [GC (Allocation Failure) 2019-12-23T07:08:02.116+0000: 22501.563: [ParNew: 69522K->5624K(72512K), 0.0028714 secs] 168280K->105226K(233664K), 0.0029459 secs] [Times: user=0.01 sys=0.00, real=0.01 secs] 
2019-12-23T07:08:10.995+0000: 22510.442: [GC (Allocation Failure) 2019-12-23T07:08:10.995+0000: 22510.442: [ParNew: 70136K->4726K(72512K), 0.0028039 secs] 169738K->105415K(233664K), 0.0028763 secs] [Times: user=0.01 sys=0.00, real=0.00 secs] 
2019-12-23T07:08:22.570+0000: 22522.017: [GC (Allocation Failure) 2019-12-23T07:08:22.570+0000: 22522.017: [ParNew: 69238K->5237K(72512K), 0.0028259 secs] 169927K->106878K(233664K), 0.0029028 secs] [Times: user=0.01 sys=0.00, real=0.01 secs] 
2019-12-23T07:08:34.530+0000: 22533.977: [GC (Allocation Failure) 2019-12-23T07:08:34.530+0000: 22533.977: [ParNew: 69749K->5867K(72512K), 0.0029506 secs] 171390K->108461K(233664K), 0.0030211 secs] [Times: user=0.01 sys=0.00, real=0.01 secs] 
2019-12-23T07:08:43.042+0000: 22542.489: [GC (Allocation Failure) 2019-12-23T07:08:43.042+0000: 22542.489: [ParNew: 70379K->5754K(72512K), 0.0027307 secs] 172973K->109300K(233664K), 0.0028133 secs] [Times: user=0.01 sys=0.00, real=0.00 secs] 
2019-12-23T07:08:51.465+0000: 22550.912: [GC (Allocation Failure) 2019-12-23T07:08:51.465+0000: 22550.912: [ParNew: 70266K->5222K(72512K), 0.0028771 secs] 173812K->109719K(233664K), 0.0029607 secs] [Times: user=0.01 sys=0.00, real=0.00 secs] 
2019-12-23T07:09:00.696+0000: 22560.143: [GC (Allocation Failure) 2019-12-23T07:09:00.696+0000: 22560.143: [ParNew: 69734K->5521K(72512K), 0.0028456 secs] 174231K->110971K(233664K), 0.0029184 secs] [Times: user=0.01 sys=0.00, real=0.01 secs] 
2019-12-23T07:09:13.915+0000: 22573.362: [GC (Allocation Failure) 2019-12-23T07:09:13.915+0000: 22573.362: [ParNew: 70033K->5895K(72512K), 0.0031536 secs] 175483K->112352K(233664K), 0.0032350 secs] [Times: user=0.01 sys=0.00, real=0.00 secs] 
2019-12-23T07:09:22.965+0000: 22582.412: [GC (Allocation Failure) 2019-12-23T07:09:22.965+0000: 22582.412: [ParNew: 70407K->5196K(72512K), 0.0030067 secs] 176864K->112604K(233664K), 0.0030939 secs] [Times: user=0.01 sys=0.00, real=0.00 secs] 
2019-12-23T07:09:36.964+0000: 22596.411: [GC (Allocation Failure) 2019-12-23T07:09:36.964+0000: 22596.411: [ParNew: 69708K->5231K(72512K), 0.0030275 secs] 177116K->113591K(233664K), 0.0030978 secs] [Times: user=0.01 sys=0.00, real=0.00 secs] 
2019-12-23T07:09:40.684+0000: 22600.131: [GC (Allocation Failure) 2019-12-23T07:09:40.684+0000: 22600.131: [ParNew: 69743K->5658K(72512K), 0.0030078 secs] 178103K->114970K(233664K), 0.0031124 secs] [Times: user=0.01 sys=0.00, real=0.00 secs] 
2019-12-23T07:09:55.786+0000: 22615.233: [GC (Allocation Failure) 2019-12-23T07:09:55.786+0000: 22615.233: [ParNew: 70170K->6172K(72512K), 0.0030354 secs] 179482K->116436K(233664K), 0.0031045 secs] [Times: user=0.01 sys=0.00, real=0.00 secs] 
2019-12-23T07:10:03.763+0000: 22623.210: [GC (Allocation Failure) 2019-12-23T07:10:03.763+0000: 22623.210: [ParNew: 70684K->4728K(72512K), 0.0044004 secs] 180948K->115944K(233664K), 0.0044945 secs] [Times: user=0.01 sys=0.00, real=0.00 secs] 
2019-12-23T07:10:16.955+0000: 22636.401: [GC (Allocation Failure) 2019-12-23T07:10:16.955+0000: 22636.401: [ParNew: 69240K->6219K(72512K), 0.0028749 secs] 180456K->118387K(233664K), 0.0029498 secs] [Times: user=0.01 sys=0.00, real=0.00 secs] 
2019-12-23T07:10:30.081+0000: 22649.528: [GC (Allocation Failure) 2019-12-23T07:10:30.081+0000: 22649.528: [ParNew: 70731K->5329K(72512K), 0.0028779 secs] 182899K->118449K(233664K), 0.0029547 secs] [Times: user=0.01 sys=0.00, real=0.00 secs] 
2019-12-23T07:10:43.056+0000: 22662.503: [GC (Allocation Failure) 2019-12-23T07:10:43.057+0000: 22662.503: [ParNew: 69841K->5507K(72512K), 0.0028694 secs] 182961K->119579K(233664K), 0.0029573 secs] [Times: user=0.00 sys=0.00, real=0.01 secs] 
2019-12-23T07:10:48.865+0000: 22668.312: [GC (Allocation Failure) 2019-12-23T07:10:48.865+0000: 22668.312: [ParNew: 70019K->5589K(72512K), 0.0044766 secs] 184091K->120640K(233664K), 0.0045584 secs] [Times: user=0.01 sys=0.00, real=0.00 secs] 
2019-12-23T07:10:59.121+0000: 22678.568: [GC (Allocation Failure) 2019-12-23T07:10:59.121+0000: 22678.568: [ParNew: 70101K->5501K(72512K), 0.0033334 secs] 185152K->121504K(233664K), 0.0034280 secs] [Times: user=0.00 sys=0.00, real=0.00 secs] 
2019-12-23T07:11:09.377+0000: 22688.824: [GC (Allocation Failure) 2019-12-23T07:11:09.377+0000: 22688.824: [ParNew: 70013K->6003K(72512K), 0.0030885 secs] 186016K->122958K(233664K), 0.0031659 secs] [Times: user=0.00 sys=0.00, real=0.01 secs] 
2019-12-23T07:11:23.347+0000: 22702.794: [GC (Allocation Failure) 2019-12-23T07:11:23.348+0000: 22702.794: [ParNew: 70515K->5500K(72512K), 0.0031268 secs] 187470K->123435K(233664K), 0.0032027 secs] [Times: user=0.01 sys=0.00, real=0.01 secs] 
2019-12-23T07:11:34.901+0000: 22714.348: [GC (Allocation Failure) 2019-12-23T07:11:34.901+0000: 22714.348: [ParNew: 70012K->5577K(72512K), 0.0032567 secs] 187947K->124464K(233664K), 0.0033341 secs] [Times: user=0.01 sys=0.00, real=0.00 secs] 
2019-12-23T07:11:44.511+0000: 22723.958: [GC (Allocation Failure) 2019-12-23T07:11:44.511+0000: 22723.958: [ParNew: 70089K->5250K(72512K), 0.0029922 secs] 188976K->125088K(233664K), 0.0030691 secs] [Times: user=0.01 sys=0.00, real=0.00 secs] 
2019-12-23T07:11:52.131+0000: 22731.578: [GC (Allocation Failure) 2019-12-23T07:11:52.131+0000: 22731.578: [ParNew: 69762K->6165K(72512K), 0.0028848 secs] 189600K->126955K(233664K), 0.0029663 secs] [Times: user=0.01 sys=0.00, real=0.00 secs] 
2019-12-23T07:12:01.672+0000: 22741.119: [GC (Allocation Failure) 2019-12-23T07:12:01.672+0000: 22741.119: [ParNew: 70677K->5145K(72512K), 0.0030711 secs] 191467K->126887K(233664K), 0.0031844 secs] [Times: user=0.01 sys=0.00, real=0.00 secs] 
2019-12-23T07:12:13.975+0000: 22753.422: [GC (Allocation Failure) 2019-12-23T07:12:13.975+0000: 22753.422: [ParNew: 69657K->6461K(72512K), 0.0032671 secs] 191399K->129155K(233664K), 0.0033499 secs] [Times: user=0.01 sys=0.00, real=0.00 secs] 
2019-12-23T07:12:25.468+0000: 22764.915: [GC (Allocation Failure) 2019-12-23T07:12:25.468+0000: 22764.915: [ParNew: 70973K->5658K(72512K), 0.0031310 secs] 193667K->129304K(233664K), 0.0032121 secs] [Times: user=0.01 sys=0.01, real=0.01 secs] 
2019-12-23T07:12:37.007+0000: 22776.453: [GC (Allocation Failure) 2019-12-23T07:12:37.007+0000: 22776.454: [ParNew: 70170K->5768K(72512K), 0.0029186 secs] 193816K->130366K(233664K), 0.0030008 secs] [Times: user=0.00 sys=0.00, real=0.00 secs] 
2019-12-23T07:12:50.383+0000: 22789.830: [GC (Allocation Failure) 2019-12-23T07:12:50.383+0000: 22789.830: [ParNew: 70280K->5322K(72512K), 0.0030875 secs] 194878K->130871K(233664K), 0.0031761 secs] [Times: user=0.01 sys=0.00, real=0.00 secs] 
2019-12-23T07:12:55.128+0000: 22794.575: [GC (Allocation Failure) 2019-12-23T07:12:55.128+0000: 22794.575: [ParNew: 69834K->4821K(72512K), 0.0027610 secs] 195383K->131323K(233664K), 0.0028435 secs] [Times: user=0.01 sys=0.00, real=0.01 secs] 
2019-12-23T07:13:08.737+0000: 22808.184: [GC (Allocation Failure) 2019-12-23T07:13:08.737+0000: 22808.184: [ParNew: 69333K->5459K(72512K), 0.0032989 secs] 195835K->132911K(233664K), 0.0033744 secs] [Times: user=0.00 sys=0.00, real=0.01 secs] 
2019-12-23T07:13:15.850+0000: 22815.297: [GC (Allocation Failure) 2019-12-23T07:13:15.850+0000: 22815.297: [ParNew: 69971K->5449K(72512K), 0.0028151 secs] 197423K->133853K(233664K), 0.0028957 secs] [Times: user=0.01 sys=0.00, real=0.01 secs] 
2019-12-23T07:13:32.740+0000: 22832.187: [GC (Allocation Failure) 2019-12-23T07:13:32.740+0000: 22832.187: [ParNew: 69961K->5302K(72512K), 0.0028415 secs] 198365K->134595K(233664K), 0.0029226 secs] [Times: user=0.00 sys=0.00, real=0.00 secs] 
2019-12-23T07:13:39.644+0000: 22839.091: [GC (Allocation Failure) 2019-12-23T07:13:39.644+0000: 22839.091: [ParNew: 69814K->5785K(72512K), 0.0027386 secs] 199107K->136165K(233664K), 0.0028196 secs] [Times: user=0.01 sys=0.00, real=0.00 secs] 
2019-12-23T07:13:51.379+0000: 22850.826: [GC (Allocation Failure) 2019-12-23T07:13:51.379+0000: 22850.826: [ParNew: 70297K->5958K(72512K), 0.0030248 secs] 200677K->137092K(233664K), 0.0031239 secs] [Times: user=0.01 sys=0.00, real=0.00 secs] 
2019-12-23T07:14:01.819+0000: 22861.266: [GC (Allocation Failure) 2019-12-23T07:14:01.819+0000: 22861.266: [ParNew: 70470K->5877K(72512K), 0.0028667 secs] 201604K->137962K(233664K), 0.0029559 secs] [Times: user=0.01 sys=0.00, real=0.00 secs] 
2019-12-23T07:14:10.638+0000: 22870.085: [GC (Allocation Failure) 2019-12-23T07:14:10.638+0000: 22870.085: [ParNew: 70389K->5982K(72512K), 0.0027091 secs] 202474K->139019K(233664K), 0.0028209 secs] [Times: user=0.01 sys=0.00, real=0.01 secs] 
2019-12-23T07:14:22.965+0000: 22882.412: [GC (Allocation Failure) 2019-12-23T07:14:22.965+0000: 22882.412: [ParNew: 70494K->6584K(72512K), 0.0031118 secs] 203531K->140708K(233664K), 0.0031896 secs] [Times: user=0.01 sys=0.00, real=0.00 secs] 
2019-12-23T07:14:32.750+0000: 22892.197: [GC (Allocation Failure) 2019-12-23T07:14:32.750+0000: 22892.197: [ParNew: 71096K->6777K(72512K), 0.0039893 secs] 205220K->141851K(233664K), 0.0040766 secs] [Times: user=0.01 sys=0.00, real=0.01 secs] 
2019-12-23T07:14:43.586+0000: 22903.033: [GC (Allocation Failure) 2019-12-23T07:14:43.586+0000: 22903.033: [ParNew: 71289K->5533K(72512K), 0.0028925 secs] 206363K->141426K(233664K), 0.0029948 secs] [Times: user=0.01 sys=0.00, real=0.00 secs] 
2019-12-23T07:14:55.287+0000: 22914.734: [GC (Allocation Failure) 2019-12-23T07:14:55.287+0000: 22914.734: [ParNew: 70045K->5939K(72512K), 0.0030763 secs] 205938K->142910K(233664K), 0.0031545 secs] [Times: user=0.01 sys=0.00, real=0.00 secs] 
2019-12-23T07:15:01.077+0000: 22920.524: [GC (Allocation Failure) 2019-12-23T07:15:01.077+0000: 22920.524: [ParNew: 70451K->6396K(72512K), 0.0035713 secs] 207422K->144319K(233664K), 0.0036486 secs] [Times: user=0.01 sys=0.00, real=0.01 secs] 
2019-12-23T07:15:18.224+0000: 22937.671: [GC (Allocation Failure) 2019-12-23T07:15:18.224+0000: 22937.671: [ParNew: 70908K->5779K(72512K), 0.0033795 secs] 208831K->144621K(233664K), 0.0034794 secs] [Times: user=0.01 sys=0.00, real=0.00 secs] 
2019-12-23T07:15:22.868+0000: 22942.314: [GC (Allocation Failure) 2019-12-23T07:15:22.868+0000: 22942.315: [ParNew: 70291K->6031K(72512K), 0.0031173 secs] 209133K->145793K(233664K), 0.0032018 secs] [Times: user=0.01 sys=0.01, real=0.01 secs] 
2019-12-23T07:15:36.526+0000: 22955.973: [GC (Allocation Failure) 2019-12-23T07:15:36.526+0000: 22955.973: [ParNew: 70543K->6173K(72512K), 0.0028486 secs] 210305K->146854K(233664K), 0.0029352 secs] [Times: user=0.00 sys=0.00, real=0.00 secs] 
2019-12-23T07:15:51.576+0000: 22971.023: [GC (Allocation Failure) 2019-12-23T07:15:51.576+0000: 22971.023: [ParNew: 70685K->5429K(72512K), 0.0037483 secs] 211366K->147150K(233664K), 0.0038298 secs] [Times: user=0.01 sys=0.00, real=0.01 secs] 
2019-12-23T07:15:56.808+0000: 22976.255: [GC (Allocation Failure) 2019-12-23T07:15:56.808+0000: 22976.255: [ParNew: 69941K->5991K(72512K), 0.0030091 secs] 211662K->148688K(233664K), 0.0030837 secs] [Times: user=0.00 sys=0.00, real=0.01 secs] 
2019-12-23T07:16:10.925+0000: 22990.372: [GC (Allocation Failure) 2019-12-23T07:16:10.925+0000: 22990.372: [ParNew: 70503K->6771K(72512K), 0.0031011 secs] 213200K->150556K(233664K), 0.0031731 secs] [Times: user=0.01 sys=0.00, real=0.00 secs] 
2019-12-23T07:16:17.737+0000: 22997.184: [GC (Allocation Failure) 2019-12-23T07:16:17.737+0000: 22997.184: [ParNew: 71283K->5174K(72512K), 0.0028354 secs] 215068K->149782K(233664K), 0.0029214 secs] [Times: user=0.01 sys=0.00, real=0.01 secs] 
2019-12-23T07:16:32.308+0000: 23011.755: [GC (Allocation Failure) 2019-12-23T07:16:32.308+0000: 23011.755: [ParNew: 69686K->4770K(72512K), 0.0029675 secs] 214294K->150421K(233664K), 0.0030423 secs] [Times: user=0.01 sys=0.00, real=0.01 secs] 
2019-12-23T07:16:42.267+0000: 23021.714: [GC (Allocation Failure) 2019-12-23T07:16:42.267+0000: 23021.714: [ParNew: 69282K->5402K(72512K), 0.0028759 secs] 214933K->152005K(233664K), 0.0029564 secs] [Times: user=0.00 sys=0.00, real=0.00 secs] 
2019-12-23T07:16:53.692+0000: 23033.138: [GC (Allocation Failure) 2019-12-23T07:16:53.692+0000: 23033.138: [ParNew: 69914K->5684K(72512K), 0.0030691 secs] 216517K->153239K(233664K), 0.0031425 secs] [Times: user=0.01 sys=0.00, real=0.00 secs] 
2019-12-23T07:17:02.789+0000: 23042.236: [GC (Allocation Failure) 2019-12-23T07:17:02.789+0000: 23042.236: [ParNew: 70196K->5683K(72512K), 0.0036469 secs] 217751K->154190K(233664K), 0.0037391 secs] [Times: user=0.01 sys=0.00, real=0.01 secs] 
2019-12-23T07:17:02.793+0000: 23042.240: [GC (CMS Initial Mark) [1 CMS-initial-mark: 148506K(161152K)] 154686K(233664K), 0.0010400 secs] [Times: user=0.00 sys=0.00, real=0.00 secs] 
2019-12-23T07:17:02.794+0000: 23042.241: [CMS-concurrent-mark-start]
2019-12-23T07:17:02.835+0000: 23042.282: [CMS-concurrent-mark: 0.041/0.041 secs] [Times: user=0.05 sys=0.00, real=0.04 secs] 
2019-12-23T07:17:02.835+0000: 23042.282: [CMS-concurrent-preclean-start]
2019-12-23T07:17:02.836+0000: 23042.283: [CMS-concurrent-preclean: 0.001/0.001 secs] [Times: user=0.00 sys=0.00, real=0.00 secs] 
2019-12-23T07:17:02.836+0000: 23042.283: [CMS-concurrent-abortable-preclean-start]
 CMS: abort preclean due to time 2019-12-23T07:17:07.872+0000: 23047.319: [CMS-concurrent-abortable-preclean: 0.232/5.036 secs] [Times: user=0.32 sys=0.00, real=5.04 secs] 
2019-12-23T07:17:07.873+0000: 23047.320: [GC (CMS Final Remark) [YG occupancy: 48639 K (72512 K)]2019-12-23T07:17:07.873+0000: 23047.320: [Rescan (parallel) , 0.0070012 secs]2019-12-23T07:17:07.880+0000: 23047.327: [weak refs processing, 0.0001268 secs]2019-12-23T07:17:07.880+0000: 23047.327: [class unloading, 0.0092867 secs]2019-12-23T07:17:07.889+0000: 23047.336: [scrub symbol table, 0.0056917 secs]2019-12-23T07:17:07.895+0000: 23047.342: [scrub string table, 0.0005606 secs][1 CMS-remark: 148506K(161152K)] 197146K(233664K), 0.0228490 secs] [Times: user=0.04 sys=0.00, real=0.02 secs] 
2019-12-23T07:17:07.896+0000: 23047.343: [CMS-concurrent-sweep-start]
2019-12-23T07:17:07.908+0000: 23047.354: [CMS-concurrent-sweep: 0.012/0.012 secs] [Times: user=0.01 sys=0.00, real=0.01 secs] 
2019-12-23T07:17:07.908+0000: 23047.355: [CMS-concurrent-reset-start]
2019-12-23T07:17:07.922+0000: 23047.369: [CMS-concurrent-reset: 0.014/0.014 secs] [Times: user=0.02 sys=0.00, real=0.02 secs] 
2019-12-23T07:17:12.236+0000: 23051.683: [GC (Allocation Failure) 2019-12-23T07:17:12.236+0000: 23051.683: [ParNew: 70195K->5075K(72512K), 0.0030920 secs] 89617K->25449K(233664K), 0.0031638 secs] [Times: user=0.01 sys=0.00, real=0.01 secs] 
2019-12-23T07:17:25.058+0000: 23064.505: [GC (Allocation Failure) 2019-12-23T07:17:25.058+0000: 23064.505: [ParNew: 69587K->5798K(72512K), 0.0038855 secs] 89961K->27064K(233664K), 0.0039969 secs] [Times: user=0.01 sys=0.00, real=0.01 secs] 
2019-12-23T07:17:37.130+0000: 23076.577: [GC (Allocation Failure) 2019-12-23T07:17:37.130+0000: 23076.577: [ParNew: 70310K->5167K(72512K), 0.0030892 secs] 91576K->27476K(233664K), 0.0031562 secs] [Times: user=0.01 sys=0.00, real=0.01 secs] 
2019-12-23T07:17:44.135+0000: 23083.582: [GC (Allocation Failure) 2019-12-23T07:17:44.135+0000: 23083.582: [ParNew: 69679K->5678K(72512K), 0.0027762 secs] 91988K->28968K(233664K), 0.0028534 secs] [Times: user=0.01 sys=0.00, real=0.00 secs] 
2019-12-23T07:17:54.973+0000: 23094.420: [GC (Allocation Failure) 2019-12-23T07:17:54.973+0000: 23094.420: [ParNew: 70190K->5939K(72512K), 0.0029799 secs] 93480K->30180K(233664K), 0.0030698 secs] [Times: user=0.01 sys=0.00, real=0.00 secs] 
2019-12-23T07:18:04.646+0000: 23104.093: [GC (Allocation Failure) 2019-12-23T07:18:04.646+0000: 23104.093: [ParNew: 70451K->5848K(72512K), 0.0028187 secs] 94692K->31041K(233664K), 0.0029038 secs] [Times: user=0.01 sys=0.00, real=0.00 secs] 
2019-12-23T07:18:16.992+0000: 23116.438: [GC (Allocation Failure) 2019-12-23T07:18:16.992+0000: 23116.439: [ParNew: 70360K->5864K(72512K), 0.0029595 secs] 95553K->32009K(233664K), 0.0030328 secs] [Times: user=0.01 sys=0.00, real=0.00 secs] 
2019-12-23T07:18:23.685+0000: 23123.132: [GC (Allocation Failure) 2019-12-23T07:18:23.686+0000: 23123.132: [ParNew: 70376K->6603K(72512K), 0.0027661 secs] 96521K->33701K(233664K), 0.0028567 secs] [Times: user=0.01 sys=0.00, real=0.00 secs] 
2019-12-23T07:18:35.010+0000: 23134.457: [GC (Allocation Failure) 2019-12-23T07:18:35.011+0000: 23134.457: [ParNew: 71115K->5619K(72512K), 0.0027738 secs] 98213K->33541K(233664K), 0.0028643 secs] [Times: user=0.01 sys=0.00, real=0.00 secs] 
2019-12-23T07:18:45.773+0000: 23145.220: [GC (Allocation Failure) 2019-12-23T07:18:45.773+0000: 23145.220: [ParNew: 70131K->5540K(72512K), 0.0037315 secs] 98053K->34414K(233664K), 0.0038413 secs] [Times: user=0.01 sys=0.00, real=0.00 secs] 
2019-12-23T07:18:54.507+0000: 23153.954: [GC (Allocation Failure) 2019-12-23T07:18:54.507+0000: 23153.954: [ParNew: 70052K->5268K(72512K), 0.0029317 secs] 98926K->35094K(233664K), 0.0030128 secs] [Times: user=0.01 sys=0.00, real=0.00 secs] 
2019-12-23T07:19:06.134+0000: 23165.581: [GC (Allocation Failure) 2019-12-23T07:19:06.135+0000: 23165.581: [ParNew: 69780K->5275K(72512K), 0.0040997 secs] 99606K->36054K(233664K), 0.0041743 secs] [Times: user=0.00 sys=0.00, real=0.01 secs] 
2019-12-23T07:19:19.670+0000: 23179.117: [GC (Allocation Failure) 2019-12-23T07:19:19.670+0000: 23179.117: [ParNew: 69787K->6656K(72512K), 0.0031230 secs] 100566K->38386K(233664K), 0.0031963 secs] [Times: user=0.01 sys=0.00, real=0.01 secs] 
2019-12-23T07:19:24.157+0000: 23183.604: [GC (Allocation Failure) 2019-12-23T07:19:24.157+0000: 23183.604: [ParNew: 71168K->5751K(72512K), 0.0029465 secs] 102898K->38434K(233664K), 0.0030293 secs] [Times: user=0.01 sys=0.00, real=0.01 secs] 
2019-12-23T07:19:37.400+0000: 23196.847: [GC (Allocation Failure) 2019-12-23T07:19:37.400+0000: 23196.847: [ParNew: 70263K->5103K(72512K), 0.0027434 secs] 102946K->38729K(233664K), 0.0028164 secs] [Times: user=0.01 sys=0.00, real=0.00 secs] 
2019-12-23T07:19:45.843+0000: 23205.290: [GC (Allocation Failure) 2019-12-23T07:19:45.843+0000: 23205.290: [ParNew: 69615K->4746K(72512K), 0.0027992 secs] 103241K->39324K(233664K), 0.0028743 secs] [Times: user=0.00 sys=0.00, real=0.00 secs] 
2019-12-23T07:20:00.953+0000: 23220.399: [GC (Allocation Failure) 2019-12-23T07:20:00.953+0000: 23220.400: [ParNew: 69208K->4713K(72512K), 0.0027799 secs] 103785K->40242K(233664K), 0.0028673 secs] [Times: user=0.01 sys=0.00, real=0.00 secs] 
2019-12-23T07:20:11.578+0000: 23231.025: [GC (Allocation Failure) 2019-12-23T07:20:11.578+0000: 23231.025: [ParNew: 69225K->4766K(72512K), 0.0039876 secs] 104754K->41248K(233664K), 0.0040714 secs] [Times: user=0.01 sys=0.00, real=0.01 secs] 
2019-12-23T07:20:19.114+0000: 23238.561: [GC (Allocation Failure) 2019-12-23T07:20:19.114+0000: 23238.561: [ParNew: 69278K->4910K(72512K), 0.0029187 secs] 105760K->42345K(233664K), 0.0030044 secs] [Times: user=0.01 sys=0.00, real=0.00 secs] 
2019-12-23T07:20:32.741+0000: 23252.188: [GC (Allocation Failure) 2019-12-23T07:20:32.741+0000: 23252.188: [ParNew: 69422K->5199K(72512K), 0.0029518 secs] 106857K->43459K(233664K), 0.0030198 secs] [Times: user=0.01 sys=0.00, real=0.00 secs] 
2019-12-23T07:20:39.492+0000: 23258.939: [GC (Allocation Failure) 2019-12-23T07:20:39.492+0000: 23258.939: [ParNew: 69711K->5363K(72512K), 0.0028301 secs] 107971K->44708K(233664K), 0.0029050 secs] [Times: user=0.00 sys=0.00, real=0.00 secs] 
2019-12-23T07:20:51.484+0000: 23270.931: [GC (Allocation Failure) 2019-12-23T07:20:51.484+0000: 23270.931: [ParNew: 69875K->5108K(72512K), 0.0029611 secs] 109220K->45405K(233664K), 0.0030312 secs] [Times: user=0.00 sys=0.00, real=0.00 secs] 
2019-12-23T07:21:01.981+0000: 23281.427: [GC (Allocation Failure) 2019-12-23T07:21:01.981+0000: 23281.428: [ParNew: 69620K->6198K(72512K), 0.0028917 secs] 109917K->47446K(233664K), 0.0029758 secs] [Times: user=0.01 sys=0.00, real=0.00 secs] 
2019-12-23T07:21:10.711+0000: 23290.158: [GC (Allocation Failure) 2019-12-23T07:21:10.711+0000: 23290.158: [ParNew: 70710K->5097K(72512K), 0.0029766 secs] 111958K->47298K(233664K), 0.0030500 secs] [Times: user=0.01 sys=0.00, real=0.00 secs] 
2019-12-23T07:21:21.148+0000: 23300.595: [GC (Allocation Failure) 2019-12-23T07:21:21.148+0000: 23300.595: [ParNew: 69609K->4747K(72512K), 0.0029025 secs] 111810K->47900K(233664K), 0.0029818 secs] [Times: user=0.01 sys=0.00, real=0.01 secs] 
2019-12-23T07:21:32.967+0000: 23312.414: [GC (Allocation Failure) 2019-12-23T07:21:32.968+0000: 23312.414: [ParNew: 69259K->4987K(72512K), 0.0029220 secs] 112412K->48990K(233664K), 0.0030088 secs] [Times: user=0.01 sys=0.00, real=0.01 secs] 
2019-12-23T07:21:43.050+0000: 23322.497: [GC (Allocation Failure) 2019-12-23T07:21:43.050+0000: 23322.497: [ParNew: 69499K->5371K(72512K), 0.0029185 secs] 113502K->50327K(233664K), 0.0029957 secs] [Times: user=0.01 sys=0.00, real=0.01 secs] 
2019-12-23T07:21:54.986+0000: 23334.433: [GC (Allocation Failure) 2019-12-23T07:21:54.986+0000: 23334.433: [ParNew: 69883K->5427K(72512K), 0.0028436 secs] 114839K->51335K(233664K), 0.0029195 secs] [Times: user=0.01 sys=0.00, real=0.00 secs] 
2019-12-23T07:22:05.436+0000: 23344.883: [GC (Allocation Failure) 2019-12-23T07:22:05.436+0000: 23344.883: [ParNew: 69939K->5285K(72512K), 0.0029080 secs] 115847K->52172K(233664K), 0.0029934 secs] [Times: user=0.01 sys=0.00, real=0.01 secs] 
2019-12-23T07:22:17.585+0000: 23357.032: [GC (Allocation Failure) 2019-12-23T07:22:17.585+0000: 23357.032: [ParNew: 69797K->5338K(72512K), 0.0042254 secs] 116684K->53176K(233664K), 0.0043121 secs] [Times: user=0.01 sys=0.00, real=0.00 secs] 
2019-12-23T07:22:24.906+0000: 23364.353: [GC (Allocation Failure) 2019-12-23T07:22:24.906+0000: 23364.353: [ParNew: 69850K->5012K(72512K), 0.0029921 secs] 117688K->53803K(233664K), 0.0030679 secs] [Times: user=0.01 sys=0.00, real=0.00 secs] 
2019-12-23T07:22:37.269+0000: 23376.716: [GC (Allocation Failure) 2019-12-23T07:22:37.269+0000: 23376.716: [ParNew: 69524K->5000K(72512K), 0.0028920 secs] 118315K->54743K(233664K), 0.0029625 secs] [Times: user=0.01 sys=0.00, real=0.01 secs] 
2019-12-23T07:22:44.698+0000: 23384.145: [GC (Allocation Failure) 2019-12-23T07:22:44.698+0000: 23384.145: [ParNew: 69512K->5393K(72512K), 0.0027940 secs] 119255K->56088K(233664K), 0.0028687 secs] [Times: user=0.01 sys=0.00, real=0.01 secs] 
2019-12-23T07:23:01.298+0000: 23400.745: [GC (Allocation Failure) 2019-12-23T07:23:01.298+0000: 23400.745: [ParNew: 69905K->5629K(72512K), 0.0029875 secs] 120600K->57275K(233664K), 0.0030846 secs] [Times: user=0.00 sys=0.00, real=0.01 secs] 
2019-12-23T07:23:07.155+0000: 23406.602: [GC (Allocation Failure) 2019-12-23T07:23:07.155+0000: 23406.602: [ParNew: 70141K->5428K(72512K), 0.0030474 secs] 121787K->58027K(233664K), 0.0031220 secs] [Times: user=0.01 sys=0.00, real=0.00 secs] 
2019-12-23T07:23:20.076+0000: 23419.523: [GC (Allocation Failure) 2019-12-23T07:23:20.076+0000: 23419.523: [ParNew: 69940K->5966K(72512K), 0.0030740 secs] 122539K->59544K(233664K), 0.0031592 secs] [Times: user=0.00 sys=0.00, real=0.01 secs] 
2019-12-23T07:23:26.502+0000: 23425.949: [GC (Allocation Failure) 2019-12-23T07:23:26.502+0000: 23425.949: [ParNew: 70478K->6124K(72512K), 0.0031182 secs] 124056K->60654K(233664K), 0.0031982 secs] [Times: user=0.01 sys=0.00, real=0.00 secs] 
2019-12-23T07:23:38.566+0000: 23438.012: [GC (Allocation Failure) 2019-12-23T07:23:38.566+0000: 23438.013: [ParNew: 70636K->6485K(72512K), 0.0033136 secs] 125166K->61839K(233664K), 0.0033885 secs] [Times: user=0.01 sys=0.00, real=0.00 secs] 
2019-12-23T07:23:50.426+0000: 23449.873: [GC (Allocation Failure) 2019-12-23T07:23:50.426+0000: 23449.873: [ParNew: 70997K->6769K(72512K), 0.0028990 secs] 126351K->63075K(233664K), 0.0029788 secs] [Times: user=0.00 sys=0.01, real=0.00 secs] 
2019-12-23T07:24:01.157+0000: 23460.604: [GC (Allocation Failure) 2019-12-23T07:24:01.157+0000: 23460.604: [ParNew: 71281K->5667K(72512K), 0.0028627 secs] 127587K->62929K(233664K), 0.0029555 secs] [Times: user=0.01 sys=0.00, real=0.01 secs] 
2019-12-23T07:24:14.128+0000: 23473.575: [GC (Allocation Failure) 2019-12-23T07:24:14.128+0000: 23473.575: [ParNew: 70179K->5716K(72512K), 0.0029385 secs] 127441K->63931K(233664K), 0.0030232 secs] [Times: user=0.01 sys=0.00, real=0.01 secs] 
2019-12-23T07:24:28.251+0000: 23487.698: [GC (Allocation Failure) 2019-12-23T07:24:28.251+0000: 23487.698: [ParNew: 70228K->5260K(72512K), 0.0026533 secs] 128443K->64426K(233664K), 0.0027240 secs] [Times: user=0.00 sys=0.00, real=0.00 secs] 
2019-12-23T07:24:32.086+0000: 23491.533: [GC (Allocation Failure) 2019-12-23T07:24:32.086+0000: 23491.533: [ParNew: 69772K->5520K(72512K), 0.0027016 secs] 128938K->65638K(233664K), 0.0027937 secs] [Times: user=0.01 sys=0.00, real=0.00 secs] 
2019-12-23T07:24:49.956+0000: 23509.403: [GC (Allocation Failure) 2019-12-23T07:24:49.956+0000: 23509.403: [ParNew: 70032K->5522K(72512K), 0.0032081 secs] 130150K->66592K(233664K), 0.0032850 secs] [Times: user=0.01 sys=0.00, real=0.01 secs] 
2019-12-23T07:24:54.442+0000: 23513.889: [GC (Allocation Failure) 2019-12-23T07:24:54.442+0000: 23513.889: [ParNew: 70034K->5339K(72512K), 0.0028952 secs] 131104K->67362K(233664K), 0.0029675 secs] [Times: user=0.01 sys=0.00, real=0.00 secs] 
2019-12-23T07:25:08.527+0000: 23527.974: [GC (Allocation Failure) 2019-12-23T07:25:08.527+0000: 23527.974: [ParNew: 69851K->5884K(72512K), 0.0029505 secs] 131874K->68859K(233664K), 0.0030253 secs] [Times: user=0.01 sys=0.00, real=0.00 secs] 
2019-12-23T07:25:20.168+0000: 23539.615: [GC (Allocation Failure) 2019-12-23T07:25:20.168+0000: 23539.615: [ParNew: 70396K->4377K(72512K), 0.0025681 secs] 133371K->67484K(233664K), 0.0026464 secs] [Times: user=0.00 sys=0.00, real=0.01 secs] 
2019-12-23T07:25:27.765+0000: 23547.212: [GC (Allocation Failure) 2019-12-23T07:25:27.765+0000: 23547.212: [ParNew: 68889K->3761K(72512K), 0.0027382 secs] 131996K->66867K(233664K), 0.0028134 secs] [Times: user=0.01 sys=0.00, real=0.00 secs] 
2019-12-23T07:25:45.350+0000: 23564.797: [GC (Allocation Failure) 2019-12-23T07:25:45.351+0000: 23564.797: [ParNew: 68273K->5005K(72512K), 0.0028370 secs] 131379K->68111K(233664K), 0.0029430 secs] [Times: user=0.00 sys=0.00, real=0.01 secs] 
2019-12-23T07:25:46.364+0000: 23565.811: [GC (Allocation Failure) 2019-12-23T07:25:46.364+0000: 23565.811: [ParNew: 69517K->4909K(72512K), 0.0028587 secs] 132623K->68644K(233664K), 0.0029273 secs] [Times: user=0.01 sys=0.00, real=0.00 secs] 
2019-12-23T07:26:04.619+0000: 23584.065: [GC (Allocation Failure) 2019-12-23T07:26:04.619+0000: 23584.066: [ParNew: 69421K->5485K(72512K), 0.0031920 secs] 133156K->70201K(233664K), 0.0032892 secs] [Times: user=0.00 sys=0.00, real=0.00 secs] 
2019-12-23T07:26:12.285+0000: 23591.732: [GC (Allocation Failure) 2019-12-23T07:26:12.285+0000: 23591.732: [ParNew: 69997K->4779K(72512K), 0.0030204 secs] 134713K->70446K(233664K), 0.0031055 secs] [Times: user=0.01 sys=0.00, real=0.00 secs] 
2019-12-23T07:26:24.568+0000: 23604.015: [GC (Allocation Failure) 2019-12-23T07:26:24.568+0000: 23604.015: [ParNew: 69291K->4542K(72512K), 0.0026659 secs] 134958K->71161K(233664K), 0.0027449 secs] [Times: user=0.01 sys=0.00, real=0.01 secs] 
2019-12-23T07:26:38.711+0000: 23618.158: [GC (Allocation Failure) 2019-12-23T07:26:38.711+0000: 23618.158: [ParNew: 69054K->5447K(72512K), 0.0027515 secs] 135673K->73154K(233664K), 0.0028266 secs] [Times: user=0.01 sys=0.00, real=0.00 secs] 
2019-12-23T07:26:43.585+0000: 23623.032: [GC (Allocation Failure) 2019-12-23T07:26:43.585+0000: 23623.032: [ParNew: 69959K->4852K(72512K), 0.0027487 secs] 137666K->73339K(233664K), 0.0028295 secs] [Times: user=0.00 sys=0.00, real=0.00 secs] 
2019-12-23T07:26:59.399+0000: 23638.846: [GC (Allocation Failure) 2019-12-23T07:26:59.399+0000: 23638.846: [ParNew: 69364K->5241K(72512K), 0.0027027 secs] 137851K->74681K(233664K), 0.0027764 secs] [Times: user=0.01 sys=0.00, real=0.00 secs] 
2019-12-23T07:27:13.669+0000: 23653.116: [GC (Allocation Failure) 2019-12-23T07:27:13.669+0000: 23653.116: [ParNew: 69753K->5352K(72512K), 0.0031280 secs] 139193K->75744K(233664K), 0.0032234 secs] [Times: user=0.01 sys=0.00, real=0.01 secs] 
2019-12-23T07:27:18.340+0000: 23657.787: [GC (Allocation Failure) 2019-12-23T07:27:18.340+0000: 23657.787: [ParNew: 69864K->5062K(72512K), 0.0028987 secs] 140256K->76533K(233664K), 0.0029906 secs] [Times: user=0.01 sys=0.00, real=0.00 secs] 
2019-12-23T07:27:31.944+0000: 23671.390: [GC (Allocation Failure) 2019-12-23T07:27:31.944+0000: 23671.391: [ParNew: 69574K->5268K(72512K), 0.0027999 secs] 141045K->77697K(233664K), 0.0028970 secs] [Times: user=0.01 sys=0.00, real=0.00 secs] 
2019-12-23T07:27:43.408+0000: 23682.855: [GC (Allocation Failure) 2019-12-23T07:27:43.408+0000: 23682.855: [ParNew: 69780K->6258K(72512K), 0.0028271 secs] 142209K->79639K(233664K), 0.0028972 secs] [Times: user=0.01 sys=0.00, real=0.01 secs] 
2019-12-23T07:27:53.600+0000: 23693.047: [GC (Allocation Failure) 2019-12-23T07:27:53.600+0000: 23693.047: [ParNew: 70770K->5099K(72512K), 0.0029204 secs] 144151K->79432K(233664K), 0.0029986 secs] [Times: user=0.01 sys=0.00, real=0.00 secs] 
2019-12-23T07:28:05.790+0000: 23705.236: [GC (Allocation Failure) 2019-12-23T07:28:05.790+0000: 23705.236: [ParNew: 69611K->5860K(72512K), 0.0028079 secs] 143944K->81145K(233664K), 0.0028773 secs] [Times: user=0.01 sys=0.00, real=0.01 secs] 
2019-12-23T07:28:12.276+0000: 23711.723: [GC (Allocation Failure) 2019-12-23T07:28:12.276+0000: 23711.723: [ParNew: 70372K->4787K(72512K), 0.0028615 secs] 145657K->81023K(233664K), 0.0029299 secs] [Times: user=0.01 sys=0.00, real=0.01 secs] 
2019-12-23T07:28:23.266+0000: 23722.713: [GC (Allocation Failure) 2019-12-23T07:28:23.267+0000: 23722.713: [ParNew: 69299K->5117K(72512K), 0.0027345 secs] 145535K->82305K(233664K), 0.0028091 secs] [Times: user=0.01 sys=0.00, real=0.00 secs] 
2019-12-23T07:28:36.322+0000: 23735.769: [GC (Allocation Failure) 2019-12-23T07:28:36.323+0000: 23735.769: [ParNew: 69629K->5475K(72512K), 0.0028889 secs] 146817K->83615K(233664K), 0.0029743 secs] [Times: user=0.00 sys=0.00, real=0.00 secs] 
2019-12-23T07:28:48.527+0000: 23747.974: [GC (Allocation Failure) 2019-12-23T07:28:48.527+0000: 23747.974: [ParNew: 69987K->5000K(72512K), 0.0027557 secs] 148127K->84093K(233664K), 0.0028313 secs] [Times: user=0.01 sys=0.00, real=0.00 secs] 
2019-12-23T07:29:03.221+0000: 23762.668: [GC (Allocation Failure) 2019-12-23T07:29:03.221+0000: 23762.668: [ParNew: 69512K->5047K(72512K), 0.0030924 secs] 148605K->84991K(233664K), 0.0031977 secs] [Times: user=0.01 sys=0.00, real=0.00 secs] 
2019-12-23T07:29:06.676+0000: 23766.123: [GC (Allocation Failure) 2019-12-23T07:29:06.676+0000: 23766.123: [ParNew: 69559K->5664K(72512K), 0.0031527 secs] 149503K->86559K(233664K), 0.0032585 secs] [Times: user=0.01 sys=0.00, real=0.01 secs] 
2019-12-23T07:29:23.402+0000: 23782.849: [GC (Allocation Failure) 2019-12-23T07:29:23.402+0000: 23782.849: [ParNew: 70176K->6690K(72512K), 0.0032184 secs] 151071K->88537K(233664K), 0.0032925 secs] [Times: user=0.01 sys=0.00, real=0.00 secs] 
2019-12-23T07:29:29.853+0000: 23789.300: [GC (Allocation Failure) 2019-12-23T07:29:29.853+0000: 23789.300: [ParNew: 71202K->6638K(72512K), 0.0030972 secs] 153049K->89436K(233664K), 0.0031712 secs] [Times: user=0.01 sys=0.00, real=0.00 secs] 
2019-12-23T07:29:44.605+0000: 23804.052: [GC (Allocation Failure) 2019-12-23T07:29:44.605+0000: 23804.052: [ParNew: 71150K->6030K(72512K), 0.0028754 secs] 153948K->89781K(233664K), 0.0029737 secs] [Times: user=0.01 sys=0.00, real=0.00 secs] 
2019-12-23T07:29:56.102+0000: 23815.549: [GC (Allocation Failure) 2019-12-23T07:29:56.102+0000: 23815.549: [ParNew: 70542K->6063K(72512K), 0.0028727 secs] 154293K->90765K(233664K), 0.0029557 secs] [Times: user=0.01 sys=0.00, real=0.00 secs] 
2019-12-23T07:30:07.843+0000: 23827.290: [GC (Allocation Failure) 2019-12-23T07:30:07.843+0000: 23827.290: [ParNew: 70575K->6070K(72512K), 0.0028792 secs] 155277K->91724K(233664K), 0.0029496 secs] [Times: user=0.01 sys=0.00, real=0.00 secs] 
2019-12-23T07:30:16.218+0000: 23835.665: [GC (Allocation Failure) 2019-12-23T07:30:16.218+0000: 23835.665: [ParNew: 70582K->5311K(72512K), 0.0040966 secs] 156236K->91917K(233664K), 0.0041875 secs] [Times: user=0.01 sys=0.00, real=0.01 secs] 
2019-12-23T07:30:26.960+0000: 23846.407: [GC (Allocation Failure) 2019-12-23T07:30:26.960+0000: 23846.407: [ParNew: 69823K->5885K(72512K), 0.0027179 secs] 156429K->93442K(233664K), 0.0028116 secs] [Times: user=0.01 sys=0.01, real=0.00 secs] 
2019-12-23T07:30:36.186+0000: 23855.633: [GC (Allocation Failure) 2019-12-23T07:30:36.186+0000: 23855.633: [ParNew: 70397K->6568K(72512K), 0.0028403 secs] 157954K->95078K(233664K), 0.0029140 secs] [Times: user=0.01 sys=0.00, real=0.00 secs] 
2019-12-23T07:30:47.873+0000: 23867.319: [GC (Allocation Failure) 2019-12-23T07:30:47.873+0000: 23867.320: [ParNew: 71080K->5252K(72512K), 0.0028269 secs] 159590K->94715K(233664K), 0.0029158 secs] [Times: user=0.01 sys=0.00, real=0.00 secs] 
2019-12-23T07:31:00.229+0000: 23879.676: [GC (Allocation Failure) 2019-12-23T07:31:00.229+0000: 23879.676: [ParNew: 69764K->5469K(72512K), 0.0029961 secs] 159227K->95884K(233664K), 0.0030870 secs] [Times: user=0.01 sys=0.00, real=0.01 secs] 
2019-12-23T07:31:09.024+0000: 23888.471: [GC (Allocation Failure) 2019-12-23T07:31:09.024+0000: 23888.471: [ParNew: 69981K->4952K(72512K), 0.0029002 secs] 160396K->96318K(233664K), 0.0029734 secs] [Times: user=0.00 sys=0.00, real=0.00 secs] 
2019-12-23T07:31:21.355+0000: 23900.802: [GC (Allocation Failure) 2019-12-23T07:31:21.355+0000: 23900.802: [ParNew: 69464K->5281K(72512K), 0.0039576 secs] 160830K->97734K(233664K), 0.0040285 secs] [Times: user=0.01 sys=0.00, real=0.01 secs] 
2019-12-23T07:31:31.837+0000: 23911.284: [GC (Allocation Failure) 2019-12-23T07:31:31.837+0000: 23911.284: [ParNew: 69793K->5041K(72512K), 0.0028957 secs] 162246K->98447K(233664K), 0.0029695 secs] [Times: user=0.01 sys=0.00, real=0.01 secs] 
2019-12-23T07:31:43.544+0000: 23922.991: [GC (Allocation Failure) 2019-12-23T07:31:43.544+0000: 23922.991: [ParNew: 69553K->5039K(72512K), 0.0029247 secs] 162959K->99396K(233664K), 0.0030041 secs] [Times: user=0.01 sys=0.00, real=0.00 secs] 
2019-12-23T07:31:52.099+0000: 23931.546: [GC (Allocation Failure) 2019-12-23T07:31:52.099+0000: 23931.546: [ParNew: 69551K->4778K(72512K), 0.0027812 secs] 163908K->100050K(233664K), 0.0028538 secs] [Times: user=0.01 sys=0.00, real=0.00 secs] 
2019-12-23T07:32:00.903+0000: 23940.350: [GC (Allocation Failure) 2019-12-23T07:32:00.903+0000: 23940.350: [ParNew: 69290K->5465K(72512K), 0.0028579 secs] 164562K->101689K(233664K), 0.0029302 secs] [Times: user=0.01 sys=0.00, real=0.00 secs] 
2019-12-23T07:32:13.125+0000: 23952.572: [GC (Allocation Failure) 2019-12-23T07:32:13.125+0000: 23952.572: [ParNew: 69977K->5411K(72512K), 0.0027562 secs] 166201K->102587K(233664K), 0.0028306 secs] [Times: user=0.01 sys=0.00, real=0.00 secs] 
2019-12-23T07:32:26.586+0000: 23966.033: [GC (Allocation Failure) 2019-12-23T07:32:26.586+0000: 23966.033: [ParNew: 69923K->5195K(72512K), 0.0027421 secs] 167099K->103322K(233664K), 0.0028541 secs] [Times: user=0.00 sys=0.00, real=0.00 secs] 
2019-12-23T07:32:33.611+0000: 23973.058: [GC (Allocation Failure) 2019-12-23T07:32:33.611+0000: 23973.058: [ParNew: 69707K->4982K(72512K), 0.0028464 secs] 167834K->104089K(233664K), 0.0029207 secs] [Times: user=0.01 sys=0.00, real=0.00 secs] 
2019-12-23T07:32:46.134+0000: 23985.581: [GC (Allocation Failure) 2019-12-23T07:32:46.134+0000: 23985.581: [ParNew: 69494K->5012K(72512K), 0.0028462 secs] 168601K->105071K(233664K), 0.0029184 secs] [Times: user=0.01 sys=0.00, real=0.00 secs] 
2019-12-23T07:32:51.988+0000: 23991.435: [GC (Allocation Failure) 2019-12-23T07:32:51.988+0000: 23991.435: [ParNew: 69524K->6131K(72512K), 0.0029572 secs] 169583K->107014K(233664K), 0.0030358 secs] [Times: user=0.00 sys=0.00, real=0.01 secs] 
2019-12-23T07:33:06.591+0000: 24006.038: [GC (Allocation Failure) 2019-12-23T07:33:06.591+0000: 24006.038: [ParNew: 70643K->5162K(72512K), 0.0030201 secs] 171526K->107024K(233664K), 0.0031063 secs] [Times: user=0.01 sys=0.00, real=0.00 secs] 
2019-12-23T07:33:19.507+0000: 24018.954: [GC (Allocation Failure) 2019-12-23T07:33:19.507+0000: 24018.954: [ParNew: 69674K->5804K(72512K), 0.0029610 secs] 171536K->108618K(233664K), 0.0030365 secs] [Times: user=0.01 sys=0.00, real=0.00 secs] 
2019-12-23T07:33:31.782+0000: 24031.229: [GC (Allocation Failure) 2019-12-23T07:33:31.782+0000: 24031.229: [ParNew: 70316K->5782K(72512K), 0.0028794 secs] 173130K->109548K(233664K), 0.0029531 secs] [Times: user=0.01 sys=0.00, real=0.00 secs] 
2019-12-23T07:33:40.604+0000: 24040.051: [GC (Allocation Failure) 2019-12-23T07:33:40.604+0000: 24040.051: [ParNew: 70294K->5451K(72512K), 0.0029887 secs] 174060K->110169K(233664K), 0.0030817 secs] [Times: user=0.01 sys=0.00, real=0.00 secs] 
2019-12-23T07:33:56.016+0000: 24055.463: [GC (Allocation Failure) 2019-12-23T07:33:56.016+0000: 24055.463: [ParNew: 69963K->6079K(72512K), 0.0033543 secs] 174681K->111749K(233664K), 0.0034482 secs] [Times: user=0.01 sys=0.00, real=0.01 secs] 
2019-12-23T07:33:59.080+0000: 24058.527: [GC (Allocation Failure) 2019-12-23T07:33:59.080+0000: 24058.527: [ParNew: 70591K->6099K(72512K), 0.0029376 secs] 176261K->112720K(233664K), 0.0030137 secs] [Times: user=0.01 sys=0.00, real=0.00 secs] 
2019-12-23T07:34:13.803+0000: 24073.250: [GC (Allocation Failure) 2019-12-23T07:34:13.803+0000: 24073.250: [ParNew: 70611K->5160K(72512K), 0.0041922 secs] 177232K->112734K(233664K), 0.0042851 secs] [Times: user=0.01 sys=0.00, real=0.00 secs] 
2019-12-23T07:34:23.320+0000: 24082.767: [GC (Allocation Failure) 2019-12-23T07:34:23.320+0000: 24082.767: [ParNew: 69672K->6016K(72512K), 0.0029876 secs] 177246K->114541K(233664K), 0.0030751 secs] [Times: user=0.00 sys=0.00, real=0.00 secs] 
2019-12-23T07:34:34.613+0000: 24094.060: [GC (Allocation Failure) 2019-12-23T07:34:34.613+0000: 24094.060: [ParNew: 70528K->6054K(72512K), 0.0028972 secs] 179053K->115532K(233664K), 0.0029829 secs] [Times: user=0.01 sys=0.00, real=0.00 secs] 
2019-12-23T07:34:48.150+0000: 24107.597: [GC (Allocation Failure) 2019-12-23T07:34:48.150+0000: 24107.597: [ParNew: 70566K->6836K(72512K), 0.0036375 secs] 180044K->117265K(233664K), 0.0037444 secs] [Times: user=0.01 sys=0.00, real=0.01 secs] 
2019-12-23T07:35:02.678+0000: 24122.125: [GC (Allocation Failure) 2019-12-23T07:35:02.678+0000: 24122.125: [ParNew: 71348K->5491K(72512K), 0.0031539 secs] 181777K->116872K(233664K), 0.0032446 secs] [Times: user=0.00 sys=0.01, real=0.01 secs] 
2019-12-23T07:35:12.000+0000: 24131.447: [GC (Allocation Failure) 2019-12-23T07:35:12.000+0000: 24131.447: [ParNew: 70003K->6751K(72512K), 0.0030699 secs] 181384K->119084K(233664K), 0.0031640 secs] [Times: user=0.01 sys=0.00, real=0.00 secs] 
2019-12-23T07:35:25.240+0000: 24144.687: [GC (Allocation Failure) 2019-12-23T07:35:25.240+0000: 24144.687: [ParNew: 71263K->4343K(72512K), 0.0027246 secs] 183596K->116677K(233664K), 0.0028126 secs] [Times: user=0.01 sys=0.00, real=0.00 secs] 
2019-12-23T07:35:33.197+0000: 24152.644: [GC (Allocation Failure) 2019-12-23T07:35:33.197+0000: 24152.644: [ParNew: 68855K->4206K(72512K), 0.0025676 secs] 181189K->116541K(233664K), 0.0026548 secs] [Times: user=0.01 sys=0.00, real=0.01 secs] 
2019-12-23T07:35:47.253+0000: 24166.700: [GC (Allocation Failure) 2019-12-23T07:35:47.253+0000: 24166.700: [ParNew: 68718K->5396K(72512K), 0.0029084 secs] 181053K->117731K(233664K), 0.0030088 secs] [Times: user=0.01 sys=0.00, real=0.00 secs] 
2019-12-23T07:35:54.295+0000: 24173.742: [GC (Allocation Failure) 2019-12-23T07:35:54.295+0000: 24173.742: [ParNew: 69908K->5278K(72512K), 0.0030952 secs] 182243K->118637K(233664K), 0.0032160 secs] [Times: user=0.01 sys=0.00, real=0.00 secs] 
2019-12-23T07:36:06.380+0000: 24185.827: [GC (Allocation Failure) 2019-12-23T07:36:06.380+0000: 24185.827: [ParNew: 69790K->5310K(72512K), 0.0030309 secs] 183149K->119647K(233664K), 0.0031106 secs] [Times: user=0.01 sys=0.00, real=0.00 secs] 
2019-12-23T07:36:12.393+0000: 24191.840: [GC (Allocation Failure) 2019-12-23T07:36:12.393+0000: 24191.840: [ParNew: 69822K->5483K(72512K), 0.0032657 secs] 184159K->120773K(233664K), 0.0033488 secs] [Times: user=0.01 sys=0.00, real=0.00 secs] 
2019-12-23T07:36:25.262+0000: 24204.709: [GC (Allocation Failure) 2019-12-23T07:36:25.262+0000: 24204.709: [ParNew: 69995K->4988K(72512K), 0.0040744 secs] 185285K->121230K(233664K), 0.0041564 secs] [Times: user=0.01 sys=0.00, real=0.00 secs] 
2019-12-23T07:36:39.107+0000: 24218.554: [GC (Allocation Failure) 2019-12-23T07:36:39.107+0000: 24218.554: [ParNew: 69500K->5652K(72512K), 0.0044073 secs] 185742K->122846K(233664K), 0.0044853 secs] [Times: user=0.01 sys=0.00, real=0.01 secs] 
2019-12-23T07:36:48.590+0000: 24228.037: [GC (Allocation Failure) 2019-12-23T07:36:48.590+0000: 24228.037: [ParNew: 70149K->6163K(72512K), 0.0030291 secs] 187343K->124336K(233664K), 0.0031167 secs] [Times: user=0.01 sys=0.00, real=0.01 secs] 
2019-12-23T07:37:05.274+0000: 24244.721: [GC (Allocation Failure) 2019-12-23T07:37:05.274+0000: 24244.721: [ParNew: 70675K->4844K(72512K), 0.0061838 secs] 188848K->123969K(233664K), 0.0062825 secs] [Times: user=0.01 sys=0.00, real=0.01 secs] 
2019-12-23T07:37:09.792+0000: 24249.239: [GC (Allocation Failure) 2019-12-23T07:37:09.792+0000: 24249.239: [ParNew: 69356K->4829K(72512K), 0.0033345 secs] 188481K->124906K(233664K), 0.0034183 secs] [Times: user=0.01 sys=0.00, real=0.00 secs] 
2019-12-23T07:37:28.066+0000: 24267.513: [GC (Allocation Failure) 2019-12-23T07:37:28.066+0000: 24267.513: [ParNew: 69341K->4803K(72512K), 0.0030542 secs] 189418K->125859K(233664K), 0.0031371 secs] [Times: user=0.01 sys=0.00, real=0.00 secs] 
2019-12-23T07:37:35.098+0000: 24274.545: [GC (Allocation Failure) 2019-12-23T07:37:35.099+0000: 24274.545: [ParNew: 69315K->6068K(72512K), 0.0030967 secs] 190371K->128212K(233664K), 0.0032068 secs] [Times: user=0.01 sys=0.00, real=0.01 secs] 
2019-12-23T07:37:48.936+0000: 24288.383: [GC (Allocation Failure) 2019-12-23T07:37:48.936+0000: 24288.383: [ParNew: 70580K->4813K(72512K), 0.0035402 secs] 192724K->127910K(233664K), 0.0036295 secs] [Times: user=0.01 sys=0.00, real=0.01 secs] 
2019-12-23T07:38:04.084+0000: 24303.531: [GC (Allocation Failure) 2019-12-23T07:38:04.084+0000: 24303.531: [ParNew: 69325K->5724K(72512K), 0.0029775 secs] 192422K->129636K(233664K), 0.0030561 secs] [Times: user=0.01 sys=0.00, real=0.00 secs] 
2019-12-23T07:38:16.776+0000: 24316.223: [GC (Allocation Failure) 2019-12-23T07:38:16.776+0000: 24316.223: [ParNew: 70236K->4558K(72512K), 0.0028881 secs] 194148K->129557K(233664K), 0.0029708 secs] [Times: user=0.01 sys=0.00, real=0.01 secs] 
2019-12-23T07:38:24.521+0000: 24323.968: [GC (Allocation Failure) 2019-12-23T07:38:24.521+0000: 24323.968: [ParNew: 69070K->4897K(72512K), 0.0027893 secs] 194069K->130849K(233664K), 0.0028742 secs] [Times: user=0.01 sys=0.00, real=0.00 secs] 
2019-12-23T07:38:39.710+0000: 24339.157: [GC (Allocation Failure) 2019-12-23T07:38:39.710+0000: 24339.157: [ParNew: 69409K->5073K(72512K), 0.0031382 secs] 195361K->131977K(233664K), 0.0032105 secs] [Times: user=0.01 sys=0.00, real=0.01 secs] 
2019-12-23T07:38:41.914+0000: 24341.361: [GC (Allocation Failure) 2019-12-23T07:38:41.914+0000: 24341.361: [ParNew: 69585K->4921K(72512K), 0.0029589 secs] 196489K->132776K(233664K), 0.0030394 secs] [Times: user=0.01 sys=0.00, real=0.00 secs] 
2019-12-23T07:38:54.973+0000: 24354.420: [GC (Allocation Failure) 2019-12-23T07:38:54.973+0000: 24354.420: [ParNew: 69433K->4823K(72512K), 0.0031029 secs] 197288K->133657K(233664K), 0.0032071 secs] [Times: user=0.01 sys=0.00, real=0.00 secs] 
2019-12-23T07:39:05.559+0000: 24365.006: [GC (Allocation Failure) 2019-12-23T07:39:05.559+0000: 24365.006: [ParNew: 69335K->5766K(72512K), 0.0030325 secs] 198169K->135424K(233664K), 0.0031132 secs] [Times: user=0.00 sys=0.01, real=0.00 secs] 
2019-12-23T07:39:18.398+0000: 24377.845: [GC (Allocation Failure) 2019-12-23T07:39:18.398+0000: 24377.845: [ParNew: 70278K->5674K(72512K), 0.0030798 secs] 199936K->136284K(233664K), 0.0031633 secs] [Times: user=0.01 sys=0.00, real=0.01 secs] 
2019-12-23T07:39:24.625+0000: 24384.072: [GC (Allocation Failure) 2019-12-23T07:39:24.625+0000: 24384.072: [ParNew: 70186K->5923K(72512K), 0.0030279 secs] 200796K->137486K(233664K), 0.0031046 secs] [Times: user=0.01 sys=0.00, real=0.00 secs] 
2019-12-23T07:39:35.835+0000: 24395.282: [GC (Allocation Failure) 2019-12-23T07:39:35.835+0000: 24395.282: [ParNew: 70435K->7310K(72512K), 0.0043596 secs] 201998K->139824K(233664K), 0.0044371 secs] [Times: user=0.01 sys=0.00, real=0.01 secs] 
2019-12-23T07:39:44.426+0000: 24403.873: [GC (Allocation Failure) 2019-12-23T07:39:44.426+0000: 24403.873: [ParNew: 71822K->5616K(72512K), 0.0034100 secs] 204336K->139082K(233664K), 0.0034964 secs] [Times: user=0.01 sys=0.00, real=0.00 secs] 
2019-12-23T07:39:56.036+0000: 24415.483: [GC (Allocation Failure) 2019-12-23T07:39:56.036+0000: 24415.483: [ParNew: 70128K->5196K(72512K), 0.0032403 secs] 203594K->139614K(233664K), 0.0033280 secs] [Times: user=0.01 sys=0.00, real=0.01 secs] 
2019-12-23T07:40:07.530+0000: 24426.977: [GC (Allocation Failure) 2019-12-23T07:40:07.530+0000: 24426.977: [ParNew: 69708K->5901K(72512K), 0.0040842 secs] 204126K->141431K(233664K), 0.0041627 secs] [Times: user=0.01 sys=0.00, real=0.01 secs] 
2019-12-23T07:40:18.928+0000: 24438.374: [GC (Allocation Failure) 2019-12-23T07:40:18.928+0000: 24438.374: [ParNew: 70413K->5293K(72512K), 0.0029276 secs] 205943K->141775K(233664K), 0.0030138 secs] [Times: user=0.01 sys=0.01, real=0.01 secs] 
2019-12-23T07:40:25.494+0000: 24444.941: [GC (Allocation Failure) 2019-12-23T07:40:25.494+0000: 24444.941: [ParNew: 69805K->5592K(72512K), 0.0029155 secs] 206287K->143027K(233664K), 0.0029944 secs] [Times: user=0.01 sys=0.00, real=0.00 secs] 
2019-12-23T07:40:40.535+0000: 24459.982: [GC (Allocation Failure) 2019-12-23T07:40:40.535+0000: 24459.982: [ParNew: 70104K->5181K(72512K), 0.0029093 secs] 207539K->143567K(233664K), 0.0029907 secs] [Times: user=0.01 sys=0.00, real=0.00 secs] 
2019-12-23T07:40:45.083+0000: 24464.530: [GC (Allocation Failure) 2019-12-23T07:40:45.083+0000: 24464.530: [ParNew: 69693K->5025K(72512K), 0.0035631 secs] 208079K->144363K(233664K), 0.0036500 secs] [Times: user=0.01 sys=0.00, real=0.00 secs] 
2019-12-23T07:40:58.610+0000: 24478.057: [GC (Allocation Failure) 2019-12-23T07:40:58.610+0000: 24478.057: [ParNew: 69537K->4781K(72512K), 0.0030386 secs] 208875K->145070K(233664K), 0.0031225 secs] [Times: user=0.01 sys=0.00, real=0.01 secs] 
2019-12-23T07:41:04.118+0000: 24483.565: [GC (Allocation Failure) 2019-12-23T07:41:04.118+0000: 24483.565: [ParNew: 69293K->5738K(72512K), 0.0033531 secs] 209582K->146880K(233664K), 0.0034385 secs] [Times: user=0.01 sys=0.00, real=0.01 secs] 
2019-12-23T07:41:16.776+0000: 24496.223: [GC (Allocation Failure) 2019-12-23T07:41:16.776+0000: 24496.223: [ParNew: 70250K->5741K(72512K), 0.0031103 secs] 211392K->147862K(233664K), 0.0031916 secs] [Times: user=0.00 sys=0.00, real=0.01 secs] 
2019-12-23T07:41:26.648+0000: 24506.095: [GC (Allocation Failure) 2019-12-23T07:41:26.648+0000: 24506.095: [ParNew: 70253K->5529K(72512K), 0.0028804 secs] 212374K->148602K(233664K), 0.0029536 secs] [Times: user=0.01 sys=0.00, real=0.01 secs] 
2019-12-23T07:41:35.462+0000: 24514.909: [GC (Allocation Failure) 2019-12-23T07:41:35.463+0000: 24514.909: [ParNew: 70041K->5949K(72512K), 0.0055151 secs] 213114K->149973K(233664K), 0.0056342 secs] [Times: user=0.01 sys=0.00, real=0.00 secs] 
2019-12-23T07:41:50.743+0000: 24530.190: [GC (Allocation Failure) 2019-12-23T07:41:50.743+0000: 24530.190: [ParNew: 70461K->5368K(72512K), 0.0032797 secs] 214485K->150344K(233664K), 0.0033720 secs] [Times: user=0.01 sys=0.00, real=0.00 secs] 
2019-12-23T07:41:56.369+0000: 24535.816: [GC (Allocation Failure) 2019-12-23T07:41:56.369+0000: 24535.816: [ParNew: 69880K->5343K(72512K), 0.0028502 secs] 214856K->151336K(233664K), 0.0029393 secs] [Times: user=0.01 sys=0.00, real=0.01 secs] 
2019-12-23T07:42:08.031+0000: 24547.478: [GC (Allocation Failure) 2019-12-23T07:42:08.031+0000: 24547.478: [ParNew: 69855K->4780K(72512K), 0.0034903 secs] 215848K->151668K(233664K), 0.0035956 secs] [Times: user=0.01 sys=0.00, real=0.00 secs] 
2019-12-23T07:42:18.177+0000: 24557.624: [GC (Allocation Failure) 2019-12-23T07:42:18.177+0000: 24557.624: [ParNew: 69292K->4835K(72512K), 0.0036804 secs] 216180K->152675K(233664K), 0.0037603 secs] [Times: user=0.01 sys=0.01, real=0.01 secs] 
2019-12-23T07:42:26.059+0000: 24565.506: [GC (Allocation Failure) 2019-12-23T07:42:26.059+0000: 24565.506: [ParNew: 69347K->5046K(72512K), 0.0030094 secs] 217187K->153838K(233664K), 0.0030837 secs] [Times: user=0.01 sys=0.00, real=0.00 secs] 
2019-12-23T07:42:26.062+0000: 24565.509: [GC (CMS Initial Mark) [1 CMS-initial-mark: 148791K(161152K)] 154999K(233664K), 0.0011441 secs] [Times: user=0.01 sys=0.00, real=0.00 secs] 
2019-12-23T07:42:26.063+0000: 24565.510: [CMS-concurrent-mark-start]
2019-12-23T07:42:26.120+0000: 24565.567: [CMS-concurrent-mark: 0.056/0.056 secs] [Times: user=0.09 sys=0.00, real=0.06 secs] 
2019-12-23T07:42:26.120+0000: 24565.567: [CMS-concurrent-preclean-start]
2019-12-23T07:42:26.121+0000: 24565.568: [CMS-concurrent-preclean: 0.001/0.001 secs] [Times: user=0.00 sys=0.00, real=0.00 secs] 
2019-12-23T07:42:26.121+0000: 24565.568: [CMS-concurrent-abortable-preclean-start]
 CMS: abort preclean due to time 2019-12-23T07:42:31.155+0000: 24570.602: [CMS-concurrent-abortable-preclean: 0.229/5.034 secs] [Times: user=0.27 sys=0.00, real=5.03 secs] 
2019-12-23T07:42:31.155+0000: 24570.602: [GC (CMS Final Remark) [YG occupancy: 39992 K (72512 K)]2019-12-23T07:42:31.156+0000: 24570.602: [Rescan (parallel) , 0.0055740 secs]2019-12-23T07:42:31.161+0000: 24570.608: [weak refs processing, 0.0000462 secs]2019-12-23T07:42:31.161+0000: 24570.608: [class unloading, 0.0107942 secs]2019-12-23T07:42:31.172+0000: 24570.619: [scrub symbol table, 0.0096228 secs]2019-12-23T07:42:31.182+0000: 24570.629: [scrub string table, 0.0005561 secs][1 CMS-remark: 148791K(161152K)] 188783K(233664K), 0.0267849 secs] [Times: user=0.04 sys=0.00, real=0.03 secs] 
2019-12-23T07:42:31.182+0000: 24570.629: [CMS-concurrent-sweep-start]
2019-12-23T07:42:31.194+0000: 24570.641: [CMS-concurrent-sweep: 0.011/0.011 secs] [Times: user=0.02 sys=0.00, real=0.01 secs] 
2019-12-23T07:42:31.194+0000: 24570.641: [CMS-concurrent-reset-start]
2019-12-23T07:42:31.205+0000: 24570.652: [CMS-concurrent-reset: 0.011/0.011 secs] [Times: user=0.01 sys=0.00, real=0.01 secs] 
2019-12-23T07:42:36.376+0000: 24575.823: [GC (Allocation Failure) 2019-12-23T07:42:36.376+0000: 24575.823: [ParNew: 69558K->5330K(72512K), 0.0028725 secs] 97794K->34517K(233664K), 0.0029531 secs] [Times: user=0.01 sys=0.00, real=0.01 secs] 
2019-12-23T07:42:46.434+0000: 24585.881: [GC (Allocation Failure) 2019-12-23T07:42:46.434+0000: 24585.881: [ParNew: 69842K->5120K(72512K), 0.0030751 secs] 99029K->35259K(233664K), 0.0031455 secs] [Times: user=0.01 sys=0.00, real=0.00 secs] 
2019-12-23T07:42:57.072+0000: 24596.519: [GC (Allocation Failure) 2019-12-23T07:42:57.073+0000: 24596.519: [ParNew: 69632K->5598K(72512K), 0.0031770 secs] 99771K->36689K(233664K), 0.0032656 secs] [Times: user=0.01 sys=0.00, real=0.00 secs] 
2019-12-23T07:43:06.902+0000: 24606.349: [GC (Allocation Failure) 2019-12-23T07:43:06.902+0000: 24606.349: [ParNew: 70110K->5228K(72512K), 0.0031314 secs] 101201K->37299K(233664K), 0.0032125 secs] [Times: user=0.01 sys=0.00, real=0.00 secs] 
2019-12-23T07:43:16.778+0000: 24616.225: [GC (Allocation Failure) 2019-12-23T07:43:16.778+0000: 24616.225: [ParNew: 69740K->5614K(72512K), 0.0031451 secs] 101811K->38637K(233664K), 0.0032221 secs] [Times: user=0.00 sys=0.00, real=0.01 secs] 
2019-12-23T07:43:26.227+0000: 24625.674: [GC (Allocation Failure) 2019-12-23T07:43:26.227+0000: 24625.674: [ParNew: 70126K->5013K(72512K), 0.0029113 secs] 103149K->38988K(233664K), 0.0029926 secs] [Times: user=0.01 sys=0.00, real=0.00 secs] 
2019-12-23T07:43:37.524+0000: 24636.971: [GC (Allocation Failure) 2019-12-23T07:43:37.524+0000: 24636.971: [ParNew: 69525K->4982K(72512K), 0.0031683 secs] 103500K->39910K(233664K), 0.0032504 secs] [Times: user=0.00 sys=0.01, real=0.00 secs] 
2019-12-23T07:43:46.607+0000: 24646.054: [GC (Allocation Failure) 2019-12-23T07:43:46.607+0000: 24646.054: [ParNew: 69494K->5069K(72512K), 0.0028170 secs] 104422K->40948K(233664K), 0.0028894 secs] [Times: user=0.01 sys=0.00, real=0.00 secs] 
2019-12-23T07:43:56.625+0000: 24656.072: [GC (Allocation Failure) 2019-12-23T07:43:56.625+0000: 24656.072: [ParNew: 69581K->5334K(72512K), 0.0029828 secs] 105460K->42165K(233664K), 0.0030706 secs] [Times: user=0.01 sys=0.00, real=0.00 secs] 
2019-12-23T07:44:08.473+0000: 24667.920: [GC (Allocation Failure) 2019-12-23T07:44:08.473+0000: 24667.920: [ParNew: 69846K->6186K(72512K), 0.0031528 secs] 106677K->43868K(233664K), 0.0032387 secs] [Times: user=0.01 sys=0.00, real=0.00 secs] 
2019-12-23T07:44:14.718+0000: 24674.165: [GC (Allocation Failure) 2019-12-23T07:44:14.719+0000: 24674.165: [ParNew: 70698K->5141K(72512K), 0.0029550 secs] 108380K->43776K(233664K), 0.0030606 secs] [Times: user=0.01 sys=0.01, real=0.01 secs] 
2019-12-23T07:44:31.299+0000: 24690.746: [GC (Allocation Failure) 2019-12-23T07:44:31.299+0000: 24690.746: [ParNew: 69653K->4953K(72512K), 0.0040408 secs] 108288K->44540K(233664K), 0.0041228 secs] [Times: user=0.00 sys=0.00, real=0.00 secs] 
2019-12-23T07:44:36.352+0000: 24695.799: [GC (Allocation Failure) 2019-12-23T07:44:36.352+0000: 24695.799: [ParNew: 69465K->2836K(72512K), 0.0025968 secs] 109052K->42489K(233664K), 0.0026829 secs] [Times: user=0.01 sys=0.00, real=0.00 secs] 
2019-12-23T07:44:48.614+0000: 24708.061: [GC (Allocation Failure) 2019-12-23T07:44:48.614+0000: 24708.061: [ParNew: 67348K->3706K(72512K), 0.0026185 secs] 107001K->43359K(233664K), 0.0026989 secs] [Times: user=0.01 sys=0.00, real=0.00 secs] 
2019-12-23T07:44:56.116+0000: 24715.562: [GC (Allocation Failure) 2019-12-23T07:44:56.116+0000: 24715.563: [ParNew: 68218K->4670K(72512K), 0.0027553 secs] 107871K->44322K(233664K), 0.0028395 secs] [Times: user=0.01 sys=0.00, real=0.00 secs] 
2019-12-23T07:45:07.574+0000: 24727.021: [GC (Allocation Failure) 2019-12-23T07:45:07.574+0000: 24727.021: [ParNew: 69182K->5136K(72512K), 0.0031219 secs] 108834K->45597K(233664K), 0.0032070 secs] [Times: user=0.01 sys=0.00, real=0.00 secs] 
2019-12-23T07:45:16.999+0000: 24736.446: [GC (Allocation Failure) 2019-12-23T07:45:17.000+0000: 24736.446: [ParNew: 69648K->5353K(72512K), 0.0031456 secs] 110109K->46660K(233664K), 0.0032309 secs] [Times: user=0.01 sys=0.00, real=0.00 secs] 
2019-12-23T07:45:27.613+0000: 24747.060: [GC (Allocation Failure) 2019-12-23T07:45:27.613+0000: 24747.060: [ParNew: 69865K->5914K(72512K), 0.0030676 secs] 111172K->48173K(233664K), 0.0031681 secs] [Times: user=0.01 sys=0.00, real=0.00 secs] 
2019-12-23T07:45:39.288+0000: 24758.735: [GC (Allocation Failure) 2019-12-23T07:45:39.288+0000: 24758.735: [ParNew: 70426K->6400K(72512K), 0.0030404 secs] 112685K->49638K(233664K), 0.0031248 secs] [Times: user=0.01 sys=0.00, real=0.01 secs] 
2019-12-23T07:45:44.993+0000: 24764.440: [GC (Allocation Failure) 2019-12-23T07:45:44.993+0000: 24764.440: [ParNew: 70912K->4942K(72512K), 0.0029479 secs] 114150K->49132K(233664K), 0.0030339 secs] [Times: user=0.00 sys=0.00, real=0.00 secs] 
2019-12-23T07:45:58.196+0000: 24777.643: [GC (Allocation Failure) 2019-12-23T07:45:58.196+0000: 24777.643: [ParNew: 69454K->5067K(72512K), 0.0030214 secs] 113644K->50209K(233664K), 0.0031072 secs] [Times: user=0.01 sys=0.00, real=0.01 secs] 
2019-12-23T07:46:07.363+0000: 24786.810: [GC (Allocation Failure) 2019-12-23T07:46:07.363+0000: 24786.810: [ParNew: 69579K->4638K(72512K), 0.0043949 secs] 114721K->50731K(233664K), 0.0044876 secs] [Times: user=0.01 sys=0.00, real=0.00 secs] 
2019-12-23T07:46:16.167+0000: 24795.614: [GC (Allocation Failure) 2019-12-23T07:46:16.167+0000: 24795.614: [ParNew: 69136K->4867K(72512K), 0.0029766 secs] 115230K->51913K(233664K), 0.0030593 secs] [Times: user=0.00 sys=0.00, real=0.00 secs] 
2019-12-23T07:46:29.264+0000: 24808.711: [GC (Allocation Failure) 2019-12-23T07:46:29.264+0000: 24808.711: [ParNew: 69379K->5181K(72512K), 0.0027545 secs] 116425K->53178K(233664K), 0.0028262 secs] [Times: user=0.01 sys=0.00, real=0.00 secs] 
2019-12-23T07:46:34.429+0000: 24813.876: [GC (Allocation Failure) 2019-12-23T07:46:34.429+0000: 24813.876: [ParNew: 69693K->5292K(72512K), 0.0027786 secs] 117690K->54241K(233664K), 0.0028578 secs] [Times: user=0.01 sys=0.00, real=0.01 secs] 
2019-12-23T07:46:52.176+0000: 24831.623: [GC (Allocation Failure) 2019-12-23T07:46:52.176+0000: 24831.623: [ParNew: 69804K->4763K(72512K), 0.0030690 secs] 118753K->54664K(233664K), 0.0031490 secs] [Times: user=0.01 sys=0.00, real=0.01 secs] 
2019-12-23T07:46:52.869+0000: 24832.316: [GC (Allocation Failure) 2019-12-23T07:46:52.870+0000: 24832.316: [ParNew: 69275K->5453K(72512K), 0.0029537 secs] 119176K->56306K(233664K), 0.0030334 secs] [Times: user=0.01 sys=0.00, real=0.01 secs] 
2019-12-23T07:47:08.904+0000: 24848.351: [GC (Allocation Failure) 2019-12-23T07:47:08.904+0000: 24848.351: [ParNew: 69965K->5643K(72512K), 0.0031652 secs] 120818K->57449K(233664K), 0.0032667 secs] [Times: user=0.01 sys=0.00, real=0.00 secs] 
2019-12-23T07:47:13.162+0000: 24852.609: [GC (Allocation Failure) 2019-12-23T07:47:13.162+0000: 24852.609: [ParNew: 70155K->6090K(72512K), 0.0028322 secs] 121961K->58874K(233664K), 0.0029120 secs] [Times: user=0.00 sys=0.00, real=0.00 secs] 
2019-12-23T07:47:27.748+0000: 24867.195: [GC (Allocation Failure) 2019-12-23T07:47:27.748+0000: 24867.195: [ParNew: 70602K->4710K(72512K), 0.0028302 secs] 123386K->58446K(233664K), 0.0029149 secs] [Times: user=0.01 sys=0.00, real=0.01 secs] 
2019-12-23T07:47:35.876+0000: 24875.323: [GC (Allocation Failure) 2019-12-23T07:47:35.877+0000: 24875.323: [ParNew: 69222K->5246K(72512K), 0.0027997 secs] 122958K->59935K(233664K), 0.0028899 secs] [Times: user=0.00 sys=0.00, real=0.01 secs] 
2019-12-23T07:47:47.288+0000: 24886.735: [GC (Allocation Failure) 2019-12-23T07:47:47.288+0000: 24886.735: [ParNew: 69758K->5744K(72512K), 0.0030917 secs] 124447K->61384K(233664K), 0.0031726 secs] [Times: user=0.00 sys=0.01, real=0.01 secs] 
2019-12-23T07:47:59.512+0000: 24898.959: [GC (Allocation Failure) 2019-12-23T07:47:59.512+0000: 24898.959: [ParNew: 70256K->5416K(72512K), 0.0028923 secs] 125896K->62009K(233664K), 0.0029729 secs] [Times: user=0.00 sys=0.00, real=0.00 secs] 
2019-12-23T07:48:05.048+0000: 24904.495: [GC (Allocation Failure) 2019-12-23T07:48:05.048+0000: 24904.495: [ParNew: 69928K->4845K(72512K), 0.0028510 secs] 126521K->62389K(233664K), 0.0029503 secs] [Times: user=0.01 sys=0.00, real=0.01 secs] 
2019-12-23T07:48:21.198+0000: 24920.645: [GC (Allocation Failure) 2019-12-23T07:48:21.198+0000: 24920.645: [ParNew: 69357K->5240K(72512K), 0.0039764 secs] 126901K->63736K(233664K), 0.0040497 secs] [Times: user=0.01 sys=0.00, real=0.01 secs] 
2019-12-23T07:48:26.413+0000: 24925.860: [GC (Allocation Failure) 2019-12-23T07:48:26.413+0000: 24925.860: [ParNew: 69752K->5417K(72512K), 0.0028487 secs] 128248K->65025K(233664K), 0.0029251 secs] [Times: user=0.01 sys=0.00, real=0.00 secs] 
2019-12-23T07:48:39.180+0000: 24938.627: [GC (Allocation Failure) 2019-12-23T07:48:39.180+0000: 24938.627: [ParNew: 69929K->5211K(72512K), 0.0029811 secs] 129537K->65907K(233664K), 0.0030634 secs] [Times: user=0.01 sys=0.00, real=0.00 secs] 
2019-12-23T07:48:48.577+0000: 24948.024: [GC (Allocation Failure) 2019-12-23T07:48:48.577+0000: 24948.024: [ParNew: 69723K->5124K(72512K), 0.0030173 secs] 130419K->66772K(233664K), 0.0030975 secs] [Times: user=0.01 sys=0.00, real=0.01 secs] 
2019-12-23T07:48:57.423+0000: 24956.870: [GC (Allocation Failure) 2019-12-23T07:48:57.423+0000: 24956.870: [ParNew: 69636K->5507K(72512K), 0.0040536 secs] 131284K->68107K(233664K), 0.0041448 secs] [Times: user=0.01 sys=0.00, real=0.00 secs] 
2019-12-23T07:49:09.164+0000: 24968.611: [GC (Allocation Failure) 2019-12-23T07:49:09.164+0000: 24968.611: [ParNew: 70019K->5743K(72512K), 0.0029394 secs] 132619K->69295K(233664K), 0.0030236 secs] [Times: user=0.01 sys=0.00, real=0.00 secs] 
2019-12-23T07:49:19.109+0000: 24978.556: [GC (Allocation Failure) 2019-12-23T07:49:19.109+0000: 24978.556: [ParNew: 70255K->6037K(72512K), 0.0031419 secs] 133807K->70413K(233664K), 0.0032180 secs] [Times: user=0.01 sys=0.00, real=0.01 secs] 
2019-12-23T07:49:31.289+0000: 24990.736: [GC (Allocation Failure) 2019-12-23T07:49:31.289+0000: 24990.736: [ParNew: 70549K->5717K(72512K), 0.0029920 secs] 134925K->71045K(233664K), 0.0030730 secs] [Times: user=0.01 sys=0.00, real=0.01 secs] 
2019-12-23T07:49:41.407+0000: 25000.854: [GC (Allocation Failure) 2019-12-23T07:49:41.407+0000: 25000.854: [ParNew: 70229K->5139K(72512K), 0.0029484 secs] 135557K->71419K(233664K), 0.0030186 secs] [Times: user=0.00 sys=0.00, real=0.00 secs] 
2019-12-23T07:49:49.776+0000: 25009.223: [GC (Allocation Failure) 2019-12-23T07:49:49.776+0000: 25009.223: [ParNew: 69651K->5110K(72512K), 0.0028407 secs] 135931K->72343K(233664K), 0.0029223 secs] [Times: user=0.00 sys=0.00, real=0.01 secs] 
2019-12-23T07:49:57.402+0000: 25016.849: [GC (Allocation Failure) 2019-12-23T07:49:57.402+0000: 25016.849: [ParNew: 69622K->5344K(72512K), 0.0029666 secs] 136855K->73529K(233664K), 0.0030396 secs] [Times: user=0.01 sys=0.00, real=0.00 secs] 
2019-12-23T07:50:06.821+0000: 25026.268: [GC (Allocation Failure) 2019-12-23T07:50:06.821+0000: 25026.268: [ParNew: 69856K->5924K(72512K), 0.0026854 secs] 138041K->75060K(233664K), 0.0027596 secs] [Times: user=0.00 sys=0.00, real=0.00 secs] 
2019-12-23T07:50:20.746+0000: 25040.193: [GC (Allocation Failure) 2019-12-23T07:50:20.746+0000: 25040.193: [ParNew: 70436K->5003K(72512K), 0.0028475 secs] 139572K->75055K(233664K), 0.0029351 secs] [Times: user=0.01 sys=0.00, real=0.00 secs] 
2019-12-23T07:50:28.942+0000: 25048.389: [GC (Allocation Failure) 2019-12-23T07:50:28.942+0000: 25048.389: [ParNew: 69515K->5059K(72512K), 0.0029893 secs] 139567K->76064K(233664K), 0.0030889 secs] [Times: user=0.01 sys=0.00, real=0.00 secs] 
2019-12-23T07:50:40.261+0000: 25059.708: [GC (Allocation Failure) 2019-12-23T07:50:40.261+0000: 25059.708: [ParNew: 69571K->5365K(72512K), 0.0040675 secs] 140576K->77320K(233664K), 0.0041426 secs] [Times: user=0.01 sys=0.00, real=0.00 secs] 
2019-12-23T07:50:45.023+0000: 25064.470: [GC (Allocation Failure) 2019-12-23T07:50:45.023+0000: 25064.470: [ParNew: 69877K->5414K(72512K), 0.0028740 secs] 141832K->78350K(233664K), 0.0029683 secs] [Times: user=0.01 sys=0.00, real=0.00 secs] 
2019-12-23T07:50:59.787+0000: 25079.234: [GC (Allocation Failure) 2019-12-23T07:50:59.787+0000: 25079.234: [ParNew: 69926K->5867K(72512K), 0.0029696 secs] 142862K->79754K(233664K), 0.0030544 secs] [Times: user=0.01 sys=0.00, real=0.00 secs] 
2019-12-23T07:51:08.399+0000: 25087.846: [GC (Allocation Failure) 2019-12-23T07:51:08.399+0000: 25087.846: [ParNew: 70379K->5190K(72512K), 0.0030935 secs] 144266K->80030K(233664K), 0.0031862 secs] [Times: user=0.00 sys=0.00, real=0.00 secs] 
2019-12-23T07:51:19.453+0000: 25098.900: [GC (Allocation Failure) 2019-12-23T07:51:19.453+0000: 25098.900: [ParNew: 69702K->5070K(72512K), 0.0030085 secs] 144542K->80862K(233664K), 0.0031091 secs] [Times: user=0.01 sys=0.00, real=0.00 secs] 
2019-12-23T07:51:30.157+0000: 25109.604: [GC (Allocation Failure) 2019-12-23T07:51:30.157+0000: 25109.604: [ParNew: 69582K->5285K(72512K), 0.0028086 secs] 145374K->82029K(233664K), 0.0028837 secs] [Times: user=0.01 sys=0.00, real=0.01 secs] 
2019-12-23T07:51:36.705+0000: 25116.152: [GC (Allocation Failure) 2019-12-23T07:51:36.705+0000: 25116.152: [ParNew: 69797K->5206K(72512K), 0.0028348 secs] 146541K->82901K(233664K), 0.0029082 secs] [Times: user=0.01 sys=0.00, real=0.00 secs] 
2019-12-23T07:51:47.448+0000: 25126.895: [GC (Allocation Failure) 2019-12-23T07:51:47.448+0000: 25126.895: [ParNew: 69718K->5343K(72512K), 0.0026789 secs] 147413K->83991K(233664K), 0.0027644 secs] [Times: user=0.00 sys=0.00, real=0.01 secs] 
2019-12-23T07:51:58.735+0000: 25138.182: [GC (Allocation Failure) 2019-12-23T07:51:58.735+0000: 25138.182: [ParNew: 69855K->5019K(72512K), 0.0028039 secs] 148503K->84619K(233664K), 0.0028780 secs] [Times: user=0.01 sys=0.00, real=0.00 secs] 
2019-12-23T07:52:10.062+0000: 25149.509: [GC (Allocation Failure) 2019-12-23T07:52:10.063+0000: 25149.509: [ParNew: 69531K->5217K(72512K), 0.0028680 secs] 149131K->85769K(233664K), 0.0029766 secs] [Times: user=0.00 sys=0.00, real=0.00 secs] 
2019-12-23T07:52:18.725+0000: 25158.172: [GC (Allocation Failure) 2019-12-23T07:52:18.725+0000: 25158.172: [ParNew: 69729K->5272K(72512K), 0.0027035 secs] 150281K->86776K(233664K), 0.0027775 secs] [Times: user=0.00 sys=0.00, real=0.00 secs] 
2019-12-23T07:52:28.565+0000: 25168.012: [GC (Allocation Failure) 2019-12-23T07:52:28.565+0000: 25168.012: [ParNew: 69784K->5630K(72512K), 0.0030051 secs] 151288K->88113K(233664K), 0.0030839 secs] [Times: user=0.01 sys=0.00, real=0.00 secs] 
2019-12-23T07:52:39.799+0000: 25179.246: [GC (Allocation Failure) 2019-12-23T07:52:39.799+0000: 25179.246: [ParNew: 70142K->5223K(72512K), 0.0028741 secs] 152625K->88658K(233664K), 0.0029479 secs] [Times: user=0.01 sys=0.00, real=0.00 secs] 
2019-12-23T07:52:49.751+0000: 25189.197: [GC (Allocation Failure) 2019-12-23T07:52:49.751+0000: 25189.198: [ParNew: 69735K->4677K(72512K), 0.0028892 secs] 153170K->89064K(233664K), 0.0029634 secs] [Times: user=0.01 sys=0.00, real=0.00 secs] 
2019-12-23T07:53:01.272+0000: 25200.719: [GC (Allocation Failure) 2019-12-23T07:53:01.272+0000: 25200.719: [ParNew: 69189K->4988K(72512K), 0.0031045 secs] 153576K->90356K(233664K), 0.0031862 secs] [Times: user=0.01 sys=0.00, real=0.00 secs] 
2019-12-23T07:53:07.008+0000: 25206.455: [GC (Allocation Failure) 2019-12-23T07:53:07.008+0000: 25206.455: [ParNew: 69500K->5319K(72512K), 0.0031953 secs] 154868K->91772K(233664K), 0.0032689 secs] [Times: user=0.00 sys=0.00, real=0.01 secs] 
2019-12-23T07:53:19.015+0000: 25218.462: [GC (Allocation Failure) 2019-12-23T07:53:19.015+0000: 25218.462: [ParNew: 69831K->4768K(72512K), 0.0029525 secs] 156284K->92173K(233664K), 0.0030446 secs] [Times: user=0.01 sys=0.00, real=0.00 secs] 
2019-12-23T07:53:30.616+0000: 25230.063: [GC (Allocation Failure) 2019-12-23T07:53:30.616+0000: 25230.063: [ParNew: 69280K->5589K(72512K), 0.0027595 secs] 156685K->93946K(233664K), 0.0028278 secs] [Times: user=0.01 sys=0.00, real=0.01 secs] 
2019-12-23T07:53:39.357+0000: 25238.804: [GC (Allocation Failure) 2019-12-23T07:53:39.357+0000: 25238.804: [ParNew: 70101K->3346K(72512K), 0.0024037 secs] 158458K->91901K(233664K), 0.0024945 secs] [Times: user=0.01 sys=0.00, real=0.01 secs] 
2019-12-23T07:53:47.874+0000: 25247.321: [GC (Allocation Failure) 2019-12-23T07:53:47.875+0000: 25247.322: [ParNew: 67858K->3634K(72512K), 0.0022621 secs] 156413K->92189K(233664K), 0.0024243 secs] [Times: user=0.00 sys=0.01, real=0.00 secs] 
2019-12-23T07:53:58.271+0000: 25257.718: [GC (Allocation Failure) 2019-12-23T07:53:58.271+0000: 25257.718: [ParNew: 68146K->4458K(72512K), 0.0025673 secs] 156701K->93013K(233664K), 0.0026479 secs] [Times: user=0.01 sys=0.00, real=0.00 secs] 
2019-12-23T07:54:10.290+0000: 25269.737: [GC (Allocation Failure) 2019-12-23T07:54:10.290+0000: 25269.737: [ParNew: 68970K->4985K(72512K), 0.0035676 secs] 157525K->94345K(233664K), 0.0036515 secs] [Times: user=0.01 sys=0.00, real=0.01 secs] 
2019-12-23T07:54:17.747+0000: 25277.194: [GC (Allocation Failure) 2019-12-23T07:54:17.747+0000: 25277.194: [ParNew: 69497K->4742K(72512K), 0.0033356 secs] 158857K->95078K(233664K), 0.0034314 secs] [Times: user=0.01 sys=0.00, real=0.01 secs] 
2019-12-23T07:54:29.226+0000: 25288.673: [GC (Allocation Failure) 2019-12-23T07:54:29.226+0000: 25288.673: [ParNew: 69254K->5050K(72512K), 0.0029391 secs] 159590K->96344K(233664K), 0.0030115 secs] [Times: user=0.00 sys=0.00, real=0.00 secs] 
2019-12-23T07:54:38.967+0000: 25298.414: [GC (Allocation Failure) 2019-12-23T07:54:38.967+0000: 25298.414: [ParNew: 69562K->5036K(72512K), 0.0028447 secs] 160856K->97283K(233664K), 0.0029274 secs] [Times: user=0.01 sys=0.00, real=0.00 secs] 
2019-12-23T07:54:50.958+0000: 25310.405: [GC (Allocation Failure) 2019-12-23T07:54:50.958+0000: 25310.405: [ParNew: 69548K->4810K(72512K), 0.0029702 secs] 161795K->98008K(233664K), 0.0030429 secs] [Times: user=0.01 sys=0.00, real=0.01 secs] 
2019-12-23T07:54:56.936+0000: 25316.383: [GC (Allocation Failure) 2019-12-23T07:54:56.936+0000: 25316.383: [ParNew: 69322K->5005K(72512K), 0.0029676 secs] 162520K->99155K(233664K), 0.0030536 secs] [Times: user=0.01 sys=0.00, real=0.01 secs] 
2019-12-23T07:55:06.895+0000: 25326.342: [GC (Allocation Failure) 2019-12-23T07:55:06.895+0000: 25326.342: [ParNew: 69517K->5192K(72512K), 0.0031373 secs] 163667K->100294K(233664K), 0.0032135 secs] [Times: user=0.01 sys=0.00, real=0.00 secs] 
2019-12-23T07:55:16.871+0000: 25336.318: [GC (Allocation Failure) 2019-12-23T07:55:16.871+0000: 25336.318: [ParNew: 69704K->6165K(72512K), 0.0032101 secs] 164806K->102219K(233664K), 0.0033026 secs] [Times: user=0.01 sys=0.00, real=0.00 secs] 
2019-12-23T07:55:28.459+0000: 25347.906: [GC (Allocation Failure) 2019-12-23T07:55:28.459+0000: 25347.906: [ParNew: 70677K->4762K(72512K), 0.0029868 secs] 166731K->101768K(233664K), 0.0030678 secs] [Times: user=0.01 sys=0.00, real=0.00 secs] 
2019-12-23T07:55:36.080+0000: 25355.527: [GC (Allocation Failure) 2019-12-23T07:55:36.080+0000: 25355.527: [ParNew: 69274K->5584K(72512K), 0.0030588 secs] 166280K->103506K(233664K), 0.0031504 secs] [Times: user=0.01 sys=0.00, real=0.00 secs] 
2019-12-23T07:55:47.949+0000: 25367.396: [GC (Allocation Failure) 2019-12-23T07:55:47.949+0000: 25367.396: [ParNew: 70096K->5857K(72512K), 0.0030968 secs] 168018K->104731K(233664K), 0.0031925 secs] [Times: user=0.01 sys=0.00, real=0.01 secs] 
2019-12-23T07:55:55.502+0000: 25374.949: [GC (Allocation Failure) 2019-12-23T07:55:55.502+0000: 25374.949: [ParNew: 70369K->5129K(72512K), 0.0028393 secs] 169243K->105116K(233664K), 0.0029260 secs] [Times: user=0.01 sys=0.00, real=0.00 secs] 
2019-12-23T07:56:07.759+0000: 25387.206: [GC (Allocation Failure) 2019-12-23T07:56:07.759+0000: 25387.206: [ParNew: 69641K->5698K(72512K), 0.0028914 secs] 169628K->106637K(233664K), 0.0029642 secs] [Times: user=0.01 sys=0.00, real=0.00 secs] 
2019-12-23T07:56:14.279+0000: 25393.726: [GC (Allocation Failure) 2019-12-23T07:56:14.279+0000: 25393.726: [ParNew: 70210K->4724K(72512K), 0.0028050 secs] 171149K->106614K(233664K), 0.0028816 secs] [Times: user=0.01 sys=0.00, real=0.00 secs] 
2019-12-23T07:56:25.949+0000: 25405.396: [GC (Allocation Failure) 2019-12-23T07:56:25.949+0000: 25405.396: [ParNew: 69236K->5325K(72512K), 0.0052597 secs] 171126K->108167K(233664K), 0.0053487 secs] [Times: user=0.01 sys=0.00, real=0.01 secs] 
2019-12-23T07:56:36.750+0000: 25416.197: [GC (Allocation Failure) 2019-12-23T07:56:36.750+0000: 25416.197: [ParNew: 69837K->5030K(72512K), 0.0029079 secs] 172679K->108696K(233664K), 0.0029962 secs] [Times: user=0.00 sys=0.00, real=0.01 secs] 
2019-12-23T07:56:48.018+0000: 25427.465: [GC (Allocation Failure) 2019-12-23T07:56:48.018+0000: 25427.465: [ParNew: 69542K->4802K(72512K), 0.0029156 secs] 173208K->109420K(233664K), 0.0029938 secs] [Times: user=0.01 sys=0.00, real=0.01 secs] 
2019-12-23T07:56:54.574+0000: 25434.021: [GC (Allocation Failure) 2019-12-23T07:56:54.574+0000: 25434.021: [ParNew: 69314K->5173K(72512K), 0.0029031 secs] 173932K->110643K(233664K), 0.0029977 secs] [Times: user=0.01 sys=0.00, real=0.00 secs] 
2019-12-23T07:57:05.985+0000: 25445.432: [GC (Allocation Failure) 2019-12-23T07:57:05.985+0000: 25445.432: [ParNew: 69685K->6099K(72512K), 0.0032128 secs] 175155K->112521K(233664K), 0.0032889 secs] [Times: user=0.01 sys=0.00, real=0.00 secs] 
2019-12-23T07:57:16.414+0000: 25455.861: [GC (Allocation Failure) 2019-12-23T07:57:16.414+0000: 25455.861: [ParNew: 70611K->5912K(72512K), 0.0031658 secs] 177033K->113286K(233664K), 0.0032534 secs] [Times: user=0.01 sys=0.00, real=0.00 secs] 
2019-12-23T07:57:26.057+0000: 25465.504: [GC (Allocation Failure) 2019-12-23T07:57:26.057+0000: 25465.504: [ParNew: 70424K->6033K(72512K), 0.0030238 secs] 177798K->114358K(233664K), 0.0030982 secs] [Times: user=0.01 sys=0.00, real=0.01 secs] 
2019-12-23T07:57:34.568+0000: 25474.015: [GC (Allocation Failure) 2019-12-23T07:57:34.568+0000: 25474.015: [ParNew: 70545K->6835K(72512K), 0.0034278 secs] 178870K->116113K(233664K), 0.0035073 secs] [Times: user=0.01 sys=0.00, real=0.01 secs] 
2019-12-23T07:57:47.077+0000: 25486.524: [GC (Allocation Failure) 2019-12-23T07:57:47.077+0000: 25486.524: [ParNew: 71347K->5682K(72512K), 0.0029279 secs] 180625K->115911K(233664K), 0.0030159 secs] [Times: user=0.01 sys=0.00, real=0.01 secs] 
2019-12-23T07:57:56.571+0000: 25496.018: [GC (Allocation Failure) 2019-12-23T07:57:56.571+0000: 25496.018: [ParNew: 70194K->5842K(72512K), 0.0026755 secs] 180423K->117024K(233664K), 0.0027587 secs] [Times: user=0.00 sys=0.00, real=0.00 secs] 
2019-12-23T07:58:07.434+0000: 25506.881: [GC (Allocation Failure) 2019-12-23T07:58:07.434+0000: 25506.881: [ParNew: 70354K->6421K(72512K), 0.0032430 secs] 181536K->118555K(233664K), 0.0033185 secs] [Times: user=0.01 sys=0.00, real=0.00 secs] 
2019-12-23T07:58:15.120+0000: 25514.566: [GC (Allocation Failure) 2019-12-23T07:58:15.120+0000: 25514.567: [ParNew: 70933K->5224K(72512K), 0.0028382 secs] 183067K->118310K(233664K), 0.0029149 secs] [Times: user=0.00 sys=0.00, real=0.00 secs] 
2019-12-23T07:58:26.691+0000: 25526.138: [GC (Allocation Failure) 2019-12-23T07:58:26.691+0000: 25526.138: [ParNew: 69736K->5690K(72512K), 0.0027233 secs] 182822K->119730K(233664K), 0.0028050 secs] [Times: user=0.01 sys=0.00, real=0.00 secs] 
2019-12-23T07:58:37.882+0000: 25537.329: [GC (Allocation Failure) 2019-12-23T07:58:37.882+0000: 25537.329: [ParNew: 70202K->5078K(72512K), 0.0028017 secs] 184242K->119968K(233664K), 0.0028788 secs] [Times: user=0.01 sys=0.00, real=0.00 secs] 
2019-12-23T07:58:48.502+0000: 25547.949: [GC (Allocation Failure) 2019-12-23T07:58:48.502+0000: 25547.949: [ParNew: 69590K->5344K(72512K), 0.0028825 secs] 184480K->121186K(233664K), 0.0029586 secs] [Times: user=0.01 sys=0.00, real=0.00 secs] 
2019-12-23T07:58:57.604+0000: 25557.051: [GC (Allocation Failure) 2019-12-23T07:58:57.605+0000: 25557.051: [ParNew: 69856K->5322K(72512K), 0.0027946 secs] 185698K->122252K(233664K), 0.0028884 secs] [Times: user=0.00 sys=0.00, real=0.00 secs] 
2019-12-23T07:59:09.238+0000: 25568.685: [GC (Allocation Failure) 2019-12-23T07:59:09.238+0000: 25568.685: [ParNew: 69834K->5573K(72512K), 0.0030143 secs] 186764K->123455K(233664K), 0.0031020 secs] [Times: user=0.01 sys=0.00, real=0.01 secs] 
2019-12-23T07:59:20.519+0000: 25579.966: [GC (Allocation Failure) 2019-12-23T07:59:20.519+0000: 25579.966: [ParNew: 70085K->5288K(72512K), 0.0029409 secs] 187967K->124148K(233664K), 0.0030143 secs] [Times: user=0.01 sys=0.00, real=0.00 secs] 
2019-12-23T07:59:27.395+0000: 25586.842: [GC (Allocation Failure) 2019-12-23T07:59:27.395+0000: 25586.842: [ParNew: 69800K->5607K(72512K), 0.0028160 secs] 188660K->125420K(233664K), 0.0028919 secs] [Times: user=0.00 sys=0.00, real=0.00 secs] 
2019-12-23T07:59:36.898+0000: 25596.345: [GC (Allocation Failure) 2019-12-23T07:59:36.899+0000: 25596.345: [ParNew: 70119K->4717K(72512K), 0.0028392 secs] 189932K->125354K(233664K), 0.0029302 secs] [Times: user=0.00 sys=0.00, real=0.00 secs] 
2019-12-23T07:59:46.819+0000: 25606.265: [GC (Allocation Failure) 2019-12-23T07:59:46.819+0000: 25606.266: [ParNew: 69229K->5381K(72512K), 0.0030969 secs] 189866K->126970K(233664K), 0.0031817 secs] [Times: user=0.01 sys=0.00, real=0.00 secs] 
2019-12-23T07:59:58.124+0000: 25617.571: [GC (Allocation Failure) 2019-12-23T07:59:58.124+0000: 25617.571: [ParNew: 69893K->6148K(72512K), 0.0030551 secs] 191482K->128689K(233664K), 0.0031252 secs] [Times: user=0.01 sys=0.00, real=0.00 secs] 
2019-12-23T08:00:08.427+0000: 25627.874: [GC (Allocation Failure) 2019-12-23T08:00:08.427+0000: 25627.874: [ParNew: 70660K->5198K(72512K), 0.0029505 secs] 193201K->128691K(233664K), 0.0030297 secs] [Times: user=0.01 sys=0.00, real=0.00 secs] 
2019-12-23T08:00:20.499+0000: 25639.946: [GC (Allocation Failure) 2019-12-23T08:00:20.499+0000: 25639.946: [ParNew: 69710K->5613K(72512K), 0.0028773 secs] 193203K->130058K(233664K), 0.0029497 secs] [Times: user=0.01 sys=0.00, real=0.00 secs] 
2019-12-23T08:00:25.844+0000: 25645.291: [GC (Allocation Failure) 2019-12-23T08:00:25.844+0000: 25645.291: [ParNew: 70125K->4916K(72512K), 0.0028507 secs] 194570K->130340K(233664K), 0.0029252 secs] [Times: user=0.01 sys=0.00, real=0.00 secs] 
2019-12-23T08:00:39.459+0000: 25658.906: [GC (Allocation Failure) 2019-12-23T08:00:39.459+0000: 25658.906: [ParNew: 69428K->5149K(72512K), 0.0031692 secs] 194852K->131397K(233664K), 0.0032703 secs] [Times: user=0.00 sys=0.00, real=0.00 secs] 
2019-12-23T08:00:45.641+0000: 25665.088: [GC (Allocation Failure) 2019-12-23T08:00:45.641+0000: 25665.088: [ParNew: 69661K->4952K(72512K), 0.0029176 secs] 195909K->132152K(233664K), 0.0030027 secs] [Times: user=0.01 sys=0.00, real=0.00 secs] 
2019-12-23T08:00:57.790+0000: 25677.237: [GC (Allocation Failure) 2019-12-23T08:00:57.791+0000: 25677.237: [ParNew: 69464K->5548K(72512K), 0.0029145 secs] 196664K->133700K(233664K), 0.0030170 secs] [Times: user=0.00 sys=0.01, real=0.01 secs] 
2019-12-23T08:01:09.692+0000: 25689.139: [GC (Allocation Failure) 2019-12-23T08:01:09.692+0000: 25689.139: [ParNew: 70060K->5725K(72512K), 0.0030346 secs] 198212K->134829K(233664K), 0.0031112 secs] [Times: user=0.01 sys=0.00, real=0.00 secs] 
2019-12-23T08:01:21.894+0000: 25701.341: [GC (Allocation Failure) 2019-12-23T08:01:21.894+0000: 25701.341: [ParNew: 70237K->5014K(72512K), 0.0031514 secs] 199341K->135070K(233664K), 0.0032288 secs] [Times: user=0.01 sys=0.00, real=0.00 secs] 
2019-12-23T08:01:32.601+0000: 25712.048: [GC (Allocation Failure) 2019-12-23T08:01:32.601+0000: 25712.048: [ParNew: 69526K->6058K(72512K), 0.0029162 secs] 199582K->137066K(233664K), 0.0029929 secs] [Times: user=0.01 sys=0.00, real=0.00 secs] 
2019-12-23T08:01:44.326+0000: 25723.773: [GC (Allocation Failure) 2019-12-23T08:01:44.326+0000: 25723.773: [ParNew: 70570K->5064K(72512K), 0.0029463 secs] 201578K->137052K(233664K), 0.0030266 secs] [Times: user=0.01 sys=0.00, real=0.00 secs] 
2019-12-23T08:01:48.848+0000: 25728.294: [GC (Allocation Failure) 2019-12-23T08:01:48.848+0000: 25728.295: [ParNew: 69576K->5736K(72512K), 0.0029729 secs] 201564K->138675K(233664K), 0.0030529 secs] [Times: user=0.00 sys=0.00, real=0.01 secs] 
2019-12-23T08:02:00.196+0000: 25739.643: [GC (Allocation Failure) 2019-12-23T08:02:00.196+0000: 25739.643: [ParNew: 70248K->5533K(72512K), 0.0029904 secs] 203187K->139424K(233664K), 0.0030726 secs] [Times: user=0.01 sys=0.00, real=0.01 secs] 
2019-12-23T08:02:10.494+0000: 25749.941: [GC (Allocation Failure) 2019-12-23T08:02:10.494+0000: 25749.941: [ParNew: 70045K->5109K(72512K), 0.0028106 secs] 203936K->139953K(233664K), 0.0028903 secs] [Times: user=0.01 sys=0.00, real=0.00 secs] 
2019-12-23T08:02:23.325+0000: 25762.772: [GC (Allocation Failure) 2019-12-23T08:02:23.325+0000: 25762.772: [ParNew: 69621K->3692K(72512K), 0.0024767 secs] 204465K->138628K(233664K), 0.0025607 secs] [Times: user=0.01 sys=0.00, real=0.00 secs] 
2019-12-23T08:02:30.336+0000: 25769.783: [GC (Allocation Failure) 2019-12-23T08:02:30.337+0000: 25769.783: [ParNew: 68204K->3727K(72512K), 0.0025344 secs] 203140K->138663K(233664K), 0.0026133 secs] [Times: user=0.00 sys=0.00, real=0.01 secs] 
2019-12-23T08:02:43.189+0000: 25782.636: [GC (Allocation Failure) 2019-12-23T08:02:43.189+0000: 25782.636: [ParNew: 68239K->4337K(72512K), 0.0026393 secs] 203175K->139273K(233664K), 0.0027295 secs] [Times: user=0.00 sys=0.00, real=0.01 secs] 
2019-12-23T08:02:48.516+0000: 25787.963: [GC (Allocation Failure) 2019-12-23T08:02:48.516+0000: 25787.963: [ParNew: 68849K->5233K(72512K), 0.0045554 secs] 203785K->140779K(233664K), 0.0046800 secs] [Times: user=0.01 sys=0.00, real=0.01 secs] 
2019-12-23T08:02:59.951+0000: 25799.398: [GC (Allocation Failure) 2019-12-23T08:02:59.951+0000: 25799.398: [ParNew: 69745K->5495K(72512K), 0.0028086 secs] 205291K->141993K(233664K), 0.0028998 secs] [Times: user=0.01 sys=0.00, real=0.00 secs] 
2019-12-23T08:03:11.402+0000: 25810.849: [GC (Allocation Failure) 2019-12-23T08:03:11.402+0000: 25810.849: [ParNew: 70007K->5799K(72512K), 0.0042115 secs] 206505K->143249K(233664K), 0.0042926 secs] [Times: user=0.01 sys=0.00, real=0.00 secs] 
2019-12-23T08:03:21.816+0000: 25821.262: [GC (Allocation Failure) 2019-12-23T08:03:21.816+0000: 25821.263: [ParNew: 70311K->5113K(72512K), 0.0029722 secs] 207761K->143515K(233664K), 0.0030558 secs] [Times: user=0.01 sys=0.00, real=0.01 secs] 
2019-12-23T08:03:34.613+0000: 25834.060: [GC (Allocation Failure) 2019-12-23T08:03:34.613+0000: 25834.060: [ParNew: 69625K->5431K(72512K), 0.0028706 secs] 208027K->144787K(233664K), 0.0029453 secs] [Times: user=0.01 sys=0.00, real=0.00 secs] 
2019-12-23T08:03:43.817+0000: 25843.264: [GC (Allocation Failure) 2019-12-23T08:03:43.817+0000: 25843.264: [ParNew: 69943K->5116K(72512K), 0.0028125 secs] 209299K->145558K(233664K), 0.0028859 secs] [Times: user=0.01 sys=0.00, real=0.01 secs] 
2019-12-23T08:03:54.356+0000: 25853.803: [GC (Allocation Failure) 2019-12-23T08:03:54.356+0000: 25853.803: [ParNew: 69628K->5307K(72512K), 0.0031374 secs] 210070K->146601K(233664K), 0.0032098 secs] [Times: user=0.01 sys=0.00, real=0.01 secs] 
2019-12-23T08:04:01.588+0000: 25861.035: [GC (Allocation Failure) 2019-12-23T08:04:01.588+0000: 25861.035: [ParNew: 69819K->6060K(72512K), 0.0030044 secs] 211113K->148306K(233664K), 0.0030815 secs] [Times: user=0.00 sys=0.00, real=0.01 secs] 
2019-12-23T08:04:13.298+0000: 25872.745: [GC (Allocation Failure) 2019-12-23T08:04:13.298+0000: 25872.745: [ParNew: 70572K->5787K(72512K), 0.0027865 secs] 212818K->148984K(233664K), 0.0028697 secs] [Times: user=0.01 sys=0.00, real=0.01 secs] 
2019-12-23T08:04:24.153+0000: 25883.600: [GC (Allocation Failure) 2019-12-23T08:04:24.154+0000: 25883.600: [ParNew: 70299K->5846K(72512K), 0.0028175 secs] 213496K->149995K(233664K), 0.0029068 secs] [Times: user=0.01 sys=0.00, real=0.00 secs] 
2019-12-23T08:04:37.345+0000: 25896.792: [GC (Allocation Failure) 2019-12-23T08:04:37.345+0000: 25896.792: [ParNew: 70358K->5927K(72512K), 0.0029740 secs] 214507K->151028K(233664K), 0.0030553 secs] [Times: user=0.01 sys=0.00, real=0.00 secs] 
2019-12-23T08:04:46.039+0000: 25905.486: [GC (Allocation Failure) 2019-12-23T08:04:46.039+0000: 25905.486: [ParNew: 70439K->5253K(72512K), 0.0028993 secs] 215540K->151306K(233664K), 0.0029815 secs] [Times: user=0.01 sys=0.00, real=0.00 secs] 
2019-12-23T08:04:55.561+0000: 25915.008: [GC (Allocation Failure) 2019-12-23T08:04:55.561+0000: 25915.008: [ParNew: 69765K->6030K(72512K), 0.0029035 secs] 215818K->153035K(233664K), 0.0029775 secs] [Times: user=0.01 sys=0.00, real=0.00 secs] 
2019-12-23T08:05:03.805+0000: 25923.252: [GC (Allocation Failure) 2019-12-23T08:05:03.805+0000: 25923.252: [ParNew: 70542K->6044K(72512K), 0.0030154 secs] 217547K->154001K(233664K), 0.0030943 secs] [Times: user=0.01 sys=0.00, real=0.00 secs] 
2019-12-23T08:05:17.490+0000: 25936.937: [GC (Allocation Failure) 2019-12-23T08:05:17.491+0000: 25936.937: [ParNew: 70556K->6779K(72512K), 0.0038737 secs] 218513K->155687K(233664K), 0.0039475 secs] [Times: user=0.01 sys=0.00, real=0.00 secs] 
2019-12-23T08:05:17.495+0000: 25936.942: [GC (CMS Initial Mark) [1 CMS-initial-mark: 148908K(161152K)] 155935K(233664K), 0.0012130 secs] [Times: user=0.00 sys=0.00, real=0.00 secs] 
2019-12-23T08:05:17.496+0000: 25936.943: [CMS-concurrent-mark-start]
2019-12-23T08:05:17.553+0000: 25937.000: [CMS-concurrent-mark: 0.057/0.057 secs] [Times: user=0.10 sys=0.00, real=0.06 secs] 
2019-12-23T08:05:17.553+0000: 25937.000: [CMS-concurrent-preclean-start]
2019-12-23T08:05:17.554+0000: 25937.001: [CMS-concurrent-preclean: 0.001/0.001 secs] [Times: user=0.01 sys=0.00, real=0.00 secs] 
2019-12-23T08:05:17.554+0000: 25937.001: [CMS-concurrent-abortable-preclean-start]
 CMS: abort preclean due to time 2019-12-23T08:05:22.591+0000: 25942.038: [CMS-concurrent-abortable-preclean: 0.231/5.037 secs] [Times: user=0.27 sys=0.00, real=5.04 secs] 
2019-12-23T08:05:22.592+0000: 25942.039: [GC (CMS Final Remark) [YG occupancy: 39525 K (72512 K)]2019-12-23T08:05:22.592+0000: 25942.039: [Rescan (parallel) , 0.0055801 secs]2019-12-23T08:05:22.597+0000: 25942.044: [weak refs processing, 0.0000519 secs]2019-12-23T08:05:22.598+0000: 25942.044: [class unloading, 0.0105692 secs]2019-12-23T08:05:22.608+0000: 25942.055: [scrub symbol table, 0.0064956 secs]2019-12-23T08:05:22.615+0000: 25942.062: [scrub string table, 0.0005470 secs][1 CMS-remark: 148908K(161152K)] 188433K(233664K), 0.0234132 secs] [Times: user=0.04 sys=0.00, real=0.02 secs] 
2019-12-23T08:05:22.616+0000: 25942.062: [CMS-concurrent-sweep-start]
2019-12-23T08:05:22.627+0000: 25942.074: [CMS-concurrent-sweep: 0.011/0.011 secs] [Times: user=0.01 sys=0.00, real=0.01 secs] 
2019-12-23T08:05:22.627+0000: 25942.074: [CMS-concurrent-reset-start]
2019-12-23T08:05:22.638+0000: 25942.085: [CMS-concurrent-reset: 0.012/0.012 secs] [Times: user=0.01 sys=0.00, real=0.02 secs] 
2019-12-23T08:05:29.245+0000: 25948.691: [GC (Allocation Failure) 2019-12-23T08:05:29.245+0000: 25948.691: [ParNew: 71291K->6010K(72512K), 0.0030505 secs] 97445K->33116K(233664K), 0.0031245 secs] [Times: user=0.01 sys=0.00, real=0.00 secs] 
2019-12-23T08:05:41.608+0000: 25961.055: [GC (Allocation Failure) 2019-12-23T08:05:41.608+0000: 25961.055: [ParNew: 70522K->5282K(72512K), 0.0028848 secs] 97628K->33340K(233664K), 0.0029517 secs] [Times: user=0.00 sys=0.00, real=0.01 secs] 
2019-12-23T08:05:48.442+0000: 25967.889: [GC (Allocation Failure) 2019-12-23T08:05:48.442+0000: 25967.889: [ParNew: 69794K->5719K(72512K), 0.0028036 secs] 97852K->34628K(233664K), 0.0028802 secs] [Times: user=0.01 sys=0.00, real=0.00 secs] 
2019-12-23T08:06:03.849+0000: 25983.296: [GC (Allocation Failure) 2019-12-23T08:06:03.849+0000: 25983.296: [ParNew: 70231K->5489K(72512K), 0.0028467 secs] 99140K->35349K(233664K), 0.0029177 secs] [Times: user=0.01 sys=0.00, real=0.01 secs] 
2019-12-23T08:06:08.725+0000: 25988.172: [GC (Allocation Failure) 2019-12-23T08:06:08.725+0000: 25988.172: [ParNew: 70001K->5287K(72512K), 0.0028799 secs] 99861K->36100K(233664K), 0.0029669 secs] [Times: user=0.01 sys=0.00, real=0.00 secs] 
2019-12-23T08:06:21.562+0000: 26001.009: [GC (Allocation Failure) 2019-12-23T08:06:21.562+0000: 26001.009: [ParNew: 69799K->6223K(72512K), 0.0030104 secs] 100612K->37988K(233664K), 0.0030855 secs] [Times: user=0.01 sys=0.00, real=0.00 secs] 
2019-12-23T08:06:31.568+0000: 26011.015: [GC (Allocation Failure) 2019-12-23T08:06:31.568+0000: 26011.015: [ParNew: 70735K->5937K(72512K), 0.0028343 secs] 102500K->38654K(233664K), 0.0029085 secs] [Times: user=0.00 sys=0.00, real=0.01 secs] 
2019-12-23T08:06:43.984+0000: 26023.431: [GC (Allocation Failure) 2019-12-23T08:06:43.984+0000: 26023.431: [ParNew: 70449K->6313K(72512K), 0.0029412 secs] 103166K->39981K(233664K), 0.0030141 secs] [Times: user=0.01 sys=0.00, real=0.00 secs] 
2019-12-23T08:06:51.513+0000: 26030.960: [GC (Allocation Failure) 2019-12-23T08:06:51.513+0000: 26030.960: [ParNew: 70825K->6067K(72512K), 0.0028990 secs] 104493K->40687K(233664K), 0.0029749 secs] [Times: user=0.01 sys=0.00, real=0.00 secs] 
2019-12-23T08:07:04.209+0000: 26043.656: [GC (Allocation Failure) 2019-12-23T08:07:04.209+0000: 26043.656: [ParNew: 70579K->6965K(72512K), 0.0035384 secs] 105199K->42537K(233664K), 0.0036285 secs] [Times: user=0.01 sys=0.00, real=0.01 secs] 
2019-12-23T08:07:12.666+0000: 26052.113: [GC (Allocation Failure) 2019-12-23T08:07:12.666+0000: 26052.113: [ParNew: 71477K->6202K(72512K), 0.0028848 secs] 107049K->42818K(233664K), 0.0029929 secs] [Times: user=0.00 sys=0.00, real=0.00 secs] 
2019-12-23T08:07:25.355+0000: 26064.802: [GC (Allocation Failure) 2019-12-23T08:07:25.355+0000: 26064.802: [ParNew: 70714K->5166K(72512K), 0.0049270 secs] 107330K->42734K(233664K), 0.0050188 secs] [Times: user=0.00 sys=0.01, real=0.01 secs] 
2019-12-23T08:07:37.514+0000: 26076.961: [GC (Allocation Failure) 2019-12-23T08:07:37.514+0000: 26076.961: [ParNew: 69678K->5840K(72512K), 0.0029584 secs] 107246K->44360K(233664K), 0.0030304 secs] [Times: user=0.01 sys=0.00, real=0.00 secs] 
2019-12-23T08:07:45.332+0000: 26084.778: [GC (Allocation Failure) 2019-12-23T08:07:45.332+0000: 26084.779: [ParNew: 70352K->6011K(72512K), 0.0028519 secs] 108872K->45485K(233664K), 0.0029739 secs] [Times: user=0.00 sys=0.00, real=0.00 secs] 
2019-12-23T08:07:56.832+0000: 26096.279: [GC (Allocation Failure) 2019-12-23T08:07:56.832+0000: 26096.279: [ParNew: 70523K->6052K(72512K), 0.0028052 secs] 109997K->46477K(233664K), 0.0028908 secs] [Times: user=0.01 sys=0.00, real=0.00 secs] 
2019-12-23T08:08:03.277+0000: 26102.724: [GC (Allocation Failure) 2019-12-23T08:08:03.277+0000: 26102.724: [ParNew: 70564K->6837K(72512K), 0.0027731 secs] 110989K->48348K(233664K), 0.0028505 secs] [Times: user=0.01 sys=0.00, real=0.01 secs] 
2019-12-23T08:08:17.670+0000: 26117.116: [GC (Allocation Failure) 2019-12-23T08:08:17.670+0000: 26117.116: [ParNew: 71349K->4908K(72512K), 0.0050214 secs] 112860K->47372K(233664K), 0.0050988 secs] [Times: user=0.01 sys=0.00, real=0.01 secs] 
2019-12-23T08:08:25.235+0000: 26124.682: [GC (Allocation Failure) 2019-12-23T08:08:25.235+0000: 26124.682: [ParNew: 69420K->5377K(72512K), 0.0028171 secs] 111884K->48793K(233664K), 0.0028918 secs] [Times: user=0.01 sys=0.00, real=0.00 secs] 
2019-12-23T08:08:36.977+0000: 26136.424: [GC (Allocation Failure) 2019-12-23T08:08:36.977+0000: 26136.424: [ParNew: 69889K->5325K(72512K), 0.0029125 secs] 113305K->49693K(233664K), 0.0029871 secs] [Times: user=0.00 sys=0.00, real=0.01 secs] 
2019-12-23T08:08:43.555+0000: 26143.002: [GC (Allocation Failure) 2019-12-23T08:08:43.555+0000: 26143.002: [ParNew: 69837K->4624K(72512K), 0.0027775 secs] 114205K->50096K(233664K), 0.0028714 secs] [Times: user=0.00 sys=0.00, real=0.00 secs] 
2019-12-23T08:08:56.735+0000: 26156.182: [GC (Allocation Failure) 2019-12-23T08:08:56.735+0000: 26156.182: [ParNew: 69136K->5625K(72512K), 0.0029877 secs] 114608K->51920K(233664K), 0.0030770 secs] [Times: user=0.01 sys=0.00, real=0.00 secs] 
2019-12-23T08:09:04.934+0000: 26164.380: [GC (Allocation Failure) 2019-12-23T08:09:04.934+0000: 26164.380: [ParNew: 70137K->6670K(72512K), 0.0029814 secs] 116432K->53918K(233664K), 0.0030538 secs] [Times: user=0.01 sys=0.00, real=0.00 secs] 
2019-12-23T08:09:16.524+0000: 26175.971: [GC (Allocation Failure) 2019-12-23T08:09:16.524+0000: 26175.971: [ParNew: 71182K->5132K(72512K), 0.0030976 secs] 118430K->53332K(233664K), 0.0031754 secs] [Times: user=0.01 sys=0.00, real=0.00 secs] 
2019-12-23T08:09:24.637+0000: 26184.084: [GC (Allocation Failure) 2019-12-23T08:09:24.637+0000: 26184.084: [ParNew: 69644K->5242K(72512K), 0.0029798 secs] 117844K->54393K(233664K), 0.0030582 secs] [Times: user=0.00 sys=0.00, real=0.01 secs] 
2019-12-23T08:09:34.744+0000: 26194.191: [GC (Allocation Failure) 2019-12-23T08:09:34.744+0000: 26194.191: [ParNew: 69754K->6026K(72512K), 0.0028513 secs] 118905K->56129K(233664K), 0.0029207 secs] [Times: user=0.01 sys=0.00, real=0.00 secs] 
2019-12-23T08:09:42.920+0000: 26202.367: [GC (Allocation Failure) 2019-12-23T08:09:42.920+0000: 26202.367: [ParNew: 70538K->5937K(72512K), 0.0027572 secs] 120641K->56993K(233664K), 0.0028440 secs] [Times: user=0.01 sys=0.00, real=0.00 secs] 
2019-12-23T08:09:54.683+0000: 26214.130: [GC (Allocation Failure) 2019-12-23T08:09:54.683+0000: 26214.130: [ParNew: 70449K->6659K(72512K), 0.0030346 secs] 121505K->58666K(233664K), 0.0031090 secs] [Times: user=0.00 sys=0.00, real=0.00 secs] 
2019-12-23T08:10:04.426+0000: 26223.873: [GC (Allocation Failure) 2019-12-23T08:10:04.426+0000: 26223.873: [ParNew: 71171K->5853K(72512K), 0.0029472 secs] 123178K->58712K(233664K), 0.0030492 secs] [Times: user=0.00 sys=0.00, real=0.00 secs] 
2019-12-23T08:10:20.614+0000: 26240.061: [GC (Allocation Failure) 2019-12-23T08:10:20.614+0000: 26240.061: [ParNew: 70365K->5252K(72512K), 0.0029829 secs] 123224K->59063K(233664K), 0.0030623 secs] [Times: user=0.01 sys=0.00, real=0.00 secs] 
2019-12-23T08:10:28.688+0000: 26248.135: [GC (Allocation Failure) 2019-12-23T08:10:28.688+0000: 26248.135: [ParNew: 69764K->5872K(72512K), 0.0029379 secs] 123575K->60635K(233664K), 0.0030204 secs] [Times: user=0.01 sys=0.00, real=0.01 secs] 
2019-12-23T08:10:42.357+0000: 26261.804: [GC (Allocation Failure) 2019-12-23T08:10:42.357+0000: 26261.804: [ParNew: 70384K->5123K(72512K), 0.0027878 secs] 125147K->60837K(233664K), 0.0028649 secs] [Times: user=0.01 sys=0.00, real=0.01 secs] 
2019-12-23T08:10:49.470+0000: 26268.917: [GC (Allocation Failure) 2019-12-23T08:10:49.470+0000: 26268.917: [ParNew: 69635K->5261K(72512K), 0.0028128 secs] 125349K->61955K(233664K), 0.0028980 secs] [Times: user=0.01 sys=0.00, real=0.01 secs] 
2019-12-23T08:11:02.889+0000: 26282.336: [GC (Allocation Failure) 2019-12-23T08:11:02.889+0000: 26282.336: [ParNew: 69773K->3342K(72512K), 0.0025406 secs] 126467K->60296K(233664K), 0.0026187 secs] [Times: user=0.00 sys=0.00, real=0.01 secs] 
2019-12-23T08:11:08.892+0000: 26288.339: [GC (Allocation Failure) 2019-12-23T08:11:08.892+0000: 26288.339: [ParNew: 67854K->3371K(72512K), 0.0025286 secs] 124808K->60326K(233664K), 0.0026361 secs] [Times: user=0.00 sys=0.00, real=0.00 secs] 
2019-12-23T08:11:20.119+0000: 26299.566: [GC (Allocation Failure) 2019-12-23T08:11:20.119+0000: 26299.566: [ParNew: 67883K->4668K(72512K), 0.0028198 secs] 124838K->61623K(233664K), 0.0029289 secs] [Times: user=0.01 sys=0.00, real=0.00 secs] 
2019-12-23T08:11:26.863+0000: 26306.310: [GC (Allocation Failure) 2019-12-23T08:11:26.863+0000: 26306.310: [ParNew: 69180K->6012K(72512K), 0.0051508 secs] 126135K->63521K(233664K), 0.0052415 secs] [Times: user=0.00 sys=0.00, real=0.00 secs] 
2019-12-23T08:11:40.218+0000: 26319.665: [GC (Allocation Failure) 2019-12-23T08:11:40.218+0000: 26319.665: [ParNew: 70524K->5104K(72512K), 0.0028606 secs] 128033K->63656K(233664K), 0.0029368 secs] [Times: user=0.01 sys=0.00, real=0.01 secs] 
2019-12-23T08:11:48.850+0000: 26328.297: [GC (Allocation Failure) 2019-12-23T08:11:48.850+0000: 26328.297: [ParNew: 69616K->5225K(72512K), 0.0029261 secs] 128168K->64728K(233664K), 0.0030401 secs] [Times: user=0.01 sys=0.00, real=0.01 secs] 
2019-12-23T08:11:55.871+0000: 26335.318: [GC (Allocation Failure) 2019-12-23T08:11:55.871+0000: 26335.318: [ParNew: 69737K->4464K(72512K), 0.0039321 secs] 129240K->64919K(233664K), 0.0040059 secs] [Times: user=0.01 sys=0.00, real=0.00 secs] 
2019-12-23T08:12:04.894+0000: 26344.341: [GC (Allocation Failure) 2019-12-23T08:12:04.894+0000: 26344.341: [ParNew: 68976K->4663K(72512K), 0.0028817 secs] 129431K->65971K(233664K), 0.0029719 secs] [Times: user=0.01 sys=0.00, real=0.00 secs] 
2019-12-23T08:12:24.885+0000: 26364.332: [GC (Allocation Failure) 2019-12-23T08:12:24.885+0000: 26364.332: [ParNew: 69175K->6236K(72512K), 0.0031988 secs] 130483K->68495K(233664K), 0.0032747 secs] [Times: user=0.00 sys=0.00, real=0.00 secs] 
2019-12-23T08:12:33.138+0000: 26372.585: [GC (Allocation Failure) 2019-12-23T08:12:33.138+0000: 26372.585: [ParNew: 70748K->6253K(72512K), 0.0027913 secs] 133007K->69464K(233664K), 0.0028689 secs] [Times: user=0.01 sys=0.00, real=0.01 secs] 
2019-12-23T08:12:45.961+0000: 26385.408: [GC (Allocation Failure) 2019-12-23T08:12:45.961+0000: 26385.408: [ParNew: 70765K->5503K(72512K), 0.0028866 secs] 133976K->69694K(233664K), 0.0029585 secs] [Times: user=0.01 sys=0.00, real=0.00 secs] 
2019-12-23T08:13:01.071+0000: 26400.517: [GC (Allocation Failure) 2019-12-23T08:13:01.071+0000: 26400.517: [ParNew: 70015K->5100K(72512K), 0.0031603 secs] 134206K->70242K(233664K), 0.0032336 secs] [Times: user=0.01 sys=0.00, real=0.00 secs] 
2019-12-23T08:13:13.213+0000: 26412.660: [GC (Allocation Failure) 2019-12-23T08:13:13.214+0000: 26412.660: [ParNew: 69612K->6107K(72512K), 0.0031312 secs] 134754K->72201K(233664K), 0.0032104 secs] [Times: user=0.01 sys=0.00, real=0.00 secs] 
2019-12-23T08:13:21.186+0000: 26420.633: [GC (Allocation Failure) 2019-12-23T08:13:21.186+0000: 26420.633: [ParNew: 70619K->4924K(72512K), 0.0029478 secs] 136713K->71970K(233664K), 0.0030568 secs] [Times: user=0.00 sys=0.00, real=0.00 secs] 
2019-12-23T08:13:35.755+0000: 26435.202: [GC (Allocation Failure) 2019-12-23T08:13:35.755+0000: 26435.202: [ParNew: 69436K->4965K(72512K), 0.0029375 secs] 136482K->73099K(233664K), 0.0030106 secs] [Times: user=0.01 sys=0.00, real=0.00 secs] 
2019-12-23T08:13:41.564+0000: 26441.011: [GC (Allocation Failure) 2019-12-23T08:13:41.565+0000: 26441.011: [ParNew: 69477K->5590K(72512K), 0.0029640 secs] 137611K->74675K(233664K), 0.0030349 secs] [Times: user=0.01 sys=0.01, real=0.00 secs] 
2019-12-23T08:13:56.305+0000: 26455.752: [GC (Allocation Failure) 2019-12-23T08:13:56.305+0000: 26455.752: [ParNew: 70102K->5075K(72512K), 0.0028092 secs] 139187K->75113K(233664K), 0.0028806 secs] [Times: user=0.01 sys=0.00, real=0.00 secs] 
2019-12-23T08:14:09.656+0000: 26469.103: [GC (Allocation Failure) 2019-12-23T08:14:09.657+0000: 26469.103: [ParNew: 69587K->6151K(72512K), 0.0029978 secs] 139625K->77232K(233664K), 0.0031123 secs] [Times: user=0.00 sys=0.00, real=0.01 secs] 
2019-12-23T08:14:21.353+0000: 26480.800: [GC (Allocation Failure) 2019-12-23T08:14:21.353+0000: 26480.800: [ParNew: 70663K->5003K(72512K), 0.0029098 secs] 141744K->77036K(233664K), 0.0030054 secs] [Times: user=0.00 sys=0.00, real=0.00 secs] 
2019-12-23T08:14:37.405+0000: 26496.852: [GC (Allocation Failure) 2019-12-23T08:14:37.405+0000: 26496.852: [ParNew: 69515K->5461K(72512K), 0.0029132 secs] 141548K->78446K(233664K), 0.0029858 secs] [Times: user=0.01 sys=0.00, real=0.00 secs] 
2019-12-23T08:14:39.293+0000: 26498.740: [GC (Allocation Failure) 2019-12-23T08:14:39.293+0000: 26498.740: [ParNew: 69973K->5089K(72512K), 0.0029341 secs] 142958K->79026K(233664K), 0.0030359 secs] [Times: user=0.01 sys=0.00, real=0.00 secs] 
2019-12-23T08:14:56.973+0000: 26516.420: [GC (Allocation Failure) 2019-12-23T08:14:56.973+0000: 26516.420: [ParNew: 69601K->6227K(72512K), 0.0031406 secs] 143538K->81116K(233664K), 0.0032149 secs] [Times: user=0.01 sys=0.00, real=0.00 secs] 
2019-12-23T08:15:03.335+0000: 26522.782: [GC (Allocation Failure) 2019-12-23T08:15:03.335+0000: 26522.782: [ParNew: 70739K->5296K(72512K), 0.0032068 secs] 145628K->81228K(233664K), 0.0032861 secs] [Times: user=0.01 sys=0.00, real=0.00 secs] 
2019-12-23T08:15:15.091+0000: 26534.538: [GC (Allocation Failure) 2019-12-23T08:15:15.091+0000: 26534.538: [ParNew: 69808K->5660K(72512K), 0.0033274 secs] 145740K->82544K(233664K), 0.0034121 secs] [Times: user=0.01 sys=0.00, real=0.00 secs] 
2019-12-23T08:15:28.547+0000: 26547.994: [GC (Allocation Failure) 2019-12-23T08:15:28.547+0000: 26547.994: [ParNew: 70172K->5295K(72512K), 0.0042458 secs] 147056K->83131K(233664K), 0.0043348 secs] [Times: user=0.02 sys=0.00, real=0.01 secs] 
2019-12-23T08:15:40.323+0000: 26559.770: [GC (Allocation Failure) 2019-12-23T08:15:40.323+0000: 26559.770: [ParNew: 69807K->5781K(72512K), 0.0031834 secs] 147643K->84569K(233664K), 0.0032615 secs] [Times: user=0.01 sys=0.00, real=0.00 secs] 
2019-12-23T08:15:52.547+0000: 26571.994: [GC (Allocation Failure) 2019-12-23T08:15:52.547+0000: 26571.994: [ParNew: 70293K->6026K(72512K), 0.0029613 secs] 149081K->85766K(233664K), 0.0030363 secs] [Times: user=0.01 sys=0.00, real=0.00 secs] 
2019-12-23T08:15:57.606+0000: 26577.053: [GC (Allocation Failure) 2019-12-23T08:15:57.606+0000: 26577.053: [ParNew: 70538K->5124K(72512K), 0.0029766 secs] 150278K->85815K(233664K), 0.0030699 secs] [Times: user=0.01 sys=0.00, real=0.00 secs] 
2019-12-23T08:16:10.550+0000: 26589.997: [GC (Allocation Failure) 2019-12-23T08:16:10.550+0000: 26589.997: [ParNew: 69636K->5534K(72512K), 0.0029504 secs] 150327K->87178K(233664K), 0.0030318 secs] [Times: user=0.01 sys=0.00, real=0.01 secs] 
2019-12-23T08:16:21.008+0000: 26600.455: [GC (Allocation Failure) 2019-12-23T08:16:21.008+0000: 26600.455: [ParNew: 70046K->5185K(72512K), 0.0028162 secs] 151690K->87872K(233664K), 0.0028908 secs] [Times: user=0.00 sys=0.00, real=0.01 secs] 
2019-12-23T08:16:31.837+0000: 26611.284: [GC (Allocation Failure) 2019-12-23T08:16:31.837+0000: 26611.284: [ParNew: 69697K->5548K(72512K), 0.0029043 secs] 152384K->89188K(233664K), 0.0029849 secs] [Times: user=0.01 sys=0.00, real=0.01 secs] 
2019-12-23T08:16:44.601+0000: 26624.048: [GC (Allocation Failure) 2019-12-23T08:16:44.601+0000: 26624.048: [ParNew: 70060K->5373K(72512K), 0.0029776 secs] 153700K->89964K(233664K), 0.0030755 secs] [Times: user=0.01 sys=0.00, real=0.00 secs] 
2019-12-23T08:16:55.657+0000: 26635.104: [GC (Allocation Failure) 2019-12-23T08:16:55.657+0000: 26635.104: [ParNew: 69885K->4928K(72512K), 0.0028145 secs] 154476K->90471K(233664K), 0.0028881 secs] [Times: user=0.01 sys=0.00, real=0.01 secs] 
2019-12-23T08:17:06.557+0000: 26646.004: [GC (Allocation Failure) 2019-12-23T08:17:06.557+0000: 26646.004: [ParNew: 69440K->6659K(72512K), 0.0031354 secs] 154983K->93154K(233664K), 0.0032102 secs] [Times: user=0.01 sys=0.00, real=0.01 secs] 
2019-12-23T08:17:16.147+0000: 26655.594: [GC (Allocation Failure) 2019-12-23T08:17:16.147+0000: 26655.594: [ParNew: 71171K->5920K(72512K), 0.0041611 secs] 157666K->93530K(233664K), 0.0042574 secs] [Times: user=0.01 sys=0.00, real=0.01 secs] 
2019-12-23T08:17:23.707+0000: 26663.154: [GC (Allocation Failure) 2019-12-23T08:17:23.707+0000: 26663.154: [ParNew: 70432K->6620K(72512K), 0.0027538 secs] 158042K->95182K(233664K), 0.0028315 secs] [Times: user=0.01 sys=0.00, real=0.00 secs] 
2019-12-23T08:17:36.046+0000: 26675.493: [GC (Allocation Failure) 2019-12-23T08:17:36.046+0000: 26675.493: [ParNew: 71132K->5276K(72512K), 0.0028249 secs] 159694K->94790K(233664K), 0.0029040 secs] [Times: user=0.00 sys=0.00, real=0.00 secs] 
2019-12-23T08:17:48.764+0000: 26688.211: [GC (Allocation Failure) 2019-12-23T08:17:48.764+0000: 26688.211: [ParNew: 69788K->5288K(72512K), 0.0028056 secs] 159302K->95753K(233664K), 0.0028812 secs] [Times: user=0.01 sys=0.00, real=0.00 secs] 
2019-12-23T08:18:01.746+0000: 26701.193: [GC (Allocation Failure) 2019-12-23T08:18:01.746+0000: 26701.193: [ParNew: 69800K->5279K(72512K), 0.0028565 secs] 160265K->96696K(233664K), 0.0029389 secs] [Times: user=0.01 sys=0.00, real=0.00 secs] 
2019-12-23T08:18:04.484+0000: 26703.931: [GC (Allocation Failure) 2019-12-23T08:18:04.484+0000: 26703.931: [ParNew: 69791K->5392K(72512K), 0.0028540 secs] 161208K->97762K(233664K), 0.0029294 secs] [Times: user=0.01 sys=0.00, real=0.00 secs] 
2019-12-23T08:18:20.901+0000: 26720.348: [GC (Allocation Failure) 2019-12-23T08:18:20.901+0000: 26720.348: [ParNew: 69904K->5331K(72512K), 0.0029086 secs] 162274K->98680K(233664K), 0.0029818 secs] [Times: user=0.00 sys=0.00, real=0.00 secs] 
2019-12-23T08:18:27.830+0000: 26727.277: [GC (Allocation Failure) 2019-12-23T08:18:27.830+0000: 26727.277: [ParNew: 69843K->5546K(72512K), 0.0028901 secs] 163192K->99847K(233664K), 0.0029665 secs] [Times: user=0.00 sys=0.00, real=0.01 secs] 
2019-12-23T08:18:40.549+0000: 26739.996: [GC (Allocation Failure) 2019-12-23T08:18:40.549+0000: 26739.996: [ParNew: 70058K->5374K(72512K), 0.0027934 secs] 164359K->100627K(233664K), 0.0028752 secs] [Times: user=0.01 sys=0.00, real=0.01 secs] 
2019-12-23T08:18:53.617+0000: 26753.064: [GC (Allocation Failure) 2019-12-23T08:18:53.617+0000: 26753.064: [ParNew: 69886K->6243K(72512K), 0.0028214 secs] 165139K->102448K(233664K), 0.0028967 secs] [Times: user=0.01 sys=0.00, real=0.01 secs] 
2019-12-23T08:19:04.462+0000: 26763.909: [GC (Allocation Failure) 2019-12-23T08:19:04.462+0000: 26763.909: [ParNew: 70755K->4748K(72512K), 0.0029859 secs] 166960K->101905K(233664K), 0.0030557 secs] [Times: user=0.01 sys=0.00, real=0.00 secs] 
2019-12-23T08:19:14.538+0000: 26773.985: [GC (Allocation Failure) 2019-12-23T08:19:14.538+0000: 26773.985: [ParNew: 69260K->5549K(72512K), 0.0032452 secs] 166417K->103685K(233664K), 0.0033232 secs] [Times: user=0.01 sys=0.00, real=0.01 secs] 
2019-12-23T08:19:20.018+0000: 26779.465: [GC (Allocation Failure) 2019-12-23T08:19:20.018+0000: 26779.465: [ParNew: 70061K->5073K(72512K), 0.0029518 secs] 168197K->104161K(233664K), 0.0030255 secs] [Times: user=0.00 sys=0.00, real=0.01 secs] 
2019-12-23T08:19:33.265+0000: 26792.711: [GC (Allocation Failure) 2019-12-23T08:19:33.265+0000: 26792.712: [ParNew: 69585K->3997K(72512K), 0.0024906 secs] 168673K->103087K(233664K), 0.0025844 secs] [Times: user=0.01 sys=0.00, real=0.00 secs] 
2019-12-23T08:19:47.021+0000: 26806.468: [GC (Allocation Failure) 2019-12-23T08:19:47.021+0000: 26806.468: [ParNew: 68509K->3370K(72512K), 0.0024360 secs] 167599K->102460K(233664K), 0.0025238 secs] [Times: user=0.01 sys=0.00, real=0.00 secs] 
2019-12-23T08:19:53.083+0000: 26812.530: [GC (Allocation Failure) 2019-12-23T08:19:53.083+0000: 26812.530: [ParNew: 67882K->4863K(72512K), 0.0025110 secs] 166972K->103953K(233664K), 0.0025939 secs] [Times: user=0.01 sys=0.00, real=0.00 secs] 
2019-12-23T08:20:09.024+0000: 26828.471: [GC (Allocation Failure) 2019-12-23T08:20:09.024+0000: 26828.471: [ParNew: 69375K->5599K(72512K), 0.0028948 secs] 168465K->104688K(233664K), 0.0029736 secs] [Times: user=0.00 sys=0.00, real=0.00 secs] 
2019-12-23T08:20:11.108+0000: 26830.555: [GC (Allocation Failure) 2019-12-23T08:20:11.108+0000: 26830.555: [ParNew: 70111K->5332K(72512K), 0.0030078 secs] 169200K->105827K(233664K), 0.0030882 secs] [Times: user=0.01 sys=0.00, real=0.01 secs] 
2019-12-23T08:20:27.298+0000: 26846.745: [GC (Allocation Failure) 2019-12-23T08:20:27.298+0000: 26846.745: [ParNew: 69844K->5260K(72512K), 0.0031177 secs] 170339K->106605K(233664K), 0.0032156 secs] [Times: user=0.01 sys=0.00, real=0.01 secs] 
2019-12-23T08:20:36.711+0000: 26856.157: [GC (Allocation Failure) 2019-12-23T08:20:36.711+0000: 26856.157: [ParNew: 69772K->5757K(72512K), 0.0029413 secs] 171117K->108054K(233664K), 0.0030297 secs] [Times: user=0.01 sys=0.01, real=0.00 secs] 
2019-12-23T08:20:49.466+0000: 26868.913: [GC (Allocation Failure) 2019-12-23T08:20:49.466+0000: 26868.913: [ParNew: 70269K->5199K(72512K), 0.0029470 secs] 172566K->108449K(233664K), 0.0030450 secs] [Times: user=0.01 sys=0.00, real=0.00 secs] 
2019-12-23T08:21:01.973+0000: 26881.420: [GC (Allocation Failure) 2019-12-23T08:21:01.973+0000: 26881.420: [ParNew: 69711K->6579K(72512K), 0.0030761 secs] 172961K->110780K(233664K), 0.0031837 secs] [Times: user=0.01 sys=0.00, real=0.00 secs] 
2019-12-23T08:21:14.290+0000: 26893.737: [GC (Allocation Failure) 2019-12-23T08:21:14.290+0000: 26893.737: [ParNew: 71091K->6649K(72512K), 0.0031792 secs] 175292K->111801K(233664K), 0.0032654 secs] [Times: user=0.01 sys=0.00, real=0.01 secs] 
2019-12-23T08:21:20.047+0000: 26899.494: [GC (Allocation Failure) 2019-12-23T08:21:20.047+0000: 26899.494: [ParNew: 71161K->6061K(72512K), 0.0033432 secs] 176313K->112165K(233664K), 0.0034293 secs] [Times: user=0.00 sys=0.01, real=0.01 secs] 
2019-12-23T08:21:37.446+0000: 26916.893: [GC (Allocation Failure) 2019-12-23T08:21:37.446+0000: 26916.893: [ParNew: 70573K->6880K(72512K), 0.0032197 secs] 176677K->113964K(233664K), 0.0033062 secs] [Times: user=0.01 sys=0.00, real=0.00 secs] 
2019-12-23T08:21:38.971+0000: 26918.418: [GC (Allocation Failure) 2019-12-23T08:21:38.971+0000: 26918.418: [ParNew: 71392K->5211K(72512K), 0.0028915 secs] 178476K->113247K(233664K), 0.0029750 secs] [Times: user=0.01 sys=0.00, real=0.00 secs] 
2019-12-23T08:21:54.582+0000: 26934.029: [GC (Allocation Failure) 2019-12-23T08:21:54.582+0000: 26934.029: [ParNew: 69723K->5848K(72512K), 0.0030688 secs] 177759K->114836K(233664K), 0.0031490 secs] [Times: user=0.01 sys=0.00, real=0.00 secs] 
2019-12-23T08:22:06.902+0000: 26946.349: [GC (Allocation Failure) 2019-12-23T08:22:06.902+0000: 26946.349: [ParNew: 70360K->6076K(72512K), 0.0028906 secs] 179348K->116015K(233664K), 0.0030007 secs] [Times: user=0.01 sys=0.00, real=0.00 secs] 
2019-12-23T08:22:14.678+0000: 26954.125: [GC (Allocation Failure) 2019-12-23T08:22:14.678+0000: 26954.125: [ParNew: 70588K->5024K(72512K), 0.0028505 secs] 180527K->115916K(233664K), 0.0029386 secs] [Times: user=0.01 sys=0.00, real=0.01 secs] 
2019-12-23T08:22:32.419+0000: 26971.866: [GC (Allocation Failure) 2019-12-23T08:22:32.419+0000: 26971.866: [ParNew: 69536K->5250K(72512K), 0.0029701 secs] 180428K->117093K(233664K), 0.0030463 secs] [Times: user=0.01 sys=0.00, real=0.00 secs] 
2019-12-23T08:22:34.540+0000: 26973.986: [GC (Allocation Failure) 2019-12-23T08:22:34.540+0000: 26973.986: [ParNew: 69762K->4996K(72512K), 0.0027495 secs] 181605K->117791K(233664K), 0.0028314 secs] [Times: user=0.00 sys=0.00, real=0.00 secs] 
2019-12-23T08:22:52.816+0000: 26992.263: [GC (Allocation Failure) 2019-12-23T08:22:52.816+0000: 26992.263: [ParNew: 69508K->6080K(72512K), 0.0035905 secs] 182303K->119827K(233664K), 0.0036788 secs] [Times: user=0.01 sys=0.00, real=0.01 secs] 
2019-12-23T08:22:59.397+0000: 26998.844: [GC (Allocation Failure) 2019-12-23T08:22:59.397+0000: 26998.844: [ParNew: 70592K->5903K(72512K), 0.0028003 secs] 184339K->120738K(233664K), 0.0028819 secs] [Times: user=0.00 sys=0.01, real=0.01 secs] 
2019-12-23T08:23:12.837+0000: 27012.284: [GC (Allocation Failure) 2019-12-23T08:23:12.837+0000: 27012.284: [ParNew: 70415K->6615K(72512K), 0.0032141 secs] 185250K->122402K(233664K), 0.0032890 secs] [Times: user=0.01 sys=0.00, real=0.01 secs] 
2019-12-23T08:23:25.220+0000: 27024.667: [GC (Allocation Failure) 2019-12-23T08:23:25.220+0000: 27024.667: [ParNew: 71127K->5897K(72512K), 0.0030385 secs] 186914K->122635K(233664K), 0.0031136 secs] [Times: user=0.01 sys=0.00, real=0.00 secs] 
2019-12-23T08:23:37.666+0000: 27037.113: [GC (Allocation Failure) 2019-12-23T08:23:37.666+0000: 27037.113: [ParNew: 70409K->5904K(72512K), 0.0028480 secs] 187147K->123593K(233664K), 0.0029178 secs] [Times: user=0.00 sys=0.00, real=0.00 secs] 
2019-12-23T08:23:49.041+0000: 27048.488: [GC (Allocation Failure) 2019-12-23T08:23:49.041+0000: 27048.488: [ParNew: 70416K->6656K(72512K), 0.0028813 secs] 188105K->125325K(233664K), 0.0029567 secs] [Times: user=0.01 sys=0.00, real=0.00 secs] 
2019-12-23T08:23:53.513+0000: 27052.960: [GC (Allocation Failure) 2019-12-23T08:23:53.513+0000: 27052.960: [ParNew: 71168K->6726K(72512K), 0.0028366 secs] 189837K->126347K(233664K), 0.0029088 secs] [Times: user=0.01 sys=0.00, real=0.00 secs] 
2019-12-23T08:24:05.778+0000: 27065.225: [GC (Allocation Failure) 2019-12-23T08:24:05.778+0000: 27065.225: [ParNew: 71238K->5361K(72512K), 0.0029365 secs] 190859K->125936K(233664K), 0.0030303 secs] [Times: user=0.01 sys=0.00, real=0.01 secs] 
2019-12-23T08:24:15.838+0000: 27075.285: [GC (Allocation Failure) 2019-12-23T08:24:15.838+0000: 27075.285: [ParNew: 69873K->5019K(72512K), 0.0028639 secs] 190448K->126546K(233664K), 0.0029455 secs] [Times: user=0.01 sys=0.00, real=0.01 secs] 
2019-12-23T08:24:28.328+0000: 27087.775: [GC (Allocation Failure) 2019-12-23T08:24:28.328+0000: 27087.775: [ParNew: 69531K->5448K(72512K), 0.0029354 secs] 191058K->127928K(233664K), 0.0030112 secs] [Times: user=0.01 sys=0.00, real=0.01 secs] 
2019-12-23T08:24:41.371+0000: 27100.818: [GC (Allocation Failure) 2019-12-23T08:24:41.371+0000: 27100.818: [ParNew: 69960K->5820K(72512K), 0.0031554 secs] 192440K->129251K(233664K), 0.0032483 secs] [Times: user=0.01 sys=0.00, real=0.00 secs] 
2019-12-23T08:24:44.827+0000: 27104.274: [GC (Allocation Failure) 2019-12-23T08:24:44.827+0000: 27104.274: [ParNew: 70332K->5318K(72512K), 0.0028402 secs] 193763K->129573K(233664K), 0.0029153 secs] [Times: user=0.01 sys=0.00, real=0.00 secs] 
2019-12-23T08:25:01.355+0000: 27120.802: [GC (Allocation Failure) 2019-12-23T08:25:01.355+0000: 27120.802: [ParNew: 69830K->5189K(72512K), 0.0029474 secs] 194085K->130396K(233664K), 0.0030598 secs] [Times: user=0.01 sys=0.00, real=0.00 secs] 
2019-12-23T08:25:07.628+0000: 27127.075: [GC (Allocation Failure) 2019-12-23T08:25:07.628+0000: 27127.075: [ParNew: 69701K->6207K(72512K), 0.0031503 secs] 194908K->132366K(233664K), 0.0032328 secs] [Times: user=0.01 sys=0.00, real=0.01 secs] 
2019-12-23T08:25:21.087+0000: 27140.534: [GC (Allocation Failure) 2019-12-23T08:25:21.087+0000: 27140.534: [ParNew: 70719K->5515K(72512K), 0.0029264 secs] 196878K->132625K(233664K), 0.0030208 secs] [Times: user=0.01 sys=0.00, real=0.00 secs] 
2019-12-23T08:25:32.826+0000: 27152.273: [GC (Allocation Failure) 2019-12-23T08:25:32.826+0000: 27152.273: [ParNew: 70027K->4865K(72512K), 0.0029243 secs] 197137K->132927K(233664K), 0.0030006 secs] [Times: user=0.01 sys=0.00, real=0.00 secs] 
2019-12-23T08:25:45.404+0000: 27164.851: [GC (Allocation Failure) 2019-12-23T08:25:45.404+0000: 27164.851: [ParNew: 69377K->4675K(72512K), 0.0029763 secs] 197439K->133690K(233664K), 0.0030552 secs] [Times: user=0.01 sys=0.00, real=0.00 secs] 
2019-12-23T08:25:57.381+0000: 27176.828: [GC (Allocation Failure) 2019-12-23T08:25:57.381+0000: 27176.828: [ParNew: 69187K->5313K(72512K), 0.0029172 secs] 198202K->135307K(233664K), 0.0029965 secs] [Times: user=0.01 sys=0.00, real=0.00 secs] 
2019-12-23T08:26:01.406+0000: 27180.853: [GC (Allocation Failure) 2019-12-23T08:26:01.406+0000: 27180.853: [ParNew: 69825K->4991K(72512K), 0.0029887 secs] 199819K->135936K(233664K), 0.0030586 secs] [Times: user=0.01 sys=0.00, real=0.00 secs] 
2019-12-23T08:26:15.600+0000: 27195.047: [GC (Allocation Failure) 2019-12-23T08:26:15.600+0000: 27195.047: [ParNew: 69503K->5407K(72512K), 0.0030824 secs] 200448K->137304K(233664K), 0.0031741 secs] [Times: user=0.01 sys=0.00, real=0.00 secs] 
2019-12-23T08:26:25.086+0000: 27204.533: [GC (Allocation Failure) 2019-12-23T08:26:25.086+0000: 27204.533: [ParNew: 69919K->5792K(72512K), 0.0034507 secs] 201816K->138641K(233664K), 0.0035251 secs] [Times: user=0.01 sys=0.00, real=0.00 secs] 
2019-12-23T08:26:36.422+0000: 27215.869: [GC (Allocation Failure) 2019-12-23T08:26:36.422+0000: 27215.869: [ParNew: 70304K->5169K(72512K), 0.0028827 secs] 203153K->138970K(233664K), 0.0029631 secs] [Times: user=0.00 sys=0.00, real=0.00 secs] 
2019-12-23T08:26:49.806+0000: 27229.253: [GC (Allocation Failure) 2019-12-23T08:26:49.806+0000: 27229.253: [ParNew: 69681K->6095K(72512K), 0.0029962 secs] 203482K->140848K(233664K), 0.0030786 secs] [Times: user=0.01 sys=0.00, real=0.00 secs] 
2019-12-23T08:26:55.533+0000: 27234.980: [GC (Allocation Failure) 2019-12-23T08:26:55.533+0000: 27234.980: [ParNew: 70607K->5519K(72512K), 0.0030191 secs] 205360K->141251K(233664K), 0.0031014 secs] [Times: user=0.01 sys=0.00, real=0.00 secs] 
2019-12-23T08:27:11.323+0000: 27250.770: [GC (Allocation Failure) 2019-12-23T08:27:11.323+0000: 27250.770: [ParNew: 70031K->5723K(72512K), 0.0031193 secs] 205763K->142407K(233664K), 0.0032334 secs] [Times: user=0.01 sys=0.00, real=0.00 secs] 
2019-12-23T08:27:15.193+0000: 27254.640: [GC (Allocation Failure) 2019-12-23T08:27:15.193+0000: 27254.640: [ParNew: 70235K->5072K(72512K), 0.0030728 secs] 206919K->142708K(233664K), 0.0031534 secs] [Times: user=0.00 sys=0.00, real=0.00 secs] 
2019-12-23T08:27:28.202+0000: 27267.649: [GC (Allocation Failure) 2019-12-23T08:27:28.202+0000: 27267.649: [ParNew: 69584K->5156K(72512K), 0.0032162 secs] 207220K->143744K(233664K), 0.0032903 secs] [Times: user=0.01 sys=0.00, real=0.00 secs] 
2019-12-23T08:27:41.505+0000: 27280.952: [GC (Allocation Failure) 2019-12-23T08:27:41.505+0000: 27280.952: [ParNew: 69668K->5668K(72512K), 0.0028203 secs] 208256K->145235K(233664K), 0.0028967 secs] [Times: user=0.00 sys=0.00, real=0.00 secs] 
2019-12-23T08:27:54.619+0000: 27294.066: [GC (Allocation Failure) 2019-12-23T08:27:54.619+0000: 27294.066: [ParNew: 70180K->4899K(72512K), 0.0028130 secs] 209747K->145418K(233664K), 0.0029028 secs] [Times: user=0.01 sys=0.00, real=0.00 secs] 
2019-12-23T08:28:04.110+0000: 27303.557: [GC (Allocation Failure) 2019-12-23T08:28:04.110+0000: 27303.557: [ParNew: 69411K->2814K(72512K), 0.0024688 secs] 209930K->143594K(233664K), 0.0025549 secs] [Times: user=0.01 sys=0.00, real=0.01 secs] 
2019-12-23T08:28:12.808+0000: 27312.255: [GC (Allocation Failure) 2019-12-23T08:28:12.808+0000: 27312.255: [ParNew: 67326K->3255K(72512K), 0.0022525 secs] 208106K->144035K(233664K), 0.0023448 secs] [Times: user=0.01 sys=0.00, real=0.01 secs] 
2019-12-23T08:28:23.638+0000: 27323.085: [GC (Allocation Failure) 2019-12-23T08:28:23.638+0000: 27323.085: [ParNew: 67767K->3896K(72512K), 0.0025736 secs] 208547K->144676K(233664K), 0.0026602 secs] [Times: user=0.00 sys=0.00, real=0.01 secs] 
2019-12-23T08:28:34.336+0000: 27333.783: [GC (Allocation Failure) 2019-12-23T08:28:34.336+0000: 27333.783: [ParNew: 68408K->4939K(72512K), 0.0026114 secs] 209188K->145719K(233664K), 0.0026931 secs] [Times: user=0.01 sys=0.00, real=0.01 secs] 
2019-12-23T08:28:46.824+0000: 27346.271: [GC (Allocation Failure) 2019-12-23T08:28:46.824+0000: 27346.271: [ParNew: 69451K->4661K(72512K), 0.0039362 secs] 210231K->146809K(233664K), 0.0040351 secs] [Times: user=0.01 sys=0.00, real=0.00 secs] 
2019-12-23T08:29:00.815+0000: 27360.262: [GC (Allocation Failure) 2019-12-23T08:29:00.815+0000: 27360.262: [ParNew: 69173K->4741K(72512K), 0.0029696 secs] 211321K->147841K(233664K), 0.0030555 secs] [Times: user=0.01 sys=0.00, real=0.00 secs] 
2019-12-23T08:29:13.823+0000: 27373.269: [GC (Allocation Failure) 2019-12-23T08:29:13.823+0000: 27373.269: [ParNew: 69253K->5321K(72512K), 0.0032297 secs] 212353K->149271K(233664K), 0.0033040 secs] [Times: user=0.00 sys=0.00, real=0.00 secs] 
2019-12-23T08:29:23.989+0000: 27383.436: [GC (Allocation Failure) 2019-12-23T08:29:23.989+0000: 27383.436: [ParNew: 69833K->4676K(72512K), 0.0030722 secs] 213783K->149714K(233664K), 0.0031613 secs] [Times: user=0.01 sys=0.00, real=0.01 secs] 
2019-12-23T08:29:31.193+0000: 27390.640: [GC (Allocation Failure) 2019-12-23T08:29:31.193+0000: 27390.640: [ParNew: 69188K->5431K(72512K), 0.0034159 secs] 214226K->151420K(233664K), 0.0034875 secs] [Times: user=0.01 sys=0.00, real=0.00 secs] 
2019-12-23T08:29:41.079+0000: 27400.526: [GC (Allocation Failure) 2019-12-23T08:29:41.079+0000: 27400.526: [ParNew: 69943K->6697K(72512K), 0.0036327 secs] 215932K->153638K(233664K), 0.0037068 secs] [Times: user=0.01 sys=0.00, real=0.00 secs] 
2019-12-23T08:29:54.219+0000: 27413.666: [GC (Allocation Failure) 2019-12-23T08:29:54.219+0000: 27413.666: [ParNew: 71209K->5512K(72512K), 0.0032115 secs] 218150K->153405K(233664K), 0.0032856 secs] [Times: user=0.00 sys=0.00, real=0.00 secs] 
2019-12-23T08:30:04.955+0000: 27424.402: [GC (Allocation Failure) 2019-12-23T08:30:04.955+0000: 27424.402: [ParNew: 70024K->5622K(72512K), 0.0032683 secs] 217917K->154467K(233664K), 0.0033506 secs] [Times: user=0.01 sys=0.00, real=0.00 secs] 
2019-12-23T08:30:04.959+0000: 27424.406: [GC (CMS Initial Mark) [1 CMS-initial-mark: 148845K(161152K)] 155384K(233664K), 0.0010798 secs] [Times: user=0.01 sys=0.00, real=0.00 secs] 
2019-12-23T08:30:04.960+0000: 27424.407: [CMS-concurrent-mark-start]
2019-12-23T08:30:05.013+0000: 27424.460: [CMS-concurrent-mark: 0.053/0.053 secs] [Times: user=0.07 sys=0.00, real=0.05 secs] 
2019-12-23T08:30:05.013+0000: 27424.460: [CMS-concurrent-preclean-start]
2019-12-23T08:30:05.014+0000: 27424.461: [CMS-concurrent-preclean: 0.001/0.001 secs] [Times: user=0.00 sys=0.00, real=0.00 secs] 
2019-12-23T08:30:05.014+0000: 27424.461: [CMS-concurrent-abortable-preclean-start]
2019-12-23T08:30:07.529+0000: 27426.976: [CMS-concurrent-abortable-preclean: 0.112/2.514 secs] [Times: user=0.18 sys=0.00, real=2.51 secs] 
2019-12-23T08:30:07.529+0000: 27426.976: [GC (CMS Final Remark) [YG occupancy: 48809 K (72512 K)]2019-12-23T08:30:07.529+0000: 27426.976: [Rescan (parallel) , 0.0068200 secs]2019-12-23T08:30:07.536+0000: 27426.983: [weak refs processing, 0.0000475 secs]2019-12-23T08:30:07.536+0000: 27426.983: [class unloading, 0.0096584 secs]2019-12-23T08:30:07.546+0000: 27426.993: [scrub symbol table, 0.0088611 secs]2019-12-23T08:30:07.554+0000: 27427.001: [scrub string table, 0.0005623 secs][1 CMS-remark: 148845K(161152K)] 197654K(233664K), 0.0261197 secs] [Times: user=0.04 sys=0.01, real=0.03 secs] 
2019-12-23T08:30:07.555+0000: 27427.002: [CMS-concurrent-sweep-start]
2019-12-23T08:30:07.567+0000: 27427.014: [CMS-concurrent-sweep: 0.011/0.011 secs] [Times: user=0.01 sys=0.00, real=0.01 secs] 
2019-12-23T08:30:07.567+0000: 27427.014: [CMS-concurrent-reset-start]
2019-12-23T08:30:07.578+0000: 27427.025: [CMS-concurrent-reset: 0.011/0.011 secs] [Times: user=0.01 sys=0.00, real=0.01 secs] 
2019-12-23T08:30:17.516+0000: 27436.963: [GC (Allocation Failure) 2019-12-23T08:30:17.516+0000: 27436.963: [ParNew: 70134K->5122K(72512K), 0.0029467 secs] 90916K->26755K(233664K), 0.0030315 secs] [Times: user=0.01 sys=0.00, real=0.01 secs] 
2019-12-23T08:30:25.431+0000: 27444.877: [GC (Allocation Failure) 2019-12-23T08:30:25.431+0000: 27444.878: [ParNew: 69634K->5123K(72512K), 0.0030250 secs] 91267K->27708K(233664K), 0.0031038 secs] [Times: user=0.01 sys=0.00, real=0.00 secs] 
2019-12-23T08:30:39.661+0000: 27459.108: [GC (Allocation Failure) 2019-12-23T08:30:39.661+0000: 27459.108: [ParNew: 69635K->5056K(72512K), 0.0030487 secs] 92220K->28593K(233664K), 0.0031302 secs] [Times: user=0.01 sys=0.00, real=0.00 secs] 
2019-12-23T08:30:45.705+0000: 27465.152: [GC (Allocation Failure) 2019-12-23T08:30:45.705+0000: 27465.152: [ParNew: 69568K->5500K(72512K), 0.0029250 secs] 93105K->29989K(233664K), 0.0029953 secs] [Times: user=0.01 sys=0.00, real=0.00 secs] 
2019-12-23T08:30:57.501+0000: 27476.948: [GC (Allocation Failure) 2019-12-23T08:30:57.501+0000: 27476.948: [ParNew: 70012K->5863K(72512K), 0.0029235 secs] 94501K->31304K(233664K), 0.0029967 secs] [Times: user=0.01 sys=0.00, real=0.00 secs] 
2019-12-23T08:31:09.358+0000: 27488.805: [GC (Allocation Failure) 2019-12-23T08:31:09.358+0000: 27488.805: [ParNew: 70375K->5563K(72512K), 0.0032203 secs] 95816K->31856K(233664K), 0.0032937 secs] [Times: user=0.01 sys=0.00, real=0.01 secs] 
2019-12-23T08:31:18.982+0000: 27498.429: [GC (Allocation Failure) 2019-12-23T08:31:18.982+0000: 27498.429: [ParNew: 70075K->4887K(72512K), 0.0031171 secs] 96368K->32131K(233664K), 0.0032128 secs] [Times: user=0.01 sys=0.00, real=0.00 secs] 
2019-12-23T08:31:32.221+0000: 27511.668: [GC (Allocation Failure) 2019-12-23T08:31:32.221+0000: 27511.668: [ParNew: 69399K->5751K(72512K), 0.0031976 secs] 96643K->33975K(233664K), 0.0032760 secs] [Times: user=0.01 sys=0.00, real=0.00 secs] 
2019-12-23T08:31:44.614+0000: 27524.061: [GC (Allocation Failure) 2019-12-23T08:31:44.614+0000: 27524.061: [ParNew: 70263K->5094K(72512K), 0.0028918 secs] 98487K->34269K(233664K), 0.0029684 secs] [Times: user=0.01 sys=0.00, real=0.00 secs] 
2019-12-23T08:31:53.722+0000: 27533.169: [GC (Allocation Failure) 2019-12-23T08:31:53.722+0000: 27533.169: [ParNew: 69606K->4573K(72512K), 0.0029704 secs] 98781K->34700K(233664K), 0.0030498 secs] [Times: user=0.01 sys=0.00, real=0.00 secs] 
2019-12-23T08:32:05.444+0000: 27544.891: [GC (Allocation Failure) 2019-12-23T08:32:05.444+0000: 27544.891: [ParNew: 69085K->4917K(72512K), 0.0029957 secs] 99212K->35996K(233664K), 0.0030743 secs] [Times: user=0.01 sys=0.00, real=0.00 secs] 
2019-12-23T08:32:11.824+0000: 27551.271: [GC (Allocation Failure) 2019-12-23T08:32:11.824+0000: 27551.271: [ParNew: 69429K->5236K(72512K), 0.0028363 secs] 100508K->37139K(233664K), 0.0029136 secs] [Times: user=0.01 sys=0.00, real=0.00 secs] 
2019-12-23T08:32:24.548+0000: 27563.995: [GC (Allocation Failure) 2019-12-23T08:32:24.548+0000: 27563.995: [ParNew: 69748K->5142K(72512K), 0.0029532 secs] 101651K->37997K(233664K), 0.0030371 secs] [Times: user=0.01 sys=0.00, real=0.01 secs] 
2019-12-23T08:32:36.375+0000: 27575.822: [GC (Allocation Failure) 2019-12-23T08:32:36.375+0000: 27575.822: [ParNew: 69654K->4857K(72512K), 0.0030188 secs] 102509K->38664K(233664K), 0.0031011 secs] [Times: user=0.01 sys=0.00, real=0.00 secs] 
2019-12-23T08:32:49.259+0000: 27588.706: [GC (Allocation Failure) 2019-12-23T08:32:49.259+0000: 27588.706: [ParNew: 69369K->5770K(72512K), 0.0029214 secs] 103176K->40555K(233664K), 0.0030081 secs] [Times: user=0.01 sys=0.00, real=0.00 secs] 
2019-12-23T08:32:57.445+0000: 27596.892: [GC (Allocation Failure) 2019-12-23T08:32:57.445+0000: 27596.892: [ParNew: 70282K->4959K(72512K), 0.0026678 secs] 105067K->40695K(233664K), 0.0027482 secs] [Times: user=0.01 sys=0.00, real=0.00 secs] 
2019-12-23T08:33:08.570+0000: 27608.017: [GC (Allocation Failure) 2019-12-23T08:33:08.570+0000: 27608.017: [ParNew: 69471K->5324K(72512K), 0.0030088 secs] 105207K->41885K(233664K), 0.0030895 secs] [Times: user=0.01 sys=0.00, real=0.01 secs] 
2019-12-23T08:33:27.862+0000: 27627.309: [GC (Allocation Failure) 2019-12-23T08:33:27.862+0000: 27627.309: [ParNew: 69836K->4986K(72512K), 0.0045409 secs] 106397K->42499K(233664K), 0.0046407 secs] [Times: user=0.00 sys=0.00, real=0.00 secs] 
2019-12-23T08:33:30.367+0000: 27629.814: [GC (Allocation Failure) 2019-12-23T08:33:30.367+0000: 27629.814: [ParNew: 69498K->5879K(72512K), 0.0041717 secs] 107011K->44343K(233664K), 0.0042545 secs] [Times: user=0.01 sys=0.00, real=0.01 secs] 
2019-12-23T08:33:45.059+0000: 27644.506: [GC (Allocation Failure) 2019-12-23T08:33:45.059+0000: 27644.506: [ParNew: 70391K->4969K(72512K), 0.0028019 secs] 108855K->44522K(233664K), 0.0028986 secs] [Times: user=0.01 sys=0.00, real=0.00 secs] 
2019-12-23T08:33:56.155+0000: 27655.602: [GC (Allocation Failure) 2019-12-23T08:33:56.155+0000: 27655.602: [ParNew: 69481K->5755K(72512K), 0.0028305 secs] 109034K->46260K(233664K), 0.0029022 secs] [Times: user=0.01 sys=0.00, real=0.00 secs] 
2019-12-23T08:34:07.437+0000: 27666.883: [GC (Allocation Failure) 2019-12-23T08:34:07.437+0000: 27666.884: [ParNew: 70267K->5622K(72512K), 0.0030158 secs] 110772K->47078K(233664K), 0.0030921 secs] [Times: user=0.01 sys=0.00, real=0.01 secs] 
2019-12-23T08:34:22.065+0000: 27681.512: [GC (Allocation Failure) 2019-12-23T08:34:22.065+0000: 27681.512: [ParNew: 70134K->5676K(72512K), 0.0032075 secs] 111590K->48084K(233664K), 0.0032944 secs] [Times: user=0.00 sys=0.00, real=0.00 secs] 
2019-12-23T08:34:25.975+0000: 27685.422: [GC (Allocation Failure) 2019-12-23T08:34:25.975+0000: 27685.422: [ParNew: 70188K->6628K(72512K), 0.0030496 secs] 112596K->49988K(233664K), 0.0031224 secs] [Times: user=0.01 sys=0.00, real=0.00 secs] 
2019-12-23T08:34:40.171+0000: 27699.618: [GC (Allocation Failure) 2019-12-23T08:34:40.171+0000: 27699.618: [ParNew: 71140K->5839K(72512K), 0.0028398 secs] 114500K->50151K(233664K), 0.0029191 secs] [Times: user=0.00 sys=0.00, real=0.00 secs] 
2019-12-23T08:34:48.151+0000: 27707.597: [GC (Allocation Failure) 2019-12-23T08:34:48.151+0000: 27707.598: [ParNew: 70351K->5873K(72512K), 0.0028974 secs] 114663K->51137K(233664K), 0.0029767 secs] [Times: user=0.01 sys=0.00, real=0.00 secs] 
2019-12-23T08:35:01.426+0000: 27720.873: [GC (Allocation Failure) 2019-12-23T08:35:01.426+0000: 27720.873: [ParNew: 70385K->5893K(72512K), 0.0028966 secs] 115649K->52108K(233664K), 0.0029842 secs] [Times: user=0.01 sys=0.00, real=0.00 secs] 
2019-12-23T08:35:14.154+0000: 27733.601: [GC (Allocation Failure) 2019-12-23T08:35:14.154+0000: 27733.601: [ParNew: 70405K->6636K(72512K), 0.0030249 secs] 116620K->53703K(233664K), 0.0031054 secs] [Times: user=0.01 sys=0.00, real=0.00 secs] 
2019-12-23T08:35:22.276+0000: 27741.723: [GC (Allocation Failure) 2019-12-23T08:35:22.276+0000: 27741.723: [ParNew: 71148K->6777K(72512K), 0.0030721 secs] 118215K->54796K(233664K), 0.0031511 secs] [Times: user=0.01 sys=0.00, real=0.01 secs] 
2019-12-23T08:35:38.740+0000: 27758.187: [GC (Allocation Failure) 2019-12-23T08:35:38.740+0000: 27758.187: [ParNew: 71289K->5466K(72512K), 0.0028507 secs] 119308K->54437K(233664K), 0.0029289 secs] [Times: user=0.01 sys=0.00, real=0.00 secs] 
2019-12-23T08:35:42.014+0000: 27761.461: [GC (Allocation Failure) 2019-12-23T08:35:42.014+0000: 27761.461: [ParNew: 69978K->6054K(72512K), 0.0030327 secs] 118949K->55976K(233664K), 0.0031130 secs] [Times: user=0.01 sys=0.00, real=0.00 secs] 
2019-12-23T08:35:58.299+0000: 27777.746: [GC (Allocation Failure) 2019-12-23T08:35:58.299+0000: 27777.746: [ParNew: 70566K->6508K(72512K), 0.0030307 secs] 120488K->57382K(233664K), 0.0031131 secs] [Times: user=0.01 sys=0.00, real=0.00 secs] 
2019-12-23T08:36:06.188+0000: 27785.635: [GC (Allocation Failure) 2019-12-23T08:36:06.188+0000: 27785.635: [ParNew: 71020K->5886K(72512K), 0.0031507 secs] 121894K->57712K(233664K), 0.0032519 secs] [Times: user=0.01 sys=0.00, real=0.01 secs] 
2019-12-23T08:36:19.332+0000: 27798.779: [GC (Allocation Failure) 2019-12-23T08:36:19.332+0000: 27798.779: [ParNew: 70398K->6654K(72512K), 0.0029019 secs] 122224K->59331K(233664K), 0.0029883 secs] [Times: user=0.01 sys=0.00, real=0.00 secs] 
2019-12-23T08:36:32.426+0000: 27811.873: [GC (Allocation Failure) 2019-12-23T08:36:32.426+0000: 27811.873: [ParNew: 71166K->4415K(72512K), 0.0025584 secs] 123843K->57095K(233664K), 0.0026707 secs] [Times: user=0.01 sys=0.00, real=0.00 secs] 
2019-12-23T08:36:44.655+0000: 27824.102: [GC (Allocation Failure) 2019-12-23T08:36:44.656+0000: 27824.102: [ParNew: 68927K->3525K(72512K), 0.0024721 secs] 121607K->56204K(233664K), 0.0025538 secs] [Times: user=0.00 sys=0.00, real=0.00 secs] 
2019-12-23T08:36:55.536+0000: 27834.983: [GC (Allocation Failure) 2019-12-23T08:36:55.536+0000: 27834.983: [ParNew: 68037K->4091K(72512K), 0.0027258 secs] 120716K->56770K(233664K), 0.0028247 secs] [Times: user=0.01 sys=0.00, real=0.01 secs] 
2019-12-23T08:37:01.283+0000: 27840.730: [GC (Allocation Failure) 2019-12-23T08:37:01.284+0000: 27840.730: [ParNew: 68603K->4923K(72512K), 0.0027635 secs] 121282K->57602K(233664K), 0.0028559 secs] [Times: user=0.01 sys=0.00, real=0.00 secs] 
2019-12-23T08:37:13.226+0000: 27852.673: [GC (Allocation Failure) 2019-12-23T08:37:13.226+0000: 27852.673: [ParNew: 69435K->4941K(72512K), 0.0035667 secs] 122114K->58821K(233664K), 0.0036448 secs] [Times: user=0.01 sys=0.00, real=0.00 secs] 
2019-12-23T08:37:24.481+0000: 27863.928: [GC (Allocation Failure) 2019-12-23T08:37:24.481+0000: 27863.928: [ParNew: 69453K->5110K(72512K), 0.0031112 secs] 123333K->59968K(233664K), 0.0031970 secs] [Times: user=0.01 sys=0.00, real=0.00 secs] 
2019-12-23T08:37:34.922+0000: 27874.369: [GC (Allocation Failure) 2019-12-23T08:37:34.922+0000: 27874.369: [ParNew: 69622K->5684K(72512K), 0.0030574 secs] 124480K->61494K(233664K), 0.0031677 secs] [Times: user=0.01 sys=0.00, real=0.00 secs] 
2019-12-23T08:37:46.761+0000: 27886.208: [GC (Allocation Failure) 2019-12-23T08:37:46.761+0000: 27886.208: [ParNew: 70196K->5961K(72512K), 0.0029317 secs] 126006K->62724K(233664K), 0.0030250 secs] [Times: user=0.01 sys=0.00, real=0.00 secs] 
2019-12-23T08:37:56.869+0000: 27896.316: [GC (Allocation Failure) 2019-12-23T08:37:56.869+0000: 27896.316: [ParNew: 70473K->5794K(72512K), 0.0030910 secs] 127236K->63508K(233664K), 0.0031780 secs] [Times: user=0.01 sys=0.00, real=0.01 secs] 
2019-12-23T08:38:08.949+0000: 27908.396: [GC (Allocation Failure) 2019-12-23T08:38:08.949+0000: 27908.396: [ParNew: 70306K->5631K(72512K), 0.0027981 secs] 128020K->64297K(233664K), 0.0028773 secs] [Times: user=0.01 sys=0.00, real=0.01 secs] 
2019-12-23T08:38:22.659+0000: 27922.106: [GC (Allocation Failure) 2019-12-23T08:38:22.659+0000: 27922.106: [ParNew: 70143K->6199K(72512K), 0.0037159 secs] 128809K->65845K(233664K), 0.0037929 secs] [Times: user=0.01 sys=0.00, real=0.00 secs] 
2019-12-23T08:38:31.337+0000: 27930.784: [GC (Allocation Failure) 2019-12-23T08:38:31.337+0000: 27930.784: [ParNew: 70711K->5440K(72512K), 0.0038868 secs] 130357K->66038K(233664K), 0.0039716 secs] [Times: user=0.01 sys=0.00, real=0.01 secs] 
2019-12-23T08:38:41.126+0000: 27940.573: [GC (Allocation Failure) 2019-12-23T08:38:41.126+0000: 27940.573: [ParNew: 69952K->5324K(72512K), 0.0028048 secs] 130550K->67010K(233664K), 0.0028784 secs] [Times: user=0.01 sys=0.00, real=0.00 secs] 
2019-12-23T08:38:54.139+0000: 27953.586: [GC (Allocation Failure) 2019-12-23T08:38:54.139+0000: 27953.586: [ParNew: 69836K->5466K(72512K), 0.0029397 secs] 131522K->68103K(233664K), 0.0030204 secs] [Times: user=0.01 sys=0.00, real=0.00 secs] 
2019-12-23T08:39:06.637+0000: 27966.084: [GC (Allocation Failure) 2019-12-23T08:39:06.637+0000: 27966.084: [ParNew: 69978K->5796K(72512K), 0.0030072 secs] 132615K->69386K(233664K), 0.0030831 secs] [Times: user=0.00 sys=0.00, real=0.01 secs] 
2019-12-23T08:39:14.852+0000: 27974.299: [GC (Allocation Failure) 2019-12-23T08:39:14.852+0000: 27974.299: [ParNew: 70308K->5879K(72512K), 0.0028563 secs] 133898K->70421K(233664K), 0.0029328 secs] [Times: user=0.00 sys=0.00, real=0.00 secs] 
2019-12-23T08:39:26.505+0000: 27985.952: [GC (Allocation Failure) 2019-12-23T08:39:26.505+0000: 27985.952: [ParNew: 70391K->5943K(72512K), 0.0029634 secs] 134933K->71464K(233664K), 0.0030484 secs] [Times: user=0.01 sys=0.00, real=0.00 secs] 
2019-12-23T08:39:38.029+0000: 27997.476: [GC (Allocation Failure) 2019-12-23T08:39:38.029+0000: 27997.476: [ParNew: 70455K->6761K(72512K), 0.0028583 secs] 135976K->73235K(233664K), 0.0029467 secs] [Times: user=0.01 sys=0.00, real=0.01 secs] 
2019-12-23T08:39:49.891+0000: 28009.338: [GC (Allocation Failure) 2019-12-23T08:39:49.892+0000: 28009.338: [ParNew: 71273K->5408K(72512K), 0.0027384 secs] 137747K->72834K(233664K), 0.0028136 secs] [Times: user=0.01 sys=0.00, real=0.00 secs] 
2019-12-23T08:39:56.797+0000: 28016.244: [GC (Allocation Failure) 2019-12-23T08:39:56.797+0000: 28016.244: [ParNew: 69920K->5390K(72512K), 0.0029323 secs] 137346K->73768K(233664K), 0.0030110 secs] [Times: user=0.01 sys=0.00, real=0.01 secs] 
2019-12-23T08:40:09.145+0000: 28028.592: [GC (Allocation Failure) 2019-12-23T08:40:09.145+0000: 28028.592: [ParNew: 69902K->5607K(72512K), 0.0029303 secs] 138280K->75028K(233664K), 0.0030074 secs] [Times: user=0.01 sys=0.00, real=0.00 secs] 
2019-12-23T08:40:18.757+0000: 28038.204: [GC (Allocation Failure) 2019-12-23T08:40:18.757+0000: 28038.204: [ParNew: 70119K->5445K(72512K), 0.0029803 secs] 139540K->75818K(233664K), 0.0030643 secs] [Times: user=0.01 sys=0.00, real=0.01 secs] 
2019-12-23T08:40:32.659+0000: 28052.106: [GC (Allocation Failure) 2019-12-23T08:40:32.659+0000: 28052.106: [ParNew: 69957K->5776K(72512K), 0.0029011 secs] 140330K->77100K(233664K), 0.0029802 secs] [Times: user=0.01 sys=0.00, real=0.00 secs] 
2019-12-23T08:40:40.104+0000: 28059.551: [GC (Allocation Failure) 2019-12-23T08:40:40.104+0000: 28059.551: [ParNew: 70288K->5918K(72512K), 0.0028219 secs] 141612K->78355K(233664K), 0.0029177 secs] [Times: user=0.01 sys=0.00, real=0.00 secs] 
2019-12-23T08:40:51.777+0000: 28071.224: [GC (Allocation Failure) 2019-12-23T08:40:51.777+0000: 28071.224: [ParNew: 70430K->5593K(72512K), 0.0028062 secs] 142867K->78982K(233664K), 0.0028859 secs] [Times: user=0.01 sys=0.00, real=0.01 secs] 
2019-12-23T08:41:00.576+0000: 28080.023: [GC (Allocation Failure) 2019-12-23T08:41:00.576+0000: 28080.023: [ParNew: 70105K->5336K(72512K), 0.0029146 secs] 143494K->79677K(233664K), 0.0030091 secs] [Times: user=0.01 sys=0.00, real=0.01 secs] 
2019-12-23T08:41:10.667+0000: 28090.114: [GC (Allocation Failure) 2019-12-23T08:41:10.667+0000: 28090.114: [ParNew: 69848K->4599K(72512K), 0.0030650 secs] 144189K->79891K(233664K), 0.0031503 secs] [Times: user=0.01 sys=0.00, real=0.00 secs] 
2019-12-23T08:41:22.050+0000: 28101.497: [GC (Allocation Failure) 2019-12-23T08:41:22.051+0000: 28101.497: [ParNew: 69111K->5372K(72512K), 0.0030604 secs] 144403K->81489K(233664K), 0.0031447 secs] [Times: user=0.00 sys=0.00, real=0.00 secs] 
2019-12-23T08:41:33.104+0000: 28112.551: [GC (Allocation Failure) 2019-12-23T08:41:33.104+0000: 28112.551: [ParNew: 69884K->5752K(72512K), 0.0030280 secs] 146001K->82821K(233664K), 0.0031141 secs] [Times: user=0.01 sys=0.00, real=0.00 secs] 
2019-12-23T08:41:46.337+0000: 28125.784: [GC (Allocation Failure) 2019-12-23T08:41:46.338+0000: 28125.785: [ParNew: 70264K->5299K(72512K), 0.0028823 secs] 147333K->83347K(233664K), 0.0029857 secs] [Times: user=0.01 sys=0.00, real=0.01 secs] 
2019-12-23T08:41:54.472+0000: 28133.919: [GC (Allocation Failure) 2019-12-23T08:41:54.473+0000: 28133.919: [ParNew: 69811K->5985K(72512K), 0.0027883 secs] 147859K->84985K(233664K), 0.0028809 secs] [Times: user=0.01 sys=0.00, real=0.00 secs] 
2019-12-23T08:42:04.993+0000: 28144.440: [GC (Allocation Failure) 2019-12-23T08:42:04.993+0000: 28144.440: [ParNew: 70497K->5355K(72512K), 0.0028728 secs] 149497K->85307K(233664K), 0.0029558 secs] [Times: user=0.00 sys=0.00, real=0.00 secs] 
2019-12-23T08:42:18.959+0000: 28158.405: [GC (Allocation Failure) 2019-12-23T08:42:18.959+0000: 28158.406: [ParNew: 69867K->6122K(72512K), 0.0030508 secs] 149819K->87026K(233664K), 0.0031459 secs] [Times: user=0.01 sys=0.00, real=0.00 secs] 
2019-12-23T08:42:25.924+0000: 28165.371: [GC (Allocation Failure) 2019-12-23T08:42:25.924+0000: 28165.371: [ParNew: 70634K->5410K(72512K), 0.0029816 secs] 151538K->87138K(233664K), 0.0030702 secs] [Times: user=0.01 sys=0.00, real=0.00 secs] 
2019-12-23T08:42:39.871+0000: 28179.318: [GC (Allocation Failure) 2019-12-23T08:42:39.871+0000: 28179.318: [ParNew: 69922K->5453K(72512K), 0.0028961 secs] 151650K->88133K(233664K), 0.0029860 secs] [Times: user=0.01 sys=0.00, real=0.00 secs] 
2019-12-23T08:42:50.933+0000: 28190.380: [GC (Allocation Failure) 2019-12-23T08:42:50.933+0000: 28190.380: [ParNew: 69965K->5515K(72512K), 0.0033765 secs] 152645K->89147K(233664K), 0.0034523 secs] [Times: user=0.00 sys=0.00, real=0.00 secs] 
2019-12-23T08:42:59.567+0000: 28199.014: [GC (Allocation Failure) 2019-12-23T08:42:59.567+0000: 28199.014: [ParNew: 70027K->6213K(72512K), 0.0030607 secs] 153659K->90796K(233664K), 0.0031414 secs] [Times: user=0.01 sys=0.00, real=0.00 secs] 
2019-12-23T08:43:16.121+0000: 28215.568: [GC (Allocation Failure) 2019-12-23T08:43:16.121+0000: 28215.568: [ParNew: 70725K->5964K(72512K), 0.0031413 secs] 155308K->91499K(233664K), 0.0032211 secs] [Times: user=0.01 sys=0.00, real=0.00 secs] 
2019-12-23T08:43:19.323+0000: 28218.770: [GC (Allocation Failure) 2019-12-23T08:43:19.323+0000: 28218.770: [ParNew: 70476K->6074K(72512K), 0.0029059 secs] 156011K->92697K(233664K), 0.0029801 secs] [Times: user=0.01 sys=0.00, real=0.00 secs] 
2019-12-23T08:43:33.943+0000: 28233.390: [GC (Allocation Failure) 2019-12-23T08:43:33.943+0000: 28233.390: [ParNew: 70586K->6702K(72512K), 0.0029681 secs] 157209K->94304K(233664K), 0.0030384 secs] [Times: user=0.01 sys=0.00, real=0.00 secs] 
2019-12-23T08:43:40.099+0000: 28239.546: [GC (Allocation Failure) 2019-12-23T08:43:40.099+0000: 28239.546: [ParNew: 71214K->5099K(72512K), 0.0030052 secs] 158816K->93653K(233664K), 0.0031065 secs] [Times: user=0.01 sys=0.01, real=0.00 secs] 
2019-12-23T08:43:56.223+0000: 28255.670: [GC (Allocation Failure) 2019-12-23T08:43:56.223+0000: 28255.670: [ParNew: 69611K->5203K(72512K), 0.0028712 secs] 158165K->94710K(233664K), 0.0029457 secs] [Times: user=0.01 sys=0.00, real=0.00 secs] 
2019-12-23T08:44:04.245+0000: 28263.692: [GC (Allocation Failure) 2019-12-23T08:44:04.245+0000: 28263.692: [ParNew: 69715K->5968K(72512K), 0.0028259 secs] 159222K->96426K(233664K), 0.0029049 secs] [Times: user=0.01 sys=0.00, real=0.00 secs] 
2019-12-23T08:44:15.607+0000: 28275.054: [GC (Allocation Failure) 2019-12-23T08:44:15.607+0000: 28275.054: [ParNew: 70480K->5434K(72512K), 0.0029040 secs] 160938K->96844K(233664K), 0.0029870 secs] [Times: user=0.01 sys=0.00, real=0.00 secs] 
2019-12-23T08:44:27.961+0000: 28287.408: [GC (Allocation Failure) 2019-12-23T08:44:27.961+0000: 28287.408: [ParNew: 69946K->4805K(72512K), 0.0030421 secs] 161356K->97067K(233664K), 0.0031232 secs] [Times: user=0.01 sys=0.00, real=0.00 secs] 
2019-12-23T08:44:34.373+0000: 28293.820: [GC (Allocation Failure) 2019-12-23T08:44:34.373+0000: 28293.820: [ParNew: 69317K->3148K(72512K), 0.0027247 secs] 161579K->95543K(233664K), 0.0028247 secs] [Times: user=0.01 sys=0.00, real=0.00 secs] 
2019-12-23T08:44:46.334+0000: 28305.781: [GC (Allocation Failure) 2019-12-23T08:44:46.334+0000: 28305.781: [ParNew: 67660K->4117K(72512K), 0.0025249 secs] 160055K->96511K(233664K), 0.0026082 secs] [Times: user=0.00 sys=0.00, real=0.00 secs] 
2019-12-23T08:44:58.577+0000: 28318.024: [GC (Allocation Failure) 2019-12-23T08:44:58.577+0000: 28318.024: [ParNew: 68629K->4625K(72512K), 0.0028199 secs] 161023K->97020K(233664K), 0.0028974 secs] [Times: user=0.01 sys=0.00, real=0.01 secs] 
2019-12-23T08:45:10.118+0000: 28329.565: [GC (Allocation Failure) 2019-12-23T08:45:10.118+0000: 28329.565: [ParNew: 69137K->5263K(72512K), 0.0029258 secs] 161532K->98184K(233664K), 0.0030737 secs] [Times: user=0.01 sys=0.00, real=0.01 secs] 
2019-12-23T08:45:19.578+0000: 28339.025: [GC (Allocation Failure) 2019-12-23T08:45:19.578+0000: 28339.025: [ParNew: 69775K->5555K(72512K), 0.0030880 secs] 162696K->99996K(233664K), 0.0031976 secs] [Times: user=0.00 sys=0.00, real=0.01 secs] 
2019-12-23T08:45:29.731+0000: 28349.178: [GC (Allocation Failure) 2019-12-23T08:45:29.731+0000: 28349.178: [ParNew: 70067K->5191K(72512K), 0.0028905 secs] 164508K->100456K(233664K), 0.0029882 secs] [Times: user=0.01 sys=0.00, real=0.00 secs] 
2019-12-23T08:45:45.043+0000: 28364.490: [GC (Allocation Failure) 2019-12-23T08:45:45.043+0000: 28364.490: [ParNew: 69703K->5831K(72512K), 0.0029598 secs] 164968K->102048K(233664K), 0.0030372 secs] [Times: user=0.01 sys=0.00, real=0.00 secs] 
2019-12-23T08:45:47.975+0000: 28367.422: [GC (Allocation Failure) 2019-12-23T08:45:47.975+0000: 28367.422: [ParNew: 70343K->4873K(72512K), 0.0029619 secs] 166560K->102042K(233664K), 0.0030676 secs] [Times: user=0.01 sys=0.00, real=0.00 secs] 
2019-12-23T08:46:06.638+0000: 28386.085: [GC (Allocation Failure) 2019-12-23T08:46:06.638+0000: 28386.085: [ParNew: 69385K->5284K(72512K), 0.0028538 secs] 166554K->103404K(233664K), 0.0029290 secs] [Times: user=0.00 sys=0.00, real=0.01 secs] 
2019-12-23T08:46:13.074+0000: 28392.521: [GC (Allocation Failure) 2019-12-23T08:46:13.074+0000: 28392.521: [ParNew: 69796K->4878K(72512K), 0.0028345 secs] 167916K->103951K(233664K), 0.0029408 secs] [Times: user=0.01 sys=0.00, real=0.00 secs] 
2019-12-23T08:46:26.629+0000: 28406.076: [GC (Allocation Failure) 2019-12-23T08:46:26.629+0000: 28406.076: [ParNew: 69390K->5364K(72512K), 0.0031460 secs] 168463K->105389K(233664K), 0.0032244 secs] [Times: user=0.01 sys=0.00, real=0.01 secs] 
2019-12-23T08:46:39.345+0000: 28418.792: [GC (Allocation Failure) 2019-12-23T08:46:39.345+0000: 28418.792: [ParNew: 69876K->5734K(72512K), 0.0029799 secs] 169901K->106738K(233664K), 0.0030660 secs] [Times: user=0.00 sys=0.00, real=0.00 secs] 
2019-12-23T08:46:47.912+0000: 28427.359: [GC (Allocation Failure) 2019-12-23T08:46:47.912+0000: 28427.359: [ParNew: 70246K->5818K(72512K), 0.0031254 secs] 171250K->107774K(233664K), 0.0032115 secs] [Times: user=0.01 sys=0.00, real=0.00 secs] 
2019-12-23T08:47:03.329+0000: 28442.776: [GC (Allocation Failure) 2019-12-23T08:47:03.329+0000: 28442.776: [ParNew: 70330K->5554K(72512K), 0.0029979 secs] 172286K->108461K(233664K), 0.0030841 secs] [Times: user=0.01 sys=0.00, real=0.01 secs] 
2019-12-23T08:47:05.705+0000: 28445.152: [GC (Allocation Failure) 2019-12-23T08:47:05.705+0000: 28445.152: [ParNew: 70066K->5144K(72512K), 0.0030200 secs] 172973K->109003K(233664K), 0.0031146 secs] [Times: user=0.01 sys=0.00, real=0.00 secs] 
2019-12-23T08:47:21.071+0000: 28460.518: [GC (Allocation Failure) 2019-12-23T08:47:21.071+0000: 28460.518: [ParNew: 69656K->5163K(72512K), 0.0033168 secs] 173515K->110002K(233664K), 0.0034079 secs] [Times: user=0.01 sys=0.00, real=0.00 secs] 
2019-12-23T08:47:30.844+0000: 28470.291: [GC (Allocation Failure) 2019-12-23T08:47:30.844+0000: 28470.291: [ParNew: 69675K->6272K(72512K), 0.0039523 secs] 174514K->112063K(233664K), 0.0040411 secs] [Times: user=0.01 sys=0.00, real=0.00 secs] 
2019-12-23T08:47:43.428+0000: 28482.875: [GC (Allocation Failure) 2019-12-23T08:47:43.428+0000: 28482.875: [ParNew: 70784K->5003K(72512K), 0.0027269 secs] 176575K->111746K(233664K), 0.0028208 secs] [Times: user=0.01 sys=0.00, real=0.01 secs] 
2019-12-23T08:48:03.825+0000: 28503.272: [GC (Allocation Failure) 2019-12-23T08:48:03.825+0000: 28503.272: [ParNew: 69515K->5749K(72512K), 0.0028898 secs] 176258K->113444K(233664K), 0.0029746 secs] [Times: user=0.01 sys=0.00, real=0.00 secs] 
2019-12-23T08:48:22.313+0000: 28521.760: [GC (Allocation Failure) 2019-12-23T08:48:22.313+0000: 28521.760: [ParNew: 70261K->6234K(72512K), 0.0029755 secs] 177956K->114881K(233664K), 0.0030641 secs] [Times: user=0.01 sys=0.00, real=0.00 secs] 
2019-12-23T08:48:41.518+0000: 28540.965: [GC (Allocation Failure) 2019-12-23T08:48:41.518+0000: 28540.965: [ParNew: 70746K->4931K(72512K), 0.0028649 secs] 179393K->114531K(233664K), 0.0029661 secs] [Times: user=0.00 sys=0.01, real=0.01 secs] 
2019-12-23T08:48:58.234+0000: 28557.681: [GC (Allocation Failure) 2019-12-23T08:48:58.234+0000: 28557.681: [ParNew: 69443K->5279K(72512K), 0.0044474 secs] 179043K->115828K(233664K), 0.0045530 secs] [Times: user=0.01 sys=0.00, real=0.01 secs] 
2019-12-23T08:49:20.886+0000: 28580.333: [GC (Allocation Failure) 2019-12-23T08:49:20.887+0000: 28580.333: [ParNew: 69791K->5009K(72512K), 0.0030759 secs] 180340K->116510K(233664K), 0.0032009 secs] [Times: user=0.01 sys=0.01, real=0.00 secs] 
2019-12-23T08:49:36.561+0000: 28596.008: [GC (Allocation Failure) 2019-12-23T08:49:36.561+0000: 28596.008: [ParNew: 69521K->4806K(72512K), 0.0029642 secs] 181022K->117395K(233664K), 0.0030638 secs] [Times: user=0.01 sys=0.00, real=0.00 secs] 
2019-12-23T08:49:59.877+0000: 28619.324: [GC (Allocation Failure) 2019-12-23T08:49:59.877+0000: 28619.324: [ParNew: 69318K->4740K(72512K), 0.0029529 secs] 181907K->118280K(233664K), 0.0030322 secs] [Times: user=0.01 sys=0.00, real=0.01 secs] 
2019-12-23T08:50:14.404+0000: 28633.851: [GC (Allocation Failure) 2019-12-23T08:50:14.404+0000: 28633.851: [ParNew: 69252K->5252K(72512K), 0.0037959 secs] 182792K->119637K(233664K), 0.0038951 secs] [Times: user=0.01 sys=0.00, real=0.00 secs] 
2019-12-23T08:50:27.433+0000: 28646.880: [GC (Allocation Failure) 2019-12-23T08:50:27.433+0000: 28646.880: [ParNew: 69764K->5543K(72512K), 0.0042121 secs] 184149K->120880K(233664K), 0.0042953 secs] [Times: user=0.01 sys=0.00, real=0.00 secs] 
2019-12-23T08:50:42.110+0000: 28661.557: [GC (Allocation Failure) 2019-12-23T08:50:42.111+0000: 28661.557: [ParNew: 70055K->4806K(72512K), 0.0029124 secs] 185392K->121230K(233664K), 0.0030142 secs] [Times: user=0.00 sys=0.01, real=0.01 secs] 
2019-12-23T08:50:56.161+0000: 28675.608: [GC (Allocation Failure) 2019-12-23T08:50:56.161+0000: 28675.608: [ParNew: 69318K->5041K(72512K), 0.0028490 secs] 185742K->122290K(233664K), 0.0029263 secs] [Times: user=0.00 sys=0.00, real=0.00 secs] 
2019-12-23T08:51:11.108+0000: 28690.555: [GC (Allocation Failure) 2019-12-23T08:51:11.108+0000: 28690.555: [ParNew: 69553K->5757K(72512K), 0.0033110 secs] 186802K->123958K(233664K), 0.0033835 secs] [Times: user=0.01 sys=0.00, real=0.01 secs] 
2019-12-23T08:51:17.424+0000: 28696.871: [GC (Allocation Failure) 2019-12-23T08:51:17.424+0000: 28696.871: [ParNew: 70269K->5568K(72512K), 0.0029493 secs] 188470K->124720K(233664K), 0.0030387 secs] [Times: user=0.00 sys=0.00, real=0.00 secs] 
2019-12-23T08:51:34.706+0000: 28714.153: [GC (Allocation Failure) 2019-12-23T08:51:34.706+0000: 28714.153: [ParNew: 70080K->6051K(72512K), 0.0029142 secs] 189232K->126155K(233664K), 0.0030272 secs] [Times: user=0.01 sys=0.00, real=0.00 secs] 
2019-12-23T08:51:36.529+0000: 28715.976: [GC (Allocation Failure) 2019-12-23T08:51:36.529+0000: 28715.976: [ParNew: 70563K->5877K(72512K), 0.0032934 secs] 190667K->126933K(233664K), 0.0033675 secs] [Times: user=0.01 sys=0.00, real=0.01 secs] 
2019-12-23T08:51:51.785+0000: 28731.232: [GC (Allocation Failure) 2019-12-23T08:51:51.785+0000: 28731.232: [ParNew: 70389K->5998K(72512K), 0.0029606 secs] 191445K->128006K(233664K), 0.0030436 secs] [Times: user=0.01 sys=0.00, real=0.00 secs] 
2019-12-23T08:51:58.143+0000: 28737.590: [GC (Allocation Failure) 2019-12-23T08:51:58.143+0000: 28737.590: [ParNew: 70510K->6032K(72512K), 0.0029241 secs] 192518K->128992K(233664K), 0.0030030 secs] [Times: user=0.01 sys=0.00, real=0.00 secs] 
2019-12-23T08:52:10.815+0000: 28750.262: [GC (Allocation Failure) 2019-12-23T08:52:10.815+0000: 28750.262: [ParNew: 70544K->6048K(72512K), 0.0030283 secs] 193504K->129960K(233664K), 0.0031139 secs] [Times: user=0.00 sys=0.00, real=0.00 secs] 
2019-12-23T08:52:19.468+0000: 28758.914: [GC (Allocation Failure) 2019-12-23T08:52:19.468+0000: 28758.915: [ParNew: 70560K->6780K(72512K), 0.0030245 secs] 194472K->131644K(233664K), 0.0031083 secs] [Times: user=0.01 sys=0.00, real=0.01 secs] 
2019-12-23T08:52:29.095+0000: 28768.542: [GC (Allocation Failure) 2019-12-23T08:52:29.095+0000: 28768.542: [ParNew: 71292K->5779K(72512K), 0.0028695 secs] 196156K->131594K(233664K), 0.0029430 secs] [Times: user=0.01 sys=0.00, real=0.00 secs] 
2019-12-23T08:52:40.921+0000: 28780.368: [GC (Allocation Failure) 2019-12-23T08:52:40.921+0000: 28780.368: [ParNew: 70291K->5792K(72512K), 0.0028273 secs] 196106K->132559K(233664K), 0.0029068 secs] [Times: user=0.01 sys=0.00, real=0.00 secs] 
2019-12-23T08:52:47.928+0000: 28787.375: [GC (Allocation Failure) 2019-12-23T08:52:47.928+0000: 28787.375: [ParNew: 70304K->5091K(72512K), 0.0028805 secs] 197071K->132837K(233664K), 0.0029564 secs] [Times: user=0.01 sys=0.00, real=0.01 secs] 
2019-12-23T08:52:59.589+0000: 28799.036: [GC (Allocation Failure) 2019-12-23T08:52:59.589+0000: 28799.036: [ParNew: 69603K->6646K(72512K), 0.0029630 secs] 197349K->135344K(233664K), 0.0030679 secs] [Times: user=0.00 sys=0.00, real=0.01 secs] 
2019-12-23T08:53:10.683+0000: 28810.130: [GC (Allocation Failure) 2019-12-23T08:53:10.683+0000: 28810.130: [ParNew: 71158K->4330K(72512K), 0.0026684 secs] 199856K->133161K(233664K), 0.0027588 secs] [Times: user=0.01 sys=0.00, real=0.00 secs] 
2019-12-23T08:53:20.280+0000: 28819.727: [GC (Allocation Failure) 2019-12-23T08:53:20.280+0000: 28819.727: [ParNew: 68842K->3884K(72512K), 0.0024168 secs] 197673K->132715K(233664K), 0.0025180 secs] [Times: user=0.00 sys=0.00, real=0.00 secs] 
2019-12-23T08:53:26.900+0000: 28826.347: [GC (Allocation Failure) 2019-12-23T08:53:26.900+0000: 28826.347: [ParNew: 68396K->4326K(72512K), 0.0026289 secs] 197227K->133157K(233664K), 0.0026988 secs] [Times: user=0.00 sys=0.00, real=0.00 secs] 
2019-12-23T08:53:36.864+0000: 28836.310: [GC (Allocation Failure) 2019-12-23T08:53:36.864+0000: 28836.311: [ParNew: 68838K->4998K(72512K), 0.0041269 secs] 197669K->134479K(233664K), 0.0042323 secs] [Times: user=0.01 sys=0.00, real=0.00 secs] 
2019-12-23T08:53:47.881+0000: 28847.328: [GC (Allocation Failure) 2019-12-23T08:53:47.881+0000: 28847.328: [ParNew: 69510K->5018K(72512K), 0.0031442 secs] 198991K->135351K(233664K), 0.0032237 secs] [Times: user=0.01 sys=0.00, real=0.00 secs] 
2019-12-23T08:53:56.836+0000: 28856.283: [GC (Allocation Failure) 2019-12-23T08:53:56.836+0000: 28856.283: [ParNew: 69530K->5502K(72512K), 0.0029650 secs] 199863K->136787K(233664K), 0.0030665 secs] [Times: user=0.01 sys=0.00, real=0.01 secs] 
2019-12-23T08:54:09.193+0000: 28868.640: [GC (Allocation Failure) 2019-12-23T08:54:09.193+0000: 28868.640: [ParNew: 70014K->5148K(72512K), 0.0046254 secs] 201299K->137385K(233664K), 0.0047197 secs] [Times: user=0.01 sys=0.00, real=0.00 secs] 
2019-12-23T08:54:15.361+0000: 28874.808: [GC (Allocation Failure) 2019-12-23T08:54:15.361+0000: 28874.808: [ParNew: 69660K->5794K(72512K), 0.0028786 secs] 201897K->138983K(233664K), 0.0029606 secs] [Times: user=0.01 sys=0.00, real=0.00 secs] 
2019-12-23T08:54:29.279+0000: 28888.726: [GC (Allocation Failure) 2019-12-23T08:54:29.279+0000: 28888.726: [ParNew: 70306K->5087K(72512K), 0.0029808 secs] 203495K->139228K(233664K), 0.0030823 secs] [Times: user=0.01 sys=0.00, real=0.00 secs] 
2019-12-23T08:54:36.390+0000: 28895.837: [GC (Allocation Failure) 2019-12-23T08:54:36.390+0000: 28895.837: [ParNew: 69599K->5320K(72512K), 0.0028463 secs] 203740K->140313K(233664K), 0.0029277 secs] [Times: user=0.00 sys=0.00, real=0.01 secs] 
2019-12-23T08:54:47.753+0000: 28907.199: [GC (Allocation Failure) 2019-12-23T08:54:47.753+0000: 28907.199: [ParNew: 69832K->5303K(72512K), 0.0028721 secs] 204825K->141248K(233664K), 0.0029561 secs] [Times: user=0.01 sys=0.00, real=0.00 secs] 
2019-12-23T08:54:58.636+0000: 28918.083: [GC (Allocation Failure) 2019-12-23T08:54:58.637+0000: 28918.083: [ParNew: 69815K->6400K(72512K), 0.0034953 secs] 205760K->143297K(233664K), 0.0035880 secs] [Times: user=0.01 sys=0.00, real=0.01 secs] 
2019-12-23T08:55:07.151+0000: 28926.598: [GC (Allocation Failure) 2019-12-23T08:55:07.151+0000: 28926.598: [ParNew: 70912K->6732K(72512K), 0.0031960 secs] 207809K->144581K(233664K), 0.0032797 secs] [Times: user=0.01 sys=0.00, real=0.00 secs] 
2019-12-23T08:55:17.683+0000: 28937.130: [GC (Allocation Failure) 2019-12-23T08:55:17.683+0000: 28937.130: [ParNew: 71244K->5040K(72512K), 0.0030347 secs] 209093K->143842K(233664K), 0.0031164 secs] [Times: user=0.00 sys=0.01, real=0.00 secs] 
2019-12-23T08:55:27.455+0000: 28946.902: [GC (Allocation Failure) 2019-12-23T08:55:27.455+0000: 28946.902: [ParNew: 69552K->5990K(72512K), 0.0028076 secs] 208354K->145880K(233664K), 0.0028959 secs] [Times: user=0.01 sys=0.00, real=0.00 secs] 
2019-12-23T08:55:38.684+0000: 28958.131: [GC (Allocation Failure) 2019-12-23T08:55:38.684+0000: 28958.131: [ParNew: 70502K->6284K(72512K), 0.0028766 secs] 210392K->147125K(233664K), 0.0029494 secs] [Times: user=0.00 sys=0.00, real=0.00 secs] 
2019-12-23T08:55:44.650+0000: 28964.097: [GC (Allocation Failure) 2019-12-23T08:55:44.650+0000: 28964.097: [ParNew: 70796K->4964K(72512K), 0.0032522 secs] 211637K->146758K(233664K), 0.0033295 secs] [Times: user=0.01 sys=0.00, real=0.01 secs] 
2019-12-23T08:55:57.907+0000: 28977.354: [GC (Allocation Failure) 2019-12-23T08:55:57.907+0000: 28977.354: [ParNew: 69476K->5004K(72512K), 0.0028891 secs] 211270K->147622K(233664K), 0.0029662 secs] [Times: user=0.01 sys=0.00, real=0.00 secs] 
2019-12-23T08:56:07.947+0000: 28987.394: [GC (Allocation Failure) 2019-12-23T08:56:07.947+0000: 28987.394: [ParNew: 69516K->5911K(72512K), 0.0056304 secs] 212134K->149481K(233664K), 0.0057362 secs] [Times: user=0.01 sys=0.00, real=0.01 secs] 
2019-12-23T08:56:18.994+0000: 28998.441: [GC (Allocation Failure) 2019-12-23T08:56:18.994+0000: 28998.441: [ParNew: 70423K->5200K(72512K), 0.0029418 secs] 213993K->149749K(233664K), 0.0030180 secs] [Times: user=0.01 sys=0.00, real=0.00 secs] 
2019-12-23T08:56:26.685+0000: 29006.132: [GC (Allocation Failure) 2019-12-23T08:56:26.685+0000: 29006.132: [ParNew: 69712K->5440K(72512K), 0.0028930 secs] 214261K->150940K(233664K), 0.0029766 secs] [Times: user=0.01 sys=0.00, real=0.00 secs] 
2019-12-23T08:56:35.549+0000: 29014.996: [GC (Allocation Failure) 2019-12-23T08:56:35.549+0000: 29014.996: [ParNew: 69952K->4811K(72512K), 0.0033583 secs] 215452K->151263K(233664K), 0.0034345 secs] [Times: user=0.01 sys=0.00, real=0.01 secs] 
2019-12-23T08:56:46.697+0000: 29026.144: [GC (Allocation Failure) 2019-12-23T08:56:46.697+0000: 29026.144: [ParNew: 69323K->5462K(72512K), 0.0029190 secs] 215775K->152866K(233664K), 0.0030043 secs] [Times: user=0.01 sys=0.00, real=0.01 secs] 
2019-12-23T08:56:58.071+0000: 29037.518: [GC (Allocation Failure) 2019-12-23T08:56:58.071+0000: 29037.518: [ParNew: 69974K->6075K(72512K), 0.0029798 secs] 217378K->154304K(233664K), 0.0030586 secs] [Times: user=0.00 sys=0.00, real=0.00 secs] 
2019-12-23T08:57:08.574+0000: 29048.021: [GC (Allocation Failure) 2019-12-23T08:57:08.574+0000: 29048.021: [ParNew: 70587K->5044K(72512K), 0.0033315 secs] 218816K->154225K(233664K), 0.0034259 secs] [Times: user=0.01 sys=0.00, real=0.00 secs] 
2019-12-23T08:57:08.578+0000: 29048.025: [GC (CMS Initial Mark) [1 CMS-initial-mark: 149181K(161152K)] 154716K(233664K), 0.0012433 secs] [Times: user=0.01 sys=0.00, real=0.01 secs] 
2019-12-23T08:57:08.579+0000: 29048.026: [CMS-concurrent-mark-start]
2019-12-23T08:57:08.624+0000: 29048.071: [CMS-concurrent-mark: 0.044/0.044 secs] [Times: user=0.05 sys=0.00, real=0.04 secs] 
2019-12-23T08:57:08.624+0000: 29048.071: [CMS-concurrent-preclean-start]
2019-12-23T08:57:08.625+0000: 29048.072: [CMS-concurrent-preclean: 0.001/0.001 secs] [Times: user=0.00 sys=0.00, real=0.00 secs] 
2019-12-23T08:57:08.625+0000: 29048.072: [CMS-concurrent-abortable-preclean-start]
2019-12-23T08:57:10.200+0000: 29049.647: [CMS-concurrent-abortable-preclean: 0.073/1.575 secs] [Times: user=0.17 sys=0.00, real=1.58 secs] 
2019-12-23T08:57:10.200+0000: 29049.647: [GC (CMS Final Remark) [YG occupancy: 45534 K (72512 K)]2019-12-23T08:57:10.200+0000: 29049.647: [Rescan (parallel) , 0.0066928 secs]2019-12-23T08:57:10.207+0000: 29049.654: [weak refs processing, 0.0000578 secs]2019-12-23T08:57:10.207+0000: 29049.654: [class unloading, 0.0094673 secs]2019-12-23T08:57:10.217+0000: 29049.663: [scrub symbol table, 0.0064941 secs]2019-12-23T08:57:10.223+0000: 29049.670: [scrub string table, 0.0005567 secs][1 CMS-remark: 149181K(161152K)] 194716K(233664K), 0.0234587 secs] [Times: user=0.04 sys=0.00, real=0.02 secs] 
2019-12-23T08:57:10.224+0000: 29049.671: [CMS-concurrent-sweep-start]
2019-12-23T08:57:10.235+0000: 29049.682: [CMS-concurrent-sweep: 0.011/0.011 secs] [Times: user=0.01 sys=0.00, real=0.01 secs] 
2019-12-23T08:57:10.235+0000: 29049.682: [CMS-concurrent-reset-start]
2019-12-23T08:57:10.247+0000: 29049.694: [CMS-concurrent-reset: 0.012/0.012 secs] [Times: user=0.01 sys=0.00, real=0.01 secs] 
2019-12-23T08:57:15.781+0000: 29055.228: [GC (Allocation Failure) 2019-12-23T08:57:15.781+0000: 29055.228: [ParNew: 69556K->6017K(72512K), 0.0032779 secs] 97974K->35387K(233664K), 0.0033667 secs] [Times: user=0.01 sys=0.00, real=0.00 secs] 
2019-12-23T08:57:25.870+0000: 29065.317: [GC (Allocation Failure) 2019-12-23T08:57:25.870+0000: 29065.317: [ParNew: 70529K->5236K(72512K), 0.0029591 secs] 99899K->35559K(233664K), 0.0030417 secs] [Times: user=0.00 sys=0.00, real=0.01 secs] 
2019-12-23T08:57:38.306+0000: 29077.753: [GC (Allocation Failure) 2019-12-23T08:57:38.306+0000: 29077.753: [ParNew: 69748K->5058K(72512K), 0.0029571 secs] 100071K->36360K(233664K), 0.0030564 secs] [Times: user=0.01 sys=0.00, real=0.00 secs] 
2019-12-23T08:57:46.057+0000: 29085.504: [GC (Allocation Failure) 2019-12-23T08:57:46.057+0000: 29085.504: [ParNew: 69570K->6151K(72512K), 0.0029888 secs] 100872K->38405K(233664K), 0.0030707 secs] [Times: user=0.01 sys=0.00, real=0.01 secs] 
2019-12-23T08:57:57.999+0000: 29097.446: [GC (Allocation Failure) 2019-12-23T08:57:57.999+0000: 29097.446: [ParNew: 70663K->4941K(72512K), 0.0028712 secs] 102917K->38146K(233664K), 0.0029483 secs] [Times: user=0.01 sys=0.00, real=0.00 secs] 
2019-12-23T08:58:02.515+0000: 29101.962: [GC (Allocation Failure) 2019-12-23T08:58:02.515+0000: 29101.962: [ParNew: 69453K->5887K(72512K), 0.0028892 secs] 102658K->39917K(233664K), 0.0030093 secs] [Times: user=0.01 sys=0.00, real=0.00 secs] 
2019-12-23T08:58:17.682+0000: 29117.129: [GC (Allocation Failure) 2019-12-23T08:58:17.682+0000: 29117.129: [ParNew: 70399K->5901K(72512K), 0.0030756 secs] 104429K->40883K(233664K), 0.0031721 secs] [Times: user=0.00 sys=0.00, real=0.00 secs] 
2019-12-23T08:58:24.375+0000: 29123.822: [GC (Allocation Failure) 2019-12-23T08:58:24.375+0000: 29123.822: [ParNew: 70413K->5368K(72512K), 0.0028411 secs] 105395K->41302K(233664K), 0.0029223 secs] [Times: user=0.01 sys=0.00, real=0.00 secs] 
2019-12-23T08:58:37.213+0000: 29136.660: [GC (Allocation Failure) 2019-12-23T08:58:37.213+0000: 29136.660: [ParNew: 69880K->4863K(72512K), 0.0029431 secs] 105814K->41748K(233664K), 0.0030223 secs] [Times: user=0.00 sys=0.00, real=0.00 secs] 
2019-12-23T08:58:48.657+0000: 29148.104: [GC (Allocation Failure) 2019-12-23T08:58:48.657+0000: 29148.104: [ParNew: 69375K->5402K(72512K), 0.0025714 secs] 106260K->43239K(233664K), 0.0026520 secs] [Times: user=0.01 sys=0.00, real=0.01 secs] 
2019-12-23T08:58:59.159+0000: 29158.606: [GC (Allocation Failure) 2019-12-23T08:58:59.160+0000: 29158.606: [ParNew: 69914K->5391K(72512K), 0.0028755 secs] 107751K->44180K(233664K), 0.0029571 secs] [Times: user=0.01 sys=0.00, real=0.00 secs] 
2019-12-23T08:59:11.930+0000: 29171.377: [GC (Allocation Failure) 2019-12-23T08:59:11.930+0000: 29171.377: [ParNew: 69903K->5702K(72512K), 0.0034845 secs] 108692K->45343K(233664K), 0.0035628 secs] [Times: user=0.01 sys=0.00, real=0.01 secs] 
2019-12-23T08:59:16.532+0000: 29175.979: [GC (Allocation Failure) 2019-12-23T08:59:16.532+0000: 29175.979: [ParNew: 70214K->6059K(72512K), 0.0027975 secs] 109855K->46652K(233664K), 0.0028730 secs] [Times: user=0.01 sys=0.00, real=0.00 secs] 
2019-12-23T08:59:28.979+0000: 29188.426: [GC (Allocation Failure) 2019-12-23T08:59:28.979+0000: 29188.426: [ParNew: 70571K->5439K(72512K), 0.0027668 secs] 111164K->47119K(233664K), 0.0028355 secs] [Times: user=0.01 sys=0.00, real=0.00 secs] 
2019-12-23T08:59:37.748+0000: 29197.195: [GC (Allocation Failure) 2019-12-23T08:59:37.748+0000: 29197.195: [ParNew: 69951K->6481K(72512K), 0.0029740 secs] 111631K->49112K(233664K), 0.0030716 secs] [Times: user=0.00 sys=0.00, real=0.01 secs] 
2019-12-23T08:59:50.811+0000: 29210.258: [GC (Allocation Failure) 2019-12-23T08:59:50.811+0000: 29210.258: [ParNew: 70993K->5292K(72512K), 0.0028492 secs] 113624K->48876K(233664K), 0.0029240 secs] [Times: user=0.00 sys=0.00, real=0.00 secs] 
2019-12-23T09:00:00.752+0000: 29220.199: [GC (Allocation Failure) 2019-12-23T09:00:00.753+0000: 29220.199: [ParNew: 69804K->5958K(72512K), 0.0028768 secs] 113388K->50494K(233664K), 0.0029616 secs] [Times: user=0.00 sys=0.00, real=0.00 secs] 
2019-12-23T09:00:09.834+0000: 29229.281: [GC (Allocation Failure) 2019-12-23T09:00:09.834+0000: 29229.281: [ParNew: 70470K->4999K(72512K), 0.0028496 secs] 115006K->50386K(233664K), 0.0029265 secs] [Times: user=0.01 sys=0.00, real=0.00 secs] 
2019-12-23T09:00:17.435+0000: 29236.882: [GC (Allocation Failure) 2019-12-23T09:00:17.435+0000: 29236.882: [ParNew: 69511K->4851K(72512K), 0.0028413 secs] 114898K->51190K(233664K), 0.0029199 secs] [Times: user=0.01 sys=0.01, real=0.00 secs] 
2019-12-23T09:00:29.270+0000: 29248.717: [GC (Allocation Failure) 2019-12-23T09:00:29.270+0000: 29248.717: [ParNew: 69363K->3477K(72512K), 0.0037138 secs] 115702K->50276K(233664K), 0.0037870 secs] [Times: user=0.01 sys=0.00, real=0.01 secs] 
2019-12-23T09:00:41.504+0000: 29260.951: [GC (Allocation Failure) 2019-12-23T09:00:41.504+0000: 29260.951: [ParNew: 67989K->4329K(72512K), 0.0024777 secs] 114788K->51127K(233664K), 0.0025637 secs] [Times: user=0.01 sys=0.00, real=0.00 secs] 
2019-12-23T09:00:49.050+0000: 29268.496: [GC (Allocation Failure) 2019-12-23T09:00:49.050+0000: 29268.497: [ParNew: 68841K->5130K(72512K), 0.0026008 secs] 115639K->51928K(233664K), 0.0026759 secs] [Times: user=0.00 sys=0.00, real=0.01 secs] 
2019-12-23T09:01:01.218+0000: 29280.665: [GC (Allocation Failure) 2019-12-23T09:01:01.218+0000: 29280.665: [ParNew: 69642K->5214K(72512K), 0.0029717 secs] 116440K->52735K(233664K), 0.0030732 secs] [Times: user=0.01 sys=0.00, real=0.01 secs] 
2019-12-23T09:01:12.707+0000: 29292.154: [GC (Allocation Failure) 2019-12-23T09:01:12.707+0000: 29292.154: [ParNew: 69726K->6038K(72512K), 0.0032237 secs] 117247K->54925K(233664K), 0.0032964 secs] [Times: user=0.01 sys=0.00, real=0.00 secs] 
2019-12-23T09:01:20.652+0000: 29300.099: [GC (Allocation Failure) 2019-12-23T09:01:20.652+0000: 29300.099: [ParNew: 70550K->5126K(72512K), 0.0029083 secs] 119437K->54965K(233664K), 0.0029988 secs] [Times: user=0.01 sys=0.00, real=0.00 secs] 
2019-12-23T09:01:29.007+0000: 29308.454: [GC (Allocation Failure) 2019-12-23T09:01:29.007+0000: 29308.454: [ParNew: 69638K->5075K(72512K), 0.0029740 secs] 119477K->55866K(233664K), 0.0030535 secs] [Times: user=0.01 sys=0.00, real=0.00 secs] 
2019-12-23T09:01:39.648+0000: 29319.095: [GC (Allocation Failure) 2019-12-23T09:01:39.649+0000: 29319.095: [ParNew: 69587K->5445K(72512K), 0.0030884 secs] 120378K->57189K(233664K), 0.0031811 secs] [Times: user=0.01 sys=0.00, real=0.01 secs] 
2019-12-23T09:01:50.810+0000: 29330.256: [GC (Allocation Failure) 2019-12-23T09:01:50.810+0000: 29330.257: [ParNew: 69957K->5376K(72512K), 0.0028389 secs] 121701K->58071K(233664K), 0.0029292 secs] [Times: user=0.01 sys=0.00, real=0.01 secs] 
2019-12-23T09:01:57.927+0000: 29337.374: [GC (Allocation Failure) 2019-12-23T09:01:57.927+0000: 29337.374: [ParNew: 69888K->5417K(72512K), 0.0028650 secs] 122583K->59065K(233664K), 0.0029592 secs] [Times: user=0.00 sys=0.00, real=0.00 secs] 
2019-12-23T09:02:12.818+0000: 29352.265: [GC (Allocation Failure) 2019-12-23T09:02:12.818+0000: 29352.265: [ParNew: 69929K->5848K(72512K), 0.0029425 secs] 123577K->60539K(233664K), 0.0030271 secs] [Times: user=0.01 sys=0.00, real=0.01 secs] 
2019-12-23T09:02:18.216+0000: 29357.663: [GC (Allocation Failure) 2019-12-23T09:02:18.216+0000: 29357.663: [ParNew: 70360K->6154K(72512K), 0.0030109 secs] 125051K->61797K(233664K), 0.0030967 secs] [Times: user=0.01 sys=0.00, real=0.01 secs] 
2019-12-23T09:02:31.631+0000: 29371.078: [GC (Allocation Failure) 2019-12-23T09:02:31.631+0000: 29371.078: [ParNew: 70666K->5103K(72512K), 0.0044323 secs] 126309K->61698K(233664K), 0.0045496 secs] [Times: user=0.01 sys=0.00, real=0.00 secs] 
2019-12-23T09:02:35.914+0000: 29375.361: [GC (Allocation Failure) 2019-12-23T09:02:35.914+0000: 29375.361: [ParNew: 69615K->5299K(72512K), 0.0029153 secs] 126210K->62846K(233664K), 0.0029981 secs] [Times: user=0.01 sys=0.00, real=0.00 secs] 
2019-12-23T09:02:53.287+0000: 29392.734: [GC (Allocation Failure) 2019-12-23T09:02:53.287+0000: 29392.734: [ParNew: 69811K->5859K(72512K), 0.0028039 secs] 127358K->64358K(233664K), 0.0028922 secs] [Times: user=0.01 sys=0.00, real=0.00 secs] 
2019-12-23T09:03:00.472+0000: 29399.918: [GC (Allocation Failure) 2019-12-23T09:03:00.472+0000: 29399.919: [ParNew: 70371K->4687K(72512K), 0.0029296 secs] 128870K->64138K(233664K), 0.0030117 secs] [Times: user=0.01 sys=0.00, real=0.00 secs] 
2019-12-23T09:03:11.407+0000: 29410.854: [GC (Allocation Failure) 2019-12-23T09:03:11.407+0000: 29410.854: [ParNew: 69199K->4742K(72512K), 0.0029483 secs] 128650K->65045K(233664K), 0.0030444 secs] [Times: user=0.01 sys=0.00, real=0.00 secs] 
2019-12-23T09:03:21.416+0000: 29420.863: [GC (Allocation Failure) 2019-12-23T09:03:21.417+0000: 29420.864: [ParNew: 69254K->5107K(72512K), 0.0027356 secs] 129557K->66361K(233664K), 0.0028330 secs] [Times: user=0.01 sys=0.00, real=0.01 secs] 
2019-12-23T09:03:30.787+0000: 29430.234: [GC (Allocation Failure) 2019-12-23T09:03:30.787+0000: 29430.234: [ParNew: 69619K->5321K(72512K), 0.0027759 secs] 130873K->67528K(233664K), 0.0028575 secs] [Times: user=0.01 sys=0.00, real=0.00 secs] 
2019-12-23T09:03:43.789+0000: 29443.236: [GC (Allocation Failure) 2019-12-23T09:03:43.789+0000: 29443.236: [ParNew: 69833K->5080K(72512K), 0.0031204 secs] 132040K->68375K(233664K), 0.0032119 secs] [Times: user=0.01 sys=0.00, real=0.01 secs] 
2019-12-23T09:03:50.231+0000: 29449.678: [GC (Allocation Failure) 2019-12-23T09:03:50.231+0000: 29449.678: [ParNew: 69592K->5147K(72512K), 0.0028123 secs] 132887K->69392K(233664K), 0.0028946 secs] [Times: user=0.01 sys=0.00, real=0.00 secs] 
2019-12-23T09:04:06.302+0000: 29465.749: [GC (Allocation Failure) 2019-12-23T09:04:06.302+0000: 29465.749: [ParNew: 69659K->5530K(72512K), 0.0037515 secs] 133904K->70728K(233664K), 0.0038384 secs] [Times: user=0.00 sys=0.00, real=0.00 secs] 
2019-12-23T09:04:08.855+0000: 29468.302: [GC (Allocation Failure) 2019-12-23T09:04:08.855+0000: 29468.302: [ParNew: 70042K->4648K(72512K), 0.0028379 secs] 135240K->70826K(233664K), 0.0029565 secs] [Times: user=0.01 sys=0.00, real=0.00 secs] 
2019-12-23T09:04:23.787+0000: 29483.234: [GC (Allocation Failure) 2019-12-23T09:04:23.787+0000: 29483.234: [ParNew: 69160K->5590K(72512K), 0.0027737 secs] 135338K->72720K(233664K), 0.0028507 secs] [Times: user=0.00 sys=0.00, real=0.00 secs] 
2019-12-23T09:04:31.657+0000: 29491.104: [GC (Allocation Failure) 2019-12-23T09:04:31.657+0000: 29491.104: [ParNew: 70102K->4908K(72512K), 0.0028834 secs] 137232K->72989K(233664K), 0.0029768 secs] [Times: user=0.01 sys=0.00, real=0.01 secs] 
2019-12-23T09:04:43.077+0000: 29502.524: [GC (Allocation Failure) 2019-12-23T09:04:43.077+0000: 29502.524: [ParNew: 69420K->5019K(72512K), 0.0032429 secs] 137501K->74052K(233664K), 0.0033117 secs] [Times: user=0.01 sys=0.00, real=0.01 secs] 
2019-12-23T09:04:57.217+0000: 29516.664: [GC (Allocation Failure) 2019-12-23T09:04:57.217+0000: 29516.664: [ParNew: 69531K->5339K(72512K), 0.0029096 secs] 138564K->75325K(233664K), 0.0029989 secs] [Times: user=0.01 sys=0.00, real=0.01 secs] 
2019-12-23T09:05:04.150+0000: 29523.597: [GC (Allocation Failure) 2019-12-23T09:05:04.150+0000: 29523.597: [ParNew: 69851K->5668K(72512K), 0.0030049 secs] 139837K->76504K(233664K), 0.0030839 secs] [Times: user=0.01 sys=0.00, real=0.01 secs] 
2019-12-23T09:05:13.549+0000: 29532.995: [GC (Allocation Failure) 2019-12-23T09:05:13.549+0000: 29532.996: [ParNew: 70180K->5125K(72512K), 0.0029915 secs] 141016K->76914K(233664K), 0.0030721 secs] [Times: user=0.01 sys=0.00, real=0.01 secs] 
2019-12-23T09:05:24.264+0000: 29543.711: [GC (Allocation Failure) 2019-12-23T09:05:24.264+0000: 29543.711: [ParNew: 69637K->6109K(72512K), 0.0029196 secs] 141426K->78849K(233664K), 0.0030138 secs] [Times: user=0.01 sys=0.00, real=0.00 secs] 
2019-12-23T09:05:34.259+0000: 29553.706: [GC (Allocation Failure) 2019-12-23T09:05:34.259+0000: 29553.706: [ParNew: 70621K->6108K(72512K), 0.0028402 secs] 143361K->79800K(233664K), 0.0029252 secs] [Times: user=0.00 sys=0.00, real=0.00 secs] 
2019-12-23T09:05:45.060+0000: 29564.507: [GC (Allocation Failure) 2019-12-23T09:05:45.060+0000: 29564.507: [ParNew: 70620K->5934K(72512K), 0.0027756 secs] 144312K->80578K(233664K), 0.0028745 secs] [Times: user=0.01 sys=0.00, real=0.00 secs] 
2019-12-23T09:05:52.702+0000: 29572.149: [GC (Allocation Failure) 2019-12-23T09:05:52.702+0000: 29572.149: [ParNew: 70446K->6829K(72512K), 0.0031915 secs] 145090K->82425K(233664K), 0.0032837 secs] [Times: user=0.01 sys=0.00, real=0.00 secs] 
2019-12-23T09:06:07.012+0000: 29586.459: [GC (Allocation Failure) 2019-12-23T09:06:07.012+0000: 29586.459: [ParNew: 71341K->5462K(72512K), 0.0030156 secs] 146937K->82037K(233664K), 0.0030969 secs] [Times: user=0.00 sys=0.00, real=0.00 secs] 
2019-12-23T09:06:12.661+0000: 29592.108: [GC (Allocation Failure) 2019-12-23T09:06:12.661+0000: 29592.108: [ParNew: 69974K->5795K(72512K), 0.0029003 secs] 146549K->83323K(233664K), 0.0029945 secs] [Times: user=0.01 sys=0.00, real=0.00 secs] 
2019-12-23T09:06:24.447+0000: 29603.894: [GC (Allocation Failure) 2019-12-23T09:06:24.448+0000: 29603.894: [ParNew: 70307K->5713K(72512K), 0.0043625 secs] 147835K->84193K(233664K), 0.0044841 secs] [Times: user=0.01 sys=0.00, real=0.01 secs] 
2019-12-23T09:06:30.737+0000: 29610.184: [GC (Allocation Failure) 2019-12-23T09:06:30.737+0000: 29610.184: [ParNew: 70225K->6278K(72512K), 0.0029402 secs] 148705K->85779K(233664K), 0.0030170 secs] [Times: user=0.01 sys=0.00, real=0.01 secs] 
2019-12-23T09:06:45.668+0000: 29625.115: [GC (Allocation Failure) 2019-12-23T09:06:45.668+0000: 29625.115: [ParNew: 70790K->5228K(72512K), 0.0029218 secs] 150291K->85772K(233664K), 0.0030027 secs] [Times: user=0.01 sys=0.00, real=0.01 secs] 
2019-12-23T09:06:51.210+0000: 29630.657: [GC (Allocation Failure) 2019-12-23T09:06:51.210+0000: 29630.657: [ParNew: 69740K->5702K(72512K), 0.0029589 secs] 150284K->87197K(233664K), 0.0030512 secs] [Times: user=0.01 sys=0.00, real=0.01 secs] 
2019-12-23T09:07:03.381+0000: 29642.828: [GC (Allocation Failure) 2019-12-23T09:07:03.381+0000: 29642.828: [ParNew: 70214K->5950K(72512K), 0.0031244 secs] 151709K->88398K(233664K), 0.0032114 secs] [Times: user=0.01 sys=0.00, real=0.00 secs] 
2019-12-23T09:07:09.106+0000: 29648.553: [GC (Allocation Failure) 2019-12-23T09:07:09.106+0000: 29648.553: [ParNew: 70462K->5003K(72512K), 0.0041797 secs] 152910K->88403K(233664K), 0.0042688 secs] [Times: user=0.01 sys=0.00, real=0.01 secs] 
2019-12-23T09:07:22.586+0000: 29662.033: [GC (Allocation Failure) 2019-12-23T09:07:22.586+0000: 29662.033: [ParNew: 69515K->5104K(72512K), 0.0031123 secs] 152915K->89456K(233664K), 0.0032017 secs] [Times: user=0.01 sys=0.00, real=0.00 secs] 
2019-12-23T09:07:31.191+0000: 29670.638: [GC (Allocation Failure) 2019-12-23T09:07:31.191+0000: 29670.638: [ParNew: 69616K->4571K(72512K), 0.0030961 secs] 153968K->89875K(233664K), 0.0032098 secs] [Times: user=0.01 sys=0.00, real=0.00 secs] 
2019-12-23T09:07:42.656+0000: 29682.103: [GC (Allocation Failure) 2019-12-23T09:07:42.656+0000: 29682.103: [ParNew: 69083K->2852K(72512K), 0.0023975 secs] 154387K->88157K(233664K), 0.0024760 secs] [Times: user=0.01 sys=0.00, real=0.00 secs] 
2019-12-23T09:07:53.523+0000: 29692.970: [GC (Allocation Failure) 2019-12-23T09:07:53.523+0000: 29692.970: [ParNew: 67364K->3605K(72512K), 0.0025484 secs] 152669K->88911K(233664K), 0.0026552 secs] [Times: user=0.00 sys=0.00, real=0.00 secs] 
2019-12-23T09:07:59.972+0000: 29699.419: [GC (Allocation Failure) 2019-12-23T09:07:59.972+0000: 29699.419: [ParNew: 68117K->4500K(72512K), 0.0026734 secs] 153423K->89805K(233664K), 0.0027526 secs] [Times: user=0.01 sys=0.00, real=0.00 secs] 
2019-12-23T09:08:10.277+0000: 29709.724: [GC (Allocation Failure) 2019-12-23T09:08:10.277+0000: 29709.724: [ParNew: 69012K->5084K(72512K), 0.0029623 secs] 154317K->91029K(233664K), 0.0030555 secs] [Times: user=0.01 sys=0.00, real=0.01 secs] 
2019-12-23T09:08:21.325+0000: 29720.772: [GC (Allocation Failure) 2019-12-23T09:08:21.326+0000: 29720.772: [ParNew: 69596K->5191K(72512K), 0.0030636 secs] 155541K->92069K(233664K), 0.0031548 secs] [Times: user=0.01 sys=0.00, real=0.00 secs] 
2019-12-23T09:08:32.506+0000: 29731.953: [GC (Allocation Failure) 2019-12-23T09:08:32.506+0000: 29731.953: [ParNew: 69703K->5354K(72512K), 0.0037401 secs] 156581K->93185K(233664K), 0.0038416 secs] [Times: user=0.01 sys=0.00, real=0.00 secs] 
2019-12-23T09:08:39.346+0000: 29738.793: [GC (Allocation Failure) 2019-12-23T09:08:39.346+0000: 29738.793: [ParNew: 69866K->5483K(72512K), 0.0030681 secs] 157697K->94266K(233664K), 0.0031682 secs] [Times: user=0.01 sys=0.00, real=0.00 secs] 
2019-12-23T09:08:50.951+0000: 29750.398: [GC (Allocation Failure) 2019-12-23T09:08:50.951+0000: 29750.398: [ParNew: 69975K->5576K(72512K), 0.0028232 secs] 158758K->95311K(233664K), 0.0029234 secs] [Times: user=0.01 sys=0.00, real=0.00 secs] 
2019-12-23T09:09:00.464+0000: 29759.911: [GC (Allocation Failure) 2019-12-23T09:09:00.464+0000: 29759.911: [ParNew: 70088K->5010K(72512K), 0.0030932 secs] 159823K->95697K(233664K), 0.0032095 secs] [Times: user=0.01 sys=0.00, real=0.00 secs] 
2019-12-23T09:09:11.885+0000: 29771.331: [GC (Allocation Failure) 2019-12-23T09:09:11.885+0000: 29771.332: [ParNew: 69522K->5508K(72512K), 0.0032396 secs] 160209K->97283K(233664K), 0.0033258 secs] [Times: user=0.01 sys=0.00, real=0.00 secs] 
2019-12-23T09:09:22.361+0000: 29781.808: [GC (Allocation Failure) 2019-12-23T09:09:22.361+0000: 29781.808: [ParNew: 70020K->5218K(72512K), 0.0029743 secs] 161795K->97908K(233664K), 0.0030663 secs] [Times: user=0.01 sys=0.00, real=0.00 secs] 
2019-12-23T09:09:31.008+0000: 29790.455: [GC (Allocation Failure) 2019-12-23T09:09:31.008+0000: 29790.455: [ParNew: 69730K->4420K(72512K), 0.0041046 secs] 162420K->98159K(233664K), 0.0041839 secs] [Times: user=0.01 sys=0.00, real=0.01 secs] 
2019-12-23T09:09:39.220+0000: 29798.667: [GC (Allocation Failure) 2019-12-23T09:09:39.221+0000: 29798.667: [ParNew: 68932K->5120K(72512K), 0.0028989 secs] 162671K->99811K(233664K), 0.0029770 secs] [Times: user=0.01 sys=0.00, real=0.00 secs] 
2019-12-23T09:09:51.961+0000: 29811.408: [GC (Allocation Failure) 2019-12-23T09:09:51.961+0000: 29811.408: [ParNew: 69632K->6257K(72512K), 0.0028697 secs] 164323K->101900K(233664K), 0.0029573 secs] [Times: user=0.01 sys=0.00, real=0.00 secs] 
2019-12-23T09:10:03.786+0000: 29823.233: [GC (Allocation Failure) 2019-12-23T09:10:03.786+0000: 29823.233: [ParNew: 70769K->5052K(72512K), 0.0027727 secs] 166412K->101648K(233664K), 0.0028474 secs] [Times: user=0.00 sys=0.00, real=0.00 secs] 
2019-12-23T09:10:10.622+0000: 29830.069: [GC (Allocation Failure) 2019-12-23T09:10:10.622+0000: 29830.069: [ParNew: 69564K->5603K(72512K), 0.0029170 secs] 166160K->103150K(233664K), 0.0029992 secs] [Times: user=0.01 sys=0.00, real=0.00 secs] 
2019-12-23T09:10:20.995+0000: 29840.442: [GC (Allocation Failure) 2019-12-23T09:10:20.995+0000: 29840.442: [ParNew: 70115K->5172K(72512K), 0.0029296 secs] 167662K->103671K(233664K), 0.0030107 secs] [Times: user=0.00 sys=0.00, real=0.00 secs] 
2019-12-23T09:10:32.248+0000: 29851.695: [GC (Allocation Failure) 2019-12-23T09:10:32.249+0000: 29851.695: [ParNew: 69684K->5996K(72512K), 0.0029377 secs] 168183K->105447K(233664K), 0.0030249 secs] [Times: user=0.01 sys=0.00, real=0.01 secs] 
2019-12-23T09:10:40.391+0000: 29859.838: [GC (Allocation Failure) 2019-12-23T09:10:40.391+0000: 29859.838: [ParNew: 70508K->5081K(72512K), 0.0027841 secs] 169959K->105484K(233664K), 0.0028818 secs] [Times: user=0.01 sys=0.00, real=0.00 secs] 
2019-12-23T09:10:52.715+0000: 29872.162: [GC (Allocation Failure) 2019-12-23T09:10:52.715+0000: 29872.162: [ParNew: 69593K->5384K(72512K), 0.0029185 secs] 169996K->106674K(233664K), 0.0029944 secs] [Times: user=0.01 sys=0.00, real=0.00 secs] 
2019-12-23T09:10:58.928+0000: 29878.375: [GC (Allocation Failure) 2019-12-23T09:10:58.928+0000: 29878.375: [ParNew: 69896K->6182K(72512K), 0.0030115 secs] 171186K->108425K(233664K), 0.0031056 secs] [Times: user=0.01 sys=0.00, real=0.01 secs] 
2019-12-23T09:11:13.798+0000: 29893.245: [GC (Allocation Failure) 2019-12-23T09:11:13.798+0000: 29893.245: [ParNew: 70694K->5927K(72512K), 0.0029774 secs] 172937K->109122K(233664K), 0.0030533 secs] [Times: user=0.01 sys=0.00, real=0.01 secs] 
2019-12-23T09:11:19.854+0000: 29899.301: [GC (Allocation Failure) 2019-12-23T09:11:19.854+0000: 29899.301: [ParNew: 70439K->6090K(72512K), 0.0029938 secs] 173634K->110265K(233664K), 0.0030765 secs] [Times: user=0.01 sys=0.00, real=0.00 secs] 
2019-12-23T09:11:31.247+0000: 29910.694: [GC (Allocation Failure) 2019-12-23T09:11:31.248+0000: 29910.694: [ParNew: 70602K->6078K(72512K), 0.0028400 secs] 174777K->111204K(233664K), 0.0029154 secs] [Times: user=0.01 sys=0.00, real=0.00 secs] 
2019-12-23T09:11:39.078+0000: 29918.525: [GC (Allocation Failure) 2019-12-23T09:11:39.078+0000: 29918.525: [ParNew: 70590K->6101K(72512K), 0.0028843 secs] 175716K->112207K(233664K), 0.0029644 secs] [Times: user=0.01 sys=0.00, real=0.01 secs] 
2019-12-23T09:11:50.276+0000: 29929.723: [GC (Allocation Failure) 2019-12-23T09:11:50.276+0000: 29929.723: [ParNew: 70613K->6845K(72512K), 0.0032317 secs] 176719K->113903K(233664K), 0.0033226 secs] [Times: user=0.01 sys=0.00, real=0.01 secs] 
2019-12-23T09:12:02.212+0000: 29941.658: [GC (Allocation Failure) 2019-12-23T09:12:02.212+0000: 29941.659: [ParNew: 71357K->5111K(72512K), 0.0029454 secs] 178415K->113121K(233664K), 0.0030211 secs] [Times: user=0.01 sys=0.00, real=0.00 secs] 
2019-12-23T09:12:10.312+0000: 29949.759: [GC (Allocation Failure) 2019-12-23T09:12:10.312+0000: 29949.759: [ParNew: 69623K->5256K(72512K), 0.0028905 secs] 177633K->114218K(233664K), 0.0029685 secs] [Times: user=0.01 sys=0.00, real=0.00 secs] 
2019-12-23T09:12:17.711+0000: 29957.158: [GC (Allocation Failure) 2019-12-23T09:12:17.711+0000: 29957.158: [ParNew: 69768K->5554K(72512K), 0.0028658 secs] 178730K->115468K(233664K), 0.0029654 secs] [Times: user=0.00 sys=0.00, real=0.00 secs] 
2019-12-23T09:12:29.679+0000: 29969.126: [GC (Allocation Failure) 2019-12-23T09:12:29.679+0000: 29969.126: [ParNew: 70066K->5800K(72512K), 0.0028325 secs] 179980K->116538K(233664K), 0.0029354 secs] [Times: user=0.01 sys=0.00, real=0.00 secs] 
2019-12-23T09:12:40.950+0000: 29980.397: [GC (Allocation Failure) 2019-12-23T09:12:40.950+0000: 29980.397: [ParNew: 70312K->5976K(72512K), 0.0028949 secs] 181050K->117666K(233664K), 0.0029994 secs] [Times: user=0.01 sys=0.00, real=0.01 secs] 
2019-12-23T09:12:50.807+0000: 29990.254: [GC (Allocation Failure) 2019-12-23T09:12:50.807+0000: 29990.254: [ParNew: 70488K->6086K(72512K), 0.0029411 secs] 182178K->118728K(233664K), 0.0030209 secs] [Times: user=0.01 sys=0.00, real=0.00 secs] 
2019-12-23T09:13:02.014+0000: 30001.461: [GC (Allocation Failure) 2019-12-23T09:13:02.014+0000: 30001.461: [ParNew: 70598K->6094K(72512K), 0.0029870 secs] 183240K->119688K(233664K), 0.0030710 secs] [Times: user=0.00 sys=0.01, real=0.00 secs] 
2019-12-23T09:13:13.698+0000: 30013.145: [GC (Allocation Failure) 2019-12-23T09:13:13.698+0000: 30013.145: [ParNew: 70606K->6116K(72512K), 0.0030301 secs] 184200K->120689K(233664K), 0.0031018 secs] [Times: user=0.01 sys=0.00, real=0.01 secs] 
2019-12-23T09:13:20.163+0000: 30019.610: [GC (Allocation Failure) 2019-12-23T09:13:20.163+0000: 30019.610: [ParNew: 70628K->6083K(72512K), 0.0026900 secs] 185201K->121608K(233664K), 0.0027676 secs] [Times: user=0.01 sys=0.00, real=0.00 secs] 
2019-12-23T09:13:30.327+0000: 30029.774: [GC (Allocation Failure) 2019-12-23T09:13:30.327+0000: 30029.774: [ParNew: 70595K->6626K(72512K), 0.0027242 secs] 186120K->123103K(233664K), 0.0028139 secs] [Times: user=0.01 sys=0.00, real=0.00 secs] 
2019-12-23T09:13:41.118+0000: 30040.565: [GC (Allocation Failure) 2019-12-23T09:13:41.118+0000: 30040.565: [ParNew: 71138K->5391K(72512K), 0.0040028 secs] 187615K->122820K(233664K), 0.0040909 secs] [Times: user=0.01 sys=0.00, real=0.01 secs] 
2019-12-23T09:13:52.769+0000: 30052.216: [GC (Allocation Failure) 2019-12-23T09:13:52.770+0000: 30052.216: [ParNew: 69903K->5262K(72512K), 0.0028978 secs] 187332K->123644K(233664K), 0.0030045 secs] [Times: user=0.01 sys=0.00, real=0.01 secs] 
2019-12-23T09:14:01.073+0000: 30060.520: [GC (Allocation Failure) 2019-12-23T09:14:01.073+0000: 30060.520: [ParNew: 69774K->5222K(72512K), 0.0037347 secs] 188156K->124557K(233664K), 0.0038268 secs] [Times: user=0.01 sys=0.00, real=0.00 secs] 
2019-12-23T09:14:12.252+0000: 30071.699: [GC (Allocation Failure) 2019-12-23T09:14:12.252+0000: 30071.699: [ParNew: 69734K->4935K(72512K), 0.0027085 secs] 189069K->125356K(233664K), 0.0027844 secs] [Times: user=0.01 sys=0.00, real=0.00 secs] 
2019-12-23T09:14:21.346+0000: 30080.793: [GC (Allocation Failure) 2019-12-23T09:14:21.346+0000: 30080.793: [ParNew: 69447K->4549K(72512K), 0.0030753 secs] 189868K->125922K(233664K), 0.0031502 secs] [Times: user=0.01 sys=0.00, real=0.00 secs] 
2019-12-23T09:14:32.431+0000: 30091.878: [GC (Allocation Failure) 2019-12-23T09:14:32.431+0000: 30091.878: [ParNew: 69061K->4934K(72512K), 0.0026700 secs] 190434K->127260K(233664K), 0.0027424 secs] [Times: user=0.00 sys=0.00, real=0.00 secs] 
2019-12-23T09:14:42.088+0000: 30101.535: [GC (Allocation Failure) 2019-12-23T09:14:42.088+0000: 30101.535: [ParNew: 69446K->5375K(72512K), 0.0028911 secs] 191772K->128551K(233664K), 0.0029650 secs] [Times: user=0.00 sys=0.00, real=0.01 secs] 
2019-12-23T09:14:53.240+0000: 30112.687: [GC (Allocation Failure) 2019-12-23T09:14:53.240+0000: 30112.687: [ParNew: 69887K->4708K(72512K), 0.0026196 secs] 193063K->128213K(233664K), 0.0027167 secs] [Times: user=0.00 sys=0.00, real=0.00 secs] 
2019-12-23T09:14:58.432+0000: 30117.879: [GC (Allocation Failure) 2019-12-23T09:14:58.432+0000: 30117.879: [ParNew: 69220K->4648K(72512K), 0.0025882 secs] 192725K->128153K(233664K), 0.0026823 secs] [Times: user=0.01 sys=0.00, real=0.00 secs] 
2019-12-23T09:15:11.610+0000: 30131.057: [GC (Allocation Failure) 2019-12-23T09:15:11.610+0000: 30131.057: [ParNew: 69160K->4797K(72512K), 0.0027293 secs] 192665K->128301K(233664K), 0.0028104 secs] [Times: user=0.01 sys=0.00, real=0.01 secs] 
2019-12-23T09:15:24.446+0000: 30143.893: [GC (Allocation Failure) 2019-12-23T09:15:24.446+0000: 30143.893: [ParNew: 69309K->5485K(72512K), 0.0046308 secs] 192813K->130231K(233664K), 0.0047089 secs] [Times: user=0.01 sys=0.00, real=0.01 secs] 
2019-12-23T09:15:31.882+0000: 30151.329: [GC (Allocation Failure) 2019-12-23T09:15:31.882+0000: 30151.329: [ParNew: 69997K->4745K(72512K), 0.0028981 secs] 194743K->130443K(233664K), 0.0029902 secs] [Times: user=0.01 sys=0.00, real=0.00 secs] 
2019-12-23T09:15:44.635+0000: 30164.082: [GC (Allocation Failure) 2019-12-23T09:15:44.635+0000: 30164.082: [ParNew: 69257K->4782K(72512K), 0.0035052 secs] 194955K->131467K(233664K), 0.0035909 secs] [Times: user=0.01 sys=0.00, real=0.00 secs] 
2019-12-23T09:15:49.401+0000: 30168.848: [GC (Allocation Failure) 2019-12-23T09:15:49.401+0000: 30168.848: [ParNew: 69294K->5400K(72512K), 0.0028277 secs] 195979K->133037K(233664K), 0.0029359 secs] [Times: user=0.01 sys=0.00, real=0.00 secs] 
2019-12-23T09:16:06.227+0000: 30185.674: [GC (Allocation Failure) 2019-12-23T09:16:06.227+0000: 30185.674: [ParNew: 69912K->4638K(72512K), 0.0028247 secs] 197549K->133227K(233664K), 0.0028939 secs] [Times: user=0.01 sys=0.00, real=0.00 secs] 
2019-12-23T09:16:11.774+0000: 30191.221: [GC (Allocation Failure) 2019-12-23T09:16:11.774+0000: 30191.221: [ParNew: 69150K->5099K(72512K), 0.0028632 secs] 197739K->134641K(233664K), 0.0029406 secs] [Times: user=0.00 sys=0.00, real=0.00 secs] 
2019-12-23T09:16:24.146+0000: 30203.593: [GC (Allocation Failure) 2019-12-23T09:16:24.146+0000: 30203.593: [ParNew: 69611K->5413K(72512K), 0.0028836 secs] 199153K->135906K(233664K), 0.0029649 secs] [Times: user=0.01 sys=0.00, real=0.00 secs] 
2019-12-23T09:16:30.323+0000: 30209.770: [GC (Allocation Failure) 2019-12-23T09:16:30.323+0000: 30209.770: [ParNew: 69925K->5194K(72512K), 0.0029008 secs] 200418K->136640K(233664K), 0.0030011 secs] [Times: user=0.01 sys=0.01, real=0.00 secs] 
2019-12-23T09:16:43.558+0000: 30223.005: [GC (Allocation Failure) 2019-12-23T09:16:43.558+0000: 30223.005: [ParNew: 69706K->6198K(72512K), 0.0029253 secs] 201152K->138623K(233664K), 0.0030012 secs] [Times: user=0.01 sys=0.00, real=0.01 secs] 
2019-12-23T09:16:52.800+0000: 30232.247: [GC (Allocation Failure) 2019-12-23T09:16:52.800+0000: 30232.247: [ParNew: 70710K->5098K(72512K), 0.0028511 secs] 203135K->138475K(233664K), 0.0029352 secs] [Times: user=0.01 sys=0.00, real=0.00 secs] 
2019-12-23T09:17:02.557+0000: 30242.004: [GC (Allocation Failure) 2019-12-23T09:17:02.557+0000: 30242.004: [ParNew: 69610K->5475K(72512K), 0.0031478 secs] 202987K->139804K(233664K), 0.0032249 secs] [Times: user=0.01 sys=0.00, real=0.01 secs] 
2019-12-23T09:17:13.172+0000: 30252.619: [GC (Allocation Failure) 2019-12-23T09:17:13.172+0000: 30252.619: [ParNew: 69987K->5697K(72512K), 0.0031239 secs] 204316K->140978K(233664K), 0.0032313 secs] [Times: user=0.01 sys=0.00, real=0.00 secs] 
2019-12-23T09:17:23.271+0000: 30262.718: [GC (Allocation Failure) 2019-12-23T09:17:23.271+0000: 30262.718: [ParNew: 70209K->5723K(72512K), 0.0029170 secs] 205490K->141956K(233664K), 0.0030079 secs] [Times: user=0.01 sys=0.00, real=0.00 secs] 
2019-12-23T09:17:34.689+0000: 30274.136: [GC (Allocation Failure) 2019-12-23T09:17:34.689+0000: 30274.136: [ParNew: 70235K->5238K(72512K), 0.0028876 secs] 206468K->142423K(233664K), 0.0029668 secs] [Times: user=0.01 sys=0.00, real=0.01 secs] 
2019-12-23T09:17:44.215+0000: 30283.662: [GC (Allocation Failure) 2019-12-23T09:17:44.215+0000: 30283.662: [ParNew: 69750K->4804K(72512K), 0.0028180 secs] 206935K->142941K(233664K), 0.0029106 secs] [Times: user=0.01 sys=0.00, real=0.00 secs] 
2019-12-23T09:17:53.395+0000: 30292.842: [GC (Allocation Failure) 2019-12-23T09:17:53.395+0000: 30292.842: [ParNew: 69316K->5491K(72512K), 0.0029938 secs] 207453K->144580K(233664K), 0.0031244 secs] [Times: user=0.01 sys=0.00, real=0.00 secs] 
2019-12-23T09:18:04.322+0000: 30303.769: [GC (Allocation Failure) 2019-12-23T09:18:04.322+0000: 30303.769: [ParNew: 70003K->5682K(72512K), 0.0028257 secs] 209092K->145722K(233664K), 0.0029033 secs] [Times: user=0.00 sys=0.00, real=0.00 secs] 
2019-12-23T09:18:15.628+0000: 30315.075: [GC (Allocation Failure) 2019-12-23T09:18:15.628+0000: 30315.075: [ParNew: 70194K->4779K(72512K), 0.0028263 secs] 210234K->145772K(233664K), 0.0029016 secs] [Times: user=0.01 sys=0.00, real=0.01 secs] 
2019-12-23T09:18:26.186+0000: 30325.633: [GC (Allocation Failure) 2019-12-23T09:18:26.186+0000: 30325.633: [ParNew: 69291K->5048K(72512K), 0.0030020 secs] 210284K->146992K(233664K), 0.0031069 secs] [Times: user=0.01 sys=0.00, real=0.00 secs] 
2019-12-23T09:18:32.397+0000: 30331.844: [GC (Allocation Failure) 2019-12-23T09:18:32.397+0000: 30331.844: [ParNew: 69560K->5281K(72512K), 0.0029768 secs] 211504K->148177K(233664K), 0.0030585 secs] [Times: user=0.01 sys=0.00, real=0.01 secs] 
2019-12-23T09:18:45.163+0000: 30344.610: [GC (Allocation Failure) 2019-12-23T09:18:45.163+0000: 30344.610: [ParNew: 69793K->5136K(72512K), 0.0032970 secs] 212689K->148985K(233664K), 0.0033916 secs] [Times: user=0.01 sys=0.00, real=0.00 secs] 
2019-12-23T09:18:52.928+0000: 30352.375: [GC (Allocation Failure) 2019-12-23T09:18:52.928+0000: 30352.375: [ParNew: 69648K->5801K(72512K), 0.0029742 secs] 213497K->150602K(233664K), 0.0030483 secs] [Times: user=0.00 sys=0.00, real=0.01 secs] 
2019-12-23T09:19:06.174+0000: 30365.621: [GC (Allocation Failure) 2019-12-23T09:19:06.175+0000: 30365.621: [ParNew: 70313K->5430K(72512K), 0.0029868 secs] 215114K->151183K(233664K), 0.0030835 secs] [Times: user=0.01 sys=0.00, real=0.00 secs] 
2019-12-23T09:19:14.917+0000: 30374.364: [GC (Allocation Failure) 2019-12-23T09:19:14.917+0000: 30374.364: [ParNew: 69942K->5322K(72512K), 0.0030826 secs] 215695K->152028K(233664K), 0.0031730 secs] [Times: user=0.00 sys=0.01, real=0.01 secs] 
2019-12-23T09:19:26.102+0000: 30385.549: [GC (Allocation Failure) 2019-12-23T09:19:26.102+0000: 30385.549: [ParNew: 69834K->5216K(72512K), 0.0030979 secs] 216540K->152874K(233664K), 0.0031977 secs] [Times: user=0.01 sys=0.00, real=0.00 secs] 
2019-12-23T09:19:32.449+0000: 30391.896: [GC (Allocation Failure) 2019-12-23T09:19:32.449+0000: 30391.896: [ParNew: 69728K->4323K(72512K), 0.0030939 secs] 217386K->153003K(233664K), 0.0031777 secs] [Times: user=0.01 sys=0.00, real=0.01 secs] 
2019-12-23T09:19:32.452+0000: 30391.899: [GC (CMS Initial Mark) [1 CMS-initial-mark: 148680K(161152K)] 153005K(233664K), 0.0009149 secs] [Times: user=0.01 sys=0.00, real=0.00 secs] 
2019-12-23T09:19:32.453+0000: 30391.900: [CMS-concurrent-mark-start]
2019-12-23T09:19:32.504+0000: 30391.951: [CMS-concurrent-mark: 0.050/0.050 secs] [Times: user=0.05 sys=0.00, real=0.05 secs] 
2019-12-23T09:19:32.504+0000: 30391.951: [CMS-concurrent-preclean-start]
2019-12-23T09:19:32.505+0000: 30391.952: [CMS-concurrent-preclean: 0.001/0.001 secs] [Times: user=0.00 sys=0.00, real=0.00 secs] 
2019-12-23T09:19:32.505+0000: 30391.952: [GC (CMS Final Remark) [YG occupancy: 5385 K (72512 K)]2019-12-23T09:19:32.505+0000: 30391.952: [Rescan (parallel) , 0.0014678 secs]2019-12-23T09:19:32.507+0000: 30391.954: [weak refs processing, 0.0000418 secs]2019-12-23T09:19:32.507+0000: 30391.954: [class unloading, 0.0093193 secs]2019-12-23T09:19:32.516+0000: 30391.963: [scrub symbol table, 0.0054377 secs]2019-12-23T09:19:32.522+0000: 30391.969: [scrub string table, 0.0005555 secs][1 CMS-remark: 148680K(161152K)] 154065K(233664K), 0.0169725 secs] [Times: user=0.02 sys=0.00, real=0.02 secs] 
2019-12-23T09:19:32.523+0000: 30391.970: [CMS-concurrent-sweep-start]
2019-12-23T09:19:32.534+0000: 30391.981: [CMS-concurrent-sweep: 0.011/0.011 secs] [Times: user=0.01 sys=0.00, real=0.01 secs] 
2019-12-23T09:19:32.534+0000: 30391.981: [CMS-concurrent-reset-start]
2019-12-23T09:19:32.544+0000: 30391.991: [CMS-concurrent-reset: 0.010/0.010 secs] [Times: user=0.01 sys=0.00, real=0.01 secs] 
2019-12-23T09:19:43.940+0000: 30403.387: [GC (Allocation Failure) 2019-12-23T09:19:43.940+0000: 30403.387: [ParNew: 68835K->5012K(72512K), 0.0029249 secs] 96932K->33991K(233664K), 0.0030125 secs] [Times: user=0.01 sys=0.00, real=0.00 secs] 
2019-12-23T09:19:55.101+0000: 30414.548: [GC (Allocation Failure) 2019-12-23T09:19:55.101+0000: 30414.548: [ParNew: 69524K->4923K(72512K), 0.0027637 secs] 98503K->34726K(233664K), 0.0028640 secs] [Times: user=0.01 sys=0.00, real=0.00 secs] 
2019-12-23T09:20:03.207+0000: 30422.654: [GC (Allocation Failure) 2019-12-23T09:20:03.207+0000: 30422.654: [ParNew: 69435K->5365K(72512K), 0.0027905 secs] 99238K->36119K(233664K), 0.0028888 secs] [Times: user=0.00 sys=0.00, real=0.00 secs] 
2019-12-23T09:20:14.713+0000: 30434.160: [GC (Allocation Failure) 2019-12-23T09:20:14.713+0000: 30434.160: [ParNew: 69877K->6320K(72512K), 0.0029632 secs] 100631K->38035K(233664K), 0.0030500 secs] [Times: user=0.01 sys=0.00, real=0.00 secs] 
2019-12-23T09:20:26.022+0000: 30445.469: [GC (Allocation Failure) 2019-12-23T09:20:26.022+0000: 30445.469: [ParNew: 70832K->5386K(72512K), 0.0029531 secs] 102547K->38052K(233664K), 0.0030611 secs] [Times: user=0.01 sys=0.00, real=0.00 secs] 
2019-12-23T09:20:36.187+0000: 30455.634: [GC (Allocation Failure) 2019-12-23T09:20:36.187+0000: 30455.634: [ParNew: 69898K->4631K(72512K), 0.0027196 secs] 102564K->38383K(233664K), 0.0028056 secs] [Times: user=0.01 sys=0.00, real=0.00 secs] 
2019-12-23T09:20:45.374+0000: 30464.820: [GC (Allocation Failure) 2019-12-23T09:20:45.374+0000: 30464.821: [ParNew: 69143K->5164K(72512K), 0.0027530 secs] 102895K->39736K(233664K), 0.0028398 secs] [Times: user=0.01 sys=0.00, real=0.00 secs] 
2019-12-23T09:20:52.855+0000: 30472.302: [GC (Allocation Failure) 2019-12-23T09:20:52.855+0000: 30472.302: [ParNew: 69676K->4512K(72512K), 0.0029341 secs] 104248K->39933K(233664K), 0.0030239 secs] [Times: user=0.01 sys=0.00, real=0.00 secs] 
2019-12-23T09:21:05.788+0000: 30485.235: [GC (Allocation Failure) 2019-12-23T09:21:05.788+0000: 30485.235: [ParNew: 69024K->5676K(72512K), 0.0031016 secs] 104445K->42050K(233664K), 0.0032031 secs] [Times: user=0.01 sys=0.00, real=0.01 secs] 
2019-12-23T09:21:17.031+0000: 30496.478: [GC (Allocation Failure) 2019-12-23T09:21:17.031+0000: 30496.478: [ParNew: 70188K->6054K(72512K), 0.0029838 secs] 106562K->43380K(233664K), 0.0031069 secs] [Times: user=0.01 sys=0.00, real=0.00 secs] 
2019-12-23T09:21:28.156+0000: 30507.603: [GC (Allocation Failure) 2019-12-23T09:21:28.156+0000: 30507.603: [ParNew: 70566K->6032K(72512K), 0.0028373 secs] 107892K->44311K(233664K), 0.0029314 secs] [Times: user=0.00 sys=0.00, real=0.01 secs] 
2019-12-23T09:21:35.507+0000: 30514.954: [GC (Allocation Failure) 2019-12-23T09:21:35.507+0000: 30514.954: [ParNew: 70544K->4430K(72512K), 0.0027787 secs] 108823K->43796K(233664K), 0.0028556 secs] [Times: user=0.01 sys=0.00, real=0.00 secs] 
2019-12-23T09:21:47.340+0000: 30526.786: [GC (Allocation Failure) 2019-12-23T09:21:47.340+0000: 30526.787: [ParNew: 68942K->4730K(72512K), 0.0041893 secs] 108308K->45047K(233664K), 0.0043039 secs] [Times: user=0.01 sys=0.00, real=0.00 secs] 
2019-12-23T09:21:52.446+0000: 30531.893: [GC (Allocation Failure) 2019-12-23T09:21:52.446+0000: 30531.893: [ParNew: 69180K->3447K(72512K), 0.0025790 secs] 109497K->44089K(233664K), 0.0026631 secs] [Times: user=0.00 sys=0.00, real=0.00 secs] 
2019-12-23T09:22:05.798+0000: 30545.245: [GC (Allocation Failure) 2019-12-23T09:22:05.798+0000: 30545.245: [ParNew: 67959K->4225K(72512K), 0.0024281 secs] 108601K->44868K(233664K), 0.0025395 secs] [Times: user=0.01 sys=0.00, real=0.01 secs] 
2019-12-23T09:22:17.540+0000: 30556.987: [GC (Allocation Failure) 2019-12-23T09:22:17.540+0000: 30556.987: [ParNew: 68737K->6100K(72512K), 0.0043862 secs] 109380K->46939K(233664K), 0.0044593 secs] [Times: user=0.00 sys=0.00, real=0.00 secs] 
2019-12-23T09:22:24.983+0000: 30564.430: [GC (Allocation Failure) 2019-12-23T09:22:24.983+0000: 30564.430: [ParNew: 70612K->4693K(72512K), 0.0027523 secs] 111451K->46733K(233664K), 0.0028379 secs] [Times: user=0.00 sys=0.00, real=0.00 secs] 
2019-12-23T09:22:36.570+0000: 30576.017: [GC (Allocation Failure) 2019-12-23T09:22:36.570+0000: 30576.017: [ParNew: 69205K->4599K(72512K), 0.0028660 secs] 111245K->47725K(233664K), 0.0029378 secs] [Times: user=0.01 sys=0.00, real=0.01 secs] 
2019-12-23T09:22:45.766+0000: 30585.213: [GC (Allocation Failure) 2019-12-23T09:22:45.766+0000: 30585.213: [ParNew: 69111K->5450K(72512K), 0.0027686 secs] 112237K->49529K(233664K), 0.0028619 secs] [Times: user=0.01 sys=0.00, real=0.00 secs] 
2019-12-23T09:22:59.832+0000: 30599.279: [GC (Allocation Failure) 2019-12-23T09:22:59.832+0000: 30599.279: [ParNew: 69962K->4880K(72512K), 0.0040181 secs] 114041K->49746K(233664K), 0.0040941 secs] [Times: user=0.01 sys=0.00, real=0.00 secs] 
2019-12-23T09:23:05.948+0000: 30605.395: [GC (Allocation Failure) 2019-12-23T09:23:05.948+0000: 30605.395: [ParNew: 69392K->5516K(72512K), 0.0032284 secs] 114258K->51399K(233664K), 0.0033058 secs] [Times: user=0.01 sys=0.00, real=0.01 secs] 
2019-12-23T09:23:17.071+0000: 30616.518: [GC (Allocation Failure) 2019-12-23T09:23:17.071+0000: 30616.518: [ParNew: 70028K->4503K(72512K), 0.0040680 secs] 115911K->51338K(233664K), 0.0041734 secs] [Times: user=0.01 sys=0.00, real=0.00 secs] 
2019-12-23T09:23:24.807+0000: 30624.254: [GC (Allocation Failure) 2019-12-23T09:23:24.807+0000: 30624.254: [ParNew: 69015K->4704K(72512K), 0.0029408 secs] 115850K->52491K(233664K), 0.0030194 secs] [Times: user=0.01 sys=0.00, real=0.00 secs] 
2019-12-23T09:23:36.128+0000: 30635.575: [GC (Allocation Failure) 2019-12-23T09:23:36.128+0000: 30635.575: [ParNew: 69216K->5159K(72512K), 0.0028983 secs] 117003K->53897K(233664K), 0.0029732 secs] [Times: user=0.01 sys=0.00, real=0.01 secs] 
2019-12-23T09:23:49.389+0000: 30648.836: [GC (Allocation Failure) 2019-12-23T09:23:49.389+0000: 30648.836: [ParNew: 69671K->5475K(72512K), 0.0027609 secs] 118409K->55167K(233664K), 0.0028508 secs] [Times: user=0.01 sys=0.00, real=0.01 secs] 
2019-12-23T09:24:09.013+0000: 30668.460: [GC (Allocation Failure) 2019-12-23T09:24:09.013+0000: 30668.460: [ParNew: 69987K->5265K(72512K), 0.0028230 secs] 119679K->55807K(233664K), 0.0028961 secs] [Times: user=0.01 sys=0.00, real=0.00 secs] 
2019-12-23T09:24:24.080+0000: 30683.527: [GC (Allocation Failure) 2019-12-23T09:24:24.080+0000: 30683.527: [ParNew: 69777K->5766K(72512K), 0.0028526 secs] 120319K->57261K(233664K), 0.0029397 secs] [Times: user=0.01 sys=0.00, real=0.00 secs] 
2019-12-23T09:24:44.866+0000: 30704.313: [GC (Allocation Failure) 2019-12-23T09:24:44.866+0000: 30704.313: [ParNew: 70278K->5942K(72512K), 0.0039631 secs] 121773K->58389K(233664K), 0.0040462 secs] [Times: user=0.01 sys=0.00, real=0.00 secs] 
2019-12-23T09:25:03.506+0000: 30722.953: [GC (Allocation Failure) 2019-12-23T09:25:03.506+0000: 30722.953: [ParNew: 70454K->5264K(72512K), 0.0029385 secs] 122901K->58662K(233664K), 0.0030163 secs] [Times: user=0.01 sys=0.00, real=0.00 secs] 
2019-12-23T09:25:21.268+0000: 30740.715: [GC (Allocation Failure) 2019-12-23T09:25:21.268+0000: 30740.715: [ParNew: 69776K->5060K(72512K), 0.0030585 secs] 123174K->59410K(233664K), 0.0031421 secs] [Times: user=0.01 sys=0.00, real=0.01 secs] 
2019-12-23T09:25:37.428+0000: 30756.875: [GC (Allocation Failure) 2019-12-23T09:25:37.428+0000: 30756.875: [ParNew: 69572K->5522K(72512K), 0.0031683 secs] 123922K->60722K(233664K), 0.0032474 secs] [Times: user=0.01 sys=0.00, real=0.01 secs] 
2019-12-23T09:25:56.236+0000: 30775.683: [GC (Allocation Failure) 2019-12-23T09:25:56.236+0000: 30775.683: [ParNew: 70034K->5601K(72512K), 0.0029646 secs] 125234K->61752K(233664K), 0.0030330 secs] [Times: user=0.00 sys=0.00, real=0.01 secs] 
2019-12-23T09:26:09.346+0000: 30788.793: [GC (Allocation Failure) 2019-12-23T09:26:09.346+0000: 30788.793: [ParNew: 70113K->6083K(72512K), 0.0030114 secs] 126264K->63186K(233664K), 0.0030956 secs] [Times: user=0.01 sys=0.00, real=0.00 secs] 
2019-12-23T09:26:31.948+0000: 30811.395: [GC (Allocation Failure) 2019-12-23T09:26:31.948+0000: 30811.395: [ParNew: 70595K->5036K(72512K), 0.0027848 secs] 127698K->63143K(233664K), 0.0028623 secs] [Times: user=0.01 sys=0.00, real=0.01 secs] 
2019-12-23T09:26:42.888+0000: 30822.335: [GC (Allocation Failure) 2019-12-23T09:26:42.888+0000: 30822.335: [ParNew: 69548K->5054K(72512K), 0.0029897 secs] 127655K->64113K(233664K), 0.0030673 secs] [Times: user=0.01 sys=0.00, real=0.01 secs] 
2019-12-23T09:26:51.436+0000: 30830.883: [GC (Allocation Failure) 2019-12-23T09:26:51.436+0000: 30830.883: [ParNew: 69566K->5406K(72512K), 0.0028304 secs] 128625K->65416K(233664K), 0.0029042 secs] [Times: user=0.01 sys=0.00, real=0.01 secs] 
2019-12-23T09:27:01.114+0000: 30840.561: [GC (Allocation Failure) 2019-12-23T09:27:01.114+0000: 30840.561: [ParNew: 69918K->5451K(72512K), 0.0028042 secs] 129928K->66284K(233664K), 0.0028834 secs] [Times: user=0.00 sys=0.00, real=0.00 secs] 
2019-12-23T09:27:20.808+0000: 30860.255: [GC (Allocation Failure) 2019-12-23T09:27:20.808+0000: 30860.255: [ParNew: 69963K->5230K(72512K), 0.0029285 secs] 130796K->67015K(233664K), 0.0030043 secs] [Times: user=0.01 sys=0.00, real=0.01 secs] 
2019-12-23T09:27:27.981+0000: 30867.428: [GC (Allocation Failure) 2019-12-23T09:27:27.981+0000: 30867.428: [ParNew: 69742K->6004K(72512K), 0.0029780 secs] 131527K->68703K(233664K), 0.0030590 secs] [Times: user=0.01 sys=0.00, real=0.00 secs] 
2019-12-23T09:27:40.751+0000: 30880.197: [GC (Allocation Failure) 2019-12-23T09:27:40.751+0000: 30880.198: [ParNew: 70516K->5321K(72512K), 0.0027822 secs] 133215K->68973K(233664K), 0.0028549 secs] [Times: user=0.01 sys=0.00, real=0.00 secs] 
2019-12-23T09:27:53.829+0000: 30893.276: [GC (Allocation Failure) 2019-12-23T09:27:53.829+0000: 30893.276: [ParNew: 69833K->5480K(72512K), 0.0030345 secs] 133485K->70084K(233664K), 0.0031208 secs] [Times: user=0.01 sys=0.00, real=0.01 secs] 
2019-12-23T09:28:04.666+0000: 30904.113: [GC (Allocation Failure) 2019-12-23T09:28:04.666+0000: 30904.113: [ParNew: 69992K->6023K(72512K), 0.0029889 secs] 134596K->71577K(233664K), 0.0030666 secs] [Times: user=0.01 sys=0.00, real=0.00 secs] 
2019-12-23T09:28:13.721+0000: 30913.168: [GC (Allocation Failure) 2019-12-23T09:28:13.721+0000: 30913.168: [ParNew: 70535K->5378K(72512K), 0.0028487 secs] 136089K->72014K(233664K), 0.0029310 secs] [Times: user=0.01 sys=0.00, real=0.00 secs] 
2019-12-23T09:28:27.341+0000: 30926.788: [GC (Allocation Failure) 2019-12-23T09:28:27.341+0000: 30926.788: [ParNew: 69890K->5675K(72512K), 0.0028009 secs] 136526K->73262K(233664K), 0.0028816 secs] [Times: user=0.01 sys=0.00, real=0.00 secs] 
2019-12-23T09:28:33.295+0000: 30932.742: [GC (Allocation Failure) 2019-12-23T09:28:33.295+0000: 30932.742: [ParNew: 70187K->5951K(72512K), 0.0030342 secs] 137774K->74489K(233664K), 0.0031204 secs] [Times: user=0.00 sys=0.00, real=0.00 secs] 
2019-12-23T09:28:43.509+0000: 30942.956: [GC (Allocation Failure) 2019-12-23T09:28:43.509+0000: 30942.956: [ParNew: 70463K->6577K(72512K), 0.0028320 secs] 139001K->76069K(233664K), 0.0029133 secs] [Times: user=0.01 sys=0.00, real=0.01 secs] 
2019-12-23T09:28:55.718+0000: 30955.165: [GC (Allocation Failure) 2019-12-23T09:28:55.718+0000: 30955.165: [ParNew: 71089K->6042K(72512K), 0.0051327 secs] 140581K->76622K(233664K), 0.0052214 secs] [Times: user=0.02 sys=0.00, real=0.01 secs] 
2019-12-23T09:29:08.069+0000: 30967.516: [GC (Allocation Failure) 2019-12-23T09:29:08.069+0000: 30967.516: [ParNew: 70554K->6692K(72512K), 0.0029153 secs] 141134K->78223K(233664K), 0.0029936 secs] [Times: user=0.01 sys=0.00, real=0.01 secs] 
2019-12-23T09:29:19.606+0000: 30979.053: [GC (Allocation Failure) 2019-12-23T09:29:19.606+0000: 30979.053: [ParNew: 71204K->5579K(72512K), 0.0029946 secs] 142735K->78089K(233664K), 0.0030697 secs] [Times: user=0.01 sys=0.00, real=0.00 secs] 
2019-12-23T09:29:27.684+0000: 30987.131: [GC (Allocation Failure) 2019-12-23T09:29:27.684+0000: 30987.131: [ParNew: 70091K->2701K(72512K), 0.0026508 secs] 142601K->75344K(233664K), 0.0027390 secs] [Times: user=0.01 sys=0.00, real=0.00 secs] 
2019-12-23T09:29:40.618+0000: 31000.065: [GC (Allocation Failure) 2019-12-23T09:29:40.618+0000: 31000.065: [ParNew: 67213K->3400K(72512K), 0.0024950 secs] 139856K->76043K(233664K), 0.0025630 secs] [Times: user=0.01 sys=0.00, real=0.01 secs] 
2019-12-23T09:29:44.761+0000: 31004.208: [GC (Allocation Failure) 2019-12-23T09:29:44.761+0000: 31004.208: [ParNew: 67912K->4052K(72512K), 0.0026066 secs] 140555K->76695K(233664K), 0.0026985 secs] [Times: user=0.01 sys=0.00, real=0.00 secs] 
2019-12-23T09:29:57.263+0000: 31016.710: [GC (Allocation Failure) 2019-12-23T09:29:57.263+0000: 31016.710: [ParNew: 68564K->5482K(72512K), 0.0026606 secs] 141207K->78284K(233664K), 0.0027319 secs] [Times: user=0.01 sys=0.00, real=0.00 secs] 
2019-12-23T09:30:09.080+0000: 31028.527: [GC (Allocation Failure) 2019-12-23T09:30:09.081+0000: 31028.527: [ParNew: 69994K->4957K(72512K), 0.0030663 secs] 142796K->79260K(233664K), 0.0031407 secs] [Times: user=0.01 sys=0.00, real=0.00 secs] 
2019-12-23T09:30:23.170+0000: 31042.617: [GC (Allocation Failure) 2019-12-23T09:30:23.170+0000: 31042.617: [ParNew: 69469K->5176K(72512K), 0.0028246 secs] 143772K->80326K(233664K), 0.0029086 secs] [Times: user=0.01 sys=0.00, real=0.01 secs] 
2019-12-23T09:30:30.611+0000: 31050.058: [GC (Allocation Failure) 2019-12-23T09:30:30.611+0000: 31050.058: [ParNew: 69688K->5254K(72512K), 0.0028330 secs] 144838K->81356K(233664K), 0.0029283 secs] [Times: user=0.00 sys=0.00, real=0.00 secs] 
2019-12-23T09:30:39.912+0000: 31059.359: [GC (Allocation Failure) 2019-12-23T09:30:39.912+0000: 31059.359: [ParNew: 69766K->5321K(72512K), 0.0028606 secs] 145868K->82375K(233664K), 0.0029362 secs] [Times: user=0.00 sys=0.00, real=0.00 secs] 
2019-12-23T09:30:49.770+0000: 31069.217: [GC (Allocation Failure) 2019-12-23T09:30:49.770+0000: 31069.217: [ParNew: 69833K->4999K(72512K), 0.0027874 secs] 146887K->83033K(233664K), 0.0028653 secs] [Times: user=0.00 sys=0.00, real=0.01 secs] 
2019-12-23T09:31:02.702+0000: 31082.149: [GC (Allocation Failure) 2019-12-23T09:31:02.702+0000: 31082.149: [ParNew: 69511K->5450K(72512K), 0.0029965 secs] 147545K->84435K(233664K), 0.0030682 secs] [Times: user=0.01 sys=0.00, real=0.00 secs] 
2019-12-23T09:31:16.165+0000: 31095.612: [GC (Allocation Failure) 2019-12-23T09:31:16.165+0000: 31095.612: [ParNew: 69962K->5601K(72512K), 0.0031756 secs] 148947K->85538K(233664K), 0.0032533 secs] [Times: user=0.01 sys=0.00, real=0.00 secs] 
2019-12-23T09:31:27.406+0000: 31106.853: [GC (Allocation Failure) 2019-12-23T09:31:27.406+0000: 31106.853: [ParNew: 70113K->5524K(72512K), 0.0029875 secs] 150050K->86413K(233664K), 0.0030560 secs] [Times: user=0.01 sys=0.00, real=0.00 secs] 
2019-12-23T09:31:36.220+0000: 31115.667: [GC (Allocation Failure) 2019-12-23T09:31:36.220+0000: 31115.667: [ParNew: 70036K->5666K(72512K), 0.0030320 secs] 150925K->87507K(233664K), 0.0031167 secs] [Times: user=0.01 sys=0.00, real=0.00 secs] 
2019-12-23T09:31:51.907+0000: 31131.354: [GC (Allocation Failure) 2019-12-23T09:31:51.907+0000: 31131.354: [ParNew: 70178K->5532K(72512K), 0.0028635 secs] 152019K->88325K(233664K), 0.0029541 secs] [Times: user=0.01 sys=0.00, real=0.00 secs] 
2019-12-23T09:31:53.912+0000: 31133.359: [GC (Allocation Failure) 2019-12-23T09:31:53.912+0000: 31133.359: [ParNew: 70044K->6046K(72512K), 0.0028364 secs] 152837K->89790K(233664K), 0.0029148 secs] [Times: user=0.01 sys=0.00, real=0.00 secs] 
2019-12-23T09:32:08.704+0000: 31148.151: [GC (Allocation Failure) 2019-12-23T09:32:08.704+0000: 31148.151: [ParNew: 70558K->6314K(72512K), 0.0029760 secs] 154302K->91010K(233664K), 0.0030564 secs] [Times: user=0.01 sys=0.00, real=0.00 secs] 
2019-12-23T09:32:19.328+0000: 31158.775: [GC (Allocation Failure) 2019-12-23T09:32:19.328+0000: 31158.775: [ParNew: 70826K->5401K(72512K), 0.0029021 secs] 155522K->91049K(233664K), 0.0029799 secs] [Times: user=0.00 sys=0.00, real=0.01 secs] 
2019-12-23T09:32:31.195+0000: 31170.642: [GC (Allocation Failure) 2019-12-23T09:32:31.195+0000: 31170.642: [ParNew: 69913K->5507K(72512K), 0.0028793 secs] 155561K->92107K(233664K), 0.0029642 secs] [Times: user=0.01 sys=0.00, real=0.00 secs] 
2019-12-23T09:32:43.405+0000: 31182.852: [GC (Allocation Failure) 2019-12-23T09:32:43.405+0000: 31182.852: [ParNew: 70019K->4931K(72512K), 0.0029614 secs] 156619K->92483K(233664K), 0.0030375 secs] [Times: user=0.01 sys=0.00, real=0.00 secs] 
2019-12-23T09:32:49.892+0000: 31189.339: [GC (Allocation Failure) 2019-12-23T09:32:49.892+0000: 31189.339: [ParNew: 69443K->5048K(72512K), 0.0029641 secs] 156995K->93551K(233664K), 0.0030439 secs] [Times: user=0.01 sys=0.00, real=0.00 secs] 
2019-12-23T09:33:00.883+0000: 31200.330: [GC (Allocation Failure) 2019-12-23T09:33:00.883+0000: 31200.330: [ParNew: 69560K->5418K(72512K), 0.0029682 secs] 158063K->94873K(233664K), 0.0030682 secs] [Times: user=0.01 sys=0.00, real=0.00 secs] 
2019-12-23T09:33:12.143+0000: 31211.590: [GC (Allocation Failure) 2019-12-23T09:33:12.143+0000: 31211.590: [ParNew: 69930K->5865K(72512K), 0.0031435 secs] 159385K->96272K(233664K), 0.0032333 secs] [Times: user=0.01 sys=0.00, real=0.00 secs] 
2019-12-23T09:33:20.050+0000: 31219.497: [GC (Allocation Failure) 2019-12-23T09:33:20.050+0000: 31219.497: [ParNew: 70377K->4834K(72512K), 0.0028592 secs] 160784K->96193K(233664K), 0.0029365 secs] [Times: user=0.01 sys=0.00, real=0.01 secs] 
2019-12-23T09:33:35.864+0000: 31235.311: [GC (Allocation Failure) 2019-12-23T09:33:35.864+0000: 31235.311: [ParNew: 69346K->4839K(72512K), 0.0037799 secs] 160705K->97049K(233664K), 0.0038760 secs] [Times: user=0.01 sys=0.00, real=0.00 secs] 
2019-12-23T09:33:43.563+0000: 31243.009: [GC (Allocation Failure) 2019-12-23T09:33:43.563+0000: 31243.010: [ParNew: 69351K->5395K(72512K), 0.0027629 secs] 161561K->98558K(233664K), 0.0028531 secs] [Times: user=0.01 sys=0.00, real=0.00 secs] 
2019-12-23T09:33:56.651+0000: 31256.098: [GC (Allocation Failure) 2019-12-23T09:33:56.651+0000: 31256.098: [ParNew: 69907K->6137K(72512K), 0.0028982 secs] 163070K->100253K(233664K), 0.0029789 secs] [Times: user=0.01 sys=0.00, real=0.00 secs] 
2019-12-23T09:34:01.648+0000: 31261.095: [GC (Allocation Failure) 2019-12-23T09:34:01.648+0000: 31261.095: [ParNew: 70649K->4994K(72512K), 0.0027947 secs] 164765K->100063K(233664K), 0.0028819 secs] [Times: user=0.00 sys=0.00, real=0.01 secs] 
2019-12-23T09:34:14.523+0000: 31273.970: [GC (Allocation Failure) 2019-12-23T09:34:14.523+0000: 31273.970: [ParNew: 69506K->5009K(72512K), 0.0029195 secs] 164575K->101029K(233664K), 0.0029994 secs] [Times: user=0.01 sys=0.00, real=0.00 secs] 
2019-12-23T09:34:30.578+0000: 31290.025: [GC (Allocation Failure) 2019-12-23T09:34:30.578+0000: 31290.025: [ParNew: 69521K->4730K(72512K), 0.0040239 secs] 165541K->101600K(233664K), 0.0041010 secs] [Times: user=0.01 sys=0.00, real=0.01 secs] 
2019-12-23T09:34:37.032+0000: 31296.479: [GC (Allocation Failure) 2019-12-23T09:34:37.032+0000: 31296.479: [ParNew: 69242K->5098K(72512K), 0.0028632 secs] 166112K->102985K(233664K), 0.0029507 secs] [Times: user=0.01 sys=0.00, real=0.00 secs] 
2019-12-23T09:34:50.317+0000: 31309.764: [GC (Allocation Failure) 2019-12-23T09:34:50.317+0000: 31309.764: [ParNew: 69610K->5444K(72512K), 0.0028492 secs] 167497K->104354K(233664K), 0.0029251 secs] [Times: user=0.01 sys=0.00, real=0.01 secs] 
2019-12-23T09:35:03.189+0000: 31322.636: [GC (Allocation Failure) 2019-12-23T09:35:03.189+0000: 31322.636: [ParNew: 69956K->5910K(72512K), 0.0027963 secs] 168866K->105771K(233664K), 0.0028870 secs] [Times: user=0.01 sys=0.00, real=0.01 secs] 
2019-12-23T09:35:11.451+0000: 31330.898: [GC (Allocation Failure) 2019-12-23T09:35:11.451+0000: 31330.898: [ParNew: 70422K->4970K(72512K), 0.0029896 secs] 170283K->105784K(233664K), 0.0030744 secs] [Times: user=0.00 sys=0.00, real=0.00 secs] 
2019-12-23T09:35:23.637+0000: 31343.084: [GC (Allocation Failure) 2019-12-23T09:35:23.637+0000: 31343.084: [ParNew: 69482K->4590K(72512K), 0.0029498 secs] 170296K->106355K(233664K), 0.0030330 secs] [Times: user=0.00 sys=0.00, real=0.01 secs] 
2019-12-23T09:35:30.019+0000: 31349.466: [GC (Allocation Failure) 2019-12-23T09:35:30.019+0000: 31349.466: [ParNew: 69102K->5398K(72512K), 0.0029847 secs] 170867K->108143K(233664K), 0.0030603 secs] [Times: user=0.01 sys=0.00, real=0.00 secs] 
2019-12-23T09:35:42.914+0000: 31362.361: [GC (Allocation Failure) 2019-12-23T09:35:42.914+0000: 31362.361: [ParNew: 69910K->5409K(72512K), 0.0029975 secs] 172655K->109106K(233664K), 0.0030775 secs] [Times: user=0.01 sys=0.00, real=0.00 secs] 
2019-12-23T09:35:54.757+0000: 31374.204: [GC (Allocation Failure) 2019-12-23T09:35:54.757+0000: 31374.204: [ParNew: 69921K->5806K(72512K), 0.0028890 secs] 173618K->110454K(233664K), 0.0029645 secs] [Times: user=0.01 sys=0.00, real=0.01 secs] 
2019-12-23T09:36:07.068+0000: 31386.515: [GC (Allocation Failure) 2019-12-23T09:36:07.068+0000: 31386.515: [ParNew: 70318K->5695K(72512K), 0.0029645 secs] 174966K->111296K(233664K), 0.0030590 secs] [Times: user=0.00 sys=0.00, real=0.01 secs] 
2019-12-23T09:36:20.158+0000: 31399.604: [GC (Allocation Failure) 2019-12-23T09:36:20.158+0000: 31399.605: [ParNew: 70207K->6753K(72512K), 0.0031141 secs] 175808K->113306K(233664K), 0.0032248 secs] [Times: user=0.01 sys=0.00, real=0.01 secs] 
2019-12-23T09:36:26.982+0000: 31406.429: [GC (Allocation Failure) 2019-12-23T09:36:26.982+0000: 31406.429: [ParNew: 71265K->3441K(72512K), 0.0025233 secs] 177818K->110191K(233664K), 0.0026048 secs] [Times: user=0.01 sys=0.00, real=0.00 secs] 
2019-12-23T09:36:39.650+0000: 31419.097: [GC (Allocation Failure) 2019-12-23T09:36:39.650+0000: 31419.097: [ParNew: 67953K->4491K(72512K), 0.0025433 secs] 174703K->111240K(233664K), 0.0026145 secs] [Times: user=0.00 sys=0.00, real=0.01 secs] 
2019-12-23T09:36:45.501+0000: 31424.948: [GC (Allocation Failure) 2019-12-23T09:36:45.501+0000: 31424.948: [ParNew: 69003K->6112K(72512K), 0.0027492 secs] 175752K->112861K(233664K), 0.0028245 secs] [Times: user=0.01 sys=0.00, real=0.00 secs] 
2019-12-23T09:36:58.009+0000: 31437.456: [GC (Allocation Failure) 2019-12-23T09:36:58.009+0000: 31437.456: [ParNew: 70624K->5019K(72512K), 0.0030206 secs] 177373K->112954K(233664K), 0.0031427 secs] [Times: user=0.01 sys=0.00, real=0.01 secs] 
2019-12-23T09:37:10.764+0000: 31450.211: [GC (Allocation Failure) 2019-12-23T09:37:10.765+0000: 31450.211: [ParNew: 69531K->4898K(72512K), 0.0031158 secs] 177466K->113786K(233664K), 0.0032059 secs] [Times: user=0.01 sys=0.00, real=0.00 secs] 
2019-12-23T09:37:22.714+0000: 31462.161: [GC (Allocation Failure) 2019-12-23T09:37:22.714+0000: 31462.161: [ParNew: 69410K->6010K(72512K), 0.0030909 secs] 178298K->115849K(233664K), 0.0031619 secs] [Times: user=0.00 sys=0.00, real=0.00 secs] 
2019-12-23T09:37:34.360+0000: 31473.807: [GC (Allocation Failure) 2019-12-23T09:37:34.360+0000: 31473.807: [ParNew: 70522K->4892K(72512K), 0.0031029 secs] 180361K->115684K(233664K), 0.0031841 secs] [Times: user=0.01 sys=0.01, real=0.00 secs] 
2019-12-23T09:37:38.096+0000: 31477.543: [GC (Allocation Failure) 2019-12-23T09:37:38.096+0000: 31477.543: [ParNew: 69404K->4937K(72512K), 0.0030032 secs] 180196K->116580K(233664K), 0.0030826 secs] [Times: user=0.01 sys=0.00, real=0.01 secs] 
2019-12-23T09:37:52.443+0000: 31491.890: [GC (Allocation Failure) 2019-12-23T09:37:52.443+0000: 31491.890: [ParNew: 69449K->5379K(72512K), 0.0028406 secs] 181092K->117974K(233664K), 0.0029180 secs] [Times: user=0.01 sys=0.00, real=0.00 secs] 
2019-12-23T09:38:03.090+0000: 31502.537: [GC (Allocation Failure) 2019-12-23T09:38:03.090+0000: 31502.537: [ParNew: 69891K->5859K(72512K), 0.0040025 secs] 182486K->119406K(233664K), 0.0040748 secs] [Times: user=0.01 sys=0.00, real=0.01 secs] 
2019-12-23T09:38:15.136+0000: 31514.583: [GC (Allocation Failure) 2019-12-23T09:38:15.136+0000: 31514.583: [ParNew: 70371K->5788K(72512K), 0.0029938 secs] 183918K->120288K(233664K), 0.0030766 secs] [Times: user=0.01 sys=0.00, real=0.01 secs] 
2019-12-23T09:38:28.377+0000: 31527.824: [GC (Allocation Failure) 2019-12-23T09:38:28.377+0000: 31527.824: [ParNew: 70300K->6170K(72512K), 0.0029542 secs] 184800K->121621K(233664K), 0.0030420 secs] [Times: user=0.01 sys=0.00, real=0.01 secs] 
2019-12-23T09:38:34.940+0000: 31534.387: [GC (Allocation Failure) 2019-12-23T09:38:34.940+0000: 31534.387: [ParNew: 70682K->4799K(72512K), 0.0027230 secs] 186133K->121203K(233664K), 0.0028041 secs] [Times: user=0.01 sys=0.00, real=0.00 secs] 
2019-12-23T09:38:45.964+0000: 31545.411: [GC (Allocation Failure) 2019-12-23T09:38:45.964+0000: 31545.411: [ParNew: 69311K->4929K(72512K), 0.0028238 secs] 185715K->122312K(233664K), 0.0029037 secs] [Times: user=0.00 sys=0.00, real=0.00 secs] 
2019-12-23T09:39:01.278+0000: 31560.725: [GC (Allocation Failure) 2019-12-23T09:39:01.278+0000: 31560.725: [ParNew: 69441K->5944K(72512K), 0.0028550 secs] 186824K->124279K(233664K), 0.0029276 secs] [Times: user=0.00 sys=0.00, real=0.01 secs] 
2019-12-23T09:39:08.192+0000: 31567.639: [GC (Allocation Failure) 2019-12-23T09:39:08.192+0000: 31567.639: [ParNew: 70456K->5103K(72512K), 0.0029196 secs] 188791K->124518K(233664K), 0.0030153 secs] [Times: user=0.01 sys=0.00, real=0.00 secs] 
2019-12-23T09:39:20.251+0000: 31579.698: [GC (Allocation Failure) 2019-12-23T09:39:20.251+0000: 31579.698: [ParNew: 69615K->5225K(72512K), 0.0028684 secs] 189030K->125600K(233664K), 0.0029442 secs] [Times: user=0.01 sys=0.00, real=0.00 secs] 
2019-12-23T09:39:31.406+0000: 31590.853: [GC (Allocation Failure) 2019-12-23T09:39:31.406+0000: 31590.853: [ParNew: 69737K->5189K(72512K), 0.0027958 secs] 190112K->126515K(233664K), 0.0028725 secs] [Times: user=0.01 sys=0.00, real=0.00 secs] 
2019-12-23T09:39:42.749+0000: 31602.196: [GC (Allocation Failure) 2019-12-23T09:39:42.749+0000: 31602.196: [ParNew: 69701K->6278K(72512K), 0.0029322 secs] 191027K->128556K(233664K), 0.0030162 secs] [Times: user=0.01 sys=0.00, real=0.01 secs] 
2019-12-23T09:39:53.331+0000: 31612.778: [GC (Allocation Failure) 2019-12-23T09:39:53.331+0000: 31612.778: [ParNew: 70790K->5308K(72512K), 0.0029785 secs] 193068K->128566K(233664K), 0.0030553 secs] [Times: user=0.01 sys=0.00, real=0.00 secs] 
2019-12-23T09:40:00.767+0000: 31620.214: [GC (Allocation Failure) 2019-12-23T09:40:00.767+0000: 31620.214: [ParNew: 69820K->5870K(72512K), 0.0027446 secs] 193078K->130079K(233664K), 0.0028171 secs] [Times: user=0.01 sys=0.00, real=0.00 secs] 
2019-12-23T09:40:12.507+0000: 31631.954: [GC (Allocation Failure) 2019-12-23T09:40:12.507+0000: 31631.954: [ParNew: 70382K->5083K(72512K), 0.0028894 secs] 194591K->130245K(233664K), 0.0029826 secs] [Times: user=0.01 sys=0.00, real=0.00 secs] 
2019-12-23T09:40:24.331+0000: 31643.778: [GC (Allocation Failure) 2019-12-23T09:40:24.331+0000: 31643.778: [ParNew: 69595K->5361K(72512K), 0.0028664 secs] 194757K->131475K(233664K), 0.0029454 secs] [Times: user=0.01 sys=0.00, real=0.00 secs] 
2019-12-23T09:40:35.971+0000: 31655.418: [GC (Allocation Failure) 2019-12-23T09:40:35.971+0000: 31655.418: [ParNew: 69873K->4970K(72512K), 0.0027694 secs] 195987K->132035K(233664K), 0.0028465 secs] [Times: user=0.01 sys=0.00, real=0.00 secs] 
2019-12-23T09:40:46.673+0000: 31666.120: [GC (Allocation Failure) 2019-12-23T09:40:46.673+0000: 31666.120: [ParNew: 69482K->4838K(72512K), 0.0028906 secs] 196547K->132855K(233664K), 0.0029861 secs] [Times: user=0.00 sys=0.00, real=0.00 secs] 
2019-12-23T09:40:56.242+0000: 31675.689: [GC (Allocation Failure) 2019-12-23T09:40:56.242+0000: 31675.689: [ParNew: 69350K->5431K(72512K), 0.0028437 secs] 197367K->134300K(233664K), 0.0029301 secs] [Times: user=0.00 sys=0.01, real=0.00 secs] 
2019-12-23T09:41:12.434+0000: 31691.881: [GC (Allocation Failure) 2019-12-23T09:41:12.434+0000: 31691.881: [ParNew: 69943K->5739K(72512K), 0.0031555 secs] 198812K->135560K(233664K), 0.0032478 secs] [Times: user=0.01 sys=0.00, real=0.00 secs] 
2019-12-23T09:41:14.669+0000: 31694.116: [GC (Allocation Failure) 2019-12-23T09:41:14.669+0000: 31694.116: [ParNew: 70251K->6065K(72512K), 0.0029031 secs] 200072K->136838K(233664K), 0.0029766 secs] [Times: user=0.01 sys=0.00, real=0.01 secs] 
2019-12-23T09:41:30.776+0000: 31710.223: [GC (Allocation Failure) 2019-12-23T09:41:30.776+0000: 31710.223: [ParNew: 70577K->4979K(72512K), 0.0028251 secs] 201350K->136730K(233664K), 0.0028926 secs] [Times: user=0.01 sys=0.00, real=0.01 secs] 
2019-12-23T09:41:37.784+0000: 31717.231: [GC (Allocation Failure) 2019-12-23T09:41:37.784+0000: 31717.231: [ParNew: 69491K->5782K(72512K), 0.0027938 secs] 201242K->138485K(233664K), 0.0028676 secs] [Times: user=0.00 sys=0.00, real=0.00 secs] 
2019-12-23T09:41:52.048+0000: 31731.495: [GC (Allocation Failure) 2019-12-23T09:41:52.048+0000: 31731.495: [ParNew: 70294K->5045K(72512K), 0.0027544 secs] 202997K->138700K(233664K), 0.0028358 secs] [Times: user=0.01 sys=0.00, real=0.01 secs] 
2019-12-23T09:42:02.929+0000: 31742.376: [GC (Allocation Failure) 2019-12-23T09:42:02.929+0000: 31742.376: [ParNew: 69557K->5497K(72512K), 0.0030310 secs] 203212K->140104K(233664K), 0.0031099 secs] [Times: user=0.01 sys=0.00, real=0.01 secs] 
2019-12-23T09:42:11.627+0000: 31751.074: [GC (Allocation Failure) 2019-12-23T09:42:11.627+0000: 31751.074: [ParNew: 70009K->5577K(72512K), 0.0028643 secs] 204616K->141136K(233664K), 0.0029656 secs] [Times: user=0.01 sys=0.00, real=0.00 secs] 
2019-12-23T09:42:21.275+0000: 31760.722: [GC (Allocation Failure) 2019-12-23T09:42:21.275+0000: 31760.722: [ParNew: 70089K->5894K(72512K), 0.0029620 secs] 205648K->142405K(233664K), 0.0030497 secs] [Times: user=0.01 sys=0.01, real=0.00 secs] 
2019-12-23T09:42:32.330+0000: 31771.777: [GC (Allocation Failure) 2019-12-23T09:42:32.331+0000: 31771.777: [ParNew: 70406K->5749K(72512K), 0.0028033 secs] 206917K->143212K(233664K), 0.0029138 secs] [Times: user=0.00 sys=0.01, real=0.01 secs] 
2019-12-23T09:42:46.248+0000: 31785.695: [GC (Allocation Failure) 2019-12-23T09:42:46.249+0000: 31785.695: [ParNew: 70261K->5875K(72512K), 0.0030722 secs] 207724K->144289K(233664K), 0.0031705 secs] [Times: user=0.01 sys=0.00, real=0.01 secs] 
2019-12-23T09:42:55.177+0000: 31794.624: [GC (Allocation Failure) 2019-12-23T09:42:55.177+0000: 31794.624: [ParNew: 70387K->5245K(72512K), 0.0029293 secs] 208801K->144612K(233664K), 0.0030109 secs] [Times: user=0.01 sys=0.00, real=0.01 secs] 
2019-12-23T09:43:06.739+0000: 31806.186: [GC (Allocation Failure) 2019-12-23T09:43:06.739+0000: 31806.186: [ParNew: 69757K->5414K(72512K), 0.0033207 secs] 209124K->145734K(233664K), 0.0033981 secs] [Times: user=0.01 sys=0.00, real=0.00 secs] 
2019-12-23T09:43:15.237+0000: 31814.684: [GC (Allocation Failure) 2019-12-23T09:43:15.237+0000: 31814.684: [ParNew: 69926K->3602K(72512K), 0.0028357 secs] 210246K->144511K(233664K), 0.0029135 secs] [Times: user=0.01 sys=0.00, real=0.01 secs] 
2019-12-23T09:43:23.291+0000: 31822.738: [GC (Allocation Failure) 2019-12-23T09:43:23.291+0000: 31822.738: [ParNew: 68104K->4369K(72512K), 0.0026919 secs] 209013K->145279K(233664K), 0.0027802 secs] [Times: user=0.00 sys=0.00, real=0.00 secs] 
2019-12-23T09:43:38.276+0000: 31837.723: [GC (Allocation Failure) 2019-12-23T09:43:38.276+0000: 31837.723: [ParNew: 68859K->5102K(72512K), 0.0026701 secs] 209768K->146011K(233664K), 0.0027449 secs] [Times: user=0.00 sys=0.00, real=0.01 secs] 
2019-12-23T09:43:45.161+0000: 31844.608: [GC (Allocation Failure) 2019-12-23T09:43:45.161+0000: 31844.608: [ParNew: 69614K->5277K(72512K), 0.0034249 secs] 210523K->147317K(233664K), 0.0034949 secs] [Times: user=0.01 sys=0.00, real=0.00 secs] 
2019-12-23T09:43:57.525+0000: 31856.972: [GC (Allocation Failure) 2019-12-23T09:43:57.525+0000: 31856.972: [ParNew: 69789K->4777K(72512K), 0.0028826 secs] 211829K->147732K(233664K), 0.0029527 secs] [Times: user=0.01 sys=0.00, real=0.00 secs] 
2019-12-23T09:44:09.326+0000: 31868.773: [GC (Allocation Failure) 2019-12-23T09:44:09.326+0000: 31868.773: [ParNew: 69289K->4965K(72512K), 0.0028508 secs] 212244K->148875K(233664K), 0.0029226 secs] [Times: user=0.01 sys=0.00, real=0.00 secs] 
2019-12-23T09:44:16.954+0000: 31876.401: [GC (Allocation Failure) 2019-12-23T09:44:16.954+0000: 31876.401: [ParNew: 69477K->5673K(72512K), 0.0029665 secs] 213387K->150668K(233664K), 0.0030625 secs] [Times: user=0.01 sys=0.00, real=0.00 secs] 
2019-12-23T09:44:29.464+0000: 31888.911: [GC (Allocation Failure) 2019-12-23T09:44:29.464+0000: 31888.911: [ParNew: 70185K->5644K(72512K), 0.0029567 secs] 215180K->151683K(233664K), 0.0030268 secs] [Times: user=0.01 sys=0.00, real=0.00 secs] 
2019-12-23T09:44:37.734+0000: 31897.181: [GC (Allocation Failure) 2019-12-23T09:44:37.734+0000: 31897.181: [ParNew: 70156K->4960K(72512K), 0.0030144 secs] 216195K->151950K(233664K), 0.0030995 secs] [Times: user=0.01 sys=0.00, real=0.00 secs] 
2019-12-23T09:44:52.421+0000: 31911.868: [GC (Allocation Failure) 2019-12-23T09:44:52.421+0000: 31911.868: [ParNew: 69472K->4767K(72512K), 0.0029888 secs] 216462K->152709K(233664K), 0.0030679 secs] [Times: user=0.01 sys=0.00, real=0.00 secs] 
2019-12-23T09:44:58.066+0000: 31917.513: [GC (Allocation Failure) 2019-12-23T09:44:58.066+0000: 31917.513: [ParNew: 69279K->4866K(72512K), 0.0028325 secs] 217221K->153760K(233664K), 0.0029084 secs] [Times: user=0.01 sys=0.00, real=0.00 secs] 
2019-12-23T09:44:58.070+0000: 31917.517: [GC (CMS Initial Mark) [1 CMS-initial-mark: 148894K(161152K)] 154845K(233664K), 0.0010531 secs] [Times: user=0.01 sys=0.00, real=0.01 secs] 
2019-12-23T09:44:58.071+0000: 31917.518: [CMS-concurrent-mark-start]
2019-12-23T09:44:58.116+0000: 31917.563: [CMS-concurrent-mark: 0.045/0.045 secs] [Times: user=0.06 sys=0.00, real=0.04 secs] 
2019-12-23T09:44:58.116+0000: 31917.563: [CMS-concurrent-preclean-start]
2019-12-23T09:44:58.117+0000: 31917.564: [CMS-concurrent-preclean: 0.001/0.001 secs] [Times: user=0.00 sys=0.00, real=0.00 secs] 
2019-12-23T09:44:58.118+0000: 31917.564: [CMS-concurrent-abortable-preclean-start]
 CMS: abort preclean due to time 2019-12-23T09:45:03.150+0000: 31922.597: [CMS-concurrent-abortable-preclean: 0.228/5.033 secs] [Times: user=0.27 sys=0.00, real=5.03 secs] 
2019-12-23T09:45:03.151+0000: 31922.598: [GC (CMS Final Remark) [YG occupancy: 29869 K (72512 K)]2019-12-23T09:45:03.151+0000: 31922.598: [Rescan (parallel) , 0.0043110 secs]2019-12-23T09:45:03.155+0000: 31922.602: [weak refs processing, 0.0000498 secs]2019-12-23T09:45:03.155+0000: 31922.602: [class unloading, 0.0092334 secs]2019-12-23T09:45:03.164+0000: 31922.611: [scrub symbol table, 0.0052019 secs]2019-12-23T09:45:03.170+0000: 31922.617: [scrub string table, 0.0005423 secs][1 CMS-remark: 148894K(161152K)] 178764K(233664K), 0.0195576 secs] [Times: user=0.04 sys=0.00, real=0.01 secs] 
2019-12-23T09:45:03.170+0000: 31922.617: [CMS-concurrent-sweep-start]
2019-12-23T09:45:03.182+0000: 31922.629: [CMS-concurrent-sweep: 0.011/0.011 secs] [Times: user=0.01 sys=0.00, real=0.02 secs] 
2019-12-23T09:45:03.182+0000: 31922.629: [CMS-concurrent-reset-start]
2019-12-23T09:45:03.193+0000: 31922.640: [CMS-concurrent-reset: 0.012/0.012 secs] [Times: user=0.01 sys=0.00, real=0.01 secs] 
2019-12-23T09:45:09.834+0000: 31929.281: [GC (Allocation Failure) 2019-12-23T09:45:09.834+0000: 31929.281: [ParNew: 69378K->5445K(72512K), 0.0029712 secs] 89968K->26988K(233664K), 0.0030392 secs] [Times: user=0.01 sys=0.00, real=0.00 secs] 
2019-12-23T09:45:20.569+0000: 31940.016: [GC (Allocation Failure) 2019-12-23T09:45:20.569+0000: 31940.016: [ParNew: 69957K->5808K(72512K), 0.0029498 secs] 91500K->28303K(233664K), 0.0030261 secs] [Times: user=0.01 sys=0.00, real=0.01 secs] 
2019-12-23T09:45:32.615+0000: 31952.062: [GC (Allocation Failure) 2019-12-23T09:45:32.615+0000: 31952.062: [ParNew: 70320K->5566K(72512K), 0.0028680 secs] 92815K->29012K(233664K), 0.0029609 secs] [Times: user=0.01 sys=0.00, real=0.00 secs] 
2019-12-23T09:45:45.928+0000: 31965.374: [GC (Allocation Failure) 2019-12-23T09:45:45.928+0000: 31965.375: [ParNew: 70078K->5674K(72512K), 0.0028430 secs] 93524K->30072K(233664K), 0.0029198 secs] [Times: user=0.01 sys=0.01, real=0.01 secs] 
2019-12-23T09:45:55.448+0000: 31974.895: [GC (Allocation Failure) 2019-12-23T09:45:55.448+0000: 31974.895: [ParNew: 70186K->5697K(72512K), 0.0029191 secs] 94584K->31047K(233664K), 0.0030009 secs] [Times: user=0.01 sys=0.00, real=0.01 secs] 
2019-12-23T09:46:02.135+0000: 31981.582: [GC (Allocation Failure) 2019-12-23T09:46:02.135+0000: 31981.582: [ParNew: 70209K->5960K(72512K), 0.0028009 secs] 95559K->32294K(233664K), 0.0028846 secs] [Times: user=0.01 sys=0.00, real=0.00 secs] 
2019-12-23T09:46:13.734+0000: 31993.181: [GC (Allocation Failure) 2019-12-23T09:46:13.734+0000: 31993.181: [ParNew: 70472K->5469K(72512K), 0.0028545 secs] 96806K->32755K(233664K), 0.0029326 secs] [Times: user=0.01 sys=0.00, real=0.00 secs] 
2019-12-23T09:46:28.515+0000: 32007.961: [GC (Allocation Failure) 2019-12-23T09:46:28.515+0000: 32007.962: [ParNew: 69981K->5047K(72512K), 0.0028214 secs] 97267K->33285K(233664K), 0.0028959 secs] [Times: user=0.00 sys=0.00, real=0.00 secs] 
2019-12-23T09:46:37.813+0000: 32017.260: [GC (Allocation Failure) 2019-12-23T09:46:37.813+0000: 32017.260: [ParNew: 69559K->5706K(72512K), 0.0027539 secs] 97797K->34896K(233664K), 0.0028256 secs] [Times: user=0.01 sys=0.00, real=0.00 secs] 
2019-12-23T09:46:49.873+0000: 32029.320: [GC (Allocation Failure) 2019-12-23T09:46:49.873+0000: 32029.320: [ParNew: 70218K->4816K(72512K), 0.0028169 secs] 99408K->34958K(233664K), 0.0029000 secs] [Times: user=0.01 sys=0.00, real=0.00 secs] 
2019-12-23T09:47:03.453+0000: 32042.900: [GC (Allocation Failure) 2019-12-23T09:47:03.453+0000: 32042.900: [ParNew: 69328K->5545K(72512K), 0.0031665 secs] 99470K->36638K(233664K), 0.0032512 secs] [Times: user=0.00 sys=0.00, real=0.00 secs] 
2019-12-23T09:47:09.522+0000: 32048.969: [GC (Allocation Failure) 2019-12-23T09:47:09.522+0000: 32048.969: [ParNew: 70057K->5280K(72512K), 0.0030597 secs] 101150K->37358K(233664K), 0.0031409 secs] [Times: user=0.00 sys=0.00, real=0.00 secs] 
2019-12-23T09:47:24.396+0000: 32063.843: [GC (Allocation Failure) 2019-12-23T09:47:24.396+0000: 32063.843: [ParNew: 69792K->5805K(72512K), 0.0029828 secs] 101870K->38867K(233664K), 0.0030612 secs] [Times: user=0.00 sys=0.00, real=0.01 secs] 
2019-12-23T09:47:29.504+0000: 32068.951: [GC (Allocation Failure) 2019-12-23T09:47:29.504+0000: 32068.951: [ParNew: 70317K->6105K(72512K), 0.0029798 secs] 103379K->40119K(233664K), 0.0030521 secs] [Times: user=0.00 sys=0.00, real=0.00 secs] 
2019-12-23T09:47:43.921+0000: 32083.368: [GC (Allocation Failure) 2019-12-23T09:47:43.921+0000: 32083.368: [ParNew: 70617K->5458K(72512K), 0.0063792 secs] 104631K->40425K(233664K), 0.0064986 secs] [Times: user=0.01 sys=0.00, real=0.00 secs] 
2019-12-23T09:47:54.539+0000: 32093.986: [GC (Allocation Failure) 2019-12-23T09:47:54.539+0000: 32093.986: [ParNew: 69970K->6848K(72512K), 0.0033503 secs] 104937K->42767K(233664K), 0.0034306 secs] [Times: user=0.01 sys=0.00, real=0.00 secs] 
2019-12-23T09:48:06.042+0000: 32105.489: [GC (Allocation Failure) 2019-12-23T09:48:06.042+0000: 32105.489: [ParNew: 71360K->7022K(72512K), 0.0034721 secs] 107279K->43893K(233664K), 0.0035592 secs] [Times: user=0.01 sys=0.00, real=0.00 secs] 
2019-12-23T09:48:16.564+0000: 32116.011: [GC (Allocation Failure) 2019-12-23T09:48:16.564+0000: 32116.011: [ParNew: 71534K->5646K(72512K), 0.0029453 secs] 108405K->43597K(233664K), 0.0030414 secs] [Times: user=0.00 sys=0.00, real=0.00 secs] 
2019-12-23T09:48:28.110+0000: 32127.557: [GC (Allocation Failure) 2019-12-23T09:48:28.110+0000: 32127.557: [ParNew: 70158K->5720K(72512K), 0.0027053 secs] 108109K->44622K(233664K), 0.0027962 secs] [Times: user=0.00 sys=0.00, real=0.01 secs] 
2019-12-23T09:48:34.731+0000: 32134.178: [GC (Allocation Failure) 2019-12-23T09:48:34.731+0000: 32134.178: [ParNew: 70232K->5200K(72512K), 0.0027585 secs] 109134K->45055K(233664K), 0.0028313 secs] [Times: user=0.01 sys=0.00, real=0.00 secs] 
2019-12-23T09:48:47.897+0000: 32147.344: [GC (Allocation Failure) 2019-12-23T09:48:47.897+0000: 32147.344: [ParNew: 69712K->6010K(72512K), 0.0028002 secs] 109567K->46816K(233664K), 0.0028742 secs] [Times: user=0.00 sys=0.00, real=0.01 secs] 
2019-12-23T09:49:00.586+0000: 32160.033: [GC (Allocation Failure) 2019-12-23T09:49:00.586+0000: 32160.033: [ParNew: 70522K->5235K(72512K), 0.0029371 secs] 111328K->46996K(233664K), 0.0030371 secs] [Times: user=0.01 sys=0.01, real=0.00 secs] 
2019-12-23T09:49:13.553+0000: 32173.000: [GC (Allocation Failure) 2019-12-23T09:49:13.553+0000: 32173.000: [ParNew: 69747K->5754K(72512K), 0.0029175 secs] 111508K->48465K(233664K), 0.0029845 secs] [Times: user=0.01 sys=0.00, real=0.00 secs] 
2019-12-23T09:49:26.525+0000: 32185.972: [GC (Allocation Failure) 2019-12-23T09:49:26.525+0000: 32185.972: [ParNew: 70266K->4917K(72512K), 0.0029962 secs] 112977K->48607K(233664K), 0.0030976 secs] [Times: user=0.01 sys=0.00, real=0.00 secs] 
2019-12-23T09:49:38.518+0000: 32197.965: [GC (Allocation Failure) 2019-12-23T09:49:38.518+0000: 32197.965: [ParNew: 69429K->5351K(72512K), 0.0027309 secs] 113119K->49993K(233664K), 0.0028016 secs] [Times: user=0.01 sys=0.00, real=0.01 secs] 
2019-12-23T09:49:46.294+0000: 32205.741: [GC (Allocation Failure) 2019-12-23T09:49:46.294+0000: 32205.741: [ParNew: 69863K->4492K(72512K), 0.0030359 secs] 114505K->50221K(233664K), 0.0031062 secs] [Times: user=0.01 sys=0.00, real=0.00 secs] 
2019-12-23T09:49:55.208+0000: 32214.655: [GC (Allocation Failure) 2019-12-23T09:49:55.208+0000: 32214.655: [ParNew: 68983K->3279K(72512K), 0.0024214 secs] 114712K->49297K(233664K), 0.0025074 secs] [Times: user=0.00 sys=0.00, real=0.00 secs] 
2019-12-23T09:50:07.715+0000: 32227.162: [GC (Allocation Failure) 2019-12-23T09:50:07.715+0000: 32227.162: [ParNew: 67791K->4066K(72512K), 0.0036554 secs] 113809K->50084K(233664K), 0.0037520 secs] [Times: user=0.01 sys=0.00, real=0.01 secs] 
2019-12-23T09:50:20.535+0000: 32239.982: [GC (Allocation Failure) 2019-12-23T09:50:20.535+0000: 32239.982: [ParNew: 68578K->4892K(72512K), 0.0025807 secs] 114596K->50910K(233664K), 0.0026551 secs] [Times: user=0.01 sys=0.00, real=0.00 secs] 
2019-12-23T09:50:33.509+0000: 32252.956: [GC (Allocation Failure) 2019-12-23T09:50:33.509+0000: 32252.956: [ParNew: 69404K->5080K(72512K), 0.0039465 secs] 115422K->52218K(233664K), 0.0040303 secs] [Times: user=0.01 sys=0.00, real=0.01 secs] 
2019-12-23T09:50:44.070+0000: 32263.517: [GC (Allocation Failure) 2019-12-23T09:50:44.070+0000: 32263.517: [ParNew: 69592K->5124K(72512K), 0.0028345 secs] 116730K->53347K(233664K), 0.0029115 secs] [Times: user=0.01 sys=0.00, real=0.01 secs] 
2019-12-23T09:50:59.813+0000: 32279.260: [GC (Allocation Failure) 2019-12-23T09:50:59.813+0000: 32279.260: [ParNew: 69636K->5074K(72512K), 0.0026885 secs] 117859K->54249K(233664K), 0.0027653 secs] [Times: user=0.01 sys=0.00, real=0.00 secs] 
2019-12-23T09:51:03.896+0000: 32283.343: [GC (Allocation Failure) 2019-12-23T09:51:03.896+0000: 32283.343: [ParNew: 69586K->5279K(72512K), 0.0028693 secs] 118761K->55406K(233664K), 0.0029451 secs] [Times: user=0.00 sys=0.00, real=0.01 secs] 
2019-12-23T09:51:22.320+0000: 32301.767: [GC (Allocation Failure) 2019-12-23T09:51:22.320+0000: 32301.767: [ParNew: 69791K->4880K(72512K), 0.0030171 secs] 119918K->55958K(233664K), 0.0030901 secs] [Times: user=0.01 sys=0.00, real=0.00 secs] 
2019-12-23T09:51:26.785+0000: 32306.232: [GC (Allocation Failure) 2019-12-23T09:51:26.785+0000: 32306.232: [ParNew: 69392K->6000K(72512K), 0.0028382 secs] 120470K->57901K(233664K), 0.0029076 secs] [Times: user=0.01 sys=0.00, real=0.00 secs] 
2019-12-23T09:51:41.373+0000: 32320.820: [GC (Allocation Failure) 2019-12-23T09:51:41.373+0000: 32320.820: [ParNew: 70512K->4984K(72512K), 0.0028771 secs] 122413K->57838K(233664K), 0.0029561 secs] [Times: user=0.01 sys=0.00, real=0.00 secs] 
2019-12-23T09:51:53.837+0000: 32333.284: [GC (Allocation Failure) 2019-12-23T09:51:53.837+0000: 32333.284: [ParNew: 69496K->4858K(72512K), 0.0028089 secs] 122350K->58663K(233664K), 0.0028855 secs] [Times: user=0.01 sys=0.00, real=0.01 secs] 
2019-12-23T09:52:02.752+0000: 32342.199: [GC (Allocation Failure) 2019-12-23T09:52:02.752+0000: 32342.199: [ParNew: 69370K->5325K(72512K), 0.0028772 secs] 123175K->60083K(233664K), 0.0029552 secs] [Times: user=0.01 sys=0.00, real=0.00 secs] 
2019-12-23T09:52:19.244+0000: 32358.691: [GC (Allocation Failure) 2019-12-23T09:52:19.244+0000: 32358.691: [ParNew: 69837K->5153K(72512K), 0.0028979 secs] 124595K->60862K(233664K), 0.0029912 secs] [Times: user=0.01 sys=0.00, real=0.00 secs] 
2019-12-23T09:52:21.293+0000: 32360.740: [GC (Allocation Failure) 2019-12-23T09:52:21.294+0000: 32360.740: [ParNew: 69665K->5827K(72512K), 0.0028960 secs] 125374K->62516K(233664K), 0.0029715 secs] [Times: user=0.01 sys=0.00, real=0.00 secs] 
2019-12-23T09:52:37.934+0000: 32377.381: [GC (Allocation Failure) 2019-12-23T09:52:37.935+0000: 32377.381: [ParNew: 70339K->5153K(72512K), 0.0027765 secs] 127028K->62793K(233664K), 0.0028683 secs] [Times: user=0.01 sys=0.01, real=0.00 secs] 
2019-12-23T09:52:47.179+0000: 32386.626: [GC (Allocation Failure) 2019-12-23T09:52:47.179+0000: 32386.626: [ParNew: 69665K->5884K(72512K), 0.0027497 secs] 127305K->64476K(233664K), 0.0028507 secs] [Times: user=0.01 sys=0.00, real=0.00 secs] 
2019-12-23T09:52:59.320+0000: 32398.767: [GC (Allocation Failure) 2019-12-23T09:52:59.320+0000: 32398.767: [ParNew: 70396K->5192K(72512K), 0.0028715 secs] 128988K->64736K(233664K), 0.0029572 secs] [Times: user=0.01 sys=0.00, real=0.00 secs] 
2019-12-23T09:53:12.819+0000: 32412.266: [GC (Allocation Failure) 2019-12-23T09:53:12.819+0000: 32412.266: [ParNew: 69704K->5759K(72512K), 0.0030504 secs] 129248K->66255K(233664K), 0.0031290 secs] [Times: user=0.01 sys=0.00, real=0.00 secs] 
2019-12-23T09:53:19.787+0000: 32419.234: [GC (Allocation Failure) 2019-12-23T09:53:19.787+0000: 32419.234: [ParNew: 70271K->4959K(72512K), 0.0029983 secs] 130767K->66407K(233664K), 0.0030983 secs] [Times: user=0.01 sys=0.00, real=0.00 secs] 
2019-12-23T09:53:36.568+0000: 32436.015: [GC (Allocation Failure) 2019-12-23T09:53:36.568+0000: 32436.015: [ParNew: 69471K->5630K(72512K), 0.0028663 secs] 130919K->68030K(233664K), 0.0029400 secs] [Times: user=0.01 sys=0.00, real=0.01 secs] 
2019-12-23T09:53:39.983+0000: 32439.430: [GC (Allocation Failure) 2019-12-23T09:53:39.983+0000: 32439.430: [ParNew: 70142K->5111K(72512K), 0.0027471 secs] 132542K->68491K(233664K), 0.0028271 secs] [Times: user=0.01 sys=0.00, real=0.00 secs] 
2019-12-23T09:53:55.467+0000: 32454.914: [GC (Allocation Failure) 2019-12-23T09:53:55.467+0000: 32454.914: [ParNew: 69623K->5568K(72512K), 0.0029068 secs] 133003K->69899K(233664K), 0.0029926 secs] [Times: user=0.01 sys=0.00, real=0.00 secs] 
2019-12-23T09:54:02.504+0000: 32461.951: [GC (Allocation Failure) 2019-12-23T09:54:02.504+0000: 32461.951: [ParNew: 70080K->4859K(72512K), 0.0025555 secs] 134411K->70142K(233664K), 0.0026311 secs] [Times: user=0.01 sys=0.00, real=0.00 secs] 
2019-12-23T09:54:16.280+0000: 32475.727: [GC (Allocation Failure) 2019-12-23T09:54:16.280+0000: 32475.727: [ParNew: 69371K->4867K(72512K), 0.0029124 secs] 134654K->71102K(233664K), 0.0029874 secs] [Times: user=0.01 sys=0.00, real=0.00 secs] 
2019-12-23T09:54:25.818+0000: 32485.265: [GC (Allocation Failure) 2019-12-23T09:54:25.819+0000: 32485.265: [ParNew: 69379K->5945K(72512K), 0.0027106 secs] 135614K->73132K(233664K), 0.0027991 secs] [Times: user=0.01 sys=0.00, real=0.00 secs] 
2019-12-23T09:54:38.424+0000: 32497.871: [GC (Allocation Failure) 2019-12-23T09:54:38.425+0000: 32497.871: [ParNew: 70457K->5158K(72512K), 0.0029491 secs] 137644K->73298K(233664K), 0.0030235 secs] [Times: user=0.01 sys=0.00, real=0.00 secs] 
2019-12-23T09:54:53.811+0000: 32513.258: [GC (Allocation Failure) 2019-12-23T09:54:53.811+0000: 32513.258: [ParNew: 69670K->5672K(72512K), 0.0027584 secs] 137810K->74765K(233664K), 0.0028543 secs] [Times: user=0.01 sys=0.00, real=0.00 secs] 
2019-12-23T09:54:55.142+0000: 32514.589: [GC (Allocation Failure) 2019-12-23T09:54:55.143+0000: 32514.589: [ParNew: 70184K->5719K(72512K), 0.0026805 secs] 139277K->75762K(233664K), 0.0027645 secs] [Times: user=0.00 sys=0.00, real=0.00 secs] 
2019-12-23T09:55:13.557+0000: 32533.004: [GC (Allocation Failure) 2019-12-23T09:55:13.557+0000: 32533.004: [ParNew: 70231K->5623K(72512K), 0.0033230 secs] 140274K->76753K(233664K), 0.0033955 secs] [Times: user=0.01 sys=0.00, real=0.01 secs] 
2019-12-23T09:55:21.090+0000: 32540.537: [GC (Allocation Failure) 2019-12-23T09:55:21.090+0000: 32540.537: [ParNew: 70135K->5752K(72512K), 0.0028333 secs] 141265K->77834K(233664K), 0.0029038 secs] [Times: user=0.00 sys=0.00, real=0.01 secs] 
2019-12-23T09:55:32.851+0000: 32552.298: [GC (Allocation Failure) 2019-12-23T09:55:32.851+0000: 32552.298: [ParNew: 70264K->4853K(72512K), 0.0027773 secs] 142346K->77887K(233664K), 0.0028475 secs] [Times: user=0.01 sys=0.00, real=0.00 secs] 
2019-12-23T09:55:46.677+0000: 32566.124: [GC (Allocation Failure) 2019-12-23T09:55:46.677+0000: 32566.124: [ParNew: 69365K->5151K(72512K), 0.0028562 secs] 142399K->79008K(233664K), 0.0029555 secs] [Times: user=0.01 sys=0.00, real=0.01 secs] 
2019-12-23T09:55:53.803+0000: 32573.250: [GC (Allocation Failure) 2019-12-23T09:55:53.803+0000: 32573.250: [ParNew: 69663K->5838K(72512K), 0.0030475 secs] 143520K->80647K(233664K), 0.0031193 secs] [Times: user=0.01 sys=0.00, real=0.00 secs] 
2019-12-23T09:56:09.765+0000: 32589.212: [GC (Allocation Failure) 2019-12-23T09:56:09.765+0000: 32589.212: [ParNew: 70350K->5275K(72512K), 0.0028474 secs] 145159K->81036K(233664K), 0.0029262 secs] [Times: user=0.01 sys=0.00, real=0.00 secs] 
2019-12-23T09:56:16.765+0000: 32596.212: [GC (Allocation Failure) 2019-12-23T09:56:16.765+0000: 32596.212: [ParNew: 69787K->5289K(72512K), 0.0029284 secs] 145548K->82002K(233664K), 0.0030007 secs] [Times: user=0.01 sys=0.00, real=0.00 secs] 
2019-12-23T09:56:29.973+0000: 32609.419: [GC (Allocation Failure) 2019-12-23T09:56:29.973+0000: 32609.420: [ParNew: 69801K->5446K(72512K), 0.0029009 secs] 146514K->83239K(233664K), 0.0029760 secs] [Times: user=0.01 sys=0.00, real=0.00 secs] 
2019-12-23T09:56:40.833+0000: 32620.280: [GC (Allocation Failure) 2019-12-23T09:56:40.833+0000: 32620.280: [ParNew: 69958K->3482K(72512K), 0.0027771 secs] 147751K->81539K(233664K), 0.0028567 secs] [Times: user=0.01 sys=0.00, real=0.00 secs] 
2019-12-23T09:56:49.418+0000: 32628.865: [GC (Allocation Failure) 2019-12-23T09:56:49.418+0000: 32628.865: [ParNew: 67994K->4489K(72512K), 0.0026044 secs] 146051K->82545K(233664K), 0.0026823 secs] [Times: user=0.01 sys=0.00, real=0.01 secs] 
2019-12-23T09:57:05.122+0000: 32644.569: [GC (Allocation Failure) 2019-12-23T09:57:05.122+0000: 32644.569: [ParNew: 69001K->5750K(72512K), 0.0029665 secs] 147057K->84332K(233664K), 0.0030465 secs] [Times: user=0.01 sys=0.00, real=0.00 secs] 
2019-12-23T09:57:09.933+0000: 32649.380: [GC (Allocation Failure) 2019-12-23T09:57:09.933+0000: 32649.380: [ParNew: 70262K->5528K(72512K), 0.0031049 secs] 148844K->85106K(233664K), 0.0031855 secs] [Times: user=0.01 sys=0.00, real=0.00 secs] 
2019-12-23T09:57:26.115+0000: 32665.562: [GC (Allocation Failure) 2019-12-23T09:57:26.115+0000: 32665.562: [ParNew: 70040K->5501K(72512K), 0.0028945 secs] 149618K->86030K(233664K), 0.0029695 secs] [Times: user=0.01 sys=0.00, real=0.00 secs] 
2019-12-23T09:57:31.252+0000: 32670.699: [GC (Allocation Failure) 2019-12-23T09:57:31.253+0000: 32670.700: [ParNew: 70013K->6179K(72512K), 0.0029819 secs] 150542K->87693K(233664K), 0.0030923 secs] [Times: user=0.01 sys=0.00, real=0.00 secs] 
2019-12-23T09:57:46.728+0000: 32686.175: [GC (Allocation Failure) 2019-12-23T09:57:46.728+0000: 32686.175: [ParNew: 70691K->4886K(72512K), 0.0029189 secs] 152205K->87352K(233664K), 0.0029930 secs] [Times: user=0.01 sys=0.00, real=0.01 secs] 
2019-12-23T09:57:58.890+0000: 32698.337: [GC (Allocation Failure) 2019-12-23T09:57:58.890+0000: 32698.337: [ParNew: 69398K->5268K(72512K), 0.0028265 secs] 151864K->88685K(233664K), 0.0029042 secs] [Times: user=0.01 sys=0.00, real=0.01 secs] 
2019-12-23T09:58:06.575+0000: 32706.022: [GC (Allocation Failure) 2019-12-23T09:58:06.575+0000: 32706.022: [ParNew: 69780K->5571K(72512K), 0.0029111 secs] 153197K->89940K(233664K), 0.0029985 secs] [Times: user=0.01 sys=0.00, real=0.00 secs] 
2019-12-23T09:58:23.273+0000: 32722.720: [GC (Allocation Failure) 2019-12-23T09:58:23.274+0000: 32722.720: [ParNew: 70083K->5445K(72512K), 0.0028972 secs] 154452K->90765K(233664K), 0.0029704 secs] [Times: user=0.00 sys=0.00, real=0.00 secs] 
2019-12-23T09:58:25.690+0000: 32725.137: [GC (Allocation Failure) 2019-12-23T09:58:25.690+0000: 32725.137: [ParNew: 69957K->5263K(72512K), 0.0028843 secs] 155277K->91627K(233664K), 0.0029748 secs] [Times: user=0.01 sys=0.00, real=0.01 secs] 
2019-12-23T09:58:41.221+0000: 32740.668: [GC (Allocation Failure) 2019-12-23T09:58:41.221+0000: 32740.668: [ParNew: 69775K->6104K(72512K), 0.0028383 secs] 156139K->93421K(233664K), 0.0029318 secs] [Times: user=0.01 sys=0.00, real=0.00 secs] 
2019-12-23T09:58:51.935+0000: 32751.382: [GC (Allocation Failure) 2019-12-23T09:58:51.935+0000: 32751.382: [ParNew: 70616K->6162K(72512K), 0.0028561 secs] 157933K->94430K(233664K), 0.0029346 secs] [Times: user=0.01 sys=0.00, real=0.00 secs] 
2019-12-23T09:59:03.982+0000: 32763.429: [GC (Allocation Failure) 2019-12-23T09:59:03.983+0000: 32763.429: [ParNew: 70674K->5903K(72512K), 0.0028330 secs] 158942K->95124K(233664K), 0.0029193 secs] [Times: user=0.01 sys=0.00, real=0.00 secs] 
2019-12-23T09:59:18.272+0000: 32777.719: [GC (Allocation Failure) 2019-12-23T09:59:18.272+0000: 32777.719: [ParNew: 70415K->6066K(72512K), 0.0030704 secs] 159636K->96238K(233664K), 0.0031474 secs] [Times: user=0.01 sys=0.00, real=0.00 secs] 
2019-12-23T09:59:23.551+0000: 32782.998: [GC (Allocation Failure) 2019-12-23T09:59:23.551+0000: 32782.998: [ParNew: 70578K->6103K(72512K), 0.0030136 secs] 160750K->97227K(233664K), 0.0030903 secs] [Times: user=0.01 sys=0.00, real=0.00 secs] 
2019-12-23T09:59:43.136+0000: 32802.583: [GC (Allocation Failure) 2019-12-23T09:59:43.136+0000: 32802.583: [ParNew: 70615K->5334K(72512K), 0.0029736 secs] 161739K->97437K(233664K), 0.0030679 secs] [Times: user=0.01 sys=0.00, real=0.01 secs] 
2019-12-23T09:59:47.826+0000: 32807.273: [GC (Allocation Failure) 2019-12-23T09:59:47.826+0000: 32807.273: [ParNew: 69846K->6092K(72512K), 0.0026419 secs] 161949K->99146K(233664K), 0.0027219 secs] [Times: user=0.01 sys=0.00, real=0.00 secs] 
2019-12-23T10:00:02.623+0000: 32822.070: [GC (Allocation Failure) 2019-12-23T10:00:02.623+0000: 32822.070: [ParNew: 70604K->6628K(72512K), 0.0030105 secs] 163658K->100635K(233664K), 0.0031052 secs] [Times: user=0.00 sys=0.00, real=0.00 secs] 
2019-12-23T10:00:17.409+0000: 32836.856: [GC (Allocation Failure) 2019-12-23T10:00:17.409+0000: 32836.856: [ParNew: 71140K->6832K(72512K), 0.0026297 secs] 165147K->101790K(233664K), 0.0027091 secs] [Times: user=0.01 sys=0.00, real=0.01 secs] 
2019-12-23T10:00:26.014+0000: 32845.461: [GC (Allocation Failure) 2019-12-23T10:00:26.014+0000: 32845.461: [ParNew: 71344K->6125K(72512K), 0.0027469 secs] 166302K->102036K(233664K), 0.0028253 secs] [Times: user=0.01 sys=0.00, real=0.00 secs] 
2019-12-23T10:00:40.876+0000: 32860.323: [GC (Allocation Failure) 2019-12-23T10:00:40.876+0000: 32860.323: [ParNew: 70637K->5254K(72512K), 0.0037262 secs] 166548K->102144K(233664K), 0.0038038 secs] [Times: user=0.00 sys=0.00, real=0.01 secs] 
2019-12-23T10:00:44.027+0000: 32863.474: [GC (Allocation Failure) 2019-12-23T10:00:44.027+0000: 32863.474: [ParNew: 69766K->5419K(72512K), 0.0025966 secs] 166656K->103263K(233664K), 0.0026728 secs] [Times: user=0.01 sys=0.00, real=0.00 secs] 
2019-12-23T10:01:01.777+0000: 32881.224: [GC (Allocation Failure) 2019-12-23T10:01:01.777+0000: 32881.224: [ParNew: 69931K->5736K(72512K), 0.0028874 secs] 167775K->104665K(233664K), 0.0029596 secs] [Times: user=0.01 sys=0.00, real=0.01 secs] 
2019-12-23T10:01:10.166+0000: 32889.613: [GC (Allocation Failure) 2019-12-23T10:01:10.166+0000: 32889.613: [ParNew: 70248K->4812K(72512K), 0.0028668 secs] 169177K->104693K(233664K), 0.0029518 secs] [Times: user=0.01 sys=0.00, real=0.00 secs] 
2019-12-23T10:01:22.135+0000: 32901.582: [GC (Allocation Failure) 2019-12-23T10:01:22.135+0000: 32901.582: [ParNew: 69324K->5112K(72512K), 0.0043519 secs] 169205K->105945K(233664K), 0.0044297 secs] [Times: user=0.01 sys=0.00, real=0.01 secs] 
2019-12-23T10:01:34.572+0000: 32914.019: [GC (Allocation Failure) 2019-12-23T10:01:34.572+0000: 32914.019: [ParNew: 69624K->5103K(72512K), 0.0029332 secs] 170457K->106888K(233664K), 0.0030071 secs] [Times: user=0.01 sys=0.00, real=0.00 secs] 
2019-12-23T10:01:48.023+0000: 32927.470: [GC (Allocation Failure) 2019-12-23T10:01:48.023+0000: 32927.470: [ParNew: 69615K->5809K(72512K), 0.0028924 secs] 171400K->108445K(233664K), 0.0029722 secs] [Times: user=0.01 sys=0.00, real=0.00 secs] 
2019-12-23T10:01:58.182+0000: 32937.629: [GC (Allocation Failure) 2019-12-23T10:01:58.182+0000: 32937.629: [ParNew: 70321K->5092K(72512K), 0.0029973 secs] 172957K->108680K(233664K), 0.0030890 secs] [Times: user=0.01 sys=0.01, real=0.00 secs] 
2019-12-23T10:02:10.400+0000: 32949.847: [GC (Allocation Failure) 2019-12-23T10:02:10.400+0000: 32949.847: [ParNew: 69604K->5817K(72512K), 0.0028329 secs] 173192K->110356K(233664K), 0.0029094 secs] [Times: user=0.01 sys=0.00, real=0.00 secs] 
2019-12-23T10:02:16.054+0000: 32955.501: [GC (Allocation Failure) 2019-12-23T10:02:16.054+0000: 32955.501: [ParNew: 70329K->5195K(72512K), 0.0028373 secs] 174868K->110685K(233664K), 0.0029187 secs] [Times: user=0.01 sys=0.00, real=0.00 secs] 
2019-12-23T10:02:27.443+0000: 32966.890: [GC (Allocation Failure) 2019-12-23T10:02:27.443+0000: 32966.890: [ParNew: 69707K->5642K(72512K), 0.0027831 secs] 175197K->112085K(233664K), 0.0028575 secs] [Times: user=0.01 sys=0.01, real=0.00 secs] 
2019-12-23T10:02:39.269+0000: 32978.716: [GC (Allocation Failure) 2019-12-23T10:02:39.269+0000: 32978.716: [ParNew: 70154K->5361K(72512K), 0.0029216 secs] 176597K->112655K(233664K), 0.0030018 secs] [Times: user=0.01 sys=0.00, real=0.01 secs] 
2019-12-23T10:02:52.112+0000: 32991.559: [GC (Allocation Failure) 2019-12-23T10:02:52.112+0000: 32991.559: [ParNew: 69873K->5619K(72512K), 0.0029428 secs] 177167K->113865K(233664K), 0.0030164 secs] [Times: user=0.01 sys=0.00, real=0.00 secs] 
2019-12-23T10:03:02.714+0000: 33002.161: [GC (Allocation Failure) 2019-12-23T10:03:02.714+0000: 33002.161: [ParNew: 70131K->5462K(72512K), 0.0028860 secs] 178377K->114660K(233664K), 0.0029739 secs] [Times: user=0.01 sys=0.00, real=0.00 secs] 
2019-12-23T10:03:14.327+0000: 33013.774: [GC (Allocation Failure) 2019-12-23T10:03:14.327+0000: 33013.774: [ParNew: 69974K->4493K(72512K), 0.0027460 secs] 179172K->114348K(233664K), 0.0028446 secs] [Times: user=0.01 sys=0.01, real=0.00 secs] 
2019-12-23T10:03:24.043+0000: 33023.490: [GC (Allocation Failure) 2019-12-23T10:03:24.043+0000: 33023.490: [ParNew: 69005K->4307K(72512K), 0.0026581 secs] 178860K->114162K(233664K), 0.0027412 secs] [Times: user=0.00 sys=0.00, real=0.00 secs] 
2019-12-23T10:03:34.824+0000: 33034.271: [GC (Allocation Failure) 2019-12-23T10:03:34.824+0000: 33034.271: [ParNew: 68819K->5087K(72512K), 0.0028111 secs] 178674K->115472K(233664K), 0.0028883 secs] [Times: user=0.00 sys=0.00, real=0.00 secs] 
2019-12-23T10:03:44.469+0000: 33043.916: [GC (Allocation Failure) 2019-12-23T10:03:44.469+0000: 33043.916: [ParNew: 69599K->4942K(72512K), 0.0029085 secs] 179984K->116324K(233664K), 0.0030020 secs] [Times: user=0.01 sys=0.00, real=0.01 secs] 
2019-12-23T10:03:54.673+0000: 33054.120: [GC (Allocation Failure) 2019-12-23T10:03:54.673+0000: 33054.120: [ParNew: 69454K->5541K(72512K), 0.0029134 secs] 180836K->117875K(233664K), 0.0029865 secs] [Times: user=0.01 sys=0.00, real=0.00 secs] 
2019-12-23T10:04:02.919+0000: 33062.366: [GC (Allocation Failure) 2019-12-23T10:04:02.919+0000: 33062.366: [ParNew: 70053K->5314K(72512K), 0.0027535 secs] 182387K->118600K(233664K), 0.0028346 secs] [Times: user=0.00 sys=0.00, real=0.00 secs] 
2019-12-23T10:04:12.630+0000: 33072.077: [GC (Allocation Failure) 2019-12-23T10:04:12.630+0000: 33072.077: [ParNew: 69826K->6087K(72512K), 0.0029660 secs] 183112K->120325K(233664K), 0.0030467 secs] [Times: user=0.01 sys=0.00, real=0.01 secs] 
2019-12-23T10:04:21.521+0000: 33080.968: [GC (Allocation Failure) 2019-12-23T10:04:21.521+0000: 33080.968: [ParNew: 70599K->5053K(72512K), 0.0030396 secs] 184837K->120244K(233664K), 0.0031395 secs] [Times: user=0.01 sys=0.00, real=0.00 secs] 
2019-12-23T10:04:32.376+0000: 33091.823: [GC (Allocation Failure) 2019-12-23T10:04:32.376+0000: 33091.823: [ParNew: 69565K->5643K(72512K), 0.0029496 secs] 184756K->121657K(233664K), 0.0030367 secs] [Times: user=0.01 sys=0.00, real=0.01 secs] 
2019-12-23T10:04:41.402+0000: 33100.849: [GC (Allocation Failure) 2019-12-23T10:04:41.402+0000: 33100.849: [ParNew: 70155K->4887K(72512K), 0.0029536 secs] 186169K->121853K(233664K), 0.0030511 secs] [Times: user=0.01 sys=0.00, real=0.00 secs] 
2019-12-23T10:04:59.129+0000: 33118.576: [GC (Allocation Failure) 2019-12-23T10:04:59.129+0000: 33118.576: [ParNew: 69399K->4842K(72512K), 0.0028444 secs] 186365K->122760K(233664K), 0.0029289 secs] [Times: user=0.01 sys=0.00, real=0.01 secs] 
2019-12-23T10:05:09.708+0000: 33129.155: [GC (Allocation Failure) 2019-12-23T10:05:09.708+0000: 33129.155: [ParNew: 69354K->4765K(72512K), 0.0029410 secs] 187272K->123534K(233664K), 0.0030634 secs] [Times: user=0.01 sys=0.00, real=0.01 secs] 
2019-12-23T10:05:22.878+0000: 33142.325: [GC (Allocation Failure) 2019-12-23T10:05:22.878+0000: 33142.325: [ParNew: 69277K->5286K(72512K), 0.0029420 secs] 188046K->125007K(233664K), 0.0030232 secs] [Times: user=0.01 sys=0.00, real=0.01 secs] 
2019-12-23T10:05:35.072+0000: 33154.519: [GC (Allocation Failure) 2019-12-23T10:05:35.072+0000: 33154.519: [ParNew: 69798K->4977K(72512K), 0.0038587 secs] 189519K->125650K(233664K), 0.0039308 secs] [Times: user=0.01 sys=0.01, real=0.00 secs] 
2019-12-23T10:05:46.756+0000: 33166.203: [GC (Allocation Failure) 2019-12-23T10:05:46.756+0000: 33166.203: [ParNew: 69489K->5369K(72512K), 0.0027792 secs] 190162K->126995K(233664K), 0.0028643 secs] [Times: user=0.00 sys=0.01, real=0.01 secs] 
2019-12-23T10:05:53.919+0000: 33173.365: [GC (Allocation Failure) 2019-12-23T10:05:53.919+0000: 33173.366: [ParNew: 69881K->5307K(72512K), 0.0038515 secs] 191507K->128020K(233664K), 0.0039211 secs] [Times: user=0.00 sys=0.00, real=0.00 secs] 
2019-12-23T10:06:03.344+0000: 33182.791: [GC (Allocation Failure) 2019-12-23T10:06:03.344+0000: 33182.791: [ParNew: 69819K->5007K(72512K), 0.0028024 secs] 192532K->128671K(233664K), 0.0028777 secs] [Times: user=0.01 sys=0.00, real=0.00 secs] 
2019-12-23T10:06:12.210+0000: 33191.657: [GC (Allocation Failure) 2019-12-23T10:06:12.210+0000: 33191.657: [ParNew: 69519K->6336K(72512K), 0.0029116 secs] 193183K->131080K(233664K), 0.0029831 secs] [Times: user=0.01 sys=0.00, real=0.01 secs] 
2019-12-23T10:06:24.528+0000: 33203.975: [GC (Allocation Failure) 2019-12-23T10:06:24.528+0000: 33203.975: [ParNew: 70848K->5125K(72512K), 0.0027990 secs] 195592K->130822K(233664K), 0.0028889 secs] [Times: user=0.01 sys=0.00, real=0.01 secs] 
2019-12-23T10:06:37.225+0000: 33216.672: [GC (Allocation Failure) 2019-12-23T10:06:37.225+0000: 33216.672: [ParNew: 69637K->5216K(72512K), 0.0032627 secs] 195334K->131865K(233664K), 0.0033395 secs] [Times: user=0.01 sys=0.00, real=0.00 secs] 
2019-12-23T10:06:44.873+0000: 33224.320: [GC (Allocation Failure) 2019-12-23T10:06:44.873+0000: 33224.320: [ParNew: 69728K->4864K(72512K), 0.0028450 secs] 196377K->132465K(233664K), 0.0029286 secs] [Times: user=0.00 sys=0.00, real=0.00 secs] 
2019-12-23T10:07:01.589+0000: 33241.036: [GC (Allocation Failure) 2019-12-23T10:07:01.589+0000: 33241.036: [ParNew: 69376K->4917K(72512K), 0.0029861 secs] 196977K->133469K(233664K), 0.0030706 secs] [Times: user=0.01 sys=0.00, real=0.01 secs] 
2019-12-23T10:07:02.706+0000: 33242.153: [GC (Allocation Failure) 2019-12-23T10:07:02.706+0000: 33242.153: [ParNew: 69429K->6609K(72512K), 0.0030516 secs] 197981K->136113K(233664K), 0.0031410 secs] [Times: user=0.01 sys=0.00, real=0.00 secs] 
2019-12-23T10:07:18.959+0000: 33258.406: [GC (Allocation Failure) 2019-12-23T10:07:18.959+0000: 33258.406: [ParNew: 71121K->5367K(72512K), 0.0030857 secs] 200625K->135823K(233664K), 0.0031857 secs] [Times: user=0.01 sys=0.00, real=0.00 secs] 
2019-12-23T10:07:27.133+0000: 33266.580: [GC (Allocation Failure) 2019-12-23T10:07:27.133+0000: 33266.580: [ParNew: 69879K->5272K(72512K), 0.0030347 secs] 200335K->136679K(233664K), 0.0031109 secs] [Times: user=0.00 sys=0.00, real=0.00 secs] 
2019-12-23T10:07:39.627+0000: 33279.074: [GC (Allocation Failure) 2019-12-23T10:07:39.627+0000: 33279.074: [ParNew: 69784K->5486K(72512K), 0.0029575 secs] 201191K->137846K(233664K), 0.0030388 secs] [Times: user=0.01 sys=0.00, real=0.00 secs] 
2019-12-23T10:07:49.533+0000: 33288.980: [GC (Allocation Failure) 2019-12-23T10:07:49.533+0000: 33288.980: [ParNew: 69998K->5245K(72512K), 0.0029354 secs] 202358K->138556K(233664K), 0.0030123 secs] [Times: user=0.01 sys=0.00, real=0.00 secs] 
2019-12-23T10:07:59.823+0000: 33299.270: [GC (Allocation Failure) 2019-12-23T10:07:59.823+0000: 33299.270: [ParNew: 69757K->5654K(72512K), 0.0029890 secs] 203068K->139917K(233664K), 0.0030642 secs] [Times: user=0.01 sys=0.00, real=0.00 secs] 
2019-12-23T10:08:04.423+0000: 33303.870: [GC (Allocation Failure) 2019-12-23T10:08:04.423+0000: 33303.870: [ParNew: 70166K->5198K(72512K), 0.0027952 secs] 204429K->140413K(233664K), 0.0028704 secs] [Times: user=0.01 sys=0.00, real=0.00 secs] 
2019-12-23T10:08:19.134+0000: 33318.581: [GC (Allocation Failure) 2019-12-23T10:08:19.134+0000: 33318.581: [ParNew: 69710K->5662K(72512K), 0.0029457 secs] 204925K->141765K(233664K), 0.0030535 secs] [Times: user=0.01 sys=0.00, real=0.00 secs] 
2019-12-23T10:08:28.428+0000: 33327.875: [GC (Allocation Failure) 2019-12-23T10:08:28.428+0000: 33327.875: [ParNew: 70174K->4829K(72512K), 0.0030160 secs] 206277K->141884K(233664K), 0.0030985 secs] [Times: user=0.01 sys=0.00, real=0.01 secs] 
2019-12-23T10:08:40.224+0000: 33339.671: [GC (Allocation Failure) 2019-12-23T10:08:40.224+0000: 33339.671: [ParNew: 69341K->5281K(72512K), 0.0029208 secs] 206396K->143224K(233664K), 0.0029917 secs] [Times: user=0.00 sys=0.00, real=0.00 secs] 
2019-12-23T10:08:51.857+0000: 33351.304: [GC (Allocation Failure) 2019-12-23T10:08:51.857+0000: 33351.304: [ParNew: 69793K->5094K(72512K), 0.0030896 secs] 207736K->143888K(233664K), 0.0031929 secs] [Times: user=0.00 sys=0.00, real=0.01 secs] 
2019-12-23T10:09:03.540+0000: 33362.986: [GC (Allocation Failure) 2019-12-23T10:09:03.540+0000: 33362.987: [ParNew: 69606K->5459K(72512K), 0.0030448 secs] 208400K->145205K(233664K), 0.0031214 secs] [Times: user=0.01 sys=0.00, real=0.00 secs] 
2019-12-23T10:09:13.584+0000: 33373.031: [GC (Allocation Failure) 2019-12-23T10:09:13.584+0000: 33373.031: [ParNew: 69971K->4226K(72512K), 0.0027123 secs] 209717K->144236K(233664K), 0.0027929 secs] [Times: user=0.01 sys=0.00, real=0.00 secs] 
2019-12-23T10:09:20.037+0000: 33379.484: [GC (Allocation Failure) 2019-12-23T10:09:20.037+0000: 33379.484: [ParNew: 68738K->4233K(72512K), 0.0025943 secs] 208748K->144243K(233664K), 0.0026715 secs] [Times: user=0.01 sys=0.00, real=0.01 secs] 
2019-12-23T10:09:30.203+0000: 33389.650: [GC (Allocation Failure) 2019-12-23T10:09:30.203+0000: 33389.650: [ParNew: 68745K->4915K(72512K), 0.0026877 secs] 208755K->144925K(233664K), 0.0027719 secs] [Times: user=0.01 sys=0.00, real=0.00 secs] 
2019-12-23T10:09:42.111+0000: 33401.558: [GC (Allocation Failure) 2019-12-23T10:09:42.111+0000: 33401.558: [ParNew: 69427K->4680K(72512K), 0.0030419 secs] 209437K->145668K(233664K), 0.0031229 secs] [Times: user=0.00 sys=0.00, real=0.00 secs] 
2019-12-23T10:09:52.653+0000: 33412.100: [GC (Allocation Failure) 2019-12-23T10:09:52.653+0000: 33412.100: [ParNew: 69192K->5909K(72512K), 0.0030118 secs] 210180K->147850K(233664K), 0.0031019 secs] [Times: user=0.01 sys=0.00, real=0.00 secs] 
2019-12-23T10:10:05.453+0000: 33424.900: [GC (Allocation Failure) 2019-12-23T10:10:05.453+0000: 33424.900: [ParNew: 70421K->4817K(72512K), 0.0050498 secs] 212362K->147709K(233664K), 0.0051633 secs] [Times: user=0.01 sys=0.00, real=0.00 secs] 
2019-12-23T10:10:09.800+0000: 33429.247: [GC (Allocation Failure) 2019-12-23T10:10:09.800+0000: 33429.247: [ParNew: 69329K->4750K(72512K), 0.0028297 secs] 212221K->148594K(233664K), 0.0029096 secs] [Times: user=0.01 sys=0.00, real=0.00 secs] 
2019-12-23T10:10:23.255+0000: 33442.702: [GC (Allocation Failure) 2019-12-23T10:10:23.255+0000: 33442.702: [ParNew: 69262K->4598K(72512K), 0.0028162 secs] 213106K->149394K(233664K), 0.0029130 secs] [Times: user=0.01 sys=0.00, real=0.00 secs] 
2019-12-23T10:10:37.673+0000: 33457.120: [GC (Allocation Failure) 2019-12-23T10:10:37.673+0000: 33457.120: [ParNew: 69110K->4893K(72512K), 0.0040795 secs] 213906K->150641K(233664K), 0.0041625 secs] [Times: user=0.01 sys=0.00, real=0.00 secs] 
2019-12-23T10:10:43.062+0000: 33462.509: [GC (Allocation Failure) 2019-12-23T10:10:43.062+0000: 33462.509: [ParNew: 69405K->4825K(72512K), 0.0031089 secs] 215153K->151525K(233664K), 0.0031804 secs] [Times: user=0.01 sys=0.00, real=0.00 secs] 
2019-12-23T10:10:56.220+0000: 33475.667: [GC (Allocation Failure) 2019-12-23T10:10:56.220+0000: 33475.667: [ParNew: 69337K->5459K(72512K), 0.0031492 secs] 216037K->153111K(233664K), 0.0032192 secs] [Times: user=0.01 sys=0.00, real=0.00 secs] 
2019-12-23T10:11:05.170+0000: 33484.617: [GC (Allocation Failure) 2019-12-23T10:11:05.171+0000: 33484.617: [ParNew: 69971K->5513K(72512K), 0.0031632 secs] 217623K->154252K(233664K), 0.0032414 secs] [Times: user=0.01 sys=0.00, real=0.00 secs] 
2019-12-23T10:11:05.174+0000: 33484.621: [GC (CMS Initial Mark) [1 CMS-initial-mark: 148739K(161152K)] 155532K(233664K), 0.0009617 secs] [Times: user=0.00 sys=0.00, real=0.00 secs] 
2019-12-23T10:11:05.175+0000: 33484.622: [CMS-concurrent-mark-start]
2019-12-23T10:11:05.234+0000: 33484.681: [CMS-concurrent-mark: 0.059/0.059 secs] [Times: user=0.09 sys=0.00, real=0.06 secs] 
2019-12-23T10:11:05.234+0000: 33484.681: [CMS-concurrent-preclean-start]
2019-12-23T10:11:05.236+0000: 33484.682: [CMS-concurrent-preclean: 0.001/0.001 secs] [Times: user=0.00 sys=0.00, real=0.00 secs] 
2019-12-23T10:11:05.236+0000: 33484.682: [CMS-concurrent-abortable-preclean-start]
 CMS: abort preclean due to time 2019-12-23T10:11:10.239+0000: 33489.686: [CMS-concurrent-abortable-preclean: 0.198/5.003 secs] [Times: user=0.28 sys=0.00, real=5.01 secs] 
2019-12-23T10:11:10.239+0000: 33489.686: [GC (CMS Final Remark) [YG occupancy: 50412 K (72512 K)]2019-12-23T10:11:10.239+0000: 33489.686: [Rescan (parallel) , 0.0071746 secs]2019-12-23T10:11:10.247+0000: 33489.694: [weak refs processing, 0.0000545 secs]2019-12-23T10:11:10.247+0000: 33489.694: [class unloading, 0.0093283 secs]2019-12-23T10:11:10.256+0000: 33489.703: [scrub symbol table, 0.0070351 secs]2019-12-23T10:11:10.263+0000: 33489.710: [scrub string table, 0.0005614 secs][1 CMS-remark: 148739K(161152K)] 199151K(233664K), 0.0243341 secs] [Times: user=0.05 sys=0.00, real=0.02 secs] 
2019-12-23T10:11:10.264+0000: 33489.711: [CMS-concurrent-sweep-start]
2019-12-23T10:11:10.275+0000: 33489.722: [CMS-concurrent-sweep: 0.011/0.011 secs] [Times: user=0.01 sys=0.00, real=0.01 secs] 
2019-12-23T10:11:10.276+0000: 33489.722: [CMS-concurrent-reset-start]
2019-12-23T10:11:10.287+0000: 33489.734: [CMS-concurrent-reset: 0.011/0.011 secs] [Times: user=0.01 sys=0.00, real=0.01 secs] 
2019-12-23T10:11:16.370+0000: 33495.817: [GC (Allocation Failure) 2019-12-23T10:11:16.371+0000: 33495.817: [ParNew: 70025K->5777K(72512K), 0.0030029 secs] 90751K->27454K(233664K), 0.0031101 secs] [Times: user=0.01 sys=0.00, real=0.01 secs] 
2019-12-23T10:11:28.018+0000: 33507.465: [GC (Allocation Failure) 2019-12-23T10:11:28.018+0000: 33507.465: [ParNew: 70289K->5925K(72512K), 0.0029864 secs] 91966K->28555K(233664K), 0.0030697 secs] [Times: user=0.01 sys=0.00, real=0.01 secs] 
2019-12-23T10:11:35.370+0000: 33514.817: [GC (Allocation Failure) 2019-12-23T10:11:35.370+0000: 33514.817: [ParNew: 70437K->6778K(72512K), 0.0029538 secs] 93067K->30359K(233664K), 0.0030217 secs] [Times: user=0.01 sys=0.00, real=0.01 secs] 
2019-12-23T10:11:43.321+0000: 33522.768: [GC (Allocation Failure) 2019-12-23T10:11:43.321+0000: 33522.768: [ParNew: 71290K->6286K(72512K), 0.0027451 secs] 94871K->30819K(233664K), 0.0028215 secs] [Times: user=0.01 sys=0.00, real=0.00 secs] 
2019-12-23T10:11:54.051+0000: 33533.498: [GC (Allocation Failure) 2019-12-23T10:11:54.051+0000: 33533.498: [ParNew: 70798K->5652K(72512K), 0.0029066 secs] 95331K->31137K(233664K), 0.0029894 secs] [Times: user=0.01 sys=0.00, real=0.00 secs] 
2019-12-23T10:12:05.679+0000: 33545.126: [GC (Allocation Failure) 2019-12-23T10:12:05.679+0000: 33545.126: [ParNew: 70164K->4738K(72512K), 0.0029834 secs] 95649K->31174K(233664K), 0.0030742 secs] [Times: user=0.01 sys=0.00, real=0.00 secs] 
2019-12-23T10:12:17.115+0000: 33556.562: [GC (Allocation Failure) 2019-12-23T10:12:17.115+0000: 33556.562: [ParNew: 69250K->5366K(72512K), 0.0029577 secs] 95686K->32754K(233664K), 0.0030772 secs] [Times: user=0.01 sys=0.00, real=0.00 secs] 
2019-12-23T10:12:26.117+0000: 33565.564: [GC (Allocation Failure) 2019-12-23T10:12:26.117+0000: 33565.564: [ParNew: 69878K->5282K(72512K), 0.0029068 secs] 97266K->33623K(233664K), 0.0029886 secs] [Times: user=0.01 sys=0.00, real=0.01 secs] 
2019-12-23T10:12:36.253+0000: 33575.700: [GC (Allocation Failure) 2019-12-23T10:12:36.253+0000: 33575.700: [ParNew: 69794K->6015K(72512K), 0.0028223 secs] 98135K->35307K(233664K), 0.0028940 secs] [Times: user=0.01 sys=0.00, real=0.00 secs] 
2019-12-23T10:12:42.668+0000: 33582.115: [GC (Allocation Failure) 2019-12-23T10:12:42.668+0000: 33582.115: [ParNew: 70527K->4950K(72512K), 0.0028273 secs] 99819K->35194K(233664K), 0.0029660 secs] [Times: user=0.00 sys=0.00, real=0.01 secs] 
2019-12-23T10:12:54.247+0000: 33593.693: [GC (Allocation Failure) 2019-12-23T10:12:54.247+0000: 33593.694: [ParNew: 69462K->5111K(72512K), 0.0029603 secs] 99706K->36307K(233664K), 0.0030362 secs] [Times: user=0.01 sys=0.00, real=0.00 secs] 
2019-12-23T10:13:06.463+0000: 33605.910: [GC (Allocation Failure) 2019-12-23T10:13:06.463+0000: 33605.910: [ParNew: 69623K->5175K(72512K), 0.0033848 secs] 100819K->37323K(233664K), 0.0034753 secs] [Times: user=0.01 sys=0.00, real=0.00 secs] 
2019-12-23T10:13:19.043+0000: 33618.490: [GC (Allocation Failure) 2019-12-23T10:13:19.043+0000: 33618.490: [ParNew: 69687K->6022K(72512K), 0.0029778 secs] 101835K->39121K(233664K), 0.0030517 secs] [Times: user=0.01 sys=0.00, real=0.00 secs] 
2019-12-23T10:13:23.431+0000: 33622.878: [GC (Allocation Failure) 2019-12-23T10:13:23.431+0000: 33622.878: [ParNew: 70534K->5132K(72512K), 0.0029511 secs] 103633K->39184K(233664K), 0.0030293 secs] [Times: user=0.01 sys=0.00, real=0.00 secs] 
2019-12-23T10:13:39.462+0000: 33638.909: [GC (Allocation Failure) 2019-12-23T10:13:39.462+0000: 33638.909: [ParNew: 69644K->5228K(72512K), 0.0028079 secs] 103696K->40104K(233664K), 0.0028813 secs] [Times: user=0.01 sys=0.00, real=0.00 secs] 
2019-12-23T10:13:48.012+0000: 33647.459: [GC (Allocation Failure) 2019-12-23T10:13:48.012+0000: 33647.459: [ParNew: 69740K->5279K(72512K), 0.0033930 secs] 104616K->41111K(233664K), 0.0034776 secs] [Times: user=0.01 sys=0.00, real=0.00 secs] 
2019-12-23T10:13:57.470+0000: 33656.917: [GC (Allocation Failure) 2019-12-23T10:13:57.470+0000: 33656.917: [ParNew: 69791K->4942K(72512K), 0.0028624 secs] 105623K->41725K(233664K), 0.0029516 secs] [Times: user=0.01 sys=0.00, real=0.01 secs] 
2019-12-23T10:14:10.206+0000: 33669.653: [GC (Allocation Failure) 2019-12-23T10:14:10.206+0000: 33669.653: [ParNew: 69454K->5297K(72512K), 0.0042726 secs] 106237K->43033K(233664K), 0.0043576 secs] [Times: user=0.01 sys=0.00, real=0.01 secs] 
2019-12-23T10:14:19.980+0000: 33679.427: [GC (Allocation Failure) 2019-12-23T10:14:19.980+0000: 33679.427: [ParNew: 69809K->4976K(72512K), 0.0028047 secs] 107545K->43799K(233664K), 0.0028815 secs] [Times: user=0.01 sys=0.00, real=0.00 secs] 
2019-12-23T10:14:32.844+0000: 33692.291: [GC (Allocation Failure) 2019-12-23T10:14:32.844+0000: 33692.291: [ParNew: 69488K->4733K(72512K), 0.0035297 secs] 108311K->44507K(233664K), 0.0036064 secs] [Times: user=0.01 sys=0.00, real=0.00 secs] 
2019-12-23T10:14:36.508+0000: 33695.955: [GC (Allocation Failure) 2019-12-23T10:14:36.508+0000: 33695.955: [ParNew: 69245K->5232K(72512K), 0.0027442 secs] 109019K->45985K(233664K), 0.0028179 secs] [Times: user=0.01 sys=0.00, real=0.01 secs] 
2019-12-23T10:14:50.894+0000: 33710.341: [GC (Allocation Failure) 2019-12-23T10:14:50.894+0000: 33710.341: [ParNew: 69744K->5271K(72512K), 0.0028363 secs] 110497K->46976K(233664K), 0.0029164 secs] [Times: user=0.01 sys=0.00, real=0.00 secs] 
2019-12-23T10:15:00.247+0000: 33719.694: [GC (Allocation Failure) 2019-12-23T10:15:00.247+0000: 33719.694: [ParNew: 69783K->5286K(72512K), 0.0030170 secs] 111488K->47943K(233664K), 0.0031064 secs] [Times: user=0.00 sys=0.01, real=0.01 secs] 
2019-12-23T10:15:12.700+0000: 33732.147: [GC (Allocation Failure) 2019-12-23T10:15:12.700+0000: 33732.147: [ParNew: 69798K->3798K(72512K), 0.0036776 secs] 112455K->46648K(233664K), 0.0038115 secs] [Times: user=0.01 sys=0.00, real=0.00 secs] 
2019-12-23T10:15:24.359+0000: 33743.806: [GC (Allocation Failure) 2019-12-23T10:15:24.359+0000: 33743.806: [ParNew: 68310K->4385K(72512K), 0.0025572 secs] 111160K->47236K(233664K), 0.0026506 secs] [Times: user=0.01 sys=0.00, real=0.00 secs] 
2019-12-23T10:15:33.384+0000: 33752.831: [GC (Allocation Failure) 2019-12-23T10:15:33.384+0000: 33752.831: [ParNew: 68897K->5358K(72512K), 0.0028760 secs] 111748K->48536K(233664K), 0.0029612 secs] [Times: user=0.01 sys=0.00, real=0.00 secs] 
2019-12-23T10:15:40.959+0000: 33760.406: [GC (Allocation Failure) 2019-12-23T10:15:40.959+0000: 33760.406: [ParNew: 69870K->5562K(72512K), 0.0030045 secs] 113048K->49930K(233664K), 0.0030880 secs] [Times: user=0.01 sys=0.00, real=0.00 secs] 
2019-12-23T10:15:48.949+0000: 33768.396: [GC (Allocation Failure) 2019-12-23T10:15:48.949+0000: 33768.396: [ParNew: 70074K->5338K(72512K), 0.0028724 secs] 114442K->50657K(233664K), 0.0029456 secs] [Times: user=0.01 sys=0.00, real=0.01 secs] 
2019-12-23T10:16:01.693+0000: 33781.139: [GC (Allocation Failure) 2019-12-23T10:16:01.693+0000: 33781.140: [ParNew: 69850K->5784K(72512K), 0.0029378 secs] 115169K->52055K(233664K), 0.0030212 secs] [Times: user=0.01 sys=0.00, real=0.00 secs] 
2019-12-23T10:16:13.598+0000: 33793.045: [GC (Allocation Failure) 2019-12-23T10:16:13.598+0000: 33793.045: [ParNew: 70296K->5576K(72512K), 0.0027622 secs] 116567K->52799K(233664K), 0.0028367 secs] [Times: user=0.01 sys=0.00, real=0.01 secs] 
2019-12-23T10:16:21.647+0000: 33801.094: [GC (Allocation Failure) 2019-12-23T10:16:21.647+0000: 33801.094: [ParNew: 70088K->6095K(72512K), 0.0027187 secs] 117311K->54271K(233664K), 0.0027973 secs] [Times: user=0.01 sys=0.00, real=0.00 secs] 
2019-12-23T10:16:36.478+0000: 33815.925: [GC (Allocation Failure) 2019-12-23T10:16:36.478+0000: 33815.925: [ParNew: 70607K->6659K(72512K), 0.0030111 secs] 118783K->55786K(233664K), 0.0030982 secs] [Times: user=0.01 sys=0.00, real=0.01 secs] 
2019-12-23T10:16:38.338+0000: 33817.785: [GC (Allocation Failure) 2019-12-23T10:16:38.338+0000: 33817.785: [ParNew: 71171K->6037K(72512K), 0.0028193 secs] 120298K->56144K(233664K), 0.0029003 secs] [Times: user=0.01 sys=0.00, real=0.01 secs] 
2019-12-23T10:16:55.225+0000: 33834.672: [GC (Allocation Failure) 2019-12-23T10:16:55.226+0000: 33834.672: [ParNew: 70549K->6838K(72512K), 0.0029891 secs] 120656K->57897K(233664K), 0.0030841 secs] [Times: user=0.01 sys=0.00, real=0.00 secs] 
2019-12-23T10:17:01.114+0000: 33840.561: [GC (Allocation Failure) 2019-12-23T10:17:01.114+0000: 33840.561: [ParNew: 71350K->5597K(72512K), 0.0030727 secs] 122409K->57607K(233664K), 0.0031627 secs] [Times: user=0.01 sys=0.00, real=0.00 secs] 
2019-12-23T10:17:13.538+0000: 33852.985: [GC (Allocation Failure) 2019-12-23T10:17:13.539+0000: 33852.985: [ParNew: 70109K->5866K(72512K), 0.0030558 secs] 122119K->58856K(233664K), 0.0031616 secs] [Times: user=0.00 sys=0.00, real=0.01 secs] 
2019-12-23T10:17:22.694+0000: 33862.141: [GC (Allocation Failure) 2019-12-23T10:17:22.694+0000: 33862.141: [ParNew: 70378K->5076K(72512K), 0.0029383 secs] 123368K->59017K(233664K), 0.0030446 secs] [Times: user=0.01 sys=0.00, real=0.00 secs] 
2019-12-23T10:17:33.752+0000: 33873.199: [GC (Allocation Failure) 2019-12-23T10:17:33.752+0000: 33873.199: [ParNew: 69588K->5599K(72512K), 0.0029142 secs] 123529K->60492K(233664K), 0.0029917 secs] [Times: user=0.01 sys=0.00, real=0.00 secs] 
2019-12-23T10:17:41.634+0000: 33881.081: [GC (Allocation Failure) 2019-12-23T10:17:41.634+0000: 33881.081: [ParNew: 70111K->6065K(72512K), 0.0030754 secs] 125004K->61910K(233664K), 0.0031723 secs] [Times: user=0.01 sys=0.00, real=0.00 secs] 
2019-12-23T10:17:51.739+0000: 33891.186: [GC (Allocation Failure) 2019-12-23T10:17:51.739+0000: 33891.186: [ParNew: 70577K->6589K(72512K), 0.0028514 secs] 126422K->63258K(233664K), 0.0029281 secs] [Times: user=0.01 sys=0.00, real=0.00 secs] 
2019-12-23T10:18:01.430+0000: 33900.877: [GC (Allocation Failure) 2019-12-23T10:18:01.430+0000: 33900.877: [ParNew: 71101K->5882K(72512K), 0.0029846 secs] 127770K->63503K(233664K), 0.0030807 secs] [Times: user=0.01 sys=0.00, real=0.01 secs] 
2019-12-23T10:18:12.474+0000: 33911.921: [GC (Allocation Failure) 2019-12-23T10:18:12.474+0000: 33911.921: [ParNew: 70394K->6794K(72512K), 0.0028928 secs] 128015K->65367K(233664K), 0.0029854 secs] [Times: user=0.01 sys=0.00, real=0.00 secs] 
2019-12-23T10:18:19.880+0000: 33919.327: [GC (Allocation Failure) 2019-12-23T10:18:19.881+0000: 33919.327: [ParNew: 71306K->5634K(72512K), 0.0029332 secs] 129879K->65159K(233664K), 0.0030131 secs] [Times: user=0.01 sys=0.00, real=0.00 secs] 
2019-12-23T10:18:30.398+0000: 33929.845: [GC (Allocation Failure) 2019-12-23T10:18:30.398+0000: 33929.845: [ParNew: 70136K->6138K(72512K), 0.0028834 secs] 129662K->66615K(233664K), 0.0029646 secs] [Times: user=0.00 sys=0.00, real=0.01 secs] 
2019-12-23T10:18:41.932+0000: 33941.379: [GC (Allocation Failure) 2019-12-23T10:18:41.932+0000: 33941.379: [ParNew: 70650K->5108K(72512K), 0.0033934 secs] 131127K->66538K(233664K), 0.0034812 secs] [Times: user=0.01 sys=0.00, real=0.00 secs] 
2019-12-23T10:18:52.207+0000: 33951.654: [GC (Allocation Failure) 2019-12-23T10:18:52.207+0000: 33951.654: [ParNew: 69620K->5703K(72512K), 0.0029290 secs] 131050K->67985K(233664K), 0.0030117 secs] [Times: user=0.01 sys=0.01, real=0.00 secs] 
2019-12-23T10:19:04.914+0000: 33964.360: [GC (Allocation Failure) 2019-12-23T10:19:04.914+0000: 33964.361: [ParNew: 70215K->5266K(72512K), 0.0031658 secs] 132497K->68399K(233664K), 0.0032395 secs] [Times: user=0.01 sys=0.00, real=0.00 secs] 
2019-12-23T10:19:11.468+0000: 33970.915: [GC (Allocation Failure) 2019-12-23T10:19:11.468+0000: 33970.915: [ParNew: 69778K->4660K(72512K), 0.0030056 secs] 132911K->68881K(233664K), 0.0030898 secs] [Times: user=0.00 sys=0.00, real=0.01 secs] 
2019-12-23T10:19:23.086+0000: 33982.533: [GC (Allocation Failure) 2019-12-23T10:19:23.086+0000: 33982.533: [ParNew: 69172K->5110K(72512K), 0.0028682 secs] 133393K->70283K(233664K), 0.0029380 secs] [Times: user=0.01 sys=0.00, real=0.00 secs] 
2019-12-23T10:19:32.978+0000: 33992.425: [GC (Allocation Failure) 2019-12-23T10:19:32.978+0000: 33992.425: [ParNew: 69622K->5478K(72512K), 0.0029563 secs] 134795K->71603K(233664K), 0.0030267 secs] [Times: user=0.00 sys=0.00, real=0.01 secs] 
2019-12-23T10:19:45.548+0000: 34004.995: [GC (Allocation Failure) 2019-12-23T10:19:45.548+0000: 34004.995: [ParNew: 69990K->4980K(72512K), 0.0028642 secs] 136115K->72057K(233664K), 0.0029371 secs] [Times: user=0.01 sys=0.00, real=0.01 secs] 
2019-12-23T10:19:49.941+0000: 34009.388: [GC (Allocation Failure) 2019-12-23T10:19:49.941+0000: 34009.388: [ParNew: 69492K->4708K(72512K), 0.0028073 secs] 136569K->72737K(233664K), 0.0028840 secs] [Times: user=0.01 sys=0.00, real=0.00 secs] 
2019-12-23T10:20:03.361+0000: 34022.808: [GC (Allocation Failure) 2019-12-23T10:20:03.361+0000: 34022.808: [ParNew: 69220K->5751K(72512K), 0.0029387 secs] 137249K->74632K(233664K), 0.0030167 secs] [Times: user=0.01 sys=0.00, real=0.00 secs] 
2019-12-23T10:20:11.388+0000: 34030.835: [GC (Allocation Failure) 2019-12-23T10:20:11.388+0000: 34030.835: [ParNew: 70263K->5180K(72512K), 0.0029125 secs] 139144K->75012K(233664K), 0.0030241 secs] [Times: user=0.01 sys=0.01, real=0.01 secs] 
2019-12-23T10:20:25.118+0000: 34044.565: [GC (Allocation Failure) 2019-12-23T10:20:25.118+0000: 34044.565: [ParNew: 69692K->5534K(72512K), 0.0039535 secs] 139524K->76319K(233664K), 0.0040435 secs] [Times: user=0.01 sys=0.00, real=0.01 secs] 
2019-12-23T10:20:34.370+0000: 34053.817: [GC (Allocation Failure) 2019-12-23T10:20:34.370+0000: 34053.817: [ParNew: 70046K->5448K(72512K), 0.0029467 secs] 140831K->77312K(233664K), 0.0030236 secs] [Times: user=0.01 sys=0.00, real=0.01 secs] 
2019-12-23T10:20:45.256+0000: 34064.703: [GC (Allocation Failure) 2019-12-23T10:20:45.256+0000: 34064.703: [ParNew: 69960K->5866K(72512K), 0.0028725 secs] 141824K->78682K(233664K), 0.0029687 secs] [Times: user=0.01 sys=0.00, real=0.01 secs] 
2019-12-23T10:20:57.128+0000: 34076.575: [GC (Allocation Failure) 2019-12-23T10:20:57.128+0000: 34076.575: [ParNew: 70378K->3641K(72512K), 0.0026151 secs] 143194K->76981K(233664K), 0.0027110 secs] [Times: user=0.01 sys=0.00, real=0.01 secs] 
2019-12-23T10:21:02.777+0000: 34082.224: [GC (Allocation Failure) 2019-12-23T10:21:02.777+0000: 34082.224: [ParNew: 68153K->4242K(72512K), 0.0025758 secs] 141493K->77582K(233664K), 0.0026487 secs] [Times: user=0.00 sys=0.00, real=0.01 secs] 
2019-12-23T10:21:13.409+0000: 34092.856: [GC (Allocation Failure) 2019-12-23T10:21:13.409+0000: 34092.856: [ParNew: 68754K->5338K(72512K), 0.0027886 secs] 142094K->78677K(233664K), 0.0028801 secs] [Times: user=0.00 sys=0.00, real=0.01 secs] 
2019-12-23T10:21:25.104+0000: 34104.551: [GC (Allocation Failure) 2019-12-23T10:21:25.104+0000: 34104.551: [ParNew: 69850K->5158K(72512K), 0.0031191 secs] 143189K->79616K(233664K), 0.0031911 secs] [Times: user=0.01 sys=0.00, real=0.00 secs] 
2019-12-23T10:21:37.134+0000: 34116.581: [GC (Allocation Failure) 2019-12-23T10:21:37.134+0000: 34116.581: [ParNew: 69670K->4896K(72512K), 0.0028842 secs] 144128K->80306K(233664K), 0.0029628 secs] [Times: user=0.01 sys=0.00, real=0.00 secs] 
2019-12-23T10:21:44.541+0000: 34123.988: [GC (Allocation Failure) 2019-12-23T10:21:44.541+0000: 34123.988: [ParNew: 69408K->5269K(72512K), 0.0029266 secs] 144818K->81631K(233664K), 0.0030159 secs] [Times: user=0.01 sys=0.00, real=0.00 secs] 
2019-12-23T10:21:56.728+0000: 34136.175: [GC (Allocation Failure) 2019-12-23T10:21:56.728+0000: 34136.175: [ParNew: 69781K->5232K(72512K), 0.0028199 secs] 146143K->82509K(233664K), 0.0028916 secs] [Times: user=0.01 sys=0.00, real=0.00 secs] 
2019-12-23T10:22:07.477+0000: 34146.924: [GC (Allocation Failure) 2019-12-23T10:22:07.477+0000: 34146.924: [ParNew: 69744K->6060K(72512K), 0.0029946 secs] 147021K->84289K(233664K), 0.0030753 secs] [Times: user=0.01 sys=0.00, real=0.01 secs] 
2019-12-23T10:22:13.914+0000: 34153.361: [GC (Allocation Failure) 2019-12-23T10:22:13.914+0000: 34153.361: [ParNew: 70572K->5925K(72512K), 0.0030009 secs] 148801K->85107K(233664K), 0.0031093 secs] [Times: user=0.01 sys=0.00, real=0.00 secs] 
2019-12-23T10:22:28.185+0000: 34167.631: [GC (Allocation Failure) 2019-12-23T10:22:28.185+0000: 34167.632: [ParNew: 70437K->6041K(72512K), 0.0029384 secs] 149619K->86202K(233664K), 0.0030233 secs] [Times: user=0.01 sys=0.00, real=0.00 secs] 
2019-12-23T10:22:33.633+0000: 34173.080: [GC (Allocation Failure) 2019-12-23T10:22:33.633+0000: 34173.080: [ParNew: 70553K->6060K(72512K), 0.0029733 secs] 150714K->87172K(233664K), 0.0030550 secs] [Times: user=0.00 sys=0.00, real=0.00 secs] 
2019-12-23T10:22:46.584+0000: 34186.031: [GC (Allocation Failure) 2019-12-23T10:22:46.584+0000: 34186.031: [ParNew: 70572K->6836K(72512K), 0.0031194 secs] 151684K->88901K(233664K), 0.0032183 secs] [Times: user=0.01 sys=0.00, real=0.00 secs] 
2019-12-23T10:22:51.792+0000: 34191.239: [GC (Allocation Failure) 2019-12-23T10:22:51.792+0000: 34191.239: [ParNew: 71348K->5685K(72512K), 0.0029123 secs] 153413K->88702K(233664K), 0.0029899 secs] [Times: user=0.01 sys=0.00, real=0.00 secs] 
2019-12-23T10:23:06.034+0000: 34205.481: [GC (Allocation Failure) 2019-12-23T10:23:06.034+0000: 34205.481: [ParNew: 70197K->5785K(72512K), 0.0029938 secs] 153214K->89753K(233664K), 0.0030895 secs] [Times: user=0.01 sys=0.00, real=0.00 secs] 
2019-12-23T10:23:13.500+0000: 34212.947: [GC (Allocation Failure) 2019-12-23T10:23:13.500+0000: 34212.947: [ParNew: 70297K->5993K(72512K), 0.0029926 secs] 154265K->90913K(233664K), 0.0030712 secs] [Times: user=0.01 sys=0.00, real=0.00 secs] 
2019-12-23T10:23:25.189+0000: 34224.636: [GC (Allocation Failure) 2019-12-23T10:23:25.189+0000: 34224.636: [ParNew: 70505K->5441K(72512K), 0.0028066 secs] 155425K->91313K(233664K), 0.0028926 secs] [Times: user=0.01 sys=0.00, real=0.01 secs] 
2019-12-23T10:23:35.535+0000: 34234.982: [GC (Allocation Failure) 2019-12-23T10:23:35.535+0000: 34234.982: [ParNew: 69953K->5016K(72512K), 0.0027831 secs] 155825K->91740K(233664K), 0.0028681 secs] [Times: user=0.01 sys=0.00, real=0.00 secs] 
2019-12-23T10:23:44.871+0000: 34244.318: [GC (Allocation Failure) 2019-12-23T10:23:44.871+0000: 34244.318: [ParNew: 69528K->5371K(72512K), 0.0027992 secs] 156252K->93047K(233664K), 0.0028761 secs] [Times: user=0.01 sys=0.00, real=0.00 secs] 
2019-12-23T10:23:57.423+0000: 34256.870: [GC (Allocation Failure) 2019-12-23T10:23:57.423+0000: 34256.870: [ParNew: 69883K->5975K(72512K), 0.0039362 secs] 157559K->94606K(233664K), 0.0040151 secs] [Times: user=0.01 sys=0.01, real=0.00 secs] 
2019-12-23T10:24:03.475+0000: 34262.922: [GC (Allocation Failure) 2019-12-23T10:24:03.475+0000: 34262.922: [ParNew: 70487K->4686K(72512K), 0.0028762 secs] 159118K->94395K(233664K), 0.0029552 secs] [Times: user=0.01 sys=0.00, real=0.00 secs] 
2019-12-23T10:24:19.700+0000: 34279.147: [GC (Allocation Failure) 2019-12-23T10:24:19.701+0000: 34279.147: [ParNew: 69198K->5546K(72512K), 0.0027090 secs] 158907K->96214K(233664K), 0.0027805 secs] [Times: user=0.01 sys=0.00, real=0.00 secs] 
2019-12-23T10:24:25.521+0000: 34284.968: [GC (Allocation Failure) 2019-12-23T10:24:25.521+0000: 34284.968: [ParNew: 70058K->6071K(72512K), 0.0037712 secs] 160726K->97691K(233664K), 0.0038510 secs] [Times: user=0.01 sys=0.00, real=0.00 secs] 
2019-12-23T10:24:37.048+0000: 34296.495: [GC (Allocation Failure) 2019-12-23T10:24:37.048+0000: 34296.495: [ParNew: 70583K->5295K(72512K), 0.0028942 secs] 162203K->97867K(233664K), 0.0029705 secs] [Times: user=0.01 sys=0.00, real=0.01 secs] 
2019-12-23T10:24:47.807+0000: 34307.254: [GC (Allocation Failure) 2019-12-23T10:24:47.807+0000: 34307.254: [ParNew: 69807K->4965K(72512K), 0.0028354 secs] 162379K->98488K(233664K), 0.0029135 secs] [Times: user=0.01 sys=0.00, real=0.00 secs] 
2019-12-23T10:24:56.243+0000: 34315.690: [GC (Allocation Failure) 2019-12-23T10:24:56.243+0000: 34315.690: [ParNew: 69477K->5058K(72512K), 0.0028811 secs] 163000K->99565K(233664K), 0.0029542 secs] [Times: user=0.01 sys=0.00, real=0.00 secs] 
2019-12-23T10:25:06.015+0000: 34325.462: [GC (Allocation Failure) 2019-12-23T10:25:06.015+0000: 34325.462: [ParNew: 69570K->5329K(72512K), 0.0029646 secs] 164077K->100788K(233664K), 0.0030462 secs] [Times: user=0.01 sys=0.00, real=0.00 secs] 
2019-12-23T10:25:16.323+0000: 34335.770: [GC (Allocation Failure) 2019-12-23T10:25:16.323+0000: 34335.770: [ParNew: 69841K->5646K(72512K), 0.0031091 secs] 165300K->102057K(233664K), 0.0031872 secs] [Times: user=0.00 sys=0.00, real=0.00 secs] 
2019-12-23T10:25:28.197+0000: 34347.644: [GC (Allocation Failure) 2019-12-23T10:25:28.197+0000: 34347.644: [ParNew: 70158K->6002K(72512K), 0.0028975 secs] 166569K->103365K(233664K), 0.0029737 secs] [Times: user=0.00 sys=0.00, real=0.01 secs] 
2019-12-23T10:25:34.659+0000: 34354.106: [GC (Allocation Failure) 2019-12-23T10:25:34.659+0000: 34354.106: [ParNew: 70514K->6743K(72512K), 0.0030400 secs] 167877K->105058K(233664K), 0.0031193 secs] [Times: user=0.01 sys=0.00, real=0.00 secs] 
2019-12-23T10:25:46.412+0000: 34365.859: [GC (Allocation Failure) 2019-12-23T10:25:46.412+0000: 34365.859: [ParNew: 71255K->6924K(72512K), 0.0032210 secs] 169570K->106191K(233664K), 0.0033012 secs] [Times: user=0.01 sys=0.00, real=0.00 secs] 
2019-12-23T10:25:55.101+0000: 34374.548: [GC (Allocation Failure) 2019-12-23T10:25:55.101+0000: 34374.548: [ParNew: 71436K->5595K(72512K), 0.0029545 secs] 170703K->105906K(233664K), 0.0030533 secs] [Times: user=0.00 sys=0.00, real=0.00 secs] 
2019-12-23T10:26:06.545+0000: 34385.992: [GC (Allocation Failure) 2019-12-23T10:26:06.546+0000: 34385.992: [ParNew: 70107K->5630K(72512K), 0.0030401 secs] 170418K->106893K(233664K), 0.0031291 secs] [Times: user=0.01 sys=0.00, real=0.00 secs] 
2019-12-23T10:26:18.813+0000: 34398.260: [GC (Allocation Failure) 2019-12-23T10:26:18.813+0000: 34398.260: [ParNew: 70142K->5793K(72512K), 0.0032093 secs] 171405K->108008K(233664K), 0.0032987 secs] [Times: user=0.01 sys=0.00, real=0.00 secs] 
2019-12-23T10:26:25.676+0000: 34405.123: [GC (Allocation Failure) 2019-12-23T10:26:25.676+0000: 34405.123: [ParNew: 70305K->5174K(72512K), 0.0038899 secs] 172520K->108341K(233664K), 0.0039791 secs] [Times: user=0.01 sys=0.00, real=0.01 secs] 
2019-12-23T10:26:35.685+0000: 34415.132: [GC (Allocation Failure) 2019-12-23T10:26:35.685+0000: 34415.132: [ParNew: 69686K->5816K(72512K), 0.0030937 secs] 172853K->109934K(233664K), 0.0031827 secs] [Times: user=0.01 sys=0.00, real=0.00 secs] 
2019-12-23T10:26:44.810+0000: 34424.257: [GC (Allocation Failure) 2019-12-23T10:26:44.810+0000: 34424.257: [ParNew: 70328K->3709K(72512K), 0.0026477 secs] 174446K->107961K(233664K), 0.0027415 secs] [Times: user=0.01 sys=0.00, real=0.01 secs] 
2019-12-23T10:26:58.767+0000: 34438.214: [GC (Allocation Failure) 2019-12-23T10:26:58.767+0000: 34438.214: [ParNew: 68221K->4314K(72512K), 0.0026681 secs] 172473K->108566K(233664K), 0.0027747 secs] [Times: user=0.00 sys=0.00, real=0.00 secs] 
2019-12-23T10:27:06.029+0000: 34445.476: [GC (Allocation Failure) 2019-12-23T10:27:06.029+0000: 34445.476: [ParNew: 68826K->5521K(72512K), 0.0029670 secs] 173078K->109772K(233664K), 0.0030706 secs] [Times: user=0.00 sys=0.00, real=0.01 secs] 
2019-12-23T10:27:17.025+0000: 34456.472: [GC (Allocation Failure) 2019-12-23T10:27:17.025+0000: 34456.472: [ParNew: 70033K->5402K(72512K), 0.0032179 secs] 174284K->110802K(233664K), 0.0033159 secs] [Times: user=0.01 sys=0.00, real=0.00 secs] 
2019-12-23T10:27:27.012+0000: 34466.459: [GC (Allocation Failure) 2019-12-23T10:27:27.012+0000: 34466.459: [ParNew: 69914K->4702K(72512K), 0.0031815 secs] 175314K->111053K(233664K), 0.0032814 secs] [Times: user=0.01 sys=0.00, real=0.00 secs] 
2019-12-23T10:27:34.629+0000: 34474.076: [GC (Allocation Failure) 2019-12-23T10:27:34.629+0000: 34474.076: [ParNew: 69214K->5358K(72512K), 0.0028655 secs] 175565K->112662K(233664K), 0.0029451 secs] [Times: user=0.01 sys=0.00, real=0.01 secs] 
2019-12-23T10:27:45.165+0000: 34484.612: [GC (Allocation Failure) 2019-12-23T10:27:45.165+0000: 34484.612: [ParNew: 69870K->5552K(72512K), 0.0029043 secs] 177174K->113808K(233664K), 0.0029885 secs] [Times: user=0.01 sys=0.00, real=0.00 secs] 
2019-12-23T10:27:57.352+0000: 34496.799: [GC (Allocation Failure) 2019-12-23T10:27:57.352+0000: 34496.799: [ParNew: 70064K->5561K(72512K), 0.0031308 secs] 178320K->114769K(233664K), 0.0032351 secs] [Times: user=0.01 sys=0.00, real=0.00 secs] 
2019-12-23T10:28:06.913+0000: 34506.360: [GC (Allocation Failure) 2019-12-23T10:28:06.913+0000: 34506.360: [ParNew: 70073K->5452K(72512K), 0.0030315 secs] 179281K->115511K(233664K), 0.0031314 secs] [Times: user=0.01 sys=0.00, real=0.00 secs] 
2019-12-23T10:28:17.524+0000: 34516.971: [GC (Allocation Failure) 2019-12-23T10:28:17.524+0000: 34516.971: [ParNew: 69964K->6033K(72512K), 0.0031472 secs] 180023K->117044K(233664K), 0.0032462 secs] [Times: user=0.01 sys=0.00, real=0.00 secs] 
2019-12-23T10:28:28.659+0000: 34528.106: [GC (Allocation Failure) 2019-12-23T10:28:28.659+0000: 34528.106: [ParNew: 70545K->5086K(72512K), 0.0030000 secs] 181556K->117050K(233664K), 0.0030874 secs] [Times: user=0.01 sys=0.00, real=0.00 secs] 
2019-12-23T10:28:40.700+0000: 34540.147: [GC (Allocation Failure) 2019-12-23T10:28:40.700+0000: 34540.147: [ParNew: 69598K->6336K(72512K), 0.0031333 secs] 181562K->119279K(233664K), 0.0032195 secs] [Times: user=0.00 sys=0.00, real=0.00 secs] 
2019-12-23T10:28:47.478+0000: 34546.925: [GC (Allocation Failure) 2019-12-23T10:28:47.478+0000: 34546.925: [ParNew: 70848K->4778K(72512K), 0.0028861 secs] 183791K->118674K(233664K), 0.0029965 secs] [Times: user=0.01 sys=0.00, real=0.01 secs] 
2019-12-23T10:28:56.375+0000: 34555.822: [GC (Allocation Failure) 2019-12-23T10:28:56.375+0000: 34555.822: [ParNew: 69290K->5771K(72512K), 0.0029427 secs] 183186K->120618K(233664K), 0.0030365 secs] [Times: user=0.01 sys=0.00, real=0.00 secs] 
2019-12-23T10:29:07.278+0000: 34566.725: [GC (Allocation Failure) 2019-12-23T10:29:07.278+0000: 34566.725: [ParNew: 70283K->4700K(72512K), 0.0041410 secs] 185130K->120499K(233664K), 0.0042152 secs] [Times: user=0.01 sys=0.00, real=0.01 secs] 
2019-12-23T10:29:18.827+0000: 34578.274: [GC (Allocation Failure) 2019-12-23T10:29:18.827+0000: 34578.274: [ParNew: 69212K->4936K(72512K), 0.0028320 secs] 185011K->121822K(233664K), 0.0029225 secs] [Times: user=0.01 sys=0.00, real=0.00 secs] 
2019-12-23T10:29:28.995+0000: 34588.442: [GC (Allocation Failure) 2019-12-23T10:29:28.995+0000: 34588.442: [ParNew: 69448K->4561K(72512K), 0.0027014 secs] 186334K->122400K(233664K), 0.0027868 secs] [Times: user=0.01 sys=0.00, real=0.00 secs] 
2019-12-23T10:29:41.095+0000: 34600.542: [GC (Allocation Failure) 2019-12-23T10:29:41.095+0000: 34600.542: [ParNew: 69073K->5290K(72512K), 0.0027367 secs] 186912K->123953K(233664K), 0.0028139 secs] [Times: user=0.01 sys=0.00, real=0.00 secs] 
2019-12-23T10:29:52.771+0000: 34612.218: [GC (Allocation Failure) 2019-12-23T10:29:52.772+0000: 34612.218: [ParNew: 69802K->5483K(72512K), 0.0028620 secs] 188465K->125098K(233664K), 0.0029341 secs] [Times: user=0.01 sys=0.00, real=0.00 secs] 
2019-12-23T10:29:58.476+0000: 34617.923: [GC (Allocation Failure) 2019-12-23T10:29:58.476+0000: 34617.923: [ParNew: 69995K->5154K(72512K), 0.0028200 secs] 189610K->125720K(233664K), 0.0028966 secs] [Times: user=0.01 sys=0.00, real=0.01 secs] 
2019-12-23T10:30:11.299+0000: 34630.746: [GC (Allocation Failure) 2019-12-23T10:30:11.299+0000: 34630.746: [ParNew: 69666K->5109K(72512K), 0.0028139 secs] 190232K->126627K(233664K), 0.0028857 secs] [Times: user=0.01 sys=0.00, real=0.00 secs] 
2019-12-23T10:30:19.717+0000: 34639.164: [GC (Allocation Failure) 2019-12-23T10:30:19.717+0000: 34639.164: [ParNew: 69621K->6169K(72512K), 0.0030162 secs] 191139K->128639K(233664K), 0.0031148 secs] [Times: user=0.00 sys=0.00, real=0.01 secs] 
2019-12-23T10:30:32.288+0000: 34651.735: [GC (Allocation Failure) 2019-12-23T10:30:32.288+0000: 34651.735: [ParNew: 70681K->6647K(72512K), 0.0030166 secs] 193151K->130069K(233664K), 0.0030910 secs] [Times: user=0.01 sys=0.00, real=0.01 secs] 
2019-12-23T10:30:42.597+0000: 34662.044: [GC (Allocation Failure) 2019-12-23T10:30:42.597+0000: 34662.044: [ParNew: 71159K->6006K(72512K), 0.0028873 secs] 194581K->130381K(233664K), 0.0029631 secs] [Times: user=0.01 sys=0.00, real=0.01 secs] 
2019-12-23T10:30:52.916+0000: 34672.363: [GC (Allocation Failure) 2019-12-23T10:30:52.917+0000: 34672.363: [ParNew: 70518K->6755K(72512K), 0.0029801 secs] 194893K->132081K(233664K), 0.0030549 secs] [Times: user=0.01 sys=0.00, real=0.01 secs] 
2019-12-23T10:30:59.927+0000: 34679.374: [GC (Allocation Failure) 2019-12-23T10:30:59.928+0000: 34679.374: [ParNew: 71267K->6180K(72512K), 0.0029276 secs] 196593K->132458K(233664K), 0.0030156 secs] [Times: user=0.01 sys=0.00, real=0.01 secs] 
2019-12-23T10:31:10.723+0000: 34690.170: [GC (Allocation Failure) 2019-12-23T10:31:10.723+0000: 34690.170: [ParNew: 70692K->7016K(72512K), 0.0034880 secs] 196970K->134246K(233664K), 0.0035590 secs] [Times: user=0.01 sys=0.00, real=0.00 secs] 
2019-12-23T10:31:21.993+0000: 34701.440: [GC (Allocation Failure) 2019-12-23T10:31:21.993+0000: 34701.440: [ParNew: 71528K->6234K(72512K), 0.0033114 secs] 198758K->134544K(233664K), 0.0033870 secs] [Times: user=0.01 sys=0.00, real=0.00 secs] 
2019-12-23T10:31:33.303+0000: 34712.750: [GC (Allocation Failure) 2019-12-23T10:31:33.303+0000: 34712.750: [ParNew: 70746K->6878K(72512K), 0.0029081 secs] 199056K->136140K(233664K), 0.0029775 secs] [Times: user=0.01 sys=0.00, real=0.00 secs] 
2019-12-23T10:31:45.222+0000: 34724.669: [GC (Allocation Failure) 2019-12-23T10:31:45.222+0000: 34724.669: [ParNew: 71390K->5686K(72512K), 0.0029326 secs] 200652K->135900K(233664K), 0.0030088 secs] [Times: user=0.01 sys=0.00, real=0.00 secs] 
2019-12-23T10:31:58.363+0000: 34737.810: [GC (Allocation Failure) 2019-12-23T10:31:58.363+0000: 34737.810: [ParNew: 70198K->5514K(72512K), 0.0029612 secs] 200412K->136680K(233664K), 0.0030331 secs] [Times: user=0.01 sys=0.00, real=0.00 secs] 
2019-12-23T10:32:05.221+0000: 34744.668: [GC (Allocation Failure) 2019-12-23T10:32:05.221+0000: 34744.668: [ParNew: 70026K->5495K(72512K), 0.0028137 secs] 201192K->137612K(233664K), 0.0029061 secs] [Times: user=0.01 sys=0.00, real=0.00 secs] 
2019-12-23T10:32:16.235+0000: 34755.682: [GC (Allocation Failure) 2019-12-23T10:32:16.235+0000: 34755.682: [ParNew: 70007K->5926K(72512K), 0.0029154 secs] 202124K->138996K(233664K), 0.0030013 secs] [Times: user=0.01 sys=0.01, real=0.00 secs] 
2019-12-23T10:32:24.126+0000: 34763.573: [GC (Allocation Failure) 2019-12-23T10:32:24.126+0000: 34763.573: [ParNew: 70438K->4388K(72512K), 0.0025891 secs] 203508K->137654K(233664K), 0.0026867 secs] [Times: user=0.00 sys=0.00, real=0.00 secs] 
2019-12-23T10:32:36.657+0000: 34776.104: [GC (Allocation Failure) 2019-12-23T10:32:36.657+0000: 34776.104: [ParNew: 68900K->4303K(72512K), 0.0025031 secs] 202166K->137569K(233664K), 0.0025778 secs] [Times: user=0.00 sys=0.00, real=0.01 secs] 
2019-12-23T10:32:47.020+0000: 34786.467: [GC (Allocation Failure) 2019-12-23T10:32:47.020+0000: 34786.467: [ParNew: 68815K->4780K(72512K), 0.0028063 secs] 202081K->138440K(233664K), 0.0028897 secs] [Times: user=0.01 sys=0.00, real=0.00 secs] 
2019-12-23T10:33:00.035+0000: 34799.482: [GC (Allocation Failure) 2019-12-23T10:33:00.035+0000: 34799.482: [ParNew: 69292K->4937K(72512K), 0.0028570 secs] 202952K->139614K(233664K), 0.0029360 secs] [Times: user=0.00 sys=0.00, real=0.00 secs] 
2019-12-23T10:33:06.859+0000: 34806.306: [GC (Allocation Failure) 2019-12-23T10:33:06.859+0000: 34806.306: [ParNew: 69449K->5374K(72512K), 0.0057686 secs] 204126K->141004K(233664K), 0.0058581 secs] [Times: user=0.01 sys=0.00, real=0.00 secs] 
2019-12-23T10:33:21.002+0000: 34820.449: [GC (Allocation Failure) 2019-12-23T10:33:21.002+0000: 34820.449: [ParNew: 69886K->5516K(72512K), 0.0029396 secs] 205516K->142035K(233664K), 0.0030170 secs] [Times: user=0.01 sys=0.00, real=0.00 secs] 
2019-12-23T10:33:24.886+0000: 34824.333: [GC (Allocation Failure) 2019-12-23T10:33:24.886+0000: 34824.333: [ParNew: 70028K->6683K(72512K), 0.0029182 secs] 206547K->144154K(233664K), 0.0030064 secs] [Times: user=0.01 sys=0.00, real=0.00 secs] 
2019-12-23T10:33:38.169+0000: 34837.616: [GC (Allocation Failure) 2019-12-23T10:33:38.169+0000: 34837.616: [ParNew: 71195K->6813K(72512K), 0.0029805 secs] 208666K->145237K(233664K), 0.0030554 secs] [Times: user=0.01 sys=0.00, real=0.01 secs] 
2019-12-23T10:33:49.164+0000: 34848.611: [GC (Allocation Failure) 2019-12-23T10:33:49.164+0000: 34848.611: [ParNew: 71325K->6197K(72512K), 0.0029547 secs] 209749K->145572K(233664K), 0.0030359 secs] [Times: user=0.01 sys=0.00, real=0.00 secs] 
2019-12-23T10:33:59.176+0000: 34858.623: [GC (Allocation Failure) 2019-12-23T10:33:59.176+0000: 34858.623: [ParNew: 70709K->4716K(72512K), 0.0028646 secs] 210084K->145043K(233664K), 0.0029444 secs] [Times: user=0.00 sys=0.00, real=0.01 secs] 
2019-12-23T10:34:11.376+0000: 34870.823: [GC (Allocation Failure) 2019-12-23T10:34:11.376+0000: 34870.823: [ParNew: 69228K->5175K(72512K), 0.0029056 secs] 209555K->146454K(233664K), 0.0029829 secs] [Times: user=0.01 sys=0.00, real=0.01 secs] 
2019-12-23T10:34:21.116+0000: 34880.563: [GC (Allocation Failure) 2019-12-23T10:34:21.116+0000: 34880.563: [ParNew: 69687K->4665K(72512K), 0.0028353 secs] 210966K->146795K(233664K), 0.0029086 secs] [Times: user=0.01 sys=0.00, real=0.01 secs] 
2019-12-23T10:34:31.193+0000: 34890.640: [GC (Allocation Failure) 2019-12-23T10:34:31.193+0000: 34890.640: [ParNew: 69177K->4965K(72512K), 0.0030528 secs] 211307K->148047K(233664K), 0.0031522 secs] [Times: user=0.01 sys=0.00, real=0.00 secs] 
2019-12-23T10:34:37.838+0000: 34897.285: [GC (Allocation Failure) 2019-12-23T10:34:37.838+0000: 34897.285: [ParNew: 69477K->4761K(72512K), 0.0026061 secs] 212559K->148795K(233664K), 0.0027048 secs] [Times: user=0.01 sys=0.00, real=0.01 secs] 
2019-12-23T10:34:49.651+0000: 34909.098: [GC (Allocation Failure) 2019-12-23T10:34:49.652+0000: 34909.098: [ParNew: 69273K->4679K(72512K), 0.0027869 secs] 213307K->149801K(233664K), 0.0028644 secs] [Times: user=0.01 sys=0.00, real=0.00 secs] 
2019-12-23T10:35:02.888+0000: 34922.335: [GC (Allocation Failure) 2019-12-23T10:35:02.888+0000: 34922.335: [ParNew: 69191K->4685K(72512K), 0.0028637 secs] 214313K->150758K(233664K), 0.0029658 secs] [Times: user=0.01 sys=0.00, real=0.01 secs] 
2019-12-23T10:35:11.820+0000: 34931.267: [GC (Allocation Failure) 2019-12-23T10:35:11.820+0000: 34931.267: [ParNew: 69197K->5485K(72512K), 0.0030768 secs] 215270K->152377K(233664K), 0.0031611 secs] [Times: user=0.01 sys=0.00, real=0.00 secs] 
2019-12-23T10:35:24.068+0000: 34943.515: [GC (Allocation Failure) 2019-12-23T10:35:24.068+0000: 34943.515: [ParNew: 69997K->4782K(72512K), 0.0036376 secs] 216889K->152722K(233664K), 0.0037154 secs] [Times: user=0.01 sys=0.00, real=0.01 secs] 
2019-12-23T10:35:36.036+0000: 34955.483: [GC (Allocation Failure) 2019-12-23T10:35:36.036+0000: 34955.483: [ParNew: 69294K->4786K(72512K), 0.0028201 secs] 217234K->153743K(233664K), 0.0028863 secs] [Times: user=0.01 sys=0.00, real=0.01 secs] 
2019-12-23T10:35:36.040+0000: 34955.487: [GC (CMS Initial Mark) [1 CMS-initial-mark: 148956K(161152K)] 154425K(233664K), 0.0010576 secs] [Times: user=0.01 sys=0.00, real=0.00 secs] 
2019-12-23T10:35:36.041+0000: 34955.488: [CMS-concurrent-mark-start]
2019-12-23T10:35:36.092+0000: 34955.539: [CMS-concurrent-mark: 0.051/0.051 secs] [Times: user=0.09 sys=0.00, real=0.05 secs] 
2019-12-23T10:35:36.092+0000: 34955.539: [CMS-concurrent-preclean-start]
2019-12-23T10:35:36.093+0000: 34955.540: [CMS-concurrent-preclean: 0.001/0.001 secs] [Times: user=0.00 sys=0.00, real=0.00 secs] 
2019-12-23T10:35:36.093+0000: 34955.540: [CMS-concurrent-abortable-preclean-start]
 CMS: abort preclean due to time 2019-12-23T10:35:41.100+0000: 34960.547: [CMS-concurrent-abortable-preclean: 0.201/5.007 secs] [Times: user=0.29 sys=0.00, real=5.01 secs] 
2019-12-23T10:35:41.101+0000: 34960.548: [GC (CMS Final Remark) [YG occupancy: 58205 K (72512 K)]2019-12-23T10:35:41.101+0000: 34960.548: [Rescan (parallel) , 0.0081558 secs]2019-12-23T10:35:41.109+0000: 34960.556: [weak refs processing, 0.0000648 secs]2019-12-23T10:35:41.109+0000: 34960.556: [class unloading, 0.0087942 secs]2019-12-23T10:35:41.118+0000: 34960.565: [scrub symbol table, 0.0051591 secs]2019-12-23T10:35:41.123+0000: 34960.570: [scrub string table, 0.0006026 secs][1 CMS-remark: 148956K(161152K)] 207162K(233664K), 0.0229709 secs] [Times: user=0.04 sys=0.00, real=0.02 secs] 
2019-12-23T10:35:41.124+0000: 34960.571: [CMS-concurrent-sweep-start]
2019-12-23T10:35:41.135+0000: 34960.582: [CMS-concurrent-sweep: 0.011/0.011 secs] [Times: user=0.01 sys=0.00, real=0.01 secs] 
2019-12-23T10:35:41.136+0000: 34960.582: [CMS-concurrent-reset-start]
2019-12-23T10:35:41.147+0000: 34960.594: [CMS-concurrent-reset: 0.012/0.012 secs] [Times: user=0.02 sys=0.00, real=0.01 secs] 
2019-12-23T10:35:44.071+0000: 34963.518: [GC (Allocation Failure) 2019-12-23T10:35:44.071+0000: 34963.518: [ParNew: 69298K->5388K(72512K), 0.0029956 secs] 97785K->34827K(233664K), 0.0030801 secs] [Times: user=0.00 sys=0.01, real=0.00 secs] 
2019-12-23T10:35:54.532+0000: 34973.979: [GC (Allocation Failure) 2019-12-23T10:35:54.532+0000: 34973.979: [ParNew: 69900K->5510K(72512K), 0.0028181 secs] 99339K->35800K(233664K), 0.0028891 secs] [Times: user=0.01 sys=0.00, real=0.00 secs] 
2019-12-23T10:36:02.106+0000: 34981.553: [GC (Allocation Failure) 2019-12-23T10:36:02.106+0000: 34981.553: [ParNew: 70022K->5382K(72512K), 0.0028860 secs] 100312K->36624K(233664K), 0.0029674 secs] [Times: user=0.01 sys=0.00, real=0.00 secs] 
2019-12-23T10:36:14.573+0000: 34994.020: [GC (Allocation Failure) 2019-12-23T10:36:14.573+0000: 34994.020: [ParNew: 69894K->6017K(72512K), 0.0029983 secs] 101136K->38211K(233664K), 0.0030757 secs] [Times: user=0.01 sys=0.00, real=0.00 secs] 
2019-12-23T10:36:25.717+0000: 35005.164: [GC (Allocation Failure) 2019-12-23T10:36:25.717+0000: 35005.164: [ParNew: 70529K->5497K(72512K), 0.0028199 secs] 102723K->38643K(233664K), 0.0028954 secs] [Times: user=0.00 sys=0.00, real=0.01 secs] 
2019-12-23T10:36:38.876+0000: 35018.323: [GC (Allocation Failure) 2019-12-23T10:36:38.876+0000: 35018.323: [ParNew: 70009K->5902K(72512K), 0.0028717 secs] 103155K->40000K(233664K), 0.0029550 secs] [Times: user=0.01 sys=0.00, real=0.01 secs] 
2019-12-23T10:36:46.400+0000: 35025.847: [GC (Allocation Failure) 2019-12-23T10:36:46.400+0000: 35025.847: [ParNew: 70414K->5994K(72512K), 0.0029179 secs] 104512K->41044K(233664K), 0.0029899 secs] [Times: user=0.01 sys=0.00, real=0.00 secs] 
2019-12-23T10:36:56.753+0000: 35036.200: [GC (Allocation Failure) 2019-12-23T10:36:56.753+0000: 35036.200: [ParNew: 70506K->6068K(72512K), 0.0029076 secs] 105556K->42070K(233664K), 0.0029800 secs] [Times: user=0.01 sys=0.00, real=0.00 secs] 
2019-12-23T10:37:07.683+0000: 35047.130: [GC (Allocation Failure) 2019-12-23T10:37:07.683+0000: 35047.130: [ParNew: 70580K->6089K(72512K), 0.0029392 secs] 106582K->43043K(233664K), 0.0030135 secs] [Times: user=0.01 sys=0.00, real=0.00 secs] 
2019-12-23T10:37:20.578+0000: 35060.025: [GC (Allocation Failure) 2019-12-23T10:37:20.578+0000: 35060.025: [ParNew: 70601K->6095K(72512K), 0.0029888 secs] 107555K->44028K(233664K), 0.0030659 secs] [Times: user=0.01 sys=0.00, real=0.01 secs] 
2019-12-23T10:37:32.122+0000: 35071.569: [GC (Allocation Failure) 2019-12-23T10:37:32.122+0000: 35071.569: [ParNew: 70607K->6840K(72512K), 0.0029683 secs] 108540K->45725K(233664K), 0.0030476 secs] [Times: user=0.00 sys=0.01, real=0.00 secs] 
2019-12-23T10:37:44.878+0000: 35084.325: [GC (Allocation Failure) 2019-12-23T10:37:44.878+0000: 35084.325: [ParNew: 71352K->5616K(72512K), 0.0029340 secs] 110237K->45452K(233664K), 0.0030077 secs] [Times: user=0.01 sys=0.00, real=0.01 secs] 
2019-12-23T10:37:50.262+0000: 35089.709: [GC (Allocation Failure) 2019-12-23T10:37:50.262+0000: 35089.709: [ParNew: 70128K->5195K(72512K), 0.0030224 secs] 109964K->45984K(233664K), 0.0031017 secs] [Times: user=0.01 sys=0.00, real=0.00 secs] 
2019-12-23T10:38:01.147+0000: 35100.594: [GC (Allocation Failure) 2019-12-23T10:38:01.147+0000: 35100.594: [ParNew: 69707K->3787K(72512K), 0.0025174 secs] 110496K->44970K(233664K), 0.0025907 secs] [Times: user=0.01 sys=0.00, real=0.00 secs] 
2019-12-23T10:38:11.732+0000: 35111.179: [GC (Allocation Failure) 2019-12-23T10:38:11.732+0000: 35111.179: [ParNew: 68299K->3664K(72512K), 0.0024706 secs] 109482K->44847K(233664K), 0.0025470 secs] [Times: user=0.01 sys=0.01, real=0.00 secs] 
2019-12-23T10:38:28.308+0000: 35127.755: [GC (Allocation Failure) 2019-12-23T10:38:28.309+0000: 35127.755: [ParNew: 68176K->4408K(72512K), 0.0026993 secs] 109359K->45591K(233664K), 0.0027737 secs] [Times: user=0.00 sys=0.00, real=0.01 secs] 
2019-12-23T10:38:37.795+0000: 35137.242: [GC (Allocation Failure) 2019-12-23T10:38:37.795+0000: 35137.242: [ParNew: 68920K->5099K(72512K), 0.0026061 secs] 110103K->46282K(233664K), 0.0027267 secs] [Times: user=0.01 sys=0.00, real=0.00 secs] 
2019-12-23T10:38:51.107+0000: 35150.553: [GC (Allocation Failure) 2019-12-23T10:38:51.107+0000: 35150.554: [ParNew: 69611K->4578K(72512K), 0.0029776 secs] 110794K->47122K(233664K), 0.0030562 secs] [Times: user=0.01 sys=0.00, real=0.00 secs] 
2019-12-23T10:38:58.441+0000: 35157.888: [GC (Allocation Failure) 2019-12-23T10:38:58.441+0000: 35157.888: [ParNew: 69090K->4929K(72512K), 0.0038656 secs] 111634K->48425K(233664K), 0.0039501 secs] [Times: user=0.01 sys=0.00, real=0.00 secs] 
2019-12-23T10:39:12.302+0000: 35171.749: [GC (Allocation Failure) 2019-12-23T10:39:12.302+0000: 35171.749: [ParNew: 69441K->5529K(72512K), 0.0067257 secs] 112937K->49939K(233664K), 0.0068311 secs] [Times: user=0.01 sys=0.00, real=0.00 secs] 
2019-12-23T10:39:19.154+0000: 35178.601: [GC (Allocation Failure) 2019-12-23T10:39:19.154+0000: 35178.601: [ParNew: 70041K->5841K(72512K), 0.0030536 secs] 114451K->51203K(233664K), 0.0031362 secs] [Times: user=0.01 sys=0.00, real=0.00 secs] 
2019-12-23T10:39:31.516+0000: 35190.963: [GC (Allocation Failure) 2019-12-23T10:39:31.516+0000: 35190.963: [ParNew: 70353K->4918K(72512K), 0.0030143 secs] 115715K->51296K(233664K), 0.0030906 secs] [Times: user=0.01 sys=0.00, real=0.01 secs] 
2019-12-23T10:39:36.950+0000: 35196.397: [GC (Allocation Failure) 2019-12-23T10:39:36.950+0000: 35196.397: [ParNew: 69430K->5190K(72512K), 0.0029418 secs] 115808K->52520K(233664K), 0.0030296 secs] [Times: user=0.01 sys=0.00, real=0.01 secs] 
2019-12-23T10:39:46.673+0000: 35206.120: [GC (Allocation Failure) 2019-12-23T10:39:46.673+0000: 35206.120: [ParNew: 69702K->6032K(72512K), 0.0029066 secs] 117032K->54314K(233664K), 0.0029966 secs] [Times: user=0.01 sys=0.00, real=0.00 secs] 
2019-12-23T10:39:55.658+0000: 35215.105: [GC (Allocation Failure) 2019-12-23T10:39:55.658+0000: 35215.105: [ParNew: 70544K->5456K(72512K), 0.0029263 secs] 118826K->54690K(233664K), 0.0030065 secs] [Times: user=0.01 sys=0.00, real=0.01 secs] 
2019-12-23T10:40:07.220+0000: 35226.667: [GC (Allocation Failure) 2019-12-23T10:40:07.220+0000: 35226.667: [ParNew: 69968K->5084K(72512K), 0.0030054 secs] 119202K->55270K(233664K), 0.0030846 secs] [Times: user=0.01 sys=0.00, real=0.00 secs] 
2019-12-23T10:40:16.228+0000: 35235.675: [GC (Allocation Failure) 2019-12-23T10:40:16.228+0000: 35235.675: [ParNew: 69596K->6165K(72512K), 0.0030385 secs] 119782K->57303K(233664K), 0.0031195 secs] [Times: user=0.01 sys=0.00, real=0.01 secs] 
2019-12-23T10:40:35.233+0000: 35254.680: [GC (Allocation Failure) 2019-12-23T10:40:35.234+0000: 35254.680: [ParNew: 70677K->4819K(72512K), 0.0026918 secs] 121815K->56936K(233664K), 0.0027794 secs] [Times: user=0.01 sys=0.00, real=0.00 secs] 
2019-12-23T10:40:44.702+0000: 35264.149: [GC (Allocation Failure) 2019-12-23T10:40:44.702+0000: 35264.149: [ParNew: 69331K->4729K(72512K), 0.0026516 secs] 121448K->57825K(233664K), 0.0027294 secs] [Times: user=0.00 sys=0.00, real=0.00 secs] 
2019-12-23T10:40:55.259+0000: 35274.706: [GC (Allocation Failure) 2019-12-23T10:40:55.259+0000: 35274.706: [ParNew: 69241K->4834K(72512K), 0.0028505 secs] 122337K->58882K(233664K), 0.0029420 secs] [Times: user=0.01 sys=0.00, real=0.00 secs] 
2019-12-23T10:41:11.905+0000: 35291.352: [GC (Allocation Failure) 2019-12-23T10:41:11.905+0000: 35291.352: [ParNew: 69346K->5510K(72512K), 0.0032241 secs] 123394K->60511K(233664K), 0.0033574 secs] [Times: user=0.01 sys=0.00, real=0.00 secs] 
2019-12-23T10:41:13.537+0000: 35292.984: [GC (Allocation Failure) 2019-12-23T10:41:13.537+0000: 35292.984: [ParNew: 70022K->6192K(72512K), 0.0029915 secs] 125023K->62146K(233664K), 0.0030632 secs] [Times: user=0.00 sys=0.00, real=0.01 secs] 
2019-12-23T10:41:32.214+0000: 35311.661: [GC (Allocation Failure) 2019-12-23T10:41:32.214+0000: 35311.661: [ParNew: 70704K->5928K(72512K), 0.0028406 secs] 126658K->62969K(233664K), 0.0029117 secs] [Times: user=0.01 sys=0.00, real=0.00 secs] 
2019-12-23T10:41:37.552+0000: 35316.999: [GC (Allocation Failure) 2019-12-23T10:41:37.552+0000: 35316.999: [ParNew: 70440K->6622K(72512K), 0.0028713 secs] 127481K->64615K(233664K), 0.0029643 secs] [Times: user=0.01 sys=0.00, real=0.00 secs] 
2019-12-23T10:41:52.200+0000: 35331.647: [GC (Allocation Failure) 2019-12-23T10:41:52.200+0000: 35331.647: [ParNew: 71134K->5907K(72512K), 0.0027889 secs] 129127K->64851K(233664K), 0.0028704 secs] [Times: user=0.00 sys=0.00, real=0.00 secs] 
2019-12-23T10:42:04.085+0000: 35343.532: [GC (Allocation Failure) 2019-12-23T10:42:04.085+0000: 35343.532: [ParNew: 70419K->4966K(72512K), 0.0029279 secs] 129363K->64862K(233664K), 0.0030070 secs] [Times: user=0.01 sys=0.00, real=0.00 secs] 
2019-12-23T10:42:13.781+0000: 35353.228: [GC (Allocation Failure) 2019-12-23T10:42:13.781+0000: 35353.228: [ParNew: 69478K->5357K(72512K), 0.0029438 secs] 129374K->66205K(233664K), 0.0030167 secs] [Times: user=0.01 sys=0.00, real=0.00 secs] 
2019-12-23T10:42:27.699+0000: 35367.146: [GC (Allocation Failure) 2019-12-23T10:42:27.699+0000: 35367.146: [ParNew: 69869K->5703K(72512K), 0.0027499 secs] 130717K->67502K(233664K), 0.0028513 secs] [Times: user=0.00 sys=0.00, real=0.00 secs] 
2019-12-23T10:42:38.543+0000: 35377.990: [GC (Allocation Failure) 2019-12-23T10:42:38.543+0000: 35377.990: [ParNew: 70215K->5182K(72512K), 0.0030018 secs] 132014K->67961K(233664K), 0.0030749 secs] [Times: user=0.01 sys=0.01, real=0.00 secs] 
2019-12-23T10:42:49.824+0000: 35389.271: [GC (Allocation Failure) 2019-12-23T10:42:49.824+0000: 35389.271: [ParNew: 69694K->5332K(72512K), 0.0028958 secs] 132473K->69063K(233664K), 0.0029707 secs] [Times: user=0.01 sys=0.00, real=0.00 secs] 
2019-12-23T10:43:03.035+0000: 35402.482: [GC (Allocation Failure) 2019-12-23T10:43:03.035+0000: 35402.482: [ParNew: 69844K->5459K(72512K), 0.0029069 secs] 133575K->70142K(233664K), 0.0029866 secs] [Times: user=0.00 sys=0.00, real=0.00 secs] 
2019-12-23T10:43:08.570+0000: 35408.017: [GC (Allocation Failure) 2019-12-23T10:43:08.570+0000: 35408.017: [ParNew: 69971K->5815K(72512K), 0.0032636 secs] 134654K->71449K(233664K), 0.0033356 secs] [Times: user=0.01 sys=0.00, real=0.01 secs] 
2019-12-23T10:43:25.269+0000: 35424.716: [GC (Allocation Failure) 2019-12-23T10:43:25.269+0000: 35424.716: [ParNew: 70327K->5183K(72512K), 0.0031618 secs] 135961K->71769K(233664K), 0.0032510 secs] [Times: user=0.01 sys=0.00, real=0.01 secs] 
2019-12-23T10:43:28.773+0000: 35428.220: [GC (Allocation Failure) 2019-12-23T10:43:28.773+0000: 35428.220: [ParNew: 69695K->5769K(72512K), 0.0028583 secs] 136281K->73307K(233664K), 0.0029274 secs] [Times: user=0.01 sys=0.00, real=0.00 secs] 
2019-12-23T10:43:44.782+0000: 35444.229: [GC (Allocation Failure) 2019-12-23T10:43:44.782+0000: 35444.229: [ParNew: 70281K->3301K(72512K), 0.0024769 secs] 137819K->71033K(233664K), 0.0025638 secs] [Times: user=0.01 sys=0.00, real=0.00 secs] 
2019-12-23T10:43:54.366+0000: 35453.813: [GC (Allocation Failure) 2019-12-23T10:43:54.366+0000: 35453.813: [ParNew: 67813K->4038K(72512K), 0.0036873 secs] 135545K->71770K(233664K), 0.0037643 secs] [Times: user=0.01 sys=0.00, real=0.00 secs] 
2019-12-23T10:44:06.894+0000: 35466.341: [GC (Allocation Failure) 2019-12-23T10:44:06.894+0000: 35466.341: [ParNew: 68550K->5074K(72512K), 0.0026482 secs] 136282K->72807K(233664K), 0.0027201 secs] [Times: user=0.01 sys=0.00, real=0.00 secs] 
2019-12-23T10:44:19.866+0000: 35479.313: [GC (Allocation Failure) 2019-12-23T10:44:19.866+0000: 35479.313: [ParNew: 69586K->5372K(72512K), 0.0033602 secs] 137319K->74367K(233664K), 0.0034676 secs] [Times: user=0.01 sys=0.00, real=0.00 secs] 
2019-12-23T10:44:26.180+0000: 35485.627: [GC (Allocation Failure) 2019-12-23T10:44:26.180+0000: 35485.627: [ParNew: 69884K->5625K(72512K), 0.0029457 secs] 138879K->75600K(233664K), 0.0030172 secs] [Times: user=0.01 sys=0.00, real=0.00 secs] 
2019-12-23T10:44:37.816+0000: 35497.262: [GC (Allocation Failure) 2019-12-23T10:44:37.816+0000: 35497.263: [ParNew: 70137K->5918K(72512K), 0.0028636 secs] 140112K->76846K(233664K), 0.0029665 secs] [Times: user=0.00 sys=0.00, real=0.01 secs] 
2019-12-23T10:44:47.377+0000: 35506.824: [GC (Allocation Failure) 2019-12-23T10:44:47.377+0000: 35506.824: [ParNew: 70430K->4935K(72512K), 0.0028137 secs] 141358K->76814K(233664K), 0.0029096 secs] [Times: user=0.01 sys=0.00, real=0.01 secs] 
2019-12-23T10:45:00.956+0000: 35520.403: [GC (Allocation Failure) 2019-12-23T10:45:00.956+0000: 35520.403: [ParNew: 69447K->5663K(72512K), 0.0027873 secs] 141326K->78495K(233664K), 0.0028825 secs] [Times: user=0.01 sys=0.00, real=0.01 secs] 
2019-12-23T10:45:14.324+0000: 35533.771: [GC (Allocation Failure) 2019-12-23T10:45:14.324+0000: 35533.771: [ParNew: 70175K->4899K(72512K), 0.0030909 secs] 143007K->78682K(233664K), 0.0031706 secs] [Times: user=0.01 sys=0.00, real=0.00 secs] 
2019-12-23T10:45:22.444+0000: 35541.891: [GC (Allocation Failure) 2019-12-23T10:45:22.445+0000: 35541.891: [ParNew: 69411K->5099K(72512K), 0.0030032 secs] 143194K->79834K(233664K), 0.0030775 secs] [Times: user=0.01 sys=0.00, real=0.00 secs] 
2019-12-23T10:45:39.568+0000: 35559.015: [GC (Allocation Failure) 2019-12-23T10:45:39.568+0000: 35559.015: [ParNew: 69611K->5219K(72512K), 0.0029292 secs] 144346K->80905K(233664K), 0.0029990 secs] [Times: user=0.01 sys=0.00, real=0.01 secs] 
2019-12-23T10:45:41.061+0000: 35560.508: [GC (Allocation Failure) 2019-12-23T10:45:41.061+0000: 35560.508: [ParNew: 69731K->5464K(72512K), 0.0028278 secs] 145417K->81973K(233664K), 0.0029033 secs] [Times: user=0.00 sys=0.00, real=0.00 secs] 
2019-12-23T10:45:57.545+0000: 35576.992: [GC (Allocation Failure) 2019-12-23T10:45:57.545+0000: 35576.992: [ParNew: 69976K->5628K(72512K), 0.0027786 secs] 146485K->83089K(233664K), 0.0028712 secs] [Times: user=0.00 sys=0.00, real=0.00 secs] 
2019-12-23T10:46:05.819+0000: 35585.266: [GC (Allocation Failure) 2019-12-23T10:46:05.819+0000: 35585.266: [ParNew: 70140K->5383K(72512K), 0.0029688 secs] 147601K->83796K(233664K), 0.0030645 secs] [Times: user=0.01 sys=0.00, real=0.00 secs] 
2019-12-23T10:46:18.441+0000: 35597.888: [GC (Allocation Failure) 2019-12-23T10:46:18.441+0000: 35597.888: [ParNew: 69895K->5525K(72512K), 0.0027952 secs] 148308K->84890K(233664K), 0.0028818 secs] [Times: user=0.00 sys=0.00, real=0.00 secs] 
2019-12-23T10:46:31.227+0000: 35610.674: [GC (Allocation Failure) 2019-12-23T10:46:31.227+0000: 35610.674: [ParNew: 70037K->5866K(72512K), 0.0027314 secs] 149402K->86210K(233664K), 0.0028059 secs] [Times: user=0.01 sys=0.00, real=0.00 secs] 
2019-12-23T10:46:36.909+0000: 35616.355: [GC (Allocation Failure) 2019-12-23T10:46:36.909+0000: 35616.355: [ParNew: 70378K->4677K(72512K), 0.0026143 secs] 150722K->85845K(233664K), 0.0026910 secs] [Times: user=0.01 sys=0.00, real=0.01 secs] 
2019-12-23T10:46:53.289+0000: 35632.736: [GC (Allocation Failure) 2019-12-23T10:46:53.289+0000: 35632.736: [ParNew: 69189K->4658K(72512K), 0.0026979 secs] 150357K->86778K(233664K), 0.0027747 secs] [Times: user=0.01 sys=0.00, real=0.01 secs] 
2019-12-23T10:46:58.014+0000: 35637.461: [GC (Allocation Failure) 2019-12-23T10:46:58.014+0000: 35637.461: [ParNew: 69170K->4792K(72512K), 0.0027444 secs] 151290K->87867K(233664K), 0.0028202 secs] [Times: user=0.01 sys=0.00, real=0.00 secs] 
2019-12-23T10:47:12.719+0000: 35652.166: [GC (Allocation Failure) 2019-12-23T10:47:12.719+0000: 35652.166: [ParNew: 69304K->4999K(72512K), 0.0042134 secs] 152379K->89024K(233664K), 0.0043143 secs] [Times: user=0.01 sys=0.00, real=0.00 secs] 
2019-12-23T10:47:24.068+0000: 35663.515: [GC (Allocation Failure) 2019-12-23T10:47:24.068+0000: 35663.515: [ParNew: 69511K->5138K(72512K), 0.0028475 secs] 153536K->90114K(233664K), 0.0029215 secs] [Times: user=0.01 sys=0.00, real=0.01 secs] 
2019-12-23T10:47:37.303+0000: 35676.750: [GC (Allocation Failure) 2019-12-23T10:47:37.303+0000: 35676.750: [ParNew: 69650K->4811K(72512K), 0.0026597 secs] 154626K->90874K(233664K), 0.0027286 secs] [Times: user=0.01 sys=0.00, real=0.00 secs] 
2019-12-23T10:47:49.865+0000: 35689.312: [GC (Allocation Failure) 2019-12-23T10:47:49.865+0000: 35689.312: [ParNew: 69323K->5055K(72512K), 0.0038818 secs] 155386K->91943K(233664K), 0.0040019 secs] [Times: user=0.01 sys=0.00, real=0.00 secs] 
2019-12-23T10:48:03.307+0000: 35702.754: [GC (Allocation Failure) 2019-12-23T10:48:03.307+0000: 35702.754: [ParNew: 69567K->5234K(72512K), 0.0027364 secs] 156455K->93073K(233664K), 0.0028176 secs] [Times: user=0.00 sys=0.00, real=0.00 secs] 
2019-12-23T10:48:08.408+0000: 35707.855: [GC (Allocation Failure) 2019-12-23T10:48:08.408+0000: 35707.855: [ParNew: 69746K->5601K(72512K), 0.0028201 secs] 157585K->94391K(233664K), 0.0029068 secs] [Times: user=0.01 sys=0.00, real=0.01 secs] 
2019-12-23T10:48:24.004+0000: 35723.451: [GC (Allocation Failure) 2019-12-23T10:48:24.004+0000: 35723.451: [ParNew: 70113K->5146K(72512K), 0.0028255 secs] 158903K->94787K(233664K), 0.0028977 secs] [Times: user=0.01 sys=0.00, real=0.00 secs] 
2019-12-23T10:48:29.341+0000: 35728.788: [GC (Allocation Failure) 2019-12-23T10:48:29.341+0000: 35728.788: [ParNew: 69658K->4884K(72512K), 0.0029119 secs] 159299K->95477K(233664K), 0.0029918 secs] [Times: user=0.01 sys=0.00, real=0.00 secs] 
2019-12-23T10:48:42.913+0000: 35742.360: [GC (Allocation Failure) 2019-12-23T10:48:42.913+0000: 35742.360: [ParNew: 69396K->5058K(72512K), 0.0028537 secs] 159989K->96604K(233664K), 0.0029222 secs] [Times: user=0.01 sys=0.00, real=0.00 secs] 
2019-12-23T10:48:56.556+0000: 35756.003: [GC (Allocation Failure) 2019-12-23T10:48:56.556+0000: 35756.003: [ParNew: 69570K->5749K(72512K), 0.0046731 secs] 161116K->98374K(233664K), 0.0047666 secs] [Times: user=0.01 sys=0.00, real=0.01 secs] 
2019-12-23T10:49:02.216+0000: 35761.663: [GC (Allocation Failure) 2019-12-23T10:49:02.216+0000: 35761.663: [ParNew: 70261K->5554K(72512K), 0.0031215 secs] 162886K->99132K(233664K), 0.0031893 secs] [Times: user=0.01 sys=0.00, real=0.01 secs] 
2019-12-23T10:49:12.401+0000: 35771.848: [GC (Allocation Failure) 2019-12-23T10:49:12.401+0000: 35771.848: [ParNew: 70066K->5344K(72512K), 0.0031445 secs] 163644K->99873K(233664K), 0.0032282 secs] [Times: user=0.01 sys=0.00, real=0.00 secs] 
2019-12-23T10:49:22.931+0000: 35782.378: [GC (Allocation Failure) 2019-12-23T10:49:22.931+0000: 35782.378: [ParNew: 69856K->4882K(72512K), 0.0027158 secs] 164385K->99675K(233664K), 0.0027984 secs] [Times: user=0.01 sys=0.00, real=0.00 secs] 
2019-12-23T10:49:36.027+0000: 35795.474: [GC (Allocation Failure) 2019-12-23T10:49:36.027+0000: 35795.474: [ParNew: 69394K->5339K(72512K), 0.0027363 secs] 164187K->100132K(233664K), 0.0028238 secs] [Times: user=0.01 sys=0.00, real=0.00 secs] 
2019-12-23T10:49:48.397+0000: 35807.844: [GC (Allocation Failure) 2019-12-23T10:49:48.397+0000: 35807.844: [ParNew: 69851K->5266K(72512K), 0.0029716 secs] 164644K->100518K(233664K), 0.0030650 secs] [Times: user=0.00 sys=0.00, real=0.01 secs] 
2019-12-23T10:49:58.589+0000: 35818.036: [GC (Allocation Failure) 2019-12-23T10:49:58.589+0000: 35818.036: [ParNew: 69778K->5151K(72512K), 0.0030365 secs] 165030K->101742K(233664K), 0.0031242 secs] [Times: user=0.01 sys=0.00, real=0.01 secs] 
2019-12-23T10:50:14.547+0000: 35833.994: [GC (Allocation Failure) 2019-12-23T10:50:14.547+0000: 35833.994: [ParNew: 69663K->6532K(72512K), 0.0029649 secs] 166254K->104074K(233664K), 0.0030647 secs] [Times: user=0.00 sys=0.00, real=0.01 secs] 
2019-12-23T10:50:17.331+0000: 35836.778: [GC (Allocation Failure) 2019-12-23T10:50:17.331+0000: 35836.778: [ParNew: 71044K->4785K(72512K), 0.0029419 secs] 168586K->103279K(233664K), 0.0030213 secs] [Times: user=0.00 sys=0.00, real=0.00 secs] 
2019-12-23T10:50:32.736+0000: 35852.183: [GC (Allocation Failure) 2019-12-23T10:50:32.736+0000: 35852.183: [ParNew: 69297K->4863K(72512K), 0.0031967 secs] 167791K->104309K(233664K), 0.0032749 secs] [Times: user=0.01 sys=0.00, real=0.01 secs] 
2019-12-23T10:50:39.471+0000: 35858.918: [GC (Allocation Failure) 2019-12-23T10:50:39.471+0000: 35858.918: [ParNew: 69375K->4844K(72512K), 0.0029378 secs] 168821K->105242K(233664K), 0.0030189 secs] [Times: user=0.01 sys=0.00, real=0.00 secs] 
2019-12-23T10:50:52.497+0000: 35871.944: [GC (Allocation Failure) 2019-12-23T10:50:52.497+0000: 35871.944: [ParNew: 69356K->5674K(72512K), 0.0028722 secs] 169754K->107024K(233664K), 0.0029572 secs] [Times: user=0.01 sys=0.00, real=0.01 secs] 
2019-12-23T10:51:04.899+0000: 35884.346: [GC (Allocation Failure) 2019-12-23T10:51:04.899+0000: 35884.346: [ParNew: 70186K->5947K(72512K), 0.0030220 secs] 171536K->108249K(233664K), 0.0031062 secs] [Times: user=0.01 sys=0.00, real=0.00 secs] 
2019-12-23T10:51:12.629+0000: 35892.076: [GC (Allocation Failure) 2019-12-23T10:51:12.629+0000: 35892.076: [ParNew: 70459K->6619K(72512K), 0.0032425 secs] 172761K->109872K(233664K), 0.0033355 secs] [Times: user=0.01 sys=0.00, real=0.01 secs] 
2019-12-23T10:51:23.721+0000: 35903.167: [GC (Allocation Failure) 2019-12-23T10:51:23.721+0000: 35903.168: [ParNew: 71131K->6024K(72512K), 0.0031677 secs] 174384K->110230K(233664K), 0.0032549 secs] [Times: user=0.00 sys=0.00, real=0.00 secs] 
2019-12-23T10:51:32.436+0000: 35911.883: [GC (Allocation Failure) 2019-12-23T10:51:32.436+0000: 35911.883: [ParNew: 70536K->6059K(72512K), 0.0030187 secs] 174742K->111216K(233664K), 0.0031019 secs] [Times: user=0.00 sys=0.00, real=0.01 secs] 
2019-12-23T10:51:46.753+0000: 35926.200: [GC (Allocation Failure) 2019-12-23T10:51:46.753+0000: 35926.200: [ParNew: 70571K->6102K(72512K), 0.0029108 secs] 175728K->112211K(233664K), 0.0030079 secs] [Times: user=0.00 sys=0.00, real=0.00 secs] 
2019-12-23T10:51:59.385+0000: 35938.832: [GC (Allocation Failure) 2019-12-23T10:51:59.385+0000: 35938.832: [ParNew: 70614K->6910K(72512K), 0.0027378 secs] 176723K->113971K(233664K), 0.0028189 secs] [Times: user=0.01 sys=0.00, real=0.00 secs] 
2019-12-23T10:52:12.348+0000: 35951.795: [GC (Allocation Failure) 2019-12-23T10:52:12.348+0000: 35951.795: [ParNew: 71422K->5975K(72512K), 0.0030194 secs] 178483K->114015K(233664K), 0.0030943 secs] [Times: user=0.01 sys=0.00, real=0.01 secs] 
2019-12-23T10:52:24.197+0000: 35963.644: [GC (Allocation Failure) 2019-12-23T10:52:24.197+0000: 35963.644: [ParNew: 70487K->5368K(72512K), 0.0026557 secs] 178527K->114360K(233664K), 0.0027357 secs] [Times: user=0.01 sys=0.00, real=0.01 secs] 
2019-12-23T10:52:27.415+0000: 35966.862: [GC (Allocation Failure) 2019-12-23T10:52:27.415+0000: 35966.862: [ParNew: 69880K->4707K(72512K), 0.0026826 secs] 178872K->114787K(233664K), 0.0027901 secs] [Times: user=0.01 sys=0.00, real=0.00 secs] 
2019-12-23T10:52:42.139+0000: 35981.586: [GC (Allocation Failure) 2019-12-23T10:52:42.139+0000: 35981.586: [ParNew: 69219K->5098K(72512K), 0.0030467 secs] 179299K->116129K(233664K), 0.0031243 secs] [Times: user=0.00 sys=0.00, real=0.00 secs] 
2019-12-23T10:52:51.674+0000: 35991.121: [GC (Allocation Failure) 2019-12-23T10:52:51.674+0000: 35991.121: [ParNew: 69610K->5076K(72512K), 0.0028859 secs] 180641K->116925K(233664K), 0.0029741 secs] [Times: user=0.00 sys=0.00, real=0.00 secs] 
2019-12-23T10:53:04.386+0000: 36003.833: [GC (Allocation Failure) 2019-12-23T10:53:04.386+0000: 36003.833: [ParNew: 69588K->5010K(72512K), 0.0032511 secs] 181437K->117810K(233664K), 0.0033626 secs] [Times: user=0.01 sys=0.00, real=0.00 secs] 
2019-12-23T10:53:17.084+0000: 36016.531: [GC (Allocation Failure) 2019-12-23T10:53:17.084+0000: 36016.531: [ParNew: 69522K->5199K(72512K), 0.0030711 secs] 182322K->118951K(233664K), 0.0031639 secs] [Times: user=0.01 sys=0.00, real=0.00 secs] 
2019-12-23T10:53:20.869+0000: 36020.316: [GC (Allocation Failure) 2019-12-23T10:53:20.869+0000: 36020.316: [ParNew: 69711K->4848K(72512K), 0.0030139 secs] 183463K->119553K(233664K), 0.0030948 secs] [Times: user=0.01 sys=0.00, real=0.01 secs] 
2019-12-23T10:53:34.521+0000: 36033.968: [GC (Allocation Failure) 2019-12-23T10:53:34.521+0000: 36033.968: [ParNew: 69360K->5907K(72512K), 0.0029971 secs] 184065K->121564K(233664K), 0.0030923 secs] [Times: user=0.01 sys=0.00, real=0.00 secs] 
2019-12-23T10:53:43.739+0000: 36043.186: [GC (Allocation Failure) 2019-12-23T10:53:43.739+0000: 36043.186: [ParNew: 70419K->4948K(72512K), 0.0028379 secs] 186076K->121556K(233664K), 0.0029211 secs] [Times: user=0.01 sys=0.00, real=0.00 secs] 
2019-12-23T10:53:56.947+0000: 36056.394: [GC (Allocation Failure) 2019-12-23T10:53:56.947+0000: 36056.394: [ParNew: 69460K->4710K(72512K), 0.0044003 secs] 186068K->122272K(233664K), 0.0044754 secs] [Times: user=0.01 sys=0.00, real=0.01 secs] 
2019-12-23T10:54:09.751+0000: 36069.198: [GC (Allocation Failure) 2019-12-23T10:54:09.752+0000: 36069.198: [ParNew: 69222K->4878K(72512K), 0.0028891 secs] 186784K->123550K(233664K), 0.0029663 secs] [Times: user=0.00 sys=0.00, real=0.00 secs] 
2019-12-23T10:54:22.177+0000: 36081.624: [GC (Allocation Failure) 2019-12-23T10:54:22.177+0000: 36081.624: [ParNew: 69390K->5567K(72512K), 0.0030534 secs] 188062K->125193K(233664K), 0.0031312 secs] [Times: user=0.01 sys=0.00, real=0.01 secs] 
2019-12-23T10:54:31.399+0000: 36090.846: [GC (Allocation Failure) 2019-12-23T10:54:31.400+0000: 36090.846: [ParNew: 70079K->5066K(72512K), 0.0028400 secs] 189705K->125778K(233664K), 0.0029210 secs] [Times: user=0.01 sys=0.00, real=0.00 secs] 
2019-12-23T10:54:40.464+0000: 36099.911: [GC (Allocation Failure) 2019-12-23T10:54:40.464+0000: 36099.911: [ParNew: 69578K->4903K(72512K), 0.0028821 secs] 190290K->126566K(233664K), 0.0029486 secs] [Times: user=0.01 sys=0.00, real=0.00 secs] 
2019-12-23T10:54:50.537+0000: 36109.984: [GC (Allocation Failure) 2019-12-23T10:54:50.537+0000: 36109.984: [ParNew: 69415K->4066K(72512K), 0.0025612 secs] 191078K->126124K(233664K), 0.0026702 secs] [Times: user=0.00 sys=0.00, real=0.01 secs] 
2019-12-23T10:55:01.893+0000: 36121.340: [GC (Allocation Failure) 2019-12-23T10:55:01.893+0000: 36121.340: [ParNew: 68578K->4685K(72512K), 0.0028929 secs] 190636K->126743K(233664K), 0.0029825 secs] [Times: user=0.01 sys=0.00, real=0.00 secs] 
2019-12-23T10:55:14.443+0000: 36133.890: [GC (Allocation Failure) 2019-12-23T10:55:14.443+0000: 36133.890: [ParNew: 69197K->4972K(72512K), 0.0026043 secs] 191255K->127030K(233664K), 0.0026822 secs] [Times: user=0.00 sys=0.01, real=0.00 secs] 
2019-12-23T10:55:28.369+0000: 36147.815: [GC (Allocation Failure) 2019-12-23T10:55:28.369+0000: 36147.816: [ParNew: 69484K->4625K(72512K), 0.0030355 secs] 191542K->128020K(233664K), 0.0031175 secs] [Times: user=0.01 sys=0.00, real=0.01 secs] 
2019-12-23T10:55:33.229+0000: 36152.676: [GC (Allocation Failure) 2019-12-23T10:55:33.229+0000: 36152.676: [ParNew: 69137K->4611K(72512K), 0.0027453 secs] 192532K->128958K(233664K), 0.0028247 secs] [Times: user=0.00 sys=0.00, real=0.01 secs] 
2019-12-23T10:55:48.201+0000: 36167.648: [GC (Allocation Failure) 2019-12-23T10:55:48.201+0000: 36167.648: [ParNew: 69123K->5053K(72512K), 0.0030264 secs] 193470K->130351K(233664K), 0.0030958 secs] [Times: user=0.01 sys=0.00, real=0.00 secs] 
2019-12-23T10:55:56.564+0000: 36176.011: [GC (Allocation Failure) 2019-12-23T10:55:56.564+0000: 36176.011: [ParNew: 69565K->5343K(72512K), 0.0028371 secs] 194863K->131594K(233664K), 0.0029129 secs] [Times: user=0.01 sys=0.00, real=0.00 secs] 
2019-12-23T10:56:09.493+0000: 36188.940: [GC (Allocation Failure) 2019-12-23T10:56:09.493+0000: 36188.940: [ParNew: 69855K->5739K(72512K), 0.0029163 secs] 196106K->132841K(233664K), 0.0029922 secs] [Times: user=0.01 sys=0.00, real=0.00 secs] 
2019-12-23T10:56:21.925+0000: 36201.372: [GC (Allocation Failure) 2019-12-23T10:56:21.925+0000: 36201.372: [ParNew: 70251K->5782K(72512K), 0.0031962 secs] 197353K->133836K(233664K), 0.0032775 secs] [Times: user=0.01 sys=0.00, real=0.00 secs] 
2019-12-23T10:56:31.307+0000: 36210.754: [GC (Allocation Failure) 2019-12-23T10:56:31.307+0000: 36210.754: [ParNew: 70294K->5704K(72512K), 0.0029416 secs] 198348K->134709K(233664K), 0.0030290 secs] [Times: user=0.01 sys=0.00, real=0.00 secs] 
2019-12-23T10:56:39.415+0000: 36218.862: [GC (Allocation Failure) 2019-12-23T10:56:39.415+0000: 36218.862: [ParNew: 70216K->5931K(72512K), 0.0039228 secs] 199221K->135888K(233664K), 0.0040026 secs] [Times: user=0.00 sys=0.00, real=0.01 secs] 
2019-12-23T10:56:49.933+0000: 36229.380: [GC (Allocation Failure) 2019-12-23T10:56:49.933+0000: 36229.380: [ParNew: 70443K->6038K(72512K), 0.0029285 secs] 200400K->136947K(233664K), 0.0030051 secs] [Times: user=0.01 sys=0.00, real=0.00 secs] 
2019-12-23T10:57:03.668+0000: 36243.115: [GC (Allocation Failure) 2019-12-23T10:57:03.668+0000: 36243.115: [ParNew: 70550K->6105K(72512K), 0.0030291 secs] 201459K->137967K(233664K), 0.0031071 secs] [Times: user=0.01 sys=0.00, real=0.01 secs] 
2019-12-23T10:57:15.811+0000: 36255.258: [GC (Allocation Failure) 2019-12-23T10:57:15.811+0000: 36255.258: [ParNew: 70617K->6123K(72512K), 0.0031226 secs] 202479K->138964K(233664K), 0.0031979 secs] [Times: user=0.01 sys=0.00, real=0.00 secs] 
2019-12-23T10:57:25.828+0000: 36265.275: [GC (Allocation Failure) 2019-12-23T10:57:25.828+0000: 36265.275: [ParNew: 70635K->6100K(72512K), 0.0028879 secs] 203476K->139921K(233664K), 0.0029686 secs] [Times: user=0.01 sys=0.00, real=0.01 secs] 
2019-12-23T10:57:42.452+0000: 36281.899: [GC (Allocation Failure) 2019-12-23T10:57:42.452+0000: 36281.899: [ParNew: 70612K->6839K(72512K), 0.0030489 secs] 204433K->141611K(233664K), 0.0031294 secs] [Times: user=0.00 sys=0.00, real=0.00 secs] 
2019-12-23T10:57:45.989+0000: 36285.436: [GC (Allocation Failure) 2019-12-23T10:57:45.989+0000: 36285.436: [ParNew: 71351K->5418K(72512K), 0.0029091 secs] 206123K->141142K(233664K), 0.0029947 secs] [Times: user=0.01 sys=0.00, real=0.01 secs] 
2019-12-23T10:57:59.008+0000: 36298.455: [GC (Allocation Failure) 2019-12-23T10:57:59.008+0000: 36298.455: [ParNew: 69930K->5996K(72512K), 0.0028054 secs] 205654K->142671K(233664K), 0.0028926 secs] [Times: user=0.00 sys=0.00, real=0.01 secs] 
2019-12-23T10:58:07.958+0000: 36307.405: [GC (Allocation Failure) 2019-12-23T10:58:07.958+0000: 36307.405: [ParNew: 70508K->5745K(72512K), 0.0028300 secs] 207183K->143372K(233664K), 0.0029156 secs] [Times: user=0.01 sys=0.00, real=0.01 secs] 
2019-12-23T10:58:21.465+0000: 36320.912: [GC (Allocation Failure) 2019-12-23T10:58:21.465+0000: 36320.912: [ParNew: 70257K->5846K(72512K), 0.0028199 secs] 207884K->144298K(233664K), 0.0028997 secs] [Times: user=0.01 sys=0.00, real=0.00 secs] 
2019-12-23T10:58:31.863+0000: 36331.310: [GC (Allocation Failure) 2019-12-23T10:58:31.863+0000: 36331.310: [ParNew: 70358K->6019K(72512K), 0.0040380 secs] 208810K->145422K(233664K), 0.0041394 secs] [Times: user=0.01 sys=0.00, real=0.00 secs] 
2019-12-23T10:58:43.853+0000: 36343.300: [GC (Allocation Failure) 2019-12-23T10:58:43.853+0000: 36343.300: [ParNew: 70531K->6057K(72512K), 0.0028688 secs] 209934K->146412K(233664K), 0.0029453 secs] [Times: user=0.01 sys=0.00, real=0.00 secs] 
2019-12-23T10:58:48.845+0000: 36348.292: [GC (Allocation Failure) 2019-12-23T10:58:48.845+0000: 36348.292: [ParNew: 70569K->6843K(72512K), 0.0032572 secs] 210924K->148150K(233664K), 0.0033351 secs] [Times: user=0.01 sys=0.00, real=0.00 secs] 
2019-12-23T10:59:02.672+0000: 36362.119: [GC (Allocation Failure) 2019-12-23T10:59:02.672+0000: 36362.119: [ParNew: 71355K->5216K(72512K), 0.0029710 secs] 212662K->147474K(233664K), 0.0030627 secs] [Times: user=0.01 sys=0.00, real=0.00 secs] 
2019-12-23T10:59:17.567+0000: 36377.014: [GC (Allocation Failure) 2019-12-23T10:59:17.567+0000: 36377.014: [ParNew: 69728K->5454K(72512K), 0.0040698 secs] 211986K->148664K(233664K), 0.0041532 secs] [Times: user=0.01 sys=0.00, real=0.01 secs] 
2019-12-23T10:59:24.295+0000: 36383.742: [GC (Allocation Failure) 2019-12-23T10:59:24.295+0000: 36383.742: [ParNew: 69966K->5799K(72512K), 0.0028038 secs] 213176K->149861K(233664K), 0.0028756 secs] [Times: user=0.01 sys=0.00, real=0.00 secs] 
2019-12-23T10:59:36.523+0000: 36395.970: [GC (Allocation Failure) 2019-12-23T10:59:36.523+0000: 36395.970: [ParNew: 70311K->5008K(72512K), 0.0028102 secs] 214373K->150021K(233664K), 0.0029313 secs] [Times: user=0.01 sys=0.00, real=0.00 secs] 
2019-12-23T10:59:46.794+0000: 36406.241: [GC (Allocation Failure) 2019-12-23T10:59:46.794+0000: 36406.241: [ParNew: 69520K->4843K(72512K), 0.0029695 secs] 214533K->150944K(233664K), 0.0030428 secs] [Times: user=0.01 sys=0.00, real=0.00 secs] 
2019-12-23T10:59:58.162+0000: 36417.608: [GC (Allocation Failure) 2019-12-23T10:59:58.162+0000: 36417.609: [ParNew: 69355K->4945K(72512K), 0.0028089 secs] 215456K->151998K(233664K), 0.0028808 secs] [Times: user=0.01 sys=0.00, real=0.00 secs] 
2019-12-23T11:00:10.423+0000: 36429.870: [GC (Allocation Failure) 2019-12-23T11:00:10.423+0000: 36429.870: [ParNew: 69457K->5125K(72512K), 0.0030109 secs] 216510K->153130K(233664K), 0.0031183 secs] [Times: user=0.01 sys=0.00, real=0.00 secs] 
2019-12-23T11:00:19.672+0000: 36439.119: [GC (Allocation Failure) 2019-12-23T11:00:19.673+0000: 36439.119: [ParNew: 69637K->3323K(72512K), 0.0029494 secs] 217642K->151619K(233664K), 0.0030298 secs] [Times: user=0.01 sys=0.00, real=0.00 secs] 
2019-12-23T11:00:19.676+0000: 36439.123: [GC (CMS Initial Mark) [1 CMS-initial-mark: 148295K(161152K)] 151847K(233664K), 0.0009120 secs] [Times: user=0.01 sys=0.00, real=0.00 secs] 
2019-12-23T11:00:19.677+0000: 36439.124: [CMS-concurrent-mark-start]
2019-12-23T11:00:19.721+0000: 36439.168: [CMS-concurrent-mark: 0.044/0.044 secs] [Times: user=0.07 sys=0.00, real=0.05 secs] 
2019-12-23T11:00:19.721+0000: 36439.168: [CMS-concurrent-preclean-start]
2019-12-23T11:00:19.722+0000: 36439.169: [CMS-concurrent-preclean: 0.001/0.001 secs] [Times: user=0.00 sys=0.00, real=0.00 secs] 
2019-12-23T11:00:19.722+0000: 36439.169: [CMS-concurrent-abortable-preclean-start]
 CMS: abort preclean due to time 2019-12-23T11:00:24.799+0000: 36444.246: [CMS-concurrent-abortable-preclean: 0.172/5.077 secs] [Times: user=0.21 sys=0.01, real=5.08 secs] 
2019-12-23T11:00:24.799+0000: 36444.246: [GC (CMS Final Remark) [YG occupancy: 39780 K (72512 K)]2019-12-23T11:00:24.799+0000: 36444.246: [Rescan (parallel) , 0.0059988 secs]2019-12-23T11:00:24.805+0000: 36444.252: [weak refs processing, 0.0000517 secs]2019-12-23T11:00:24.805+0000: 36444.252: [class unloading, 0.0093496 secs]2019-12-23T11:00:24.815+0000: 36444.262: [scrub symbol table, 0.0051798 secs]2019-12-23T11:00:24.820+0000: 36444.267: [scrub string table, 0.0005888 secs][1 CMS-remark: 148295K(161152K)] 188076K(233664K), 0.0213459 secs] [Times: user=0.04 sys=0.00, real=0.02 secs] 
2019-12-23T11:00:24.821+0000: 36444.268: [CMS-concurrent-sweep-start]
2019-12-23T11:00:24.833+0000: 36444.280: [CMS-concurrent-sweep: 0.012/0.012 secs] [Times: user=0.01 sys=0.00, real=0.01 secs] 
2019-12-23T11:00:24.833+0000: 36444.280: [CMS-concurrent-reset-start]
2019-12-23T11:00:24.844+0000: 36444.291: [CMS-concurrent-reset: 0.011/0.011 secs] [Times: user=0.01 sys=0.00, real=0.01 secs] 
2019-12-23T11:00:28.896+0000: 36448.343: [GC (Allocation Failure) 2019-12-23T11:00:28.896+0000: 36448.343: [ParNew: 67835K->3457K(72512K), 0.0023281 secs] 82460K->18082K(233664K), 0.0024004 secs] [Times: user=0.01 sys=0.00, real=0.00 secs] 
2019-12-23T11:00:38.979+0000: 36458.426: [GC (Allocation Failure) 2019-12-23T11:00:38.979+0000: 36458.426: [ParNew: 67969K->4430K(72512K), 0.0024444 secs] 82594K->19055K(233664K), 0.0025266 secs] [Times: user=0.00 sys=0.00, real=0.00 secs] 
2019-12-23T11:00:50.291+0000: 36469.738: [GC (Allocation Failure) 2019-12-23T11:00:50.291+0000: 36469.738: [ParNew: 68942K->4946K(72512K), 0.0026706 secs] 83567K->20172K(233664K), 0.0027482 secs] [Times: user=0.01 sys=0.00, real=0.00 secs] 
2019-12-23T11:01:03.232+0000: 36482.679: [GC (Allocation Failure) 2019-12-23T11:01:03.232+0000: 36482.679: [ParNew: 69458K->4961K(72512K), 0.0028759 secs] 84684K->21140K(233664K), 0.0029556 secs] [Times: user=0.01 sys=0.00, real=0.00 secs] 
2019-12-23T11:01:13.219+0000: 36492.666: [GC (Allocation Failure) 2019-12-23T11:01:13.219+0000: 36492.666: [ParNew: 69473K->4819K(72512K), 0.0029535 secs] 85652K->21950K(233664K), 0.0030301 secs] [Times: user=0.01 sys=0.00, real=0.00 secs] 
2019-12-23T11:01:26.164+0000: 36505.611: [GC (Allocation Failure) 2019-12-23T11:01:26.164+0000: 36505.611: [ParNew: 69331K->5192K(72512K), 0.0030397 secs] 86462K->23307K(233664K), 0.0031259 secs] [Times: user=0.01 sys=0.00, real=0.00 secs] 
2019-12-23T11:01:28.805+0000: 36508.252: [GC (Allocation Failure) 2019-12-23T11:01:28.805+0000: 36508.252: [ParNew: 69704K->5748K(72512K), 0.0028344 secs] 87819K->24814K(233664K), 0.0029078 secs] [Times: user=0.01 sys=0.00, real=0.00 secs] 
2019-12-23T11:01:45.684+0000: 36525.131: [GC (Allocation Failure) 2019-12-23T11:01:45.684+0000: 36525.131: [ParNew: 70260K->5575K(72512K), 0.0029624 secs] 89326K->25593K(233664K), 0.0030380 secs] [Times: user=0.01 sys=0.00, real=0.00 secs] 
2019-12-23T11:01:53.048+0000: 36532.495: [GC (Allocation Failure) 2019-12-23T11:01:53.048+0000: 36532.495: [ParNew: 70087K->5563K(72512K), 0.0030038 secs] 90105K->26533K(233664K), 0.0030891 secs] [Times: user=0.01 sys=0.00, real=0.01 secs] 
2019-12-23T11:02:05.832+0000: 36545.279: [GC (Allocation Failure) 2019-12-23T11:02:05.832+0000: 36545.279: [ParNew: 70075K->6566K(72512K), 0.0029501 secs] 91045K->28488K(233664K), 0.0030546 secs] [Times: user=0.00 sys=0.00, real=0.00 secs] 
2019-12-23T11:02:18.045+0000: 36557.492: [GC (Allocation Failure) 2019-12-23T11:02:18.045+0000: 36557.492: [ParNew: 71078K->4766K(72512K), 0.0028021 secs] 93000K->27640K(233664K), 0.0028852 secs] [Times: user=0.01 sys=0.00, real=0.00 secs] 
2019-12-23T11:02:30.821+0000: 36570.268: [GC (Allocation Failure) 2019-12-23T11:02:30.821+0000: 36570.268: [ParNew: 69278K->5244K(72512K), 0.0028471 secs] 92152K->29097K(233664K), 0.0029234 secs] [Times: user=0.00 sys=0.00, real=0.00 secs] 
2019-12-23T11:02:44.086+0000: 36583.533: [GC (Allocation Failure) 2019-12-23T11:02:44.086+0000: 36583.533: [ParNew: 69756K->5801K(72512K), 0.0028574 secs] 93609K->30606K(233664K), 0.0029370 secs] [Times: user=0.00 sys=0.00, real=0.00 secs] 
2019-12-23T11:02:56.290+0000: 36595.737: [GC (Allocation Failure) 2019-12-23T11:02:56.290+0000: 36595.737: [ParNew: 70313K->6406K(72512K), 0.0028472 secs] 95118K->32163K(233664K), 0.0029244 secs] [Times: user=0.00 sys=0.00, real=0.01 secs] 
2019-12-23T11:03:02.534+0000: 36601.981: [GC (Allocation Failure) 2019-12-23T11:03:02.534+0000: 36601.981: [ParNew: 70918K->5964K(72512K), 0.0028911 secs] 96675K->32672K(233664K), 0.0029684 secs] [Times: user=0.01 sys=0.00, real=0.00 secs] 
2019-12-23T11:03:20.294+0000: 36619.741: [GC (Allocation Failure) 2019-12-23T11:03:20.294+0000: 36619.741: [ParNew: 70476K->6137K(72512K), 0.0030557 secs] 97184K->33797K(233664K), 0.0031335 secs] [Times: user=0.01 sys=0.00, real=0.00 secs] 
2019-12-23T11:03:22.347+0000: 36621.794: [GC (Allocation Failure) 2019-12-23T11:03:22.347+0000: 36621.794: [ParNew: 70649K->6183K(72512K), 0.0029998 secs] 98309K->34796K(233664K), 0.0030966 secs] [Times: user=0.01 sys=0.00, real=0.00 secs] 
2019-12-23T11:03:37.436+0000: 36636.883: [GC (Allocation Failure) 2019-12-23T11:03:37.436+0000: 36636.883: [ParNew: 70695K->6200K(72512K), 0.0029571 secs] 99308K->35856K(233664K), 0.0030395 secs] [Times: user=0.01 sys=0.00, real=0.01 secs] 
2019-12-23T11:03:46.761+0000: 36646.208: [GC (Allocation Failure) 2019-12-23T11:03:46.761+0000: 36646.208: [ParNew: 70712K->6878K(72512K), 0.0029469 secs] 100368K->37486K(233664K), 0.0030816 secs] [Times: user=0.00 sys=0.00, real=0.00 secs] 
2019-12-23T11:03:59.319+0000: 36658.766: [GC (Allocation Failure) 2019-12-23T11:03:59.319+0000: 36658.766: [ParNew: 71390K->5512K(72512K), 0.0028406 secs] 101998K->37072K(233664K), 0.0029177 secs] [Times: user=0.00 sys=0.00, real=0.00 secs] 
2019-12-23T11:04:09.319+0000: 36668.766: [GC (Allocation Failure) 2019-12-23T11:04:09.319+0000: 36668.766: [ParNew: 70024K->5695K(72512K), 0.0028698 secs] 101584K->38208K(233664K), 0.0029502 secs] [Times: user=0.01 sys=0.00, real=0.00 secs] 
2019-12-23T11:04:18.070+0000: 36677.517: [GC (Allocation Failure) 2019-12-23T11:04:18.070+0000: 36677.517: [ParNew: 70207K->5699K(72512K), 0.0030823 secs] 102720K->39163K(233664K), 0.0031659 secs] [Times: user=0.01 sys=0.00, real=0.01 secs] 
2019-12-23T11:04:27.989+0000: 36687.436: [GC (Allocation Failure) 2019-12-23T11:04:27.989+0000: 36687.436: [ParNew: 70211K->5092K(72512K), 0.0029370 secs] 103675K->39408K(233664K), 0.0030217 secs] [Times: user=0.01 sys=0.00, real=0.01 secs] 
2019-12-23T11:04:40.754+0000: 36700.201: [GC (Allocation Failure) 2019-12-23T11:04:40.754+0000: 36700.201: [ParNew: 69604K->4781K(72512K), 0.0027330 secs] 103920K->40048K(233664K), 0.0028146 secs] [Times: user=0.01 sys=0.00, real=0.00 secs] 
2019-12-23T11:04:52.680+0000: 36712.127: [GC (Allocation Failure) 2019-12-23T11:04:52.680+0000: 36712.127: [ParNew: 69293K->4998K(72512K), 0.0026030 secs] 104560K->41218K(233664K), 0.0026985 secs] [Times: user=0.01 sys=0.00, real=0.00 secs] 
2019-12-23T11:05:03.459+0000: 36722.906: [GC (Allocation Failure) 2019-12-23T11:05:03.459+0000: 36722.906: [ParNew: 69510K->5808K(72512K), 0.0028329 secs] 105730K->42979K(233664K), 0.0029658 secs] [Times: user=0.00 sys=0.00, real=0.00 secs] 
2019-12-23T11:05:16.143+0000: 36735.590: [GC (Allocation Failure) 2019-12-23T11:05:16.143+0000: 36735.590: [ParNew: 70320K->5043K(72512K), 0.0032654 secs] 107491K->43167K(233664K), 0.0033751 secs] [Times: user=0.01 sys=0.00, real=0.00 secs] 
2019-12-23T11:05:29.938+0000: 36749.385: [GC (Allocation Failure) 2019-12-23T11:05:29.938+0000: 36749.385: [ParNew: 69555K->5144K(72512K), 0.0029927 secs] 107679K->44223K(233664K), 0.0030754 secs] [Times: user=0.01 sys=0.00, real=0.01 secs] 
2019-12-23T11:05:35.198+0000: 36754.645: [GC (Allocation Failure) 2019-12-23T11:05:35.198+0000: 36754.645: [ParNew: 69656K->5281K(72512K), 0.0028724 secs] 108735K->45281K(233664K), 0.0029485 secs] [Times: user=0.01 sys=0.00, real=0.01 secs] 
2019-12-23T11:05:51.717+0000: 36771.164: [GC (Allocation Failure) 2019-12-23T11:05:51.717+0000: 36771.164: [ParNew: 69793K->3426K(72512K), 0.0026386 secs] 109793K->43623K(233664K), 0.0027258 secs] [Times: user=0.00 sys=0.00, real=0.01 secs] 
2019-12-23T11:05:55.735+0000: 36775.182: [GC (Allocation Failure) 2019-12-23T11:05:55.735+0000: 36775.182: [ParNew: 67938K->3958K(72512K), 0.0024695 secs] 108135K->44154K(233664K), 0.0025471 secs] [Times: user=0.01 sys=0.00, real=0.00 secs] 
2019-12-23T11:06:10.709+0000: 36790.156: [GC (Allocation Failure) 2019-12-23T11:06:10.709+0000: 36790.156: [ParNew: 68466K->4750K(72512K), 0.0025715 secs] 108663K->44947K(233664K), 0.0026553 secs] [Times: user=0.01 sys=0.00, real=0.01 secs] 
2019-12-23T11:06:21.287+0000: 36800.734: [GC (Allocation Failure) 2019-12-23T11:06:21.287+0000: 36800.734: [ParNew: 69262K->4793K(72512K), 0.0028769 secs] 109459K->45823K(233664K), 0.0029517 secs] [Times: user=0.01 sys=0.00, real=0.00 secs] 
2019-12-23T11:06:30.324+0000: 36809.771: [GC (Allocation Failure) 2019-12-23T11:06:30.324+0000: 36809.771: [ParNew: 69305K->4773K(72512K), 0.0028643 secs] 110335K->46754K(233664K), 0.0029461 secs] [Times: user=0.01 sys=0.00, real=0.00 secs] 
2019-12-23T11:06:46.883+0000: 36826.330: [GC (Allocation Failure) 2019-12-23T11:06:46.884+0000: 36826.330: [ParNew: 69285K->5907K(72512K), 0.0041410 secs] 111266K->48841K(233664K), 0.0042148 secs] [Times: user=0.01 sys=0.00, real=0.00 secs] 
2019-12-23T11:06:50.044+0000: 36829.491: [GC (Allocation Failure) 2019-12-23T11:06:50.044+0000: 36829.491: [ParNew: 70419K->4801K(72512K), 0.0028122 secs] 113353K->48823K(233664K), 0.0028898 secs] [Times: user=0.01 sys=0.00, real=0.00 secs] 
2019-12-23T11:07:08.431+0000: 36847.878: [GC (Allocation Failure) 2019-12-23T11:07:08.431+0000: 36847.878: [ParNew: 69313K->4842K(72512K), 0.0029646 secs] 113335K->49815K(233664K), 0.0030737 secs] [Times: user=0.01 sys=0.00, real=0.00 secs] 
2019-12-23T11:07:13.649+0000: 36853.096: [GC (Allocation Failure) 2019-12-23T11:07:13.649+0000: 36853.096: [ParNew: 69354K->4857K(72512K), 0.0029473 secs] 114327K->50783K(233664K), 0.0030239 secs] [Times: user=0.01 sys=0.00, real=0.01 secs] 
2019-12-23T11:07:27.697+0000: 36867.144: [GC (Allocation Failure) 2019-12-23T11:07:27.697+0000: 36867.144: [ParNew: 69369K->5136K(72512K), 0.0031881 secs] 115295K->52013K(233664K), 0.0032708 secs] [Times: user=0.01 sys=0.00, real=0.01 secs] 
2019-12-23T11:07:39.959+0000: 36879.406: [GC (Allocation Failure) 2019-12-23T11:07:39.959+0000: 36879.406: [ParNew: 69648K->5305K(72512K), 0.0039620 secs] 116525K->53135K(233664K), 0.0040389 secs] [Times: user=0.01 sys=0.00, real=0.00 secs] 
2019-12-23T11:07:52.402+0000: 36891.849: [GC (Allocation Failure) 2019-12-23T11:07:52.402+0000: 36891.849: [ParNew: 69817K->6407K(72512K), 0.0029687 secs] 117647K->55220K(233664K), 0.0030734 secs] [Times: user=0.01 sys=0.00, real=0.00 secs] 
2019-12-23T11:08:04.968+0000: 36904.415: [GC (Allocation Failure) 2019-12-23T11:08:04.968+0000: 36904.415: [ParNew: 70919K->5983K(72512K), 0.0031481 secs] 119732K->55776K(233664K), 0.0032264 secs] [Times: user=0.01 sys=0.00, real=0.01 secs] 
2019-12-23T11:08:12.922+0000: 36912.369: [GC (Allocation Failure) 2019-12-23T11:08:12.922+0000: 36912.369: [ParNew: 70495K->6786K(72512K), 0.0028124 secs] 120288K->57530K(233664K), 0.0028863 secs] [Times: user=0.01 sys=0.00, real=0.00 secs] 
2019-12-23T11:08:21.926+0000: 36921.373: [GC (Allocation Failure) 2019-12-23T11:08:21.926+0000: 36921.373: [ParNew: 71298K->4670K(72512K), 0.0027802 secs] 122042K->56367K(233664K), 0.0028560 secs] [Times: user=0.01 sys=0.00, real=0.00 secs] 
2019-12-23T11:08:33.237+0000: 36932.684: [GC (Allocation Failure) 2019-12-23T11:08:33.237+0000: 36932.684: [ParNew: 69182K->6188K(72512K), 0.0028736 secs] 120879K->58836K(233664K), 0.0029501 secs] [Times: user=0.01 sys=0.00, real=0.01 secs] 
2019-12-23T11:08:46.325+0000: 36945.772: [GC (Allocation Failure) 2019-12-23T11:08:46.325+0000: 36945.772: [ParNew: 70700K->5209K(72512K), 0.0028733 secs] 123348K->58681K(233664K), 0.0029580 secs] [Times: user=0.01 sys=0.00, real=0.00 secs] 
2019-12-23T11:08:59.321+0000: 36958.768: [GC (Allocation Failure) 2019-12-23T11:08:59.321+0000: 36958.768: [ParNew: 69721K->5772K(72512K), 0.0028592 secs] 123193K->60196K(233664K), 0.0029497 secs] [Times: user=0.01 sys=0.00, real=0.00 secs] 
2019-12-23T11:09:07.744+0000: 36967.191: [GC (Allocation Failure) 2019-12-23T11:09:07.744+0000: 36967.191: [ParNew: 70284K->6177K(72512K), 0.0029349 secs] 124708K->61554K(233664K), 0.0030126 secs] [Times: user=0.01 sys=0.00, real=0.00 secs] 
2019-12-23T11:09:23.632+0000: 36983.079: [GC (Allocation Failure) 2019-12-23T11:09:23.632+0000: 36983.079: [ParNew: 70689K->5071K(72512K), 0.0030095 secs] 126066K->61399K(233664K), 0.0030872 secs] [Times: user=0.00 sys=0.00, real=0.00 secs] 
2019-12-23T11:09:26.228+0000: 36985.675: [GC (Allocation Failure) 2019-12-23T11:09:26.228+0000: 36985.675: [ParNew: 69583K->5058K(72512K), 0.0030130 secs] 125911K->62337K(233664K), 0.0030929 secs] [Times: user=0.01 sys=0.00, real=0.01 secs] 
2019-12-23T11:09:42.122+0000: 37001.569: [GC (Allocation Failure) 2019-12-23T11:09:42.122+0000: 37001.569: [ParNew: 69570K->4726K(72512K), 0.0030019 secs] 126849K->62957K(233664K), 0.0030964 secs] [Times: user=0.01 sys=0.00, real=0.00 secs] 
2019-12-23T11:09:52.054+0000: 37011.501: [GC (Allocation Failure) 2019-12-23T11:09:52.054+0000: 37011.501: [ParNew: 69238K->5046K(72512K), 0.0040720 secs] 127469K->64101K(233664K), 0.0041582 secs] [Times: user=0.01 sys=0.00, real=0.00 secs] 
2019-12-23T11:10:05.980+0000: 37025.427: [GC (Allocation Failure) 2019-12-23T11:10:05.980+0000: 37025.427: [ParNew: 69558K->5188K(72512K), 0.0030550 secs] 128613K->65196K(233664K), 0.0031612 secs] [Times: user=0.01 sys=0.00, real=0.00 secs] 
2019-12-23T11:10:16.751+0000: 37036.198: [GC (Allocation Failure) 2019-12-23T11:10:16.751+0000: 37036.198: [ParNew: 69700K->4776K(72512K), 0.0027050 secs] 129708K->65735K(233664K), 0.0027802 secs] [Times: user=0.01 sys=0.00, real=0.00 secs] 
2019-12-23T11:10:24.687+0000: 37044.134: [GC (Allocation Failure) 2019-12-23T11:10:24.687+0000: 37044.134: [ParNew: 69288K->4919K(72512K), 0.0026768 secs] 130247K->66829K(233664K), 0.0027478 secs] [Times: user=0.01 sys=0.00, real=0.00 secs] 
2019-12-23T11:10:37.757+0000: 37057.203: [GC (Allocation Failure) 2019-12-23T11:10:37.757+0000: 37057.203: [ParNew: 69431K->5254K(72512K), 0.0031863 secs] 131341K->68116K(233664K), 0.0032585 secs] [Times: user=0.01 sys=0.00, real=0.01 secs] 
2019-12-23T11:10:46.590+0000: 37066.037: [GC (Allocation Failure) 2019-12-23T11:10:46.590+0000: 37066.037: [ParNew: 69766K->5411K(72512K), 0.0027266 secs] 132628K->69323K(233664K), 0.0028124 secs] [Times: user=0.01 sys=0.00, real=0.01 secs] 
2019-12-23T11:10:59.786+0000: 37079.233: [GC (Allocation Failure) 2019-12-23T11:10:59.786+0000: 37079.233: [ParNew: 69923K->3457K(72512K), 0.0025157 secs] 133835K->67960K(233664K), 0.0025983 secs] [Times: user=0.01 sys=0.00, real=0.00 secs] 
2019-12-23T11:11:12.359+0000: 37091.806: [GC (Allocation Failure) 2019-12-23T11:11:12.359+0000: 37091.806: [ParNew: 67969K->3472K(72512K), 0.0027844 secs] 132472K->67975K(233664K), 0.0028656 secs] [Times: user=0.01 sys=0.00, real=0.00 secs] 
2019-12-23T11:11:25.133+0000: 37104.580: [GC (Allocation Failure) 2019-12-23T11:11:25.133+0000: 37104.580: [ParNew: 67984K->4235K(72512K), 0.0025888 secs] 132487K->68738K(233664K), 0.0026602 secs] [Times: user=0.01 sys=0.00, real=0.00 secs] 
2019-12-23T11:11:32.854+0000: 37112.301: [GC (Allocation Failure) 2019-12-23T11:11:32.854+0000: 37112.301: [ParNew: 68747K->5398K(72512K), 0.0027679 secs] 133250K->70098K(233664K), 0.0028417 secs] [Times: user=0.01 sys=0.00, real=0.00 secs] 
2019-12-23T11:11:44.517+0000: 37123.963: [GC (Allocation Failure) 2019-12-23T11:11:44.517+0000: 37123.963: [ParNew: 69910K->5098K(72512K), 0.0029240 secs] 134610K->71192K(233664K), 0.0029951 secs] [Times: user=0.01 sys=0.00, real=0.01 secs] 
2019-12-23T11:11:51.413+0000: 37130.860: [GC (Allocation Failure) 2019-12-23T11:11:51.413+0000: 37130.860: [ParNew: 69610K->5714K(72512K), 0.0028225 secs] 135704K->72659K(233664K), 0.0028992 secs] [Times: user=0.01 sys=0.00, real=0.00 secs] 
2019-12-23T11:12:05.914+0000: 37145.361: [GC (Allocation Failure) 2019-12-23T11:12:05.914+0000: 37145.361: [ParNew: 70226K->5165K(72512K), 0.0028883 secs] 137171K->73089K(233664K), 0.0029818 secs] [Times: user=0.01 sys=0.00, real=0.00 secs] 
2019-12-23T11:12:17.884+0000: 37157.331: [GC (Allocation Failure) 2019-12-23T11:12:17.884+0000: 37157.331: [ParNew: 69677K->5101K(72512K), 0.0028712 secs] 137601K->73977K(233664K), 0.0029640 secs] [Times: user=0.01 sys=0.00, real=0.00 secs] 
2019-12-23T11:12:30.697+0000: 37170.144: [GC (Allocation Failure) 2019-12-23T11:12:30.697+0000: 37170.144: [ParNew: 69613K->5658K(72512K), 0.0028731 secs] 138489K->75487K(233664K), 0.0029447 secs] [Times: user=0.01 sys=0.00, real=0.01 secs] 
2019-12-23T11:12:36.091+0000: 37175.538: [GC (Allocation Failure) 2019-12-23T11:12:36.091+0000: 37175.538: [ParNew: 70170K->5707K(72512K), 0.0027153 secs] 139999K->76487K(233664K), 0.0028205 secs] [Times: user=0.01 sys=0.00, real=0.00 secs] 
2019-12-23T11:12:50.630+0000: 37190.077: [GC (Allocation Failure) 2019-12-23T11:12:50.630+0000: 37190.077: [ParNew: 70219K->6566K(72512K), 0.0027657 secs] 140999K->78298K(233664K), 0.0028378 secs] [Times: user=0.00 sys=0.00, real=0.01 secs] 
2019-12-23T11:13:01.770+0000: 37201.217: [GC (Allocation Failure) 2019-12-23T11:13:01.770+0000: 37201.217: [ParNew: 71078K->5584K(72512K), 0.0029016 secs] 142810K->78267K(233664K), 0.0029904 secs] [Times: user=0.01 sys=0.00, real=0.01 secs] 
2019-12-23T11:13:12.677+0000: 37212.124: [GC (Allocation Failure) 2019-12-23T11:13:12.677+0000: 37212.124: [ParNew: 70096K->5212K(72512K), 0.0030186 secs] 142779K->78847K(233664K), 0.0030902 secs] [Times: user=0.01 sys=0.00, real=0.01 secs] 
2019-12-23T11:13:26.240+0000: 37225.687: [GC (Allocation Failure) 2019-12-23T11:13:26.240+0000: 37225.687: [ParNew: 69724K->4859K(72512K), 0.0028963 secs] 143359K->79318K(233664K), 0.0029748 secs] [Times: user=0.01 sys=0.00, real=0.00 secs] 
2019-12-23T11:13:37.824+0000: 37237.271: [GC (Allocation Failure) 2019-12-23T11:13:37.824+0000: 37237.271: [ParNew: 69371K->5616K(72512K), 0.0028902 secs] 143830K->81027K(233664K), 0.0029588 secs] [Times: user=0.01 sys=0.00, real=0.00 secs] 
2019-12-23T11:13:48.259+0000: 37247.706: [GC (Allocation Failure) 2019-12-23T11:13:48.259+0000: 37247.706: [ParNew: 70128K->5725K(72512K), 0.0028774 secs] 145539K->82088K(233664K), 0.0029544 secs] [Times: user=0.01 sys=0.01, real=0.00 secs] 
2019-12-23T11:13:58.577+0000: 37258.024: [GC (Allocation Failure) 2019-12-23T11:13:58.577+0000: 37258.024: [ParNew: 70237K->5501K(72512K), 0.0029990 secs] 146600K->82944K(233664K), 0.0030677 secs] [Times: user=0.01 sys=0.00, real=0.01 secs] 
2019-12-23T11:14:05.502+0000: 37264.949: [GC (Allocation Failure) 2019-12-23T11:14:05.502+0000: 37264.949: [ParNew: 70013K->6136K(72512K), 0.0029795 secs] 147456K->84531K(233664K), 0.0030687 secs] [Times: user=0.00 sys=0.00, real=0.00 secs] 
2019-12-23T11:14:16.038+0000: 37275.485: [GC (Allocation Failure) 2019-12-23T11:14:16.038+0000: 37275.485: [ParNew: 70648K->5260K(72512K), 0.0027955 secs] 149043K->84607K(233664K), 0.0028710 secs] [Times: user=0.01 sys=0.00, real=0.01 secs] 
2019-12-23T11:14:27.873+0000: 37287.320: [GC (Allocation Failure) 2019-12-23T11:14:27.873+0000: 37287.320: [ParNew: 69772K->5353K(72512K), 0.0029297 secs] 149119K->85652K(233664K), 0.0030091 secs] [Times: user=0.00 sys=0.00, real=0.00 secs] 
2019-12-23T11:14:41.396+0000: 37300.843: [GC (Allocation Failure) 2019-12-23T11:14:41.396+0000: 37300.843: [ParNew: 69865K->4683K(72512K), 0.0029850 secs] 150164K->85934K(233664K), 0.0030622 secs] [Times: user=0.01 sys=0.00, real=0.01 secs] 
2019-12-23T11:14:48.347+0000: 37307.794: [GC (Allocation Failure) 2019-12-23T11:14:48.347+0000: 37307.794: [ParNew: 69195K->5049K(72512K), 0.0028476 secs] 150446K->87252K(233664K), 0.0029490 secs] [Times: user=0.01 sys=0.00, real=0.00 secs] 
2019-12-23T11:15:02.028+0000: 37321.475: [GC (Allocation Failure) 2019-12-23T11:15:02.028+0000: 37321.475: [ParNew: 69561K->6072K(72512K), 0.0031863 secs] 151764K->89254K(233664K), 0.0032743 secs] [Times: user=0.01 sys=0.00, real=0.01 secs] 
2019-12-23T11:15:08.133+0000: 37327.580: [GC (Allocation Failure) 2019-12-23T11:15:08.133+0000: 37327.580: [ParNew: 70584K->4594K(72512K), 0.0026787 secs] 153766K->88728K(233664K), 0.0027675 secs] [Times: user=0.01 sys=0.01, real=0.00 secs] 
2019-12-23T11:15:19.910+0000: 37339.357: [GC (Allocation Failure) 2019-12-23T11:15:19.910+0000: 37339.357: [ParNew: 69106K->5427K(72512K), 0.0028189 secs] 153240K->90512K(233664K), 0.0029168 secs] [Times: user=0.00 sys=0.00, real=0.01 secs] 
2019-12-23T11:15:32.334+0000: 37351.781: [GC (Allocation Failure) 2019-12-23T11:15:32.334+0000: 37351.781: [ParNew: 69939K->5850K(72512K), 0.0029496 secs] 155024K->91888K(233664K), 0.0030340 secs] [Times: user=0.01 sys=0.00, real=0.00 secs] 
2019-12-23T11:15:41.688+0000: 37361.135: [GC (Allocation Failure) 2019-12-23T11:15:41.689+0000: 37361.136: [ParNew: 70362K->4940K(72512K), 0.0028252 secs] 156400K->91930K(233664K), 0.0029304 secs] [Times: user=0.00 sys=0.00, real=0.01 secs] 
2019-12-23T11:15:55.934+0000: 37375.381: [GC (Allocation Failure) 2019-12-23T11:15:55.934+0000: 37375.381: [ParNew: 69452K->5341K(72512K), 0.0037243 secs] 156442K->93418K(233664K), 0.0038063 secs] [Times: user=0.01 sys=0.00, real=0.00 secs] 
2019-12-23T11:16:05.248+0000: 37384.695: [GC (Allocation Failure) 2019-12-23T11:16:05.248+0000: 37384.695: [ParNew: 69853K->5366K(72512K), 0.0028987 secs] 157930K->94158K(233664K), 0.0029894 secs] [Times: user=0.01 sys=0.00, real=0.01 secs] 
2019-12-23T11:16:14.313+0000: 37393.760: [GC (Allocation Failure) 2019-12-23T11:16:14.314+0000: 37393.760: [ParNew: 69878K->3731K(72512K), 0.0026691 secs] 158670K->92718K(233664K), 0.0027783 secs] [Times: user=0.01 sys=0.00, real=0.00 secs] 
2019-12-23T11:16:34.932+0000: 37414.379: [GC (Allocation Failure) 2019-12-23T11:16:34.932+0000: 37414.379: [ParNew: 68243K->4479K(72512K), 0.0025072 secs] 157230K->93465K(233664K), 0.0025917 secs] [Times: user=0.01 sys=0.00, real=0.00 secs] 
2019-12-23T11:16:51.799+0000: 37431.246: [GC (Allocation Failure) 2019-12-23T11:16:51.799+0000: 37431.246: [ParNew: 68991K->5355K(72512K), 0.0024420 secs] 157977K->94342K(233664K), 0.0025192 secs] [Times: user=0.01 sys=0.00, real=0.00 secs] 
2019-12-23T11:17:13.510+0000: 37452.957: [GC (Allocation Failure) 2019-12-23T11:17:13.510+0000: 37452.957: [ParNew: 69867K->5761K(72512K), 0.0031309 secs] 158854K->95269K(233664K), 0.0032263 secs] [Times: user=0.01 sys=0.00, real=0.01 secs] 
2019-12-23T11:17:37.298+0000: 37476.745: [GC (Allocation Failure) 2019-12-23T11:17:37.299+0000: 37476.745: [ParNew: 70273K->4834K(72512K), 0.0041008 secs] 159781K->95851K(233664K), 0.0042060 secs] [Times: user=0.01 sys=0.00, real=0.01 secs] 
2019-12-23T11:17:53.894+0000: 37493.341: [GC (Allocation Failure) 2019-12-23T11:17:53.894+0000: 37493.341: [ParNew: 69346K->4726K(72512K), 0.0028757 secs] 160363K->96694K(233664K), 0.0029557 secs] [Times: user=0.01 sys=0.00, real=0.00 secs] 
2019-12-23T11:18:09.984+0000: 37509.431: [GC (Allocation Failure) 2019-12-23T11:18:09.984+0000: 37509.431: [ParNew: 69238K->5639K(72512K), 0.0028565 secs] 161206K->98694K(233664K), 0.0029268 secs] [Times: user=0.01 sys=0.00, real=0.00 secs] 
2019-12-23T11:18:25.219+0000: 37524.666: [GC (Allocation Failure) 2019-12-23T11:18:25.219+0000: 37524.666: [ParNew: 70151K->4566K(72512K), 0.0028416 secs] 163206K->98573K(233664K), 0.0029239 secs] [Times: user=0.01 sys=0.00, real=0.00 secs] 
2019-12-23T11:18:41.860+0000: 37541.307: [GC (Allocation Failure) 2019-12-23T11:18:41.860+0000: 37541.307: [ParNew: 69078K->4605K(72512K), 0.0048624 secs] 163085K->99562K(233664K), 0.0049524 secs] [Times: user=0.01 sys=0.00, real=0.00 secs] 
2019-12-23T11:18:51.400+0000: 37550.847: [GC (Allocation Failure) 2019-12-23T11:18:51.400+0000: 37550.847: [ParNew: 69117K->5265K(72512K), 0.0028575 secs] 164074K->101203K(233664K), 0.0029308 secs] [Times: user=0.01 sys=0.00, real=0.00 secs] 
2019-12-23T11:19:06.962+0000: 37566.409: [GC (Allocation Failure) 2019-12-23T11:19:06.962+0000: 37566.409: [ParNew: 69777K->4764K(72512K), 0.0046158 secs] 165715K->101652K(233664K), 0.0047044 secs] [Times: user=0.01 sys=0.00, real=0.00 secs] 
2019-12-23T11:19:17.603+0000: 37577.050: [GC (Allocation Failure) 2019-12-23T11:19:17.603+0000: 37577.050: [ParNew: 69276K->5809K(72512K), 0.0029491 secs] 166164K->103650K(233664K), 0.0030236 secs] [Times: user=0.01 sys=0.00, real=0.00 secs] 
2019-12-23T11:19:31.045+0000: 37590.492: [GC (Allocation Failure) 2019-12-23T11:19:31.045+0000: 37590.492: [ParNew: 70321K->5754K(72512K), 0.0030495 secs] 168162K->104546K(233664K), 0.0031172 secs] [Times: user=0.01 sys=0.00, real=0.00 secs] 
2019-12-23T11:19:36.056+0000: 37595.503: [GC (Allocation Failure) 2019-12-23T11:19:36.056+0000: 37595.503: [ParNew: 70266K->5730K(72512K), 0.0028263 secs] 169058K->105473K(233664K), 0.0028977 secs] [Times: user=0.01 sys=0.00, real=0.01 secs] 
2019-12-23T11:19:52.552+0000: 37611.999: [GC (Allocation Failure) 2019-12-23T11:19:52.552+0000: 37611.999: [ParNew: 70242K->5493K(72512K), 0.0029414 secs] 169985K->106215K(233664K), 0.0030209 secs] [Times: user=0.00 sys=0.00, real=0.00 secs] 
2019-12-23T11:19:58.007+0000: 37617.454: [GC (Allocation Failure) 2019-12-23T11:19:58.007+0000: 37617.454: [ParNew: 70005K->5571K(72512K), 0.0047782 secs] 170727K->107245K(233664K), 0.0048461 secs] [Times: user=0.01 sys=0.00, real=0.01 secs] 
2019-12-23T11:20:09.917+0000: 37629.364: [GC (Allocation Failure) 2019-12-23T11:20:09.917+0000: 37629.364: [ParNew: 70083K->5935K(72512K), 0.0027973 secs] 171757K->108561K(233664K), 0.0028701 secs] [Times: user=0.01 sys=0.00, real=0.01 secs] 
2019-12-23T11:20:22.778+0000: 37642.225: [GC (Allocation Failure) 2019-12-23T11:20:22.778+0000: 37642.225: [ParNew: 70447K->6792K(72512K), 0.0028466 secs] 173073K->110371K(233664K), 0.0029200 secs] [Times: user=0.00 sys=0.01, real=0.01 secs] 
2019-12-23T11:20:30.871+0000: 37650.318: [GC (Allocation Failure) 2019-12-23T11:20:30.871+0000: 37650.318: [ParNew: 71304K->5541K(72512K), 0.0027777 secs] 174883K->110072K(233664K), 0.0028492 secs] [Times: user=0.01 sys=0.00, real=0.00 secs] 
2019-12-23T11:20:43.653+0000: 37663.100: [GC (Allocation Failure) 2019-12-23T11:20:43.653+0000: 37663.100: [ParNew: 70053K->5996K(72512K), 0.0028517 secs] 174584K->111479K(233664K), 0.0029402 secs] [Times: user=0.01 sys=0.00, real=0.00 secs] 
2019-12-23T11:20:55.065+0000: 37674.512: [GC (Allocation Failure) 2019-12-23T11:20:55.065+0000: 37674.512: [ParNew: 70508K->5865K(72512K), 0.0028716 secs] 175991K->112298K(233664K), 0.0029421 secs] [Times: user=0.01 sys=0.00, real=0.00 secs] 
2019-12-23T11:21:02.445+0000: 37681.892: [GC (Allocation Failure) 2019-12-23T11:21:02.445+0000: 37681.892: [ParNew: 70377K->6658K(72512K), 0.0028537 secs] 176810K->114045K(233664K), 0.0029334 secs] [Times: user=0.01 sys=0.00, real=0.00 secs] 
2019-12-23T11:21:10.735+0000: 37690.182: [GC (Allocation Failure) 2019-12-23T11:21:10.735+0000: 37690.182: [ParNew: 71170K->5921K(72512K), 0.0029826 secs] 178557K->114259K(233664K), 0.0030562 secs] [Times: user=0.01 sys=0.00, real=0.00 secs] 
2019-12-23T11:21:21.619+0000: 37701.066: [GC (Allocation Failure) 2019-12-23T11:21:21.619+0000: 37701.066: [ParNew: 70433K->6673K(72512K), 0.0029622 secs] 178771K->115862K(233664K), 0.0030379 secs] [Times: user=0.00 sys=0.00, real=0.00 secs] 
2019-12-23T11:21:33.963+0000: 37713.410: [GC (Allocation Failure) 2019-12-23T11:21:33.963+0000: 37713.410: [ParNew: 71185K->6029K(72512K), 0.0027721 secs] 180374K->116170K(233664K), 0.0028436 secs] [Times: user=0.00 sys=0.00, real=0.00 secs] 
2019-12-23T11:21:43.173+0000: 37722.620: [GC (Allocation Failure) 2019-12-23T11:21:43.173+0000: 37722.620: [ParNew: 70541K->3590K(72512K), 0.0035466 secs] 180682K->113733K(233664K), 0.0036383 secs] [Times: user=0.01 sys=0.00, real=0.00 secs] 
2019-12-23T11:21:56.981+0000: 37736.428: [GC (Allocation Failure) 2019-12-23T11:21:56.981+0000: 37736.428: [ParNew: 68102K->4513K(72512K), 0.0024938 secs] 178245K->114655K(233664K), 0.0025698 secs] [Times: user=0.00 sys=0.00, real=0.00 secs] 
2019-12-23T11:22:00.289+0000: 37739.736: [GC (Allocation Failure) 2019-12-23T11:22:00.289+0000: 37739.736: [ParNew: 69025K->5238K(72512K), 0.0026779 secs] 179167K->115381K(233664K), 0.0027539 secs] [Times: user=0.00 sys=0.01, real=0.01 secs] 
2019-12-23T11:22:15.030+0000: 37754.477: [GC (Allocation Failure) 2019-12-23T11:22:15.030+0000: 37754.477: [ParNew: 69750K->5356K(72512K), 0.0029962 secs] 179893K->116566K(233664K), 0.0030902 secs] [Times: user=0.01 sys=0.00, real=0.01 secs] 
2019-12-23T11:22:22.709+0000: 37762.156: [GC (Allocation Failure) 2019-12-23T11:22:22.709+0000: 37762.156: [ParNew: 69868K->5370K(72512K), 0.0030310 secs] 181078K->117404K(233664K), 0.0031083 secs] [Times: user=0.01 sys=0.00, real=0.01 secs] 
2019-12-23T11:22:33.824+0000: 37773.271: [GC (Allocation Failure) 2019-12-23T11:22:33.825+0000: 37773.271: [ParNew: 69882K->5187K(72512K), 0.0028233 secs] 181916K->118173K(233664K), 0.0029016 secs] [Times: user=0.01 sys=0.00, real=0.00 secs] 
2019-12-23T11:22:46.040+0000: 37785.487: [GC (Allocation Failure) 2019-12-23T11:22:46.040+0000: 37785.487: [ParNew: 69679K->5206K(72512K), 0.0028822 secs] 182665K->119144K(233664K), 0.0029583 secs] [Times: user=0.01 sys=0.00, real=0.00 secs] 
2019-12-23T11:22:55.675+0000: 37795.122: [GC (Allocation Failure) 2019-12-23T11:22:55.675+0000: 37795.122: [ParNew: 69718K->5984K(72512K), 0.0027750 secs] 183656K->120874K(233664K), 0.0028770 secs] [Times: user=0.01 sys=0.00, real=0.00 secs] 
2019-12-23T11:23:10.297+0000: 37809.744: [GC (Allocation Failure) 2019-12-23T11:23:10.297+0000: 37809.744: [ParNew: 70496K->5214K(72512K), 0.0032538 secs] 185386K->121055K(233664K), 0.0033382 secs] [Times: user=0.01 sys=0.00, real=0.01 secs] 
2019-12-23T11:23:12.721+0000: 37812.168: [GC (Allocation Failure) 2019-12-23T11:23:12.721+0000: 37812.168: [ParNew: 69726K->5396K(72512K), 0.0028378 secs] 185567K->122220K(233664K), 0.0029109 secs] [Times: user=0.00 sys=0.00, real=0.00 secs] 
2019-12-23T11:23:28.744+0000: 37828.191: [GC (Allocation Failure) 2019-12-23T11:23:28.744+0000: 37828.191: [ParNew: 69908K->6060K(72512K), 0.0028606 secs] 186732K->123969K(233664K), 0.0029406 secs] [Times: user=0.01 sys=0.00, real=0.00 secs] 
2019-12-23T11:23:37.617+0000: 37837.064: [GC (Allocation Failure) 2019-12-23T11:23:37.617+0000: 37837.064: [ParNew: 70572K->5933K(72512K), 0.0030489 secs] 188481K->124794K(233664K), 0.0031273 secs] [Times: user=0.01 sys=0.00, real=0.01 secs] 
2019-12-23T11:23:48.235+0000: 37847.682: [GC (Allocation Failure) 2019-12-23T11:23:48.235+0000: 37847.682: [ParNew: 70445K->5785K(72512K), 0.0028019 secs] 189306K->125597K(233664K), 0.0028720 secs] [Times: user=0.01 sys=0.00, real=0.00 secs] 
2019-12-23T11:24:00.726+0000: 37860.172: [GC (Allocation Failure) 2019-12-23T11:24:00.726+0000: 37860.172: [ParNew: 70297K->5795K(72512K), 0.0027679 secs] 190109K->126559K(233664K), 0.0028442 secs] [Times: user=0.00 sys=0.00, real=0.00 secs] 
2019-12-23T11:24:12.606+0000: 37872.053: [GC (Allocation Failure) 2019-12-23T11:24:12.606+0000: 37872.053: [ParNew: 70307K->5868K(72512K), 0.0027947 secs] 191071K->127585K(233664K), 0.0028649 secs] [Times: user=0.01 sys=0.00, real=0.00 secs] 
2019-12-23T11:24:19.426+0000: 37878.873: [GC (Allocation Failure) 2019-12-23T11:24:19.426+0000: 37878.873: [ParNew: 70380K->6622K(72512K), 0.0029715 secs] 192097K->129189K(233664K), 0.0030556 secs] [Times: user=0.01 sys=0.00, real=0.00 secs] 
2019-12-23T11:24:36.186+0000: 37895.633: [GC (Allocation Failure) 2019-12-23T11:24:36.186+0000: 37895.633: [ParNew: 71134K->6003K(72512K), 0.0028941 secs] 193701K->129522K(233664K), 0.0029783 secs] [Times: user=0.01 sys=0.00, real=0.00 secs] 
2019-12-23T11:24:38.145+0000: 37897.592: [GC (Allocation Failure) 2019-12-23T11:24:38.145+0000: 37897.592: [ParNew: 70515K->6032K(72512K), 0.0028175 secs] 194034K->130503K(233664K), 0.0028908 secs] [Times: user=0.00 sys=0.00, real=0.00 secs] 
2019-12-23T11:24:53.103+0000: 37912.550: [GC (Allocation Failure) 2019-12-23T11:24:53.103+0000: 37912.550: [ParNew: 70544K->6022K(72512K), 0.0029195 secs] 195015K->131445K(233664K), 0.0030112 secs] [Times: user=0.01 sys=0.00, real=0.00 secs] 
2019-12-23T11:25:01.934+0000: 37921.381: [GC (Allocation Failure) 2019-12-23T11:25:01.934+0000: 37921.381: [ParNew: 70534K->6857K(72512K), 0.0030156 secs] 195957K->133232K(233664K), 0.0030977 secs] [Times: user=0.01 sys=0.00, real=0.00 secs] 
2019-12-23T11:25:14.509+0000: 37933.956: [GC (Allocation Failure) 2019-12-23T11:25:14.509+0000: 37933.956: [ParNew: 71369K->5179K(72512K), 0.0031223 secs] 197744K->132506K(233664K), 0.0032043 secs] [Times: user=0.01 sys=0.00, real=0.01 secs] 
2019-12-23T11:25:24.501+0000: 37943.948: [GC (Allocation Failure) 2019-12-23T11:25:24.501+0000: 37943.948: [ParNew: 69691K->5947K(72512K), 0.0028717 secs] 197018K->134254K(233664K), 0.0029442 secs] [Times: user=0.00 sys=0.00, real=0.00 secs] 
2019-12-23T11:25:32.310+0000: 37951.756: [GC (Allocation Failure) 2019-12-23T11:25:32.310+0000: 37951.757: [ParNew: 70459K->6272K(72512K), 0.0029139 secs] 198766K->135531K(233664K), 0.0029914 secs] [Times: user=0.01 sys=0.00, real=0.01 secs] 
2019-12-23T11:25:40.610+0000: 37960.057: [GC (Allocation Failure) 2019-12-23T11:25:40.610+0000: 37960.057: [ParNew: 70784K->6694K(72512K), 0.0029900 secs] 200043K->136904K(233664K), 0.0030682 secs] [Times: user=0.00 sys=0.00, real=0.01 secs] 
2019-12-23T11:25:52.664+0000: 37972.111: [GC (Allocation Failure) 2019-12-23T11:25:52.664+0000: 37972.111: [ParNew: 71206K->5871K(72512K), 0.0029040 secs] 201416K->137032K(233664K), 0.0029743 secs] [Times: user=0.01 sys=0.00, real=0.00 secs] 
2019-12-23T11:26:03.993+0000: 37983.440: [GC (Allocation Failure) 2019-12-23T11:26:03.993+0000: 37983.440: [ParNew: 70383K->5253K(72512K), 0.0029649 secs] 201544K->137367K(233664K), 0.0030467 secs] [Times: user=0.01 sys=0.00, real=0.00 secs] 
2019-12-23T11:26:14.216+0000: 37993.663: [GC (Allocation Failure) 2019-12-23T11:26:14.216+0000: 37993.663: [ParNew: 69765K->4999K(72512K), 0.0030492 secs] 201879K->138065K(233664K), 0.0031479 secs] [Times: user=0.01 sys=0.00, real=0.01 secs] 
2019-12-23T11:26:21.031+0000: 38000.478: [GC (Allocation Failure) 2019-12-23T11:26:21.031+0000: 38000.478: [ParNew: 69511K->5757K(72512K), 0.0030026 secs] 202577K->139803K(233664K), 0.0030844 secs] [Times: user=0.01 sys=0.00, real=0.00 secs] 
2019-12-23T11:26:38.409+0000: 38017.856: [GC (Allocation Failure) 2019-12-23T11:26:38.409+0000: 38017.856: [ParNew: 70269K->4187K(72512K), 0.0026515 secs] 204315K->138621K(233664K), 0.0027416 secs] [Times: user=0.01 sys=0.00, real=0.01 secs] 
2019-12-23T11:26:39.758+0000: 38019.205: [GC (Allocation Failure) 2019-12-23T11:26:39.759+0000: 38019.205: [ParNew: 68699K->5765K(72512K), 0.0027424 secs] 203133K->140200K(233664K), 0.0028784 secs] [Times: user=0.01 sys=0.00, real=0.01 secs] 
2019-12-23T11:26:56.153+0000: 38035.600: [GC (Allocation Failure) 2019-12-23T11:26:56.153+0000: 38035.600: [ParNew: 70277K->5114K(72512K), 0.0028380 secs] 204712K->139934K(233664K), 0.0029255 secs] [Times: user=0.00 sys=0.00, real=0.00 secs] 
2019-12-23T11:27:03.702+0000: 38043.149: [GC (Allocation Failure) 2019-12-23T11:27:03.702+0000: 38043.149: [ParNew: 69626K->5759K(72512K), 0.0030696 secs] 204446K->141835K(233664K), 0.0031530 secs] [Times: user=0.01 sys=0.00, real=0.00 secs] 
2019-12-23T11:27:16.198+0000: 38055.645: [GC (Allocation Failure) 2019-12-23T11:27:16.198+0000: 38055.645: [ParNew: 70271K->5280K(72512K), 0.0029880 secs] 206347K->142309K(233664K), 0.0030651 secs] [Times: user=0.01 sys=0.00, real=0.01 secs] 
2019-12-23T11:27:28.315+0000: 38067.762: [GC (Allocation Failure) 2019-12-23T11:27:28.315+0000: 38067.762: [ParNew: 69792K->5094K(72512K), 0.0033153 secs] 206821K->142974K(233664K), 0.0034321 secs] [Times: user=0.00 sys=0.00, real=0.00 secs] 
2019-12-23T11:27:33.797+0000: 38073.244: [GC (Allocation Failure) 2019-12-23T11:27:33.797+0000: 38073.244: [ParNew: 69606K->5126K(72512K), 0.0029945 secs] 207486K->144049K(233664K), 0.0030796 secs] [Times: user=0.01 sys=0.00, real=0.01 secs] 
2019-12-23T11:27:49.475+0000: 38088.922: [GC (Allocation Failure) 2019-12-23T11:27:49.475+0000: 38088.922: [ParNew: 69638K->5425K(72512K), 0.0028546 secs] 208561K->145300K(233664K), 0.0029900 secs] [Times: user=0.01 sys=0.00, real=0.00 secs] 
2019-12-23T11:27:53.151+0000: 38092.598: [GC (Allocation Failure) 2019-12-23T11:27:53.151+0000: 38092.598: [ParNew: 69937K->5289K(72512K), 0.0030727 secs] 209812K->146115K(233664K), 0.0031574 secs] [Times: user=0.01 sys=0.00, real=0.00 secs] 
2019-12-23T11:28:07.211+0000: 38106.658: [GC (Allocation Failure) 2019-12-23T11:28:07.211+0000: 38106.658: [ParNew: 69801K->5394K(72512K), 0.0029467 secs] 210627K->147173K(233664K), 0.0030300 secs] [Times: user=0.01 sys=0.00, real=0.00 secs] 
2019-12-23T11:28:18.666+0000: 38118.113: [GC (Allocation Failure) 2019-12-23T11:28:18.666+0000: 38118.113: [ParNew: 69906K->5203K(72512K), 0.0029881 secs] 211685K->147805K(233664K), 0.0030656 secs] [Times: user=0.01 sys=0.00, real=0.00 secs] 
2019-12-23T11:28:26.547+0000: 38125.994: [GC (Allocation Failure) 2019-12-23T11:28:26.547+0000: 38125.994: [ParNew: 69715K->5623K(72512K), 0.0029166 secs] 212317K->149177K(233664K), 0.0030139 secs] [Times: user=0.01 sys=0.00, real=0.00 secs] 
2019-12-23T11:28:40.288+0000: 38139.735: [GC (Allocation Failure) 2019-12-23T11:28:40.288+0000: 38139.735: [ParNew: 70135K->5333K(72512K), 0.0029023 secs] 213689K->149839K(233664K), 0.0029846 secs] [Times: user=0.01 sys=0.00, real=0.01 secs] 
2019-12-23T11:28:43.384+0000: 38142.831: [GC (Allocation Failure) 2019-12-23T11:28:43.384+0000: 38142.831: [ParNew: 69845K->5385K(72512K), 0.0029538 secs] 214351K->150844K(233664K), 0.0030449 secs] [Times: user=0.00 sys=0.00, real=0.00 secs] 
2019-12-23T11:29:01.767+0000: 38161.214: [GC (Allocation Failure) 2019-12-23T11:29:01.767+0000: 38161.214: [ParNew: 69889K->5341K(72512K), 0.0029383 secs] 215347K->151751K(233664K), 0.0030232 secs] [Times: user=0.01 sys=0.00, real=0.00 secs] 
2019-12-23T11:29:13.100+0000: 38172.547: [GC (Allocation Failure) 2019-12-23T11:29:13.100+0000: 38172.547: [ParNew: 69853K->5897K(72512K), 0.0039306 secs] 216263K->153259K(233664K), 0.0040344 secs] [Times: user=0.01 sys=0.00, real=0.00 secs] 
2019-12-23T11:29:19.222+0000: 38178.669: [GC (Allocation Failure) 2019-12-23T11:29:19.222+0000: 38178.669: [ParNew: 70409K->6050K(72512K), 0.0030231 secs] 217771K->154365K(233664K), 0.0031155 secs] [Times: user=0.01 sys=0.00, real=0.00 secs] 
2019-12-23T11:29:19.226+0000: 38178.673: [GC (CMS Initial Mark) [1 CMS-initial-mark: 148314K(161152K)] 155282K(233664K), 0.0010711 secs] [Times: user=0.01 sys=0.00, real=0.00 secs] 
2019-12-23T11:29:19.227+0000: 38178.674: [CMS-concurrent-mark-start]
2019-12-23T11:29:19.276+0000: 38178.723: [CMS-concurrent-mark: 0.049/0.049 secs] [Times: user=0.07 sys=0.00, real=0.05 secs] 
2019-12-23T11:29:19.276+0000: 38178.723: [CMS-concurrent-preclean-start]
2019-12-23T11:29:19.277+0000: 38178.724: [CMS-concurrent-preclean: 0.001/0.001 secs] [Times: user=0.00 sys=0.00, real=0.00 secs] 
2019-12-23T11:29:19.277+0000: 38178.724: [CMS-concurrent-abortable-preclean-start]
 CMS: abort preclean due to time 2019-12-23T11:29:24.284+0000: 38183.731: [CMS-concurrent-abortable-preclean: 0.202/5.007 secs] [Times: user=0.25 sys=0.00, real=5.01 secs] 
2019-12-23T11:29:24.284+0000: 38183.731: [GC (CMS Final Remark) [YG occupancy: 33686 K (72512 K)]2019-12-23T11:29:24.284+0000: 38183.731: [Rescan (parallel) , 0.0049201 secs]2019-12-23T11:29:24.289+0000: 38183.736: [weak refs processing, 0.0000528 secs]2019-12-23T11:29:24.289+0000: 38183.736: [class unloading, 0.0091469 secs]2019-12-23T11:29:24.299+0000: 38183.746: [scrub symbol table, 0.0056613 secs]2019-12-23T11:29:24.304+0000: 38183.751: [scrub string table, 0.0005611 secs][1 CMS-remark: 148314K(161152K)] 182001K(233664K), 0.0205407 secs] [Times: user=0.03 sys=0.00, real=0.02 secs] 
2019-12-23T11:29:24.305+0000: 38183.752: [CMS-concurrent-sweep-start]
2019-12-23T11:29:24.316+0000: 38183.763: [CMS-concurrent-sweep: 0.011/0.011 secs] [Times: user=0.01 sys=0.00, real=0.01 secs] 
2019-12-23T11:29:24.316+0000: 38183.763: [CMS-concurrent-reset-start]
2019-12-23T11:29:24.328+0000: 38183.775: [CMS-concurrent-reset: 0.012/0.012 secs] [Times: user=0.01 sys=0.00, real=0.01 secs] 
2019-12-23T11:29:28.002+0000: 38187.449: [GC (Allocation Failure) 2019-12-23T11:29:28.002+0000: 38187.449: [ParNew: 70562K->5497K(72512K), 0.0037961 secs] 99541K->35327K(233664K), 0.0038776 secs] [Times: user=0.01 sys=0.00, real=0.00 secs] 
2019-12-23T11:29:39.855+0000: 38199.302: [GC (Allocation Failure) 2019-12-23T11:29:39.856+0000: 38199.302: [ParNew: 70009K->5729K(72512K), 0.0030524 secs] 99839K->36646K(233664K), 0.0031636 secs] [Times: user=0.01 sys=0.00, real=0.01 secs] 
2019-12-23T11:29:52.005+0000: 38211.452: [GC (Allocation Failure) 2019-12-23T11:29:52.005+0000: 38211.452: [ParNew: 70241K->4782K(72512K), 0.0027877 secs] 101158K->36651K(233664K), 0.0028616 secs] [Times: user=0.01 sys=0.00, real=0.00 secs] 
2019-12-23T11:29:59.404+0000: 38218.851: [GC (Allocation Failure) 2019-12-23T11:29:59.404+0000: 38218.851: [ParNew: 69294K->4754K(72512K), 0.0028045 secs] 101163K->37575K(233664K), 0.0028806 secs] [Times: user=0.01 sys=0.00, real=0.00 secs] 
2019-12-23T11:30:12.112+0000: 38231.559: [GC (Allocation Failure) 2019-12-23T11:30:12.112+0000: 38231.559: [ParNew: 69266K->5512K(72512K), 0.0028482 secs] 102087K->39284K(233664K), 0.0029210 secs] [Times: user=0.01 sys=0.00, real=0.00 secs] 
2019-12-23T11:30:18.140+0000: 38237.587: [GC (Allocation Failure) 2019-12-23T11:30:18.140+0000: 38237.587: [ParNew: 70024K->4755K(72512K), 0.0028098 secs] 103796K->39507K(233664K), 0.0028977 secs] [Times: user=0.01 sys=0.00, real=0.00 secs] 
2019-12-23T11:30:30.186+0000: 38249.633: [GC (Allocation Failure) 2019-12-23T11:30:30.186+0000: 38249.633: [ParNew: 69267K->4520K(72512K), 0.0028905 secs] 104019K->40225K(233664K), 0.0029690 secs] [Times: user=0.00 sys=0.00, real=0.00 secs] 
2019-12-23T11:30:42.740+0000: 38262.187: [GC (Allocation Failure) 2019-12-23T11:30:42.740+0000: 38262.187: [ParNew: 69032K->5569K(72512K), 0.0029719 secs] 104737K->42226K(233664K), 0.0030540 secs] [Times: user=0.01 sys=0.00, real=0.00 secs] 
2019-12-23T11:30:52.928+0000: 38272.375: [GC (Allocation Failure) 2019-12-23T11:30:52.928+0000: 38272.375: [ParNew: 70081K->6030K(72512K), 0.0028669 secs] 106738K->43638K(233664K), 0.0029771 secs] [Times: user=0.01 sys=0.00, real=0.01 secs] 
2019-12-23T11:31:05.066+0000: 38284.513: [GC (Allocation Failure) 2019-12-23T11:31:05.067+0000: 38284.513: [ParNew: 70542K->4972K(72512K), 0.0029358 secs] 108150K->43532K(233664K), 0.0030409 secs] [Times: user=0.01 sys=0.01, real=0.00 secs] 
2019-12-23T11:31:16.811+0000: 38296.258: [GC (Allocation Failure) 2019-12-23T11:31:16.811+0000: 38296.258: [ParNew: 69484K->3130K(72512K), 0.0026513 secs] 108044K->41953K(233664K), 0.0027348 secs] [Times: user=0.01 sys=0.00, real=0.00 secs] 
2019-12-23T11:31:24.277+0000: 38303.724: [GC (Allocation Failure) 2019-12-23T11:31:24.277+0000: 38303.724: [ParNew: 67642K->3626K(72512K), 0.0025255 secs] 106465K->42449K(233664K), 0.0026158 secs] [Times: user=0.01 sys=0.00, real=0.01 secs] 
2019-12-23T11:31:38.055+0000: 38317.502: [GC (Allocation Failure) 2019-12-23T11:31:38.055+0000: 38317.502: [ParNew: 68138K->4700K(72512K), 0.0027879 secs] 106961K->43523K(233664K), 0.0028623 secs] [Times: user=0.01 sys=0.00, real=0.00 secs] 
2019-12-23T11:31:42.374+0000: 38321.821: [GC (Allocation Failure) 2019-12-23T11:31:42.374+0000: 38321.821: [ParNew: 69212K->5145K(72512K), 0.0030044 secs] 108035K->44569K(233664K), 0.0030785 secs] [Times: user=0.01 sys=0.00, real=0.00 secs] 
2019-12-23T11:31:53.955+0000: 38333.402: [GC (Allocation Failure) 2019-12-23T11:31:53.955+0000: 38333.402: [ParNew: 69657K->5285K(72512K), 0.0028394 secs] 109081K->45661K(233664K), 0.0029124 secs] [Times: user=0.01 sys=0.00, real=0.00 secs] 
2019-12-23T11:32:05.286+0000: 38344.733: [GC (Allocation Failure) 2019-12-23T11:32:05.286+0000: 38344.733: [ParNew: 69797K->5831K(72512K), 0.0029371 secs] 110173K->47159K(233664K), 0.0030131 secs] [Times: user=0.01 sys=0.00, real=0.00 secs] 
2019-12-23T11:32:17.217+0000: 38356.664: [GC (Allocation Failure) 2019-12-23T11:32:17.218+0000: 38356.664: [ParNew: 70343K->5013K(72512K), 0.0029810 secs] 111671K->47293K(233664K), 0.0030595 secs] [Times: user=0.01 sys=0.00, real=0.01 secs] 
2019-12-23T11:32:24.096+0000: 38363.543: [GC (Allocation Failure) 2019-12-23T11:32:24.097+0000: 38363.543: [ParNew: 69525K->4851K(72512K), 0.0029244 secs] 111805K->47955K(233664K), 0.0030037 secs] [Times: user=0.01 sys=0.00, real=0.01 secs] 
2019-12-23T11:32:36.734+0000: 38376.181: [GC (Allocation Failure) 2019-12-23T11:32:36.734+0000: 38376.181: [ParNew: 69363K->5329K(72512K), 0.0029248 secs] 112467K->49384K(233664K), 0.0030084 secs] [Times: user=0.00 sys=0.00, real=0.00 secs] 
2019-12-23T11:32:42.051+0000: 38381.498: [GC (Allocation Failure) 2019-12-23T11:32:42.051+0000: 38381.498: [ParNew: 69841K->5830K(72512K), 0.0029350 secs] 113896K->50838K(233664K), 0.0030181 secs] [Times: user=0.01 sys=0.00, real=0.00 secs] 
2019-12-23T11:32:54.877+0000: 38394.324: [GC (Allocation Failure) 2019-12-23T11:32:54.877+0000: 38394.324: [ParNew: 70342K->4877K(72512K), 0.0063991 secs] 115350K->50836K(233664K), 0.0065215 secs] [Times: user=0.01 sys=0.00, real=0.01 secs] 
2019-12-23T11:33:06.659+0000: 38406.106: [GC (Allocation Failure) 2019-12-23T11:33:06.659+0000: 38406.106: [ParNew: 69389K->5111K(72512K), 0.0030272 secs] 115348K->52022K(233664K), 0.0031134 secs] [Times: user=0.01 sys=0.01, real=0.00 secs] 
2019-12-23T11:33:18.385+0000: 38417.832: [GC (Allocation Failure) 2019-12-23T11:33:18.385+0000: 38417.832: [ParNew: 69623K->4940K(72512K), 0.0027850 secs] 116534K->52803K(233664K), 0.0028673 secs] [Times: user=0.01 sys=0.00, real=0.00 secs] 
2019-12-23T11:33:29.844+0000: 38429.291: [GC (Allocation Failure) 2019-12-23T11:33:29.844+0000: 38429.291: [ParNew: 69452K->4856K(72512K), 0.0029011 secs] 117315K->53570K(233664K), 0.0029794 secs] [Times: user=0.01 sys=0.00, real=0.00 secs] 
2019-12-23T11:33:39.698+0000: 38439.145: [GC (Allocation Failure) 2019-12-23T11:33:39.698+0000: 38439.145: [ParNew: 69368K->5138K(72512K), 0.0028324 secs] 118082K->54804K(233664K), 0.0029272 secs] [Times: user=0.01 sys=0.00, real=0.01 secs] 
2019-12-23T11:33:49.661+0000: 38449.108: [GC (Allocation Failure) 2019-12-23T11:33:49.661+0000: 38449.108: [ParNew: 69650K->5549K(72512K), 0.0040811 secs] 119316K->56168K(233664K), 0.0041711 secs] [Times: user=0.01 sys=0.00, real=0.00 secs] 
2019-12-23T11:33:55.405+0000: 38454.852: [GC (Allocation Failure) 2019-12-23T11:33:55.405+0000: 38454.852: [ParNew: 70061K->5368K(72512K), 0.0028338 secs] 120680K->56965K(233664K), 0.0029147 secs] [Times: user=0.01 sys=0.00, real=0.00 secs] 
2019-12-23T11:34:07.392+0000: 38466.839: [GC (Allocation Failure) 2019-12-23T11:34:07.392+0000: 38466.839: [ParNew: 69880K->5585K(72512K), 0.0028355 secs] 121477K->58270K(233664K), 0.0029160 secs] [Times: user=0.00 sys=0.00, real=0.00 secs] 
2019-12-23T11:34:20.616+0000: 38480.063: [GC (Allocation Failure) 2019-12-23T11:34:20.616+0000: 38480.063: [ParNew: 70097K->5223K(72512K), 0.0027726 secs] 122782K->58860K(233664K), 0.0028579 secs] [Times: user=0.00 sys=0.00, real=0.00 secs] 
2019-12-23T11:34:31.404+0000: 38490.851: [GC (Allocation Failure) 2019-12-23T11:34:31.404+0000: 38490.851: [ParNew: 69735K->4631K(72512K), 0.0028912 secs] 123372K->59092K(233664K), 0.0029758 secs] [Times: user=0.01 sys=0.01, real=0.00 secs] 
2019-12-23T11:34:43.051+0000: 38502.498: [GC (Allocation Failure) 2019-12-23T11:34:43.051+0000: 38502.498: [ParNew: 69143K->5842K(72512K), 0.0028961 secs] 123604K->61254K(233664K), 0.0029778 secs] [Times: user=0.00 sys=0.00, real=0.00 secs] 
2019-12-23T11:34:53.929+0000: 38513.376: [GC (Allocation Failure) 2019-12-23T11:34:53.929+0000: 38513.376: [ParNew: 70354K->5469K(72512K), 0.0028559 secs] 125766K->61833K(233664K), 0.0029311 secs] [Times: user=0.01 sys=0.00, real=0.01 secs] 
2019-12-23T11:35:00.975+0000: 38520.422: [GC (Allocation Failure) 2019-12-23T11:35:00.975+0000: 38520.422: [ParNew: 69981K->5075K(72512K), 0.0027122 secs] 126345K->62392K(233664K), 0.0028172 secs] [Times: user=0.01 sys=0.00, real=0.00 secs] 
2019-12-23T11:35:12.382+0000: 38531.829: [GC (Allocation Failure) 2019-12-23T11:35:12.382+0000: 38531.829: [ParNew: 69587K->5556K(72512K), 0.0028808 secs] 126904K->63824K(233664K), 0.0029611 secs] [Times: user=0.01 sys=0.00, real=0.00 secs] 
2019-12-23T11:35:20.960+0000: 38540.407: [GC (Allocation Failure) 2019-12-23T11:35:20.961+0000: 38540.407: [ParNew: 70068K->5814K(72512K), 0.0028582 secs] 128336K->65034K(233664K), 0.0029337 secs] [Times: user=0.01 sys=0.00, real=0.00 secs] 
2019-12-23T11:35:32.990+0000: 38552.437: [GC (Allocation Failure) 2019-12-23T11:35:32.990+0000: 38552.437: [ParNew: 70326K->5414K(72512K), 0.0029541 secs] 129546K->65486K(233664K), 0.0030433 secs] [Times: user=0.01 sys=0.00, real=0.01 secs] 
2019-12-23T11:35:44.403+0000: 38563.850: [GC (Allocation Failure) 2019-12-23T11:35:44.403+0000: 38563.850: [ParNew: 69926K->5380K(72512K), 0.0028754 secs] 129998K->66403K(233664K), 0.0029602 secs] [Times: user=0.01 sys=0.00, real=0.00 secs] 
2019-12-23T11:35:54.591+0000: 38574.038: [GC (Allocation Failure) 2019-12-23T11:35:54.591+0000: 38574.038: [ParNew: 69892K->3786K(72512K), 0.0025310 secs] 130915K->64942K(233664K), 0.0026070 secs] [Times: user=0.01 sys=0.00, real=0.00 secs] 
2019-12-23T11:36:00.542+0000: 38579.989: [GC (Allocation Failure) 2019-12-23T11:36:00.542+0000: 38579.989: [ParNew: 68298K->3934K(72512K), 0.0024992 secs] 129454K->65091K(233664K), 0.0025707 secs] [Times: user=0.01 sys=0.00, real=0.00 secs] 
2019-12-23T11:36:11.911+0000: 38591.358: [GC (Allocation Failure) 2019-12-23T11:36:11.911+0000: 38591.358: [ParNew: 68446K->5378K(72512K), 0.0026981 secs] 129603K->66535K(233664K), 0.0027722 secs] [Times: user=0.01 sys=0.00, real=0.00 secs] 
2019-12-23T11:36:22.503+0000: 38601.950: [GC (Allocation Failure) 2019-12-23T11:36:22.503+0000: 38601.950: [ParNew: 69890K->5089K(72512K), 0.0027801 secs] 131047K->67495K(233664K), 0.0028568 secs] [Times: user=0.01 sys=0.00, real=0.00 secs] 
2019-12-23T11:36:34.554+0000: 38614.001: [GC (Allocation Failure) 2019-12-23T11:36:34.554+0000: 38614.001: [ParNew: 69601K->5061K(72512K), 0.0027953 secs] 132007K->68451K(233664K), 0.0028865 secs] [Times: user=0.01 sys=0.00, real=0.00 secs] 
2019-12-23T11:36:47.243+0000: 38626.690: [GC (Allocation Failure) 2019-12-23T11:36:47.243+0000: 38626.690: [ParNew: 69573K->4841K(72512K), 0.0028279 secs] 132963K->69182K(233664K), 0.0029043 secs] [Times: user=0.01 sys=0.00, real=0.00 secs] 
2019-12-23T11:37:00.111+0000: 38639.558: [GC (Allocation Failure) 2019-12-23T11:37:00.111+0000: 38639.558: [ParNew: 69353K->5105K(72512K), 0.0029347 secs] 133694K->70398K(233664K), 0.0030100 secs] [Times: user=0.01 sys=0.00, real=0.00 secs] 
2019-12-23T11:37:05.740+0000: 38645.187: [GC (Allocation Failure) 2019-12-23T11:37:05.740+0000: 38645.187: [ParNew: 69617K->5358K(72512K), 0.0029486 secs] 134910K->71603K(233664K), 0.0030394 secs] [Times: user=0.01 sys=0.00, real=0.00 secs] 
2019-12-23T11:37:23.274+0000: 38662.721: [GC (Allocation Failure) 2019-12-23T11:37:23.274+0000: 38662.721: [ParNew: 69870K->5499K(72512K), 0.0031589 secs] 136115K->72695K(233664K), 0.0032357 secs] [Times: user=0.01 sys=0.00, real=0.00 secs] 
2019-12-23T11:37:24.569+0000: 38664.016: [GC (Allocation Failure) 2019-12-23T11:37:24.569+0000: 38664.016: [ParNew: 70011K->6155K(72512K), 0.0030117 secs] 137207K->74304K(233664K), 0.0030889 secs] [Times: user=0.01 sys=0.00, real=0.01 secs] 
2019-12-23T11:37:41.304+0000: 38680.751: [GC (Allocation Failure) 2019-12-23T11:37:41.304+0000: 38680.751: [ParNew: 70667K->6671K(72512K), 0.0030222 secs] 138816K->75772K(233664K), 0.0031218 secs] [Times: user=0.01 sys=0.00, real=0.00 secs] 
2019-12-23T11:37:46.603+0000: 38686.050: [GC (Allocation Failure) 2019-12-23T11:37:46.603+0000: 38686.050: [ParNew: 71183K->6801K(72512K), 0.0029364 secs] 140284K->76853K(233664K), 0.0030274 secs] [Times: user=0.01 sys=0.00, real=0.00 secs] 
2019-12-23T11:37:59.324+0000: 38698.771: [GC (Allocation Failure) 2019-12-23T11:37:59.324+0000: 38698.771: [ParNew: 71313K->5670K(72512K), 0.0028548 secs] 141365K->76675K(233664K), 0.0029431 secs] [Times: user=0.01 sys=0.00, real=0.00 secs] 
2019-12-23T11:38:11.621+0000: 38711.068: [GC (Allocation Failure) 2019-12-23T11:38:11.621+0000: 38711.068: [ParNew: 70182K->5735K(72512K), 0.0028463 secs] 141187K->77691K(233664K), 0.0029291 secs] [Times: user=0.01 sys=0.00, real=0.00 secs] 
2019-12-23T11:38:19.164+0000: 38718.611: [GC (Allocation Failure) 2019-12-23T11:38:19.164+0000: 38718.611: [ParNew: 70247K->5741K(72512K), 0.0028867 secs] 142203K->78649K(233664K), 0.0029616 secs] [Times: user=0.01 sys=0.00, real=0.00 secs] 
2019-12-23T11:38:36.003+0000: 38735.450: [GC (Allocation Failure) 2019-12-23T11:38:36.003+0000: 38735.450: [ParNew: 70253K->5576K(72512K), 0.0029653 secs] 143161K->79336K(233664K), 0.0030675 secs] [Times: user=0.01 sys=0.00, real=0.00 secs] 
2019-12-23T11:38:37.631+0000: 38737.078: [GC (Allocation Failure) 2019-12-23T11:38:37.631+0000: 38737.078: [ParNew: 70088K->6051K(72512K), 0.0029481 secs] 143848K->80763K(233664K), 0.0030274 secs] [Times: user=0.00 sys=0.00, real=0.00 secs] 
2019-12-23T11:38:53.307+0000: 38752.754: [GC (Allocation Failure) 2019-12-23T11:38:53.308+0000: 38752.754: [ParNew: 70563K->5186K(72512K), 0.0040457 secs] 145275K->80849K(233664K), 0.0041365 secs] [Times: user=0.01 sys=0.00, real=0.01 secs] 
2019-12-23T11:39:02.935+0000: 38762.382: [GC (Allocation Failure) 2019-12-23T11:39:02.935+0000: 38762.382: [ParNew: 69698K->5370K(72512K), 0.0028668 secs] 145361K->82077K(233664K), 0.0029611 secs] [Times: user=0.01 sys=0.00, real=0.00 secs] 
2019-12-23T11:39:12.563+0000: 38772.010: [GC (Allocation Failure) 2019-12-23T11:39:12.563+0000: 38772.010: [ParNew: 69882K->5520K(72512K), 0.0032113 secs] 146589K->83179K(233664K), 0.0032837 secs] [Times: user=0.01 sys=0.00, real=0.00 secs] 
2019-12-23T11:39:26.253+0000: 38785.700: [GC (Allocation Failure) 2019-12-23T11:39:26.253+0000: 38785.700: [ParNew: 70032K->5109K(72512K), 0.0031137 secs] 147691K->83855K(233664K), 0.0031948 secs] [Times: user=0.01 sys=0.00, real=0.00 secs] 
2019-12-23T11:39:37.413+0000: 38796.859: [GC (Allocation Failure) 2019-12-23T11:39:37.413+0000: 38796.860: [ParNew: 69621K->6223K(72512K), 0.0028167 secs] 148367K->85659K(233664K), 0.0028873 secs] [Times: user=0.01 sys=0.00, real=0.00 secs] 
2019-12-23T11:39:45.037+0000: 38804.483: [GC (Allocation Failure) 2019-12-23T11:39:45.037+0000: 38804.483: [ParNew: 70735K->4778K(72512K), 0.0027742 secs] 150171K->85301K(233664K), 0.0028455 secs] [Times: user=0.01 sys=0.00, real=0.01 secs] 
2019-12-23T11:40:02.324+0000: 38821.771: [GC (Allocation Failure) 2019-12-23T11:40:02.324+0000: 38821.771: [ParNew: 69290K->4858K(72512K), 0.0028532 secs] 149813K->86332K(233664K), 0.0029370 secs] [Times: user=0.00 sys=0.00, real=0.00 secs] 
2019-12-23T11:40:03.143+0000: 38822.590: [GC (Allocation Failure) 2019-12-23T11:40:03.143+0000: 38822.590: [ParNew: 69370K->5172K(72512K), 0.0027191 secs] 150844K->87597K(233664K), 0.0028151 secs] [Times: user=0.01 sys=0.00, real=0.00 secs] 
2019-12-23T11:40:19.439+0000: 38838.886: [GC (Allocation Failure) 2019-12-23T11:40:19.439+0000: 38838.886: [ParNew: 69684K->5495K(72512K), 0.0028401 secs] 152109K->88900K(233664K), 0.0029146 secs] [Times: user=0.01 sys=0.00, real=0.00 secs] 
2019-12-23T11:40:28.549+0000: 38847.996: [GC (Allocation Failure) 2019-12-23T11:40:28.549+0000: 38847.996: [ParNew: 70001K->3274K(72512K), 0.0024335 secs] 153406K->86809K(233664K), 0.0025117 secs] [Times: user=0.00 sys=0.00, real=0.01 secs] 
2019-12-23T11:40:40.654+0000: 38860.101: [GC (Allocation Failure) 2019-12-23T11:40:40.654+0000: 38860.101: [ParNew: 67786K->3281K(72512K), 0.0035118 secs] 151321K->86816K(233664K), 0.0036223 secs] [Times: user=0.01 sys=0.00, real=0.00 secs] 
2019-12-23T11:40:53.007+0000: 38872.453: [GC (Allocation Failure) 2019-12-23T11:40:53.007+0000: 38872.453: [ParNew: 67793K->4358K(72512K), 0.0024651 secs] 151328K->87893K(233664K), 0.0025444 secs] [Times: user=0.01 sys=0.00, real=0.00 secs] 
2019-12-23T11:40:57.717+0000: 38877.164: [GC (Allocation Failure) 2019-12-23T11:40:57.717+0000: 38877.164: [ParNew: 68870K->4959K(72512K), 0.0028009 secs] 152405K->88626K(233664K), 0.0028768 secs] [Times: user=0.01 sys=0.00, real=0.01 secs] 
2019-12-23T11:41:08.940+0000: 38888.387: [GC (Allocation Failure) 2019-12-23T11:41:08.940+0000: 38888.387: [ParNew: 69471K->4811K(72512K), 0.0029960 secs] 153138K->89889K(233664K), 0.0030914 secs] [Times: user=0.00 sys=0.00, real=0.00 secs] 
2019-12-23T11:41:20.085+0000: 38899.532: [GC (Allocation Failure) 2019-12-23T11:41:20.085+0000: 38899.532: [ParNew: 69323K->4729K(72512K), 0.0028576 secs] 154401K->90759K(233664K), 0.0029302 secs] [Times: user=0.01 sys=0.00, real=0.00 secs] 
2019-12-23T11:41:31.463+0000: 38910.910: [GC (Allocation Failure) 2019-12-23T11:41:31.463+0000: 38910.910: [ParNew: 69241K->4876K(72512K), 0.0028296 secs] 155271K->91858K(233664K), 0.0029115 secs] [Times: user=0.00 sys=0.00, real=0.00 secs] 
2019-12-23T11:41:42.385+0000: 38921.832: [GC (Allocation Failure) 2019-12-23T11:41:42.385+0000: 38921.832: [ParNew: 69388K->5048K(72512K), 0.0039271 secs] 156370K->93010K(233664K), 0.0040129 secs] [Times: user=0.01 sys=0.00, real=0.00 secs] 
2019-12-23T11:41:50.441+0000: 38929.888: [GC (Allocation Failure) 2019-12-23T11:41:50.441+0000: 38929.888: [ParNew: 69560K->4878K(72512K), 0.0028438 secs] 157522K->93792K(233664K), 0.0029452 secs] [Times: user=0.01 sys=0.00, real=0.00 secs] 
2019-12-23T11:42:06.909+0000: 38946.356: [GC (Allocation Failure) 2019-12-23T11:42:06.909+0000: 38946.356: [ParNew: 69390K->4782K(72512K), 0.0028572 secs] 158304K->94647K(233664K), 0.0029338 secs] [Times: user=0.01 sys=0.00, real=0.01 secs] 
2019-12-23T11:42:08.972+0000: 38948.419: [GC (Allocation Failure) 2019-12-23T11:42:08.972+0000: 38948.419: [ParNew: 69294K->5082K(72512K), 0.0029546 secs] 159159K->95899K(233664K), 0.0030534 secs] [Times: user=0.01 sys=0.00, real=0.00 secs] 
2019-12-23T11:42:24.699+0000: 38964.146: [GC (Allocation Failure) 2019-12-23T11:42:24.699+0000: 38964.146: [ParNew: 69594K->5623K(72512K), 0.0029097 secs] 160411K->97391K(233664K), 0.0030022 secs] [Times: user=0.01 sys=0.00, real=0.00 secs] 
2019-12-23T11:42:33.211+0000: 38972.658: [GC (Allocation Failure) 2019-12-23T11:42:33.211+0000: 38972.658: [ParNew: 70135K->5624K(72512K), 0.0029064 secs] 161903K->98372K(233664K), 0.0029858 secs] [Times: user=0.00 sys=0.00, real=0.00 secs] 
2019-12-23T11:42:47.365+0000: 38986.812: [GC (Allocation Failure) 2019-12-23T11:42:47.365+0000: 38986.812: [ParNew: 70136K->5133K(72512K), 0.0028571 secs] 162884K->98833K(233664K), 0.0029421 secs] [Times: user=0.01 sys=0.00, real=0.00 secs] 
2019-12-23T11:42:57.201+0000: 38996.648: [GC (Allocation Failure) 2019-12-23T11:42:57.201+0000: 38996.648: [ParNew: 69645K->6112K(72512K), 0.0028310 secs] 163345K->100764K(233664K), 0.0029065 secs] [Times: user=0.01 sys=0.00, real=0.00 secs] 
2019-12-23T11:43:05.295+0000: 39004.742: [GC (Allocation Failure) 2019-12-23T11:43:05.295+0000: 39004.742: [ParNew: 70624K->5190K(72512K), 0.0031777 secs] 165276K->100793K(233664K), 0.0032662 secs] [Times: user=0.01 sys=0.00, real=0.01 secs] 
2019-12-23T11:43:14.433+0000: 39013.880: [GC (Allocation Failure) 2019-12-23T11:43:14.433+0000: 39013.880: [ParNew: 69702K->5172K(72512K), 0.0031586 secs] 165305K->101727K(233664K), 0.0032492 secs] [Times: user=0.01 sys=0.00, real=0.00 secs] 
2019-12-23T11:43:26.692+0000: 39026.139: [GC (Allocation Failure) 2019-12-23T11:43:26.692+0000: 39026.139: [ParNew: 69684K->5297K(72512K), 0.0032418 secs] 166239K->102804K(233664K), 0.0033141 secs] [Times: user=0.01 sys=0.00, real=0.00 secs] 
2019-12-23T11:43:39.302+0000: 39038.749: [GC (Allocation Failure) 2019-12-23T11:43:39.302+0000: 39038.749: [ParNew: 69809K->5404K(72512K), 0.0029893 secs] 167316K->103863K(233664K), 0.0030772 secs] [Times: user=0.00 sys=0.00, real=0.00 secs] 
2019-12-23T11:43:52.258+0000: 39051.705: [GC (Allocation Failure) 2019-12-23T11:43:52.258+0000: 39051.705: [ParNew: 69916K->6404K(72512K), 0.0030449 secs] 168375K->105907K(233664K), 0.0031301 secs] [Times: user=0.01 sys=0.00, real=0.01 secs] 
2019-12-23T11:44:03.028+0000: 39062.475: [GC (Allocation Failure) 2019-12-23T11:44:03.028+0000: 39062.475: [ParNew: 70916K->6736K(72512K), 0.0031591 secs] 170419K->107191K(233664K), 0.0032528 secs] [Times: user=0.01 sys=0.00, real=0.01 secs] 
2019-12-23T11:44:13.235+0000: 39072.682: [GC (Allocation Failure) 2019-12-23T11:44:13.235+0000: 39072.682: [ParNew: 71248K->6053K(72512K), 0.0029593 secs] 171703K->107460K(233664K), 0.0030450 secs] [Times: user=0.01 sys=0.00, real=0.00 secs] 
2019-12-23T11:44:19.579+0000: 39079.026: [GC (Allocation Failure) 2019-12-23T11:44:19.579+0000: 39079.026: [ParNew: 70565K->6039K(72512K), 0.0028837 secs] 171972K->108398K(233664K), 0.0029611 secs] [Times: user=0.01 sys=0.00, real=0.00 secs] 
2019-12-23T11:44:30.910+0000: 39090.357: [GC (Allocation Failure) 2019-12-23T11:44:30.910+0000: 39090.357: [ParNew: 70551K->5460K(72512K), 0.0030349 secs] 172910K->108770K(233664K), 0.0031156 secs] [Times: user=0.00 sys=0.00, real=0.01 secs] 
2019-12-23T11:44:43.929+0000: 39103.376: [GC (Allocation Failure) 2019-12-23T11:44:43.929+0000: 39103.376: [ParNew: 69972K->5471K(72512K), 0.0028358 secs] 173282K->109733K(233664K), 0.0029299 secs] [Times: user=0.00 sys=0.00, real=0.01 secs] 
2019-12-23T11:44:56.035+0000: 39115.482: [GC (Allocation Failure) 2019-12-23T11:44:56.035+0000: 39115.482: [ParNew: 69983K->5360K(72512K), 0.0028916 secs] 174245K->110602K(233664K), 0.0029723 secs] [Times: user=0.01 sys=0.00, real=0.00 secs] 
2019-12-23T11:45:03.115+0000: 39122.562: [GC (Allocation Failure) 2019-12-23T11:45:03.116+0000: 39122.562: [ParNew: 69872K->3683K(72512K), 0.0025618 secs] 175114K->109384K(233664K), 0.0026406 secs] [Times: user=0.00 sys=0.00, real=0.00 secs] 
2019-12-23T11:45:16.129+0000: 39135.576: [GC (Allocation Failure) 2019-12-23T11:45:16.129+0000: 39135.576: [ParNew: 68195K->4139K(72512K), 0.0025954 secs] 173896K->109840K(233664K), 0.0026717 secs] [Times: user=0.01 sys=0.00, real=0.01 secs] 
2019-12-23T11:45:22.226+0000: 39141.673: [GC (Allocation Failure) 2019-12-23T11:45:22.226+0000: 39141.673: [ParNew: 68651K->4972K(72512K), 0.0027416 secs] 174352K->110674K(233664K), 0.0028364 secs] [Times: user=0.01 sys=0.00, real=0.00 secs] 
2019-12-23T11:45:33.774+0000: 39153.221: [GC (Allocation Failure) 2019-12-23T11:45:33.774+0000: 39153.221: [ParNew: 69484K->5110K(72512K), 0.0039991 secs] 175186K->111496K(233664K), 0.0040833 secs] [Times: user=0.01 sys=0.00, real=0.00 secs] 
2019-12-23T11:45:44.983+0000: 39164.430: [GC (Allocation Failure) 2019-12-23T11:45:44.984+0000: 39164.430: [ParNew: 69622K->5391K(72512K), 0.0030409 secs] 176008K->113047K(233664K), 0.0031458 secs] [Times: user=0.01 sys=0.00, real=0.00 secs] 
2019-12-23T11:45:57.213+0000: 39176.660: [GC (Allocation Failure) 2019-12-23T11:45:57.213+0000: 39176.660: [ParNew: 69903K->5228K(72512K), 0.0031966 secs] 177559K->113863K(233664K), 0.0032964 secs] [Times: user=0.01 sys=0.00, real=0.00 secs] 
2019-12-23T11:46:06.609+0000: 39186.055: [GC (Allocation Failure) 2019-12-23T11:46:06.609+0000: 39186.056: [ParNew: 69740K->5532K(72512K), 0.0029025 secs] 178375K->115119K(233664K), 0.0029839 secs] [Times: user=0.01 sys=0.00, real=0.01 secs] 
2019-12-23T11:46:15.634+0000: 39195.081: [GC (Allocation Failure) 2019-12-23T11:46:15.634+0000: 39195.081: [ParNew: 70044K->6003K(72512K), 0.0028959 secs] 179631K->116541K(233664K), 0.0030007 secs] [Times: user=0.01 sys=0.00, real=0.00 secs] 
2019-12-23T11:46:24.653+0000: 39204.100: [GC (Allocation Failure) 2019-12-23T11:46:24.653+0000: 39204.100: [ParNew: 70515K->5853K(72512K), 0.0028866 secs] 181053K->117342K(233664K), 0.0029719 secs] [Times: user=0.01 sys=0.00, real=0.00 secs] 
2019-12-23T11:46:37.372+0000: 39216.819: [GC (Allocation Failure) 2019-12-23T11:46:37.372+0000: 39216.819: [ParNew: 70365K->6060K(72512K), 0.0029595 secs] 181854K->118501K(233664K), 0.0030511 secs] [Times: user=0.01 sys=0.00, real=0.00 secs] 
2019-12-23T11:46:49.682+0000: 39229.129: [GC (Allocation Failure) 2019-12-23T11:46:49.682+0000: 39229.129: [ParNew: 70572K->6104K(72512K), 0.0028014 secs] 183013K->119497K(233664K), 0.0029106 secs] [Times: user=0.01 sys=0.00, real=0.00 secs] 
2019-12-23T11:47:01.942+0000: 39241.388: [GC (Allocation Failure) 2019-12-23T11:47:01.942+0000: 39241.389: [ParNew: 70616K->6888K(72512K), 0.0064369 secs] 184009K->121261K(233664K), 0.0065300 secs] [Times: user=0.02 sys=0.00, real=0.00 secs] 
2019-12-23T11:47:12.257+0000: 39251.704: [GC (Allocation Failure) 2019-12-23T11:47:12.257+0000: 39251.704: [ParNew: 71400K->5449K(72512K), 0.0031551 secs] 185773K->120773K(233664K), 0.0032378 secs] [Times: user=0.01 sys=0.00, real=0.01 secs] 
2019-12-23T11:47:19.724+0000: 39259.171: [GC (Allocation Failure) 2019-12-23T11:47:19.724+0000: 39259.171: [ParNew: 69961K->4872K(72512K), 0.0029048 secs] 185285K->121147K(233664K), 0.0030018 secs] [Times: user=0.01 sys=0.00, real=0.00 secs] 
2019-12-23T11:47:29.128+0000: 39268.575: [GC (Allocation Failure) 2019-12-23T11:47:29.128+0000: 39268.575: [ParNew: 69352K->5121K(72512K), 0.0038260 secs] 185627K->122349K(233664K), 0.0039042 secs] [Times: user=0.01 sys=0.00, real=0.01 secs] 
2019-12-23T11:47:41.692+0000: 39281.139: [GC (Allocation Failure) 2019-12-23T11:47:41.692+0000: 39281.139: [ParNew: 69633K->4758K(72512K), 0.0032266 secs] 186861K->122937K(233664K), 0.0033156 secs] [Times: user=0.00 sys=0.00, real=0.00 secs] 
2019-12-23T11:47:53.572+0000: 39293.019: [GC (Allocation Failure) 2019-12-23T11:47:53.572+0000: 39293.019: [ParNew: 69270K->5601K(72512K), 0.0029159 secs] 187449K->124733K(233664K), 0.0029981 secs] [Times: user=0.01 sys=0.00, real=0.00 secs] 
2019-12-23T11:48:02.923+0000: 39302.370: [GC (Allocation Failure) 2019-12-23T11:48:02.923+0000: 39302.370: [ParNew: 70113K->5123K(72512K), 0.0029807 secs] 189245K->125431K(233664K), 0.0030747 secs] [Times: user=0.01 sys=0.01, real=0.00 secs] 
2019-12-23T11:48:14.492+0000: 39313.939: [GC (Allocation Failure) 2019-12-23T11:48:14.492+0000: 39313.939: [ParNew: 69635K->5380K(72512K), 0.0029212 secs] 189943K->126710K(233664K), 0.0030022 secs] [Times: user=0.01 sys=0.00, real=0.00 secs] 
2019-12-23T11:48:25.168+0000: 39324.615: [GC (Allocation Failure) 2019-12-23T11:48:25.168+0000: 39324.615: [ParNew: 69892K->5599K(72512K), 0.0030806 secs] 191222K->127880K(233664K), 0.0031802 secs] [Times: user=0.01 sys=0.00, real=0.01 secs] 
2019-12-23T11:48:36.635+0000: 39336.082: [GC (Allocation Failure) 2019-12-23T11:48:36.635+0000: 39336.082: [ParNew: 70111K->5785K(72512K), 0.0030697 secs] 192392K->129017K(233664K), 0.0031643 secs] [Times: user=0.01 sys=0.00, real=0.01 secs] 
2019-12-23T11:48:46.558+0000: 39346.005: [GC (Allocation Failure) 2019-12-23T11:48:46.558+0000: 39346.005: [ParNew: 70297K->5259K(72512K), 0.0028492 secs] 193529K->129444K(233664K), 0.0029496 secs] [Times: user=0.01 sys=0.00, real=0.01 secs] 
2019-12-23T11:48:56.281+0000: 39355.728: [GC (Allocation Failure) 2019-12-23T11:48:56.281+0000: 39355.728: [ParNew: 69771K->5487K(72512K), 0.0028471 secs] 193956K->130624K(233664K), 0.0029308 secs] [Times: user=0.01 sys=0.00, real=0.00 secs] 
2019-12-23T11:49:05.458+0000: 39364.905: [GC (Allocation Failure) 2019-12-23T11:49:05.458+0000: 39364.905: [ParNew: 69999K->5655K(72512K), 0.0038696 secs] 195136K->131643K(233664K), 0.0039636 secs] [Times: user=0.01 sys=0.00, real=0.01 secs] 
2019-12-23T11:49:17.600+0000: 39377.047: [GC (Allocation Failure) 2019-12-23T11:49:17.600+0000: 39377.047: [ParNew: 70167K->6236K(72512K), 0.0031423 secs] 196155K->133176K(233664K), 0.0032433 secs] [Times: user=0.01 sys=0.00, real=0.00 secs] 
2019-12-23T11:49:23.877+0000: 39383.324: [GC (Allocation Failure) 2019-12-23T11:49:23.877+0000: 39383.324: [ParNew: 70748K->5028K(72512K), 0.0030676 secs] 197688K->132920K(233664K), 0.0031479 secs] [Times: user=0.01 sys=0.00, real=0.01 secs] 
2019-12-23T11:49:39.794+0000: 39399.241: [GC (Allocation Failure) 2019-12-23T11:49:39.794+0000: 39399.241: [ParNew: 69540K->3535K(72512K), 0.0026345 secs] 197432K->131754K(233664K), 0.0027111 secs] [Times: user=0.00 sys=0.00, real=0.00 secs] 
2019-12-23T11:49:46.041+0000: 39405.488: [GC (Allocation Failure) 2019-12-23T11:49:46.041+0000: 39405.488: [ParNew: 68047K->4805K(72512K), 0.0027684 secs] 196266K->133023K(233664K), 0.0028500 secs] [Times: user=0.01 sys=0.00, real=0.00 secs] 
2019-12-23T11:49:57.879+0000: 39417.326: [GC (Allocation Failure) 2019-12-23T11:49:57.879+0000: 39417.326: [ParNew: 69317K->5758K(72512K), 0.0027990 secs] 197535K->134109K(233664K), 0.0028759 secs] [Times: user=0.00 sys=0.00, real=0.00 secs] 
2019-12-23T11:50:04.384+0000: 39423.831: [GC (Allocation Failure) 2019-12-23T11:50:04.384+0000: 39423.831: [ParNew: 70270K->4945K(72512K), 0.0031010 secs] 198621K->134748K(233664K), 0.0031819 secs] [Times: user=0.01 sys=0.00, real=0.00 secs] 
2019-12-23T11:50:17.712+0000: 39437.159: [GC (Allocation Failure) 2019-12-23T11:50:17.712+0000: 39437.159: [ParNew: 69457K->5091K(72512K), 0.0029712 secs] 199260K->135846K(233664K), 0.0030565 secs] [Times: user=0.01 sys=0.00, real=0.00 secs] 
2019-12-23T11:50:28.621+0000: 39448.068: [GC (Allocation Failure) 2019-12-23T11:50:28.621+0000: 39448.068: [ParNew: 69603K->4842K(72512K), 0.0028267 secs] 200358K->136549K(233664K), 0.0029094 secs] [Times: user=0.01 sys=0.00, real=0.00 secs] 
2019-12-23T11:50:38.869+0000: 39458.316: [GC (Allocation Failure) 2019-12-23T11:50:38.869+0000: 39458.316: [ParNew: 69354K->5207K(72512K), 0.0029210 secs] 201061K->137865K(233664K), 0.0030016 secs] [Times: user=0.01 sys=0.00, real=0.01 secs] 
2019-12-23T11:50:46.196+0000: 39465.643: [GC (Allocation Failure) 2019-12-23T11:50:46.196+0000: 39465.643: [ParNew: 69719K->5437K(72512K), 0.0027817 secs] 202377K->139047K(233664K), 0.0028960 secs] [Times: user=0.01 sys=0.00, real=0.01 secs] 
2019-12-23T11:50:56.871+0000: 39476.318: [GC (Allocation Failure) 2019-12-23T11:50:56.871+0000: 39476.318: [ParNew: 69949K->6130K(72512K), 0.0029824 secs] 203559K->140691K(233664K), 0.0030547 secs] [Times: user=0.00 sys=0.00, real=0.00 secs] 
2019-12-23T11:51:10.242+0000: 39489.689: [GC (Allocation Failure) 2019-12-23T11:51:10.242+0000: 39489.689: [ParNew: 70642K->5181K(72512K), 0.0031502 secs] 205203K->140694K(233664K), 0.0032424 secs] [Times: user=0.01 sys=0.00, real=0.00 secs] 
2019-12-23T11:51:21.557+0000: 39501.004: [GC (Allocation Failure) 2019-12-23T11:51:21.557+0000: 39501.004: [ParNew: 69693K->5192K(72512K), 0.0030607 secs] 205206K->141657K(233664K), 0.0031477 secs] [Times: user=0.01 sys=0.00, real=0.01 secs] 
2019-12-23T11:51:30.697+0000: 39510.144: [GC (Allocation Failure) 2019-12-23T11:51:30.697+0000: 39510.144: [ParNew: 69704K->4936K(72512K), 0.0028499 secs] 206169K->142353K(233664K), 0.0029350 secs] [Times: user=0.01 sys=0.00, real=0.01 secs] 
2019-12-23T11:51:45.495+0000: 39524.942: [GC (Allocation Failure) 2019-12-23T11:51:45.495+0000: 39524.942: [ParNew: 69448K->5831K(72512K), 0.0028894 secs] 206865K->144199K(233664K), 0.0029657 secs] [Times: user=0.01 sys=0.00, real=0.00 secs] 
2019-12-23T11:51:53.175+0000: 39532.622: [GC (Allocation Failure) 2019-12-23T11:51:53.176+0000: 39532.622: [ParNew: 70343K->5175K(72512K), 0.0029438 secs] 208711K->144495K(233664K), 0.0030261 secs] [Times: user=0.00 sys=0.00, real=0.01 secs] 
2019-12-23T11:52:06.694+0000: 39546.141: [GC (Allocation Failure) 2019-12-23T11:52:06.694+0000: 39546.141: [ParNew: 69687K->4920K(72512K), 0.0030309 secs] 209007K->145191K(233664K), 0.0031093 secs] [Times: user=0.01 sys=0.00, real=0.00 secs] 
2019-12-23T11:52:12.190+0000: 39551.637: [GC (Allocation Failure) 2019-12-23T11:52:12.190+0000: 39551.637: [ParNew: 69432K->4935K(72512K), 0.0028992 secs] 209703K->146158K(233664K), 0.0029749 secs] [Times: user=0.01 sys=0.00, real=0.01 secs] 
2019-12-23T11:52:25.008+0000: 39564.455: [GC (Allocation Failure) 2019-12-23T11:52:25.008+0000: 39564.455: [ParNew: 69447K->5660K(72512K), 0.0029070 secs] 210670K->147835K(233664K), 0.0029884 secs] [Times: user=0.01 sys=0.00, real=0.01 secs] 
2019-12-23T11:52:34.951+0000: 39574.398: [GC (Allocation Failure) 2019-12-23T11:52:34.951+0000: 39574.398: [ParNew: 70172K->4973K(72512K), 0.0028495 secs] 212347K->148099K(233664K), 0.0029352 secs] [Times: user=0.01 sys=0.00, real=0.00 secs] 
2019-12-23T11:52:45.110+0000: 39584.557: [GC (Allocation Failure) 2019-12-23T11:52:45.111+0000: 39584.557: [ParNew: 69485K->4979K(72512K), 0.0029356 secs] 212611K->149057K(233664K), 0.0030535 secs] [Times: user=0.01 sys=0.01, real=0.01 secs] 
2019-12-23T11:52:55.707+0000: 39595.154: [GC (Allocation Failure) 2019-12-23T11:52:55.707+0000: 39595.154: [ParNew: 69491K->5036K(72512K), 0.0042240 secs] 213569K->150065K(233664K), 0.0043207 secs] [Times: user=0.01 sys=0.00, real=0.01 secs] 
2019-12-23T11:53:06.248+0000: 39605.695: [GC (Allocation Failure) 2019-12-23T11:53:06.248+0000: 39605.695: [ParNew: 69548K->5953K(72512K), 0.0029958 secs] 214577K->151934K(233664K), 0.0031045 secs] [Times: user=0.01 sys=0.00, real=0.01 secs] 
2019-12-23T11:53:17.706+0000: 39617.153: [GC (Allocation Failure) 2019-12-23T11:53:17.706+0000: 39617.153: [ParNew: 70465K->5685K(72512K), 0.0031473 secs] 216446K->152754K(233664K), 0.0032221 secs] [Times: user=0.01 sys=0.00, real=0.00 secs] 
2019-12-23T11:53:24.178+0000: 39623.625: [GC (Allocation Failure) 2019-12-23T11:53:24.178+0000: 39623.625: [ParNew: 70197K->5276K(72512K), 0.0030708 secs] 217266K->153297K(233664K), 0.0031547 secs] [Times: user=0.01 sys=0.00, real=0.01 secs] 
2019-12-23T11:53:39.080+0000: 39638.527: [GC (Allocation Failure) 2019-12-23T11:53:39.080+0000: 39638.527: [ParNew: 69788K->5397K(72512K), 0.0029906 secs] 217809K->154369K(233664K), 0.0030661 secs] [Times: user=0.01 sys=0.00, real=0.00 secs] 
2019-12-23T11:53:39.083+0000: 39638.530: [GC (CMS Initial Mark) [1 CMS-initial-mark: 148972K(161152K)] 155141K(233664K), 0.0009682 secs] [Times: user=0.00 sys=0.00, real=0.00 secs] 
2019-12-23T11:53:39.084+0000: 39638.531: [CMS-concurrent-mark-start]
2019-12-23T11:53:39.129+0000: 39638.576: [CMS-concurrent-mark: 0.045/0.045 secs] [Times: user=0.08 sys=0.00, real=0.04 secs] 
2019-12-23T11:53:39.129+0000: 39638.576: [CMS-concurrent-preclean-start]
2019-12-23T11:53:39.130+0000: 39638.577: [CMS-concurrent-preclean: 0.001/0.001 secs] [Times: user=0.00 sys=0.00, real=0.00 secs] 
2019-12-23T11:53:39.130+0000: 39638.577: [CMS-concurrent-abortable-preclean-start]
 CMS: abort preclean due to time 2019-12-23T11:53:44.147+0000: 39643.594: [CMS-concurrent-abortable-preclean: 0.212/5.017 secs] [Times: user=0.25 sys=0.01, real=5.02 secs] 
2019-12-23T11:53:44.147+0000: 39643.594: [GC (CMS Final Remark) [YG occupancy: 40241 K (72512 K)]2019-12-23T11:53:44.147+0000: 39643.594: [Rescan (parallel) , 0.0057301 secs]2019-12-23T11:53:44.153+0000: 39643.600: [weak refs processing, 0.0000549 secs]2019-12-23T11:53:44.153+0000: 39643.600: [class unloading, 0.0088682 secs]2019-12-23T11:53:44.162+0000: 39643.609: [scrub symbol table, 0.0061561 secs]2019-12-23T11:53:44.168+0000: 39643.615: [scrub string table, 0.0005375 secs][1 CMS-remark: 148972K(161152K)] 189213K(233664K), 0.0215154 secs] [Times: user=0.04 sys=0.00, real=0.02 secs] 
2019-12-23T11:53:44.169+0000: 39643.616: [CMS-concurrent-sweep-start]
2019-12-23T11:53:44.181+0000: 39643.628: [CMS-concurrent-sweep: 0.012/0.012 secs] [Times: user=0.02 sys=0.00, real=0.02 secs] 
2019-12-23T11:53:44.181+0000: 39643.628: [CMS-concurrent-reset-start]
2019-12-23T11:53:44.193+0000: 39643.640: [CMS-concurrent-reset: 0.012/0.012 secs] [Times: user=0.01 sys=0.00, real=0.01 secs] 
2019-12-23T11:53:46.228+0000: 39645.675: [GC (Allocation Failure) 2019-12-23T11:53:46.228+0000: 39645.675: [ParNew: 69909K->4771K(72512K), 0.0028749 secs] 100330K->36144K(233664K), 0.0029616 secs] [Times: user=0.01 sys=0.00, real=0.01 secs] 
2019-12-23T11:53:59.498+0000: 39658.945: [GC (Allocation Failure) 2019-12-23T11:53:59.498+0000: 39658.945: [ParNew: 69283K->5347K(72512K), 0.0028053 secs] 100656K->37672K(233664K), 0.0028762 secs] [Times: user=0.01 sys=0.00, real=0.01 secs] 
2019-12-23T11:54:07.341+0000: 39666.788: [GC (Allocation Failure) 2019-12-23T11:54:07.341+0000: 39666.788: [ParNew: 69859K->4027K(72512K), 0.0025275 secs] 102184K->36417K(233664K), 0.0026275 secs] [Times: user=0.01 sys=0.00, real=0.00 secs] 
2019-12-23T11:54:20.777+0000: 39680.224: [GC (Allocation Failure) 2019-12-23T11:54:20.777+0000: 39680.224: [ParNew: 68539K->4095K(72512K), 0.0028019 secs] 100929K->36485K(233664K), 0.0028922 secs] [Times: user=0.01 sys=0.00, real=0.01 secs] 
2019-12-23T11:54:27.627+0000: 39687.074: [GC (Allocation Failure) 2019-12-23T11:54:27.627+0000: 39687.074: [ParNew: 68607K->4866K(72512K), 0.0026825 secs] 100997K->37256K(233664K), 0.0027662 secs] [Times: user=0.01 sys=0.00, real=0.00 secs] 
2019-12-23T11:54:38.647+0000: 39698.094: [GC (Allocation Failure) 2019-12-23T11:54:38.647+0000: 39698.094: [ParNew: 69378K->4585K(72512K), 0.0027818 secs] 101768K->38155K(233664K), 0.0028839 secs] [Times: user=0.01 sys=0.00, real=0.00 secs] 
2019-12-23T11:54:45.130+0000: 39704.577: [GC (Allocation Failure) 2019-12-23T11:54:45.130+0000: 39704.577: [ParNew: 69097K->4563K(72512K), 0.0028681 secs] 102667K->39086K(233664K), 0.0029545 secs] [Times: user=0.01 sys=0.00, real=0.01 secs] 
2019-12-23T11:54:59.453+0000: 39718.900: [GC (Allocation Failure) 2019-12-23T11:54:59.453+0000: 39718.900: [ParNew: 69075K->5492K(72512K), 0.0027312 secs] 103598K->40966K(233664K), 0.0028069 secs] [Times: user=0.01 sys=0.00, real=0.00 secs] 
2019-12-23T11:55:12.646+0000: 39732.093: [GC (Allocation Failure) 2019-12-23T11:55:12.646+0000: 39732.093: [ParNew: 70002K->4560K(72512K), 0.0047618 secs] 105475K->40885K(233664K), 0.0048642 secs] [Times: user=0.01 sys=0.00, real=0.01 secs] 
2019-12-23T11:55:21.388+0000: 39740.835: [GC (Allocation Failure) 2019-12-23T11:55:21.388+0000: 39740.835: [ParNew: 69072K->4965K(72512K), 0.0029699 secs] 105397K->42241K(233664K), 0.0030472 secs] [Times: user=0.01 sys=0.00, real=0.01 secs] 
2019-12-23T11:55:37.687+0000: 39757.134: [GC (Allocation Failure) 2019-12-23T11:55:37.688+0000: 39757.134: [ParNew: 69477K->4747K(72512K), 0.0054274 secs] 106753K->42975K(233664K), 0.0055515 secs] [Times: user=0.01 sys=0.00, real=0.01 secs] 
2019-12-23T11:55:42.147+0000: 39761.594: [GC (Allocation Failure) 2019-12-23T11:55:42.147+0000: 39761.594: [ParNew: 69259K->4914K(72512K), 0.0027952 secs] 107487K->44093K(233664K), 0.0028710 secs] [Times: user=0.01 sys=0.00, real=0.00 secs] 
2019-12-23T11:56:00.105+0000: 39779.552: [GC (Allocation Failure) 2019-12-23T11:56:00.105+0000: 39779.552: [ParNew: 69426K->5016K(72512K), 0.0029633 secs] 108605K->45174K(233664K), 0.0030439 secs] [Times: user=0.00 sys=0.00, real=0.00 secs] 
2019-12-23T11:56:06.846+0000: 39786.293: [GC (Allocation Failure) 2019-12-23T11:56:06.846+0000: 39786.293: [ParNew: 69528K->5587K(72512K), 0.0029348 secs] 109686K->46568K(233664K), 0.0030186 secs] [Times: user=0.01 sys=0.00, real=0.00 secs] 
2019-12-23T11:56:20.027+0000: 39799.474: [GC (Allocation Failure) 2019-12-23T11:56:20.027+0000: 39799.474: [ParNew: 70099K->5609K(72512K), 0.0029508 secs] 111080K->47542K(233664K), 0.0030335 secs] [Times: user=0.01 sys=0.00, real=0.00 secs] 
2019-12-23T11:56:32.495+0000: 39811.942: [GC (Allocation Failure) 2019-12-23T11:56:32.495+0000: 39811.942: [ParNew: 70121K->5207K(72512K), 0.0029542 secs] 112054K->48091K(233664K), 0.0030349 secs] [Times: user=0.01 sys=0.00, real=0.00 secs] 
2019-12-23T11:56:38.757+0000: 39818.204: [GC (Allocation Failure) 2019-12-23T11:56:38.757+0000: 39818.204: [ParNew: 69719K->6103K(72512K), 0.0029950 secs] 112603K->49939K(233664K), 0.0030828 secs] [Times: user=0.01 sys=0.00, real=0.01 secs] 
2019-12-23T11:56:55.919+0000: 39835.366: [GC (Allocation Failure) 2019-12-23T11:56:55.919+0000: 39835.366: [ParNew: 70615K->5587K(72512K), 0.0027966 secs] 114451K->50375K(233664K), 0.0028800 secs] [Times: user=0.01 sys=0.00, real=0.00 secs] 
2019-12-23T11:57:00.413+0000: 39839.859: [GC (Allocation Failure) 2019-12-23T11:57:00.413+0000: 39839.860: [ParNew: 70099K->5416K(72512K), 0.0029102 secs] 114887K->51155K(233664K), 0.0029956 secs] [Times: user=0.01 sys=0.00, real=0.00 secs] 
2019-12-23T11:57:14.941+0000: 39854.388: [GC (Allocation Failure) 2019-12-23T11:57:14.941+0000: 39854.388: [ParNew: 69928K->5614K(72512K), 0.0031758 secs] 115667K->52332K(233664K), 0.0032762 secs] [Times: user=0.01 sys=0.00, real=0.00 secs] 
2019-12-23T11:57:25.539+0000: 39864.986: [GC (Allocation Failure) 2019-12-23T11:57:25.539+0000: 39864.986: [ParNew: 70126K->6698K(72512K), 0.0030873 secs] 116844K->54368K(233664K), 0.0031737 secs] [Times: user=0.01 sys=0.00, real=0.00 secs] 
2019-12-23T11:57:34.156+0000: 39873.602: [GC (Allocation Failure) 2019-12-23T11:57:34.156+0000: 39873.603: [ParNew: 71210K->5582K(72512K), 0.0029127 secs] 118880K->54204K(233664K), 0.0030122 secs] [Times: user=0.01 sys=0.00, real=0.01 secs] 
2019-12-23T11:57:48.212+0000: 39887.659: [GC (Allocation Failure) 2019-12-23T11:57:48.212+0000: 39887.659: [ParNew: 70094K->5775K(72512K), 0.0030850 secs] 118716K->55348K(233664K), 0.0031843 secs] [Times: user=0.01 sys=0.00, real=0.00 secs] 
2019-12-23T11:57:59.169+0000: 39898.616: [GC (Allocation Failure) 2019-12-23T11:57:59.169+0000: 39898.616: [ParNew: 70287K->5259K(72512K), 0.0029773 secs] 119860K->55783K(233664K), 0.0030628 secs] [Times: user=0.01 sys=0.00, real=0.01 secs] 
2019-12-23T11:58:10.537+0000: 39909.984: [GC (Allocation Failure) 2019-12-23T11:58:10.537+0000: 39909.984: [ParNew: 69771K->5548K(72512K), 0.0030668 secs] 120295K->57024K(233664K), 0.0031681 secs] [Times: user=0.01 sys=0.00, real=0.01 secs] 
2019-12-23T11:58:25.497+0000: 39924.944: [GC (Allocation Failure) 2019-12-23T11:58:25.497+0000: 39924.944: [ParNew: 70060K->6780K(72512K), 0.0031971 secs] 121536K->59234K(233664K), 0.0032836 secs] [Times: user=0.01 sys=0.00, real=0.01 secs] 
2019-12-23T11:58:28.544+0000: 39927.991: [GC (Allocation Failure) 2019-12-23T11:58:28.544+0000: 39927.991: [ParNew: 71292K->4325K(72512K), 0.0025103 secs] 123746K->56912K(233664K), 0.0025989 secs] [Times: user=0.00 sys=0.00, real=0.00 secs] 
2019-12-23T11:58:44.408+0000: 39943.855: [GC (Allocation Failure) 2019-12-23T11:58:44.408+0000: 39943.855: [ParNew: 68837K->4980K(72512K), 0.0026042 secs] 121424K->57567K(233664K), 0.0026836 secs] [Times: user=0.01 sys=0.01, real=0.00 secs] 
2019-12-23T11:58:53.489+0000: 39952.936: [GC (Allocation Failure) 2019-12-23T11:58:53.489+0000: 39952.936: [ParNew: 69492K->6646K(72512K), 0.0027594 secs] 122079K->59497K(233664K), 0.0028479 secs] [Times: user=0.01 sys=0.00, real=0.01 secs] 
2019-12-23T11:59:06.520+0000: 39965.967: [GC (Allocation Failure) 2019-12-23T11:59:06.520+0000: 39965.967: [ParNew: 71158K->5435K(72512K), 0.0031367 secs] 124009K->59630K(233664K), 0.0032251 secs] [Times: user=0.01 sys=0.00, real=0.00 secs] 
2019-12-23T11:59:18.370+0000: 39977.817: [GC (Allocation Failure) 2019-12-23T11:59:18.370+0000: 39977.817: [ParNew: 69947K->6282K(72512K), 0.0031523 secs] 124142K->61429K(233664K), 0.0032425 secs] [Times: user=0.01 sys=0.00, real=0.01 secs] 
2019-12-23T11:59:26.638+0000: 39986.085: [GC (Allocation Failure) 2019-12-23T11:59:26.638+0000: 39986.085: [ParNew: 70794K->5984K(72512K), 0.0029457 secs] 125941K->62110K(233664K), 0.0030332 secs] [Times: user=0.01 sys=0.00, real=0.01 secs] 
2019-12-23T11:59:35.893+0000: 39995.340: [GC (Allocation Failure) 2019-12-23T11:59:35.893+0000: 39995.340: [ParNew: 70496K->6053K(72512K), 0.0029124 secs] 126622K->63130K(233664K), 0.0029981 secs] [Times: user=0.00 sys=0.00, real=0.00 secs] 
2019-12-23T11:59:45.662+0000: 40005.109: [GC (Allocation Failure) 2019-12-23T11:59:45.662+0000: 40005.109: [ParNew: 70565K->6058K(72512K), 0.0029762 secs] 127642K->64086K(233664K), 0.0030568 secs] [Times: user=0.01 sys=0.00, real=0.00 secs] 
2019-12-23T11:59:59.755+0000: 40019.202: [GC (Allocation Failure) 2019-12-23T11:59:59.755+0000: 40019.202: [ParNew: 70570K->5926K(72512K), 0.0029170 secs] 128598K->64906K(233664K), 0.0030041 secs] [Times: user=0.00 sys=0.00, real=0.00 secs] 
2019-12-23T12:00:10.262+0000: 40029.709: [GC (Allocation Failure) 2019-12-23T12:00:10.262+0000: 40029.709: [ParNew: 70438K->5906K(72512K), 0.0027956 secs] 129418K->65838K(233664K), 0.0028788 secs] [Times: user=0.01 sys=0.00, real=0.00 secs] 
2019-12-23T12:00:24.397+0000: 40043.844: [GC (Allocation Failure) 2019-12-23T12:00:24.397+0000: 40043.844: [ParNew: 70418K->5884K(72512K), 0.0028466 secs] 130350K->66639K(233664K), 0.0029720 secs] [Times: user=0.01 sys=0.00, real=0.01 secs] 
2019-12-23T12:00:29.817+0000: 40049.264: [GC (Allocation Failure) 2019-12-23T12:00:29.817+0000: 40049.264: [ParNew: 70396K->6566K(72512K), 0.0027875 secs] 131151K->68273K(233664K), 0.0028627 secs] [Times: user=0.01 sys=0.00, real=0.01 secs] 
2019-12-23T12:00:42.513+0000: 40061.960: [GC (Allocation Failure) 2019-12-23T12:00:42.513+0000: 40061.960: [ParNew: 71078K->4803K(72512K), 0.0026197 secs] 132785K->67598K(233664K), 0.0027160 secs] [Times: user=0.01 sys=0.00, real=0.00 secs] 
2019-12-23T12:00:55.241+0000: 40074.688: [GC (Allocation Failure) 2019-12-23T12:00:55.241+0000: 40074.688: [ParNew: 69304K->5423K(72512K), 0.0030146 secs] 132099K->69033K(233664K), 0.0030922 secs] [Times: user=0.01 sys=0.00, real=0.00 secs] 
2019-12-23T12:01:05.858+0000: 40085.305: [GC (Allocation Failure) 2019-12-23T12:01:05.858+0000: 40085.305: [ParNew: 69935K->4484K(72512K), 0.0081117 secs] 133545K->69047K(233664K), 0.0081948 secs] [Times: user=0.01 sys=0.00, real=0.01 secs] 
2019-12-23T12:01:19.417+0000: 40098.864: [GC (Allocation Failure) 2019-12-23T12:01:19.417+0000: 40098.864: [ParNew: 68996K->5460K(72512K), 0.0028565 secs] 133559K->70975K(233664K), 0.0029411 secs] [Times: user=0.01 sys=0.00, real=0.01 secs] 
2019-12-23T12:01:29.783+0000: 40109.230: [GC (Allocation Failure) 2019-12-23T12:01:29.783+0000: 40109.230: [ParNew: 69972K->5096K(72512K), 0.0029074 secs] 135487K->71460K(233664K), 0.0029808 secs] [Times: user=0.01 sys=0.00, real=0.00 secs] 
2019-12-23T12:01:41.108+0000: 40120.555: [GC (Allocation Failure) 2019-12-23T12:01:41.108+0000: 40120.555: [ParNew: 69608K->4988K(72512K), 0.0029320 secs] 135972K->72440K(233664K), 0.0030045 secs] [Times: user=0.00 sys=0.00, real=0.01 secs] 
2019-12-23T12:01:47.117+0000: 40126.563: [GC (Allocation Failure) 2019-12-23T12:01:47.117+0000: 40126.563: [ParNew: 69500K->5849K(72512K), 0.0030252 secs] 136952K->74252K(233664K), 0.0030909 secs] [Times: user=0.00 sys=0.00, real=0.01 secs] 
2019-12-23T12:02:00.260+0000: 40139.707: [GC (Allocation Failure) 2019-12-23T12:02:00.260+0000: 40139.707: [ParNew: 70361K->4912K(72512K), 0.0029842 secs] 138764K->74267K(233664K), 0.0030611 secs] [Times: user=0.01 sys=0.00, real=0.00 secs] 
2019-12-23T12:02:13.553+0000: 40153.000: [GC (Allocation Failure) 2019-12-23T12:02:13.553+0000: 40153.000: [ParNew: 69424K->4845K(72512K), 0.0029048 secs] 138779K->75152K(233664K), 0.0029812 secs] [Times: user=0.01 sys=0.00, real=0.00 secs] 
2019-12-23T12:02:23.349+0000: 40162.796: [GC (Allocation Failure) 2019-12-23T12:02:23.349+0000: 40162.796: [ParNew: 69357K->5742K(72512K), 0.0029494 secs] 139664K->76873K(233664K), 0.0030449 secs] [Times: user=0.00 sys=0.00, real=0.01 secs] 
2019-12-23T12:02:36.044+0000: 40175.491: [GC (Allocation Failure) 2019-12-23T12:02:36.044+0000: 40175.491: [ParNew: 70254K->6163K(72512K), 0.0029557 secs] 141385K->78244K(233664K), 0.0030285 secs] [Times: user=0.01 sys=0.00, real=0.00 secs] 
2019-12-23T12:02:42.918+0000: 40182.365: [GC (Allocation Failure) 2019-12-23T12:02:42.918+0000: 40182.365: [ParNew: 70675K->5398K(72512K), 0.0027861 secs] 142756K->78459K(233664K), 0.0028785 secs] [Times: user=0.01 sys=0.00, real=0.01 secs] 
2019-12-23T12:02:56.683+0000: 40196.130: [GC (Allocation Failure) 2019-12-23T12:02:56.683+0000: 40196.130: [ParNew: 69910K->2756K(72512K), 0.0023774 secs] 142971K->76078K(233664K), 0.0024577 secs] [Times: user=0.00 sys=0.00, real=0.00 secs] 
2019-12-23T12:03:03.162+0000: 40202.609: [GC (Allocation Failure) 2019-12-23T12:03:03.162+0000: 40202.609: [ParNew: 67268K->3469K(72512K), 0.0023759 secs] 140590K->76790K(233664K), 0.0024581 secs] [Times: user=0.00 sys=0.00, real=0.00 secs] 
2019-12-23T12:03:15.318+0000: 40214.765: [GC (Allocation Failure) 2019-12-23T12:03:15.318+0000: 40214.765: [ParNew: 67981K->4396K(72512K), 0.0027710 secs] 141302K->77718K(233664K), 0.0028474 secs] [Times: user=0.01 sys=0.00, real=0.01 secs] 
2019-12-23T12:03:28.103+0000: 40227.550: [GC (Allocation Failure) 2019-12-23T12:03:28.103+0000: 40227.550: [ParNew: 68908K->5357K(72512K), 0.0027662 secs] 142230K->79007K(233664K), 0.0028435 secs] [Times: user=0.01 sys=0.00, real=0.00 secs] 
2019-12-23T12:03:35.765+0000: 40235.212: [GC (Allocation Failure) 2019-12-23T12:03:35.765+0000: 40235.212: [ParNew: 69869K->5147K(72512K), 0.0030022 secs] 143519K->80198K(233664K), 0.0030756 secs] [Times: user=0.01 sys=0.00, real=0.00 secs] 
2019-12-23T12:03:49.881+0000: 40249.328: [GC (Allocation Failure) 2019-12-23T12:03:49.882+0000: 40249.328: [ParNew: 69659K->5434K(72512K), 0.0029047 secs] 144710K->81437K(233664K), 0.0029833 secs] [Times: user=0.00 sys=0.00, real=0.00 secs] 
2019-12-23T12:03:59.212+0000: 40258.659: [GC (Allocation Failure) 2019-12-23T12:03:59.213+0000: 40258.659: [ParNew: 69946K->5646K(72512K), 0.0029517 secs] 145949K->82600K(233664K), 0.0030293 secs] [Times: user=0.01 sys=0.00, real=0.00 secs] 
2019-12-23T12:04:09.087+0000: 40268.534: [GC (Allocation Failure) 2019-12-23T12:04:09.087+0000: 40268.534: [ParNew: 70158K->5123K(72512K), 0.0027968 secs] 147112K->83029K(233664K), 0.0028766 secs] [Times: user=0.01 sys=0.00, real=0.00 secs] 
2019-12-23T12:04:23.876+0000: 40283.323: [GC (Allocation Failure) 2019-12-23T12:04:23.876+0000: 40283.323: [ParNew: 69635K->4942K(72512K), 0.0029477 secs] 147541K->83699K(233664K), 0.0030227 secs] [Times: user=0.01 sys=0.00, real=0.01 secs] 
2019-12-23T12:04:27.963+0000: 40287.410: [GC (Allocation Failure) 2019-12-23T12:04:27.963+0000: 40287.410: [ParNew: 69454K->5924K(72512K), 0.0027154 secs] 148211K->85633K(233664K), 0.0027922 secs] [Times: user=0.01 sys=0.00, real=0.00 secs] 
2019-12-23T12:04:45.204+0000: 40304.651: [GC (Allocation Failure) 2019-12-23T12:04:45.204+0000: 40304.651: [ParNew: 70436K->5486K(72512K), 0.0028013 secs] 150145K->86147K(233664K), 0.0029065 secs] [Times: user=0.01 sys=0.00, real=0.00 secs] 
2019-12-23T12:04:48.316+0000: 40307.763: [GC (Allocation Failure) 2019-12-23T12:04:48.316+0000: 40307.763: [ParNew: 69998K->5169K(72512K), 0.0029090 secs] 150659K->86781K(233664K), 0.0029996 secs] [Times: user=0.01 sys=0.00, real=0.01 secs] 
2019-12-23T12:05:03.638+0000: 40323.085: [GC (Allocation Failure) 2019-12-23T12:05:03.638+0000: 40323.085: [ParNew: 69681K->4770K(72512K), 0.0029108 secs] 151293K->87334K(233664K), 0.0029982 secs] [Times: user=0.01 sys=0.00, real=0.01 secs] 
2019-12-23T12:05:12.798+0000: 40332.245: [GC (Allocation Failure) 2019-12-23T12:05:12.798+0000: 40332.245: [ParNew: 69282K->5805K(72512K), 0.0032833 secs] 151846K->89320K(233664K), 0.0033610 secs] [Times: user=0.01 sys=0.00, real=0.01 secs] 
2019-12-23T12:05:23.332+0000: 40342.778: [GC (Allocation Failure) 2019-12-23T12:05:23.332+0000: 40342.779: [ParNew: 70317K->5228K(72512K), 0.0029447 secs] 153832K->89695K(233664K), 0.0030426 secs] [Times: user=0.00 sys=0.00, real=0.00 secs] 
2019-12-23T12:05:36.269+0000: 40355.716: [GC (Allocation Failure) 2019-12-23T12:05:36.269+0000: 40355.716: [ParNew: 69740K->5567K(72512K), 0.0028461 secs] 154207K->90885K(233664K), 0.0029272 secs] [Times: user=0.01 sys=0.00, real=0.01 secs] 
2019-12-23T12:05:45.422+0000: 40364.868: [GC (Allocation Failure) 2019-12-23T12:05:45.422+0000: 40364.869: [ParNew: 70079K->5419K(72512K), 0.0028052 secs] 155397K->91688K(233664K), 0.0028838 secs] [Times: user=0.00 sys=0.00, real=0.00 secs] 
2019-12-23T12:05:58.729+0000: 40378.176: [GC (Allocation Failure) 2019-12-23T12:05:58.729+0000: 40378.176: [ParNew: 69931K->5984K(72512K), 0.0028242 secs] 156200K->93206K(233664K), 0.0029069 secs] [Times: user=0.01 sys=0.00, real=0.01 secs] 
2019-12-23T12:06:11.406+0000: 40390.853: [GC (Allocation Failure) 2019-12-23T12:06:11.406+0000: 40390.853: [ParNew: 70496K->5333K(72512K), 0.0028146 secs] 157718K->93506K(233664K), 0.0029081 secs] [Times: user=0.00 sys=0.00, real=0.00 secs] 
2019-12-23T12:06:19.976+0000: 40399.423: [GC (Allocation Failure) 2019-12-23T12:06:19.976+0000: 40399.423: [ParNew: 69845K->5824K(72512K), 0.0029832 secs] 158018K->94949K(233664K), 0.0030775 secs] [Times: user=0.01 sys=0.00, real=0.01 secs] 
2019-12-23T12:06:33.073+0000: 40412.519: [GC (Allocation Failure) 2019-12-23T12:06:33.073+0000: 40412.520: [ParNew: 70336K->5713K(72512K), 0.0031050 secs] 159461K->95817K(233664K), 0.0031914 secs] [Times: user=0.01 sys=0.00, real=0.00 secs] 
2019-12-23T12:06:38.972+0000: 40418.419: [GC (Allocation Failure) 2019-12-23T12:06:38.972+0000: 40418.419: [ParNew: 70225K->5045K(72512K), 0.0028318 secs] 160329K->96100K(233664K), 0.0029140 secs] [Times: user=0.01 sys=0.00, real=0.00 secs] 
2019-12-23T12:06:51.519+0000: 40430.966: [GC (Allocation Failure) 2019-12-23T12:06:51.519+0000: 40430.966: [ParNew: 69557K->5832K(72512K), 0.0026652 secs] 160612K->97840K(233664K), 0.0027422 secs] [Times: user=0.00 sys=0.00, real=0.00 secs] 
2019-12-23T12:07:03.910+0000: 40443.357: [GC (Allocation Failure) 2019-12-23T12:07:03.911+0000: 40443.357: [ParNew: 70344K->5769K(72512K), 0.0032285 secs] 162352K->98728K(233664K), 0.0033454 secs] [Times: user=0.01 sys=0.01, real=0.01 secs] 
2019-12-23T12:07:17.680+0000: 40457.127: [GC (Allocation Failure) 2019-12-23T12:07:17.681+0000: 40457.127: [ParNew: 70281K->5337K(72512K), 0.0029277 secs] 163240K->99250K(233664K), 0.0030088 secs] [Times: user=0.00 sys=0.00, real=0.00 secs] 
2019-12-23T12:07:22.640+0000: 40462.087: [GC (Allocation Failure) 2019-12-23T12:07:22.640+0000: 40462.087: [ParNew: 69849K->3653K(72512K), 0.0024986 secs] 163762K->97828K(233664K), 0.0025774 secs] [Times: user=0.01 sys=0.00, real=0.00 secs] 
2019-12-23T12:07:38.488+0000: 40477.935: [GC (Allocation Failure) 2019-12-23T12:07:38.488+0000: 40477.935: [ParNew: 68165K->3540K(72512K), 0.0024715 secs] 162340K->97716K(233664K), 0.0025504 secs] [Times: user=0.01 sys=0.00, real=0.00 secs] 
2019-12-23T12:07:44.087+0000: 40483.534: [GC (Allocation Failure) 2019-12-23T12:07:44.087+0000: 40483.534: [ParNew: 68052K->4509K(72512K), 0.0026188 secs] 162228K->98684K(233664K), 0.0027114 secs] [Times: user=0.01 sys=0.00, real=0.00 secs] 
2019-12-23T12:07:57.355+0000: 40496.802: [GC (Allocation Failure) 2019-12-23T12:07:57.355+0000: 40496.802: [ParNew: 69021K->4785K(72512K), 0.0028577 secs] 163196K->99661K(233664K), 0.0029361 secs] [Times: user=0.00 sys=0.00, real=0.00 secs] 
2019-12-23T12:08:10.434+0000: 40509.881: [GC (Allocation Failure) 2019-12-23T12:08:10.434+0000: 40509.881: [ParNew: 69297K->4861K(72512K), 0.0028884 secs] 164173K->100688K(233664K), 0.0029622 secs] [Times: user=0.00 sys=0.00, real=0.00 secs] 
2019-12-23T12:08:21.162+0000: 40520.609: [GC (Allocation Failure) 2019-12-23T12:08:21.162+0000: 40520.609: [ParNew: 69373K->5851K(72512K), 0.0029899 secs] 165200K->102630K(233664K), 0.0030826 secs] [Times: user=0.01 sys=0.00, real=0.00 secs] 
2019-12-23T12:08:33.987+0000: 40533.434: [GC (Allocation Failure) 2019-12-23T12:08:33.987+0000: 40533.434: [ParNew: 70363K->4690K(72512K), 0.0029379 secs] 167142K->102384K(233664K), 0.0030182 secs] [Times: user=0.01 sys=0.00, real=0.00 secs] 
2019-12-23T12:08:46.603+0000: 40546.050: [GC (Allocation Failure) 2019-12-23T12:08:46.603+0000: 40546.050: [ParNew: 69202K->4669K(72512K), 0.0027086 secs] 166896K->103315K(233664K), 0.0027886 secs] [Times: user=0.01 sys=0.00, real=0.00 secs] 
2019-12-23T12:08:54.889+0000: 40554.335: [GC (Allocation Failure) 2019-12-23T12:08:54.889+0000: 40554.336: [ParNew: 69181K->5119K(72512K), 0.0028301 secs] 167827K->104717K(233664K), 0.0029233 secs] [Times: user=0.01 sys=0.00, real=0.01 secs] 
2019-12-23T12:09:05.308+0000: 40564.755: [GC (Allocation Failure) 2019-12-23T12:09:05.308+0000: 40564.755: [ParNew: 69631K->4739K(72512K), 0.0030918 secs] 169229K->105288K(233664K), 0.0031706 secs] [Times: user=0.01 sys=0.00, real=0.01 secs] 
2019-12-23T12:09:16.066+0000: 40575.513: [GC (Allocation Failure) 2019-12-23T12:09:16.066+0000: 40575.513: [ParNew: 69251K->5085K(72512K), 0.0040857 secs] 169800K->106586K(233664K), 0.0042007 secs] [Times: user=0.01 sys=0.00, real=0.01 secs] 
2019-12-23T12:09:27.340+0000: 40586.787: [GC (Allocation Failure) 2019-12-23T12:09:27.340+0000: 40586.787: [ParNew: 69597K->5468K(72512K), 0.0040770 secs] 171098K->107922K(233664K), 0.0041580 secs] [Times: user=0.01 sys=0.00, real=0.00 secs] 
2019-12-23T12:09:39.917+0000: 40599.364: [GC (Allocation Failure) 2019-12-23T12:09:39.917+0000: 40599.364: [ParNew: 69980K->5146K(72512K), 0.0028384 secs] 172434K->108520K(233664K), 0.0029120 secs] [Times: user=0.00 sys=0.00, real=0.01 secs] 
2019-12-23T12:09:51.755+0000: 40611.202: [GC (Allocation Failure) 2019-12-23T12:09:51.756+0000: 40611.202: [ParNew: 69658K->5091K(72512K), 0.0027960 secs] 173032K->109483K(233664K), 0.0028728 secs] [Times: user=0.01 sys=0.00, real=0.00 secs] 
2019-12-23T12:10:05.467+0000: 40624.914: [GC (Allocation Failure) 2019-12-23T12:10:05.467+0000: 40624.914: [ParNew: 69603K->5290K(72512K), 0.0027706 secs] 173995K->110633K(233664K), 0.0028400 secs] [Times: user=0.00 sys=0.00, real=0.00 secs] 
2019-12-23T12:10:13.023+0000: 40632.470: [GC (Allocation Failure) 2019-12-23T12:10:13.023+0000: 40632.470: [ParNew: 69802K->5128K(72512K), 0.0028357 secs] 175145K->111422K(233664K), 0.0029155 secs] [Times: user=0.01 sys=0.00, real=0.00 secs] 
2019-12-23T12:10:31.924+0000: 40651.371: [GC (Allocation Failure) 2019-12-23T12:10:31.924+0000: 40651.371: [ParNew: 69640K->5911K(72512K), 0.0029705 secs] 175934K->113156K(233664K), 0.0030424 secs] [Times: user=0.01 sys=0.00, real=0.00 secs] 
2019-12-23T12:10:33.253+0000: 40652.700: [GC (Allocation Failure) 2019-12-23T12:10:33.253+0000: 40652.700: [ParNew: 70423K->6398K(72512K), 0.0028705 secs] 177668K->114595K(233664K), 0.0029469 secs] [Times: user=0.01 sys=0.00, real=0.00 secs] 
2019-12-23T12:10:51.549+0000: 40670.996: [GC (Allocation Failure) 2019-12-23T12:10:51.549+0000: 40670.996: [ParNew: 70910K->5153K(72512K), 0.0028513 secs] 179107K->114330K(233664K), 0.0029250 secs] [Times: user=0.00 sys=0.00, real=0.01 secs] 
2019-12-23T12:10:59.240+0000: 40678.686: [GC (Allocation Failure) 2019-12-23T12:10:59.240+0000: 40678.687: [ParNew: 69665K->4753K(72512K), 0.0040217 secs] 178842K->114880K(233664K), 0.0041039 secs] [Times: user=0.01 sys=0.01, real=0.00 secs] 
2019-12-23T12:11:12.676+0000: 40692.123: [GC (Allocation Failure) 2019-12-23T12:11:12.676+0000: 40692.123: [ParNew: 69265K->5751K(72512K), 0.0030913 secs] 179392K->116830K(233664K), 0.0031718 secs] [Times: user=0.01 sys=0.01, real=0.01 secs] 
2019-12-23T12:11:26.216+0000: 40705.663: [GC (Allocation Failure) 2019-12-23T12:11:26.216+0000: 40705.663: [ParNew: 70263K->4864K(72512K), 0.0031070 secs] 181342K->116894K(233664K), 0.0031906 secs] [Times: user=0.01 sys=0.00, real=0.01 secs] 
2019-12-23T12:11:33.125+0000: 40712.572: [GC (Allocation Failure) 2019-12-23T12:11:33.125+0000: 40712.572: [ParNew: 69376K->5833K(72512K), 0.0028200 secs] 181406K->118815K(233664K), 0.0028903 secs] [Times: user=0.01 sys=0.00, real=0.00 secs] 
2019-12-23T12:11:42.665+0000: 40722.112: [GC (Allocation Failure) 2019-12-23T12:11:42.665+0000: 40722.112: [ParNew: 70345K->5894K(72512K), 0.0029418 secs] 183327K->119828K(233664K), 0.0030195 secs] [Times: user=0.00 sys=0.00, real=0.00 secs] 
2019-12-23T12:11:52.622+0000: 40732.069: [GC (Allocation Failure) 2019-12-23T12:11:52.622+0000: 40732.069: [ParNew: 70406K->3772K(72512K), 0.0025467 secs] 184340K->117707K(233664K), 0.0026264 secs] [Times: user=0.00 sys=0.00, real=0.00 secs] 
2019-12-23T12:12:06.140+0000: 40745.587: [GC (Allocation Failure) 2019-12-23T12:12:06.140+0000: 40745.587: [ParNew: 68284K->4215K(72512K), 0.0025055 secs] 182219K->118150K(233664K), 0.0025921 secs] [Times: user=0.00 sys=0.00, real=0.00 secs] 
2019-12-23T12:12:15.300+0000: 40754.746: [GC (Allocation Failure) 2019-12-23T12:12:15.300+0000: 40754.747: [ParNew: 68727K->4894K(72512K), 0.0027863 secs] 182662K->118829K(233664K), 0.0028715 secs] [Times: user=0.01 sys=0.00, real=0.00 secs] 
2019-12-23T12:12:29.471+0000: 40768.918: [GC (Allocation Failure) 2019-12-23T12:12:29.471+0000: 40768.918: [ParNew: 69406K->5254K(72512K), 0.0039499 secs] 183341K->120502K(233664K), 0.0040379 secs] [Times: user=0.01 sys=0.00, real=0.00 secs] 
2019-12-23T12:12:35.065+0000: 40774.512: [GC (Allocation Failure) 2019-12-23T12:12:35.065+0000: 40774.512: [ParNew: 69766K->4600K(72512K), 0.0028501 secs] 185014K->120800K(233664K), 0.0029304 secs] [Times: user=0.01 sys=0.00, real=0.00 secs] 
2019-12-23T12:12:49.106+0000: 40788.553: [GC (Allocation Failure) 2019-12-23T12:12:49.106+0000: 40788.553: [ParNew: 69112K->5945K(72512K), 0.0029330 secs] 185312K->122968K(233664K), 0.0030118 secs] [Times: user=0.01 sys=0.00, real=0.00 secs] 
2019-12-23T12:13:01.592+0000: 40801.039: [GC (Allocation Failure) 2019-12-23T12:13:01.592+0000: 40801.039: [ParNew: 70457K->5741K(72512K), 0.0030001 secs] 187480K->123807K(233664K), 0.0031175 secs] [Times: user=0.01 sys=0.00, real=0.00 secs] 
2019-12-23T12:13:12.401+0000: 40811.848: [GC (Allocation Failure) 2019-12-23T12:13:12.401+0000: 40811.848: [ParNew: 70253K->5613K(72512K), 0.0030757 secs] 188319K->124632K(233664K), 0.0031530 secs] [Times: user=0.01 sys=0.00, real=0.00 secs] 
2019-12-23T12:13:25.278+0000: 40824.724: [GC (Allocation Failure) 2019-12-23T12:13:25.278+0000: 40824.725: [ParNew: 70125K->6024K(72512K), 0.0031015 secs] 189144K->125994K(233664K), 0.0031762 secs] [Times: user=0.01 sys=0.00, real=0.01 secs] 
2019-12-23T12:13:38.493+0000: 40837.940: [GC (Allocation Failure) 2019-12-23T12:13:38.493+0000: 40837.940: [ParNew: 70536K->5749K(72512K), 0.0030581 secs] 190506K->126670K(233664K), 0.0031317 secs] [Times: user=0.01 sys=0.00, real=0.00 secs] 
2019-12-23T12:13:45.396+0000: 40844.843: [GC (Allocation Failure) 2019-12-23T12:13:45.396+0000: 40844.843: [ParNew: 70261K->5803K(72512K), 0.0030071 secs] 191182K->127676K(233664K), 0.0030952 secs] [Times: user=0.01 sys=0.00, real=0.01 secs] 
2019-12-23T12:14:03.795+0000: 40863.242: [GC (Allocation Failure) 2019-12-23T12:14:03.795+0000: 40863.242: [ParNew: 70315K->5031K(72512K), 0.0028980 secs] 192188K->127728K(233664K), 0.0029767 secs] [Times: user=0.01 sys=0.00, real=0.00 secs] 
2019-12-23T12:14:04.845+0000: 40864.292: [GC (Allocation Failure) 2019-12-23T12:14:04.845+0000: 40864.292: [ParNew: 69543K->5875K(72512K), 0.0027444 secs] 192240K->129523K(233664K), 0.0028285 secs] [Times: user=0.01 sys=0.00, real=0.00 secs] 
2019-12-23T12:14:20.691+0000: 40880.138: [GC (Allocation Failure) 2019-12-23T12:14:20.691+0000: 40880.138: [ParNew: 70387K->6647K(72512K), 0.0029838 secs] 194035K->131146K(233664K), 0.0030566 secs] [Times: user=0.00 sys=0.00, real=0.00 secs] 
2019-12-23T12:14:28.991+0000: 40888.438: [GC (Allocation Failure) 2019-12-23T12:14:28.991+0000: 40888.438: [ParNew: 71159K->5391K(72512K), 0.0028885 secs] 195658K->130841K(233664K), 0.0029673 secs] [Times: user=0.01 sys=0.00, real=0.00 secs] 
2019-12-23T12:14:42.675+0000: 40902.122: [GC (Allocation Failure) 2019-12-23T12:14:42.675+0000: 40902.122: [ParNew: 69903K->6250K(72512K), 0.0029265 secs] 195353K->132652K(233664K), 0.0029980 secs] [Times: user=0.01 sys=0.00, real=0.00 secs] 
2019-12-23T12:14:56.829+0000: 40916.276: [GC (Allocation Failure) 2019-12-23T12:14:56.829+0000: 40916.276: [ParNew: 70762K->6254K(72512K), 0.0028994 secs] 197164K->133736K(233664K), 0.0029872 secs] [Times: user=0.01 sys=0.00, real=0.01 secs] 
2019-12-23T12:15:02.874+0000: 40922.321: [GC (Allocation Failure) 2019-12-23T12:15:02.874+0000: 40922.321: [ParNew: 70766K->6163K(72512K), 0.0026579 secs] 198248K->134596K(233664K), 0.0027607 secs] [Times: user=0.01 sys=0.00, real=0.00 secs] 
2019-12-23T12:15:16.034+0000: 40935.480: [GC (Allocation Failure) 2019-12-23T12:15:16.034+0000: 40935.481: [ParNew: 70675K->5902K(72512K), 0.0031307 secs] 199108K->135288K(233664K), 0.0032087 secs] [Times: user=0.01 sys=0.00, real=0.00 secs] 
2019-12-23T12:15:23.687+0000: 40943.134: [GC (Allocation Failure) 2019-12-23T12:15:23.687+0000: 40943.134: [ParNew: 70414K->5887K(72512K), 0.0029373 secs] 199799K->136223K(233664K), 0.0030284 secs] [Times: user=0.01 sys=0.00, real=0.00 secs] 
2019-12-23T12:15:39.392+0000: 40958.839: [GC (Allocation Failure) 2019-12-23T12:15:39.392+0000: 40958.839: [ParNew: 70399K->5916K(72512K), 0.0034546 secs] 200735K->137206K(233664K), 0.0035820 secs] [Times: user=0.01 sys=0.00, real=0.00 secs] 
2019-12-23T12:15:51.853+0000: 40971.300: [GC (Allocation Failure) 2019-12-23T12:15:51.853+0000: 40971.300: [ParNew: 70428K->6628K(72512K), 0.0027610 secs] 201718K->138740K(233664K), 0.0028302 secs] [Times: user=0.01 sys=0.00, real=0.00 secs] 
2019-12-23T12:16:05.020+0000: 40984.467: [GC (Allocation Failure) 2019-12-23T12:16:05.020+0000: 40984.467: [ParNew: 71140K->6022K(72512K), 0.0029154 secs] 203252K->139086K(233664K), 0.0029841 secs] [Times: user=0.01 sys=0.00, real=0.00 secs] 
2019-12-23T12:16:18.330+0000: 40997.777: [GC (Allocation Failure) 2019-12-23T12:16:18.330+0000: 40997.777: [ParNew: 70514K->4512K(72512K), 0.0024690 secs] 203578K->137577K(233664K), 0.0025614 secs] [Times: user=0.00 sys=0.01, real=0.01 secs] 
2019-12-23T12:16:29.323+0000: 41008.770: [GC (Allocation Failure) 2019-12-23T12:16:29.323+0000: 41008.770: [ParNew: 69024K->3563K(72512K), 0.0023397 secs] 202089K->136628K(233664K), 0.0024173 secs] [Times: user=0.00 sys=0.00, real=0.00 secs] 
2019-12-23T12:16:37.239+0000: 41016.686: [GC (Allocation Failure) 2019-12-23T12:16:37.239+0000: 41016.686: [ParNew: 68075K->4133K(72512K), 0.0025599 secs] 201140K->137198K(233664K), 0.0026320 secs] [Times: user=0.01 sys=0.00, real=0.00 secs] 
2019-12-23T12:16:45.585+0000: 41025.032: [GC (Allocation Failure) 2019-12-23T12:16:45.586+0000: 41025.032: [ParNew: 68645K->5486K(72512K), 0.0026173 secs] 201710K->138683K(233664K), 0.0026994 secs] [Times: user=0.01 sys=0.00, real=0.00 secs] 
2019-12-23T12:16:58.220+0000: 41037.667: [GC (Allocation Failure) 2019-12-23T12:16:58.220+0000: 41037.667: [ParNew: 69998K->5027K(72512K), 0.0030891 secs] 203195K->139690K(233664K), 0.0031675 secs] [Times: user=0.01 sys=0.00, real=0.00 secs] 
2019-12-23T12:17:12.537+0000: 41051.984: [GC (Allocation Failure) 2019-12-23T12:17:12.537+0000: 41051.984: [ParNew: 69539K->5159K(72512K), 0.0032076 secs] 204202K->140775K(233664K), 0.0032840 secs] [Times: user=0.01 sys=0.00, real=0.01 secs] 
2019-12-23T12:17:22.639+0000: 41062.086: [GC (Allocation Failure) 2019-12-23T12:17:22.639+0000: 41062.086: [ParNew: 69671K->4711K(72512K), 0.0028761 secs] 205287K->141278K(233664K), 0.0029493 secs] [Times: user=0.00 sys=0.00, real=0.00 secs] 
2019-12-23T12:17:35.599+0000: 41075.046: [GC (Allocation Failure) 2019-12-23T12:17:35.599+0000: 41075.046: [ParNew: 69223K->5043K(72512K), 0.0028438 secs] 205790K->142562K(233664K), 0.0029380 secs] [Times: user=0.00 sys=0.00, real=0.00 secs] 
2019-12-23T12:17:39.565+0000: 41079.012: [GC (Allocation Failure) 2019-12-23T12:17:39.565+0000: 41079.012: [ParNew: 69555K->5695K(72512K), 0.0029794 secs] 207074K->144165K(233664K), 0.0030758 secs] [Times: user=0.01 sys=0.00, real=0.00 secs] 
2019-12-23T12:17:55.133+0000: 41094.580: [GC (Allocation Failure) 2019-12-23T12:17:55.133+0000: 41094.580: [ParNew: 70207K->4865K(72512K), 0.0032045 secs] 208677K->144315K(233664K), 0.0032850 secs] [Times: user=0.01 sys=0.00, real=0.00 secs] 
2019-12-23T12:18:05.300+0000: 41104.747: [GC (Allocation Failure) 2019-12-23T12:18:05.300+0000: 41104.747: [ParNew: 69377K->6165K(72512K), 0.0032486 secs] 208827K->146567K(233664K), 0.0033362 secs] [Times: user=0.01 sys=0.00, real=0.00 secs] 
2019-12-23T12:18:18.514+0000: 41117.961: [GC (Allocation Failure) 2019-12-23T12:18:18.514+0000: 41117.961: [ParNew: 70677K->5122K(72512K), 0.0028561 secs] 211079K->146503K(233664K), 0.0029291 secs] [Times: user=0.00 sys=0.00, real=0.00 secs] 
2019-12-23T12:18:32.322+0000: 41131.769: [GC (Allocation Failure) 2019-12-23T12:18:32.322+0000: 41131.769: [ParNew: 69634K->5029K(72512K), 0.0028106 secs] 211015K->147361K(233664K), 0.0028878 secs] [Times: user=0.01 sys=0.00, real=0.00 secs] 
2019-12-23T12:18:39.186+0000: 41138.633: [GC (Allocation Failure) 2019-12-23T12:18:39.186+0000: 41138.633: [ParNew: 69541K->5427K(72512K), 0.0028976 secs] 211873K->148710K(233664K), 0.0029968 secs] [Times: user=0.00 sys=0.00, real=0.00 secs] 
2019-12-23T12:18:52.597+0000: 41152.044: [GC (Allocation Failure) 2019-12-23T12:18:52.597+0000: 41152.044: [ParNew: 69939K->5919K(72512K), 0.0028556 secs] 213222K->150154K(233664K), 0.0029435 secs] [Times: user=0.01 sys=0.00, real=0.01 secs] 
2019-12-23T12:18:58.664+0000: 41158.111: [GC (Allocation Failure) 2019-12-23T12:18:58.664+0000: 41158.111: [ParNew: 70431K->5004K(72512K), 0.0029641 secs] 214666K->150063K(233664K), 0.0030318 secs] [Times: user=0.01 sys=0.00, real=0.00 secs] 
2019-12-23T12:19:12.735+0000: 41172.182: [GC (Allocation Failure) 2019-12-23T12:19:12.735+0000: 41172.182: [ParNew: 69516K->4921K(72512K), 0.0034187 secs] 214575K->150931K(233664K), 0.0035218 secs] [Times: user=0.01 sys=0.00, real=0.00 secs] 
2019-12-23T12:19:26.228+0000: 41185.675: [GC (Allocation Failure) 2019-12-23T12:19:26.228+0000: 41185.675: [ParNew: 69433K->5638K(72512K), 0.0029995 secs] 215443K->152600K(233664K), 0.0030702 secs] [Times: user=0.01 sys=0.00, real=0.01 secs] 
2019-12-23T12:19:33.350+0000: 41192.797: [GC (Allocation Failure) 2019-12-23T12:19:33.350+0000: 41192.797: [ParNew: 70150K->5066K(72512K), 0.0032830 secs] 217112K->152979K(233664K), 0.0033744 secs] [Times: user=0.00 sys=0.00, real=0.01 secs] 
2019-12-23T12:19:50.922+0000: 41210.369: [GC (Allocation Failure) 2019-12-23T12:19:50.922+0000: 41210.369: [ParNew: 69578K->5344K(72512K), 0.0032118 secs] 217491K->154209K(233664K), 0.0032946 secs] [Times: user=0.01 sys=0.00, real=0.00 secs] 
2019-12-23T12:19:50.926+0000: 41210.373: [GC (CMS Initial Mark) [1 CMS-initial-mark: 148864K(161152K)] 155026K(233664K), 0.0012492 secs] [Times: user=0.00 sys=0.00, real=0.00 secs] 
2019-12-23T12:19:50.927+0000: 41210.374: [CMS-concurrent-mark-start]
2019-12-23T12:19:50.981+0000: 41210.428: [CMS-concurrent-mark: 0.054/0.054 secs] [Times: user=0.09 sys=0.00, real=0.06 secs] 
2019-12-23T12:19:50.981+0000: 41210.428: [CMS-concurrent-preclean-start]
2019-12-23T12:19:50.983+0000: 41210.429: [CMS-concurrent-preclean: 0.001/0.001 secs] [Times: user=0.00 sys=0.00, real=0.00 secs] 
2019-12-23T12:19:50.983+0000: 41210.429: [CMS-concurrent-abortable-preclean-start]
2019-12-23T12:19:53.952+0000: 41213.399: [GC (Allocation Failure) 2019-12-23T12:19:53.952+0000: 41213.399: [ParNew: 69856K->5784K(72512K), 0.0034548 secs] 218721K->155629K(233664K), 0.0035754 secs] [Times: user=0.01 sys=0.00, real=0.00 secs] 
 CMS: abort preclean due to time 2019-12-23T12:19:56.069+0000: 41215.516: [CMS-concurrent-abortable-preclean: 0.253/5.087 secs] [Times: user=0.39 sys=0.01, real=5.08 secs] 
2019-12-23T12:19:56.070+0000: 41215.517: [GC (CMS Final Remark) [YG occupancy: 7791 K (72512 K)]2019-12-23T12:19:56.070+0000: 41215.517: [Rescan (parallel) , 0.0015472 secs]2019-12-23T12:19:56.071+0000: 41215.518: [weak refs processing, 0.0000573 secs]2019-12-23T12:19:56.071+0000: 41215.518: [class unloading, 0.0095138 secs]2019-12-23T12:19:56.081+0000: 41215.528: [scrub symbol table, 0.0059178 secs]2019-12-23T12:19:56.087+0000: 41215.534: [scrub string table, 0.0005666 secs][1 CMS-remark: 149844K(161152K)] 157635K(233664K), 0.0177797 secs] [Times: user=0.02 sys=0.00, real=0.02 secs] 
2019-12-23T12:19:56.088+0000: 41215.535: [CMS-concurrent-sweep-start]
2019-12-23T12:19:56.100+0000: 41215.547: [CMS-concurrent-sweep: 0.012/0.012 secs] [Times: user=0.01 sys=0.00, real=0.02 secs] 
2019-12-23T12:19:56.100+0000: 41215.547: [CMS-concurrent-reset-start]
2019-12-23T12:19:56.112+0000: 41215.559: [CMS-concurrent-reset: 0.012/0.012 secs] [Times: user=0.01 sys=0.00, real=0.01 secs] 
2019-12-23T12:20:12.533+0000: 41231.980: [GC (Allocation Failure) 2019-12-23T12:20:12.533+0000: 41231.980: [ParNew: 70296K->5399K(72512K), 0.0030612 secs] 99626K->35679K(233664K), 0.0031500 secs] [Times: user=0.01 sys=0.00, real=0.00 secs] 
2019-12-23T12:20:19.692+0000: 41239.138: [GC (Allocation Failure) 2019-12-23T12:20:19.692+0000: 41239.139: [ParNew: 69911K->5327K(72512K), 0.0032141 secs] 100191K->36559K(233664K), 0.0033179 secs] [Times: user=0.01 sys=0.00, real=0.00 secs] 
2019-12-23T12:20:33.042+0000: 41252.489: [GC (Allocation Failure) 2019-12-23T12:20:33.042+0000: 41252.489: [ParNew: 69839K->5835K(72512K), 0.0030370 secs] 101071K->38019K(233664K), 0.0031440 secs] [Times: user=0.01 sys=0.00, real=0.00 secs] 
2019-12-23T12:20:45.745+0000: 41265.192: [GC (Allocation Failure) 2019-12-23T12:20:45.745+0000: 41265.192: [ParNew: 70347K->3688K(72512K), 0.0024594 secs] 102531K->36008K(233664K), 0.0025513 secs] [Times: user=0.01 sys=0.00, real=0.00 secs] 
2019-12-23T12:20:52.463+0000: 41271.910: [GC (Allocation Failure) 2019-12-23T12:20:52.463+0000: 41271.910: [ParNew: 68200K->4328K(72512K), 0.0025772 secs] 100520K->36648K(233664K), 0.0026530 secs] [Times: user=0.00 sys=0.00, real=0.00 secs] 
2019-12-23T12:21:10.932+0000: 41290.379: [GC (Allocation Failure) 2019-12-23T12:21:10.932+0000: 41290.379: [ParNew: 68840K->5463K(72512K), 0.0027776 secs] 101160K->37783K(233664K), 0.0028528 secs] [Times: user=0.01 sys=0.00, real=0.00 secs] 
2019-12-23T12:21:18.163+0000: 41297.610: [GC (Allocation Failure) 2019-12-23T12:21:18.163+0000: 41297.610: [ParNew: 69975K->5983K(72512K), 0.0030249 secs] 102295K->39403K(233664K), 0.0030974 secs] [Times: user=0.00 sys=0.00, real=0.00 secs] 
2019-12-23T12:21:30.606+0000: 41310.053: [GC (Allocation Failure) 2019-12-23T12:21:30.606+0000: 41310.053: [ParNew: 70495K->5883K(72512K), 0.0029238 secs] 103915K->40255K(233664K), 0.0030007 secs] [Times: user=0.01 sys=0.00, real=0.00 secs] 
2019-12-23T12:21:43.388+0000: 41322.835: [GC (Allocation Failure) 2019-12-23T12:21:43.388+0000: 41322.835: [ParNew: 70395K->5881K(72512K), 0.0029926 secs] 104767K->41203K(233664K), 0.0030744 secs] [Times: user=0.01 sys=0.00, real=0.01 secs] 
2019-12-23T12:21:51.096+0000: 41330.543: [GC (Allocation Failure) 2019-12-23T12:21:51.096+0000: 41330.543: [ParNew: 70393K->6623K(72512K), 0.0029035 secs] 105715K->42897K(233664K), 0.0029839 secs] [Times: user=0.00 sys=0.00, real=0.01 secs] 
2019-12-23T12:22:07.279+0000: 41346.726: [GC (Allocation Failure) 2019-12-23T12:22:07.279+0000: 41346.726: [ParNew: 71135K->5870K(72512K), 0.0027668 secs] 107409K->42967K(233664K), 0.0028396 secs] [Times: user=0.01 sys=0.00, real=0.00 secs] 
2019-12-23T12:22:13.484+0000: 41352.931: [GC (Allocation Failure) 2019-12-23T12:22:13.484+0000: 41352.931: [ParNew: 70382K->6565K(72512K), 0.0026504 secs] 107479K->44613K(233664K), 0.0027364 secs] [Times: user=0.00 sys=0.00, real=0.00 secs] 
2019-12-23T12:22:30.390+0000: 41369.837: [GC (Allocation Failure) 2019-12-23T12:22:30.390+0000: 41369.837: [ParNew: 71077K->4611K(72512K), 0.0025903 secs] 109125K->43611K(233664K), 0.0026683 secs] [Times: user=0.01 sys=0.00, real=0.01 secs] 
2019-12-23T12:22:43.720+0000: 41383.167: [GC (Allocation Failure) 2019-12-23T12:22:43.720+0000: 41383.167: [ParNew: 69123K->5613K(72512K), 0.0030759 secs] 108123K->45567K(233664K), 0.0031450 secs] [Times: user=0.01 sys=0.00, real=0.00 secs] 
2019-12-23T12:22:50.544+0000: 41389.991: [GC (Allocation Failure) 2019-12-23T12:22:50.544+0000: 41389.991: [ParNew: 70125K->4930K(72512K), 0.0039578 secs] 110079K->45834K(233664K), 0.0040434 secs] [Times: user=0.01 sys=0.00, real=0.00 secs] 
2019-12-23T12:23:01.926+0000: 41401.373: [GC (Allocation Failure) 2019-12-23T12:23:01.926+0000: 41401.373: [ParNew: 69442K->4917K(72512K), 0.0039705 secs] 110346K->46773K(233664K), 0.0040451 secs] [Times: user=0.01 sys=0.00, real=0.00 secs] 
2019-12-23T12:23:11.874+0000: 41411.321: [GC (Allocation Failure) 2019-12-23T12:23:11.874+0000: 41411.321: [ParNew: 69429K->4890K(72512K), 0.0031510 secs] 111285K->47732K(233664K), 0.0032442 secs] [Times: user=0.01 sys=0.00, real=0.00 secs] 
2019-12-23T12:23:24.977+0000: 41424.424: [GC (Allocation Failure) 2019-12-23T12:23:24.977+0000: 41424.424: [ParNew: 69402K->5015K(72512K), 0.0029515 secs] 112244K->48808K(233664K), 0.0030223 secs] [Times: user=0.00 sys=0.00, real=0.01 secs] 
2019-12-23T12:23:37.132+0000: 41436.579: [GC (Allocation Failure) 2019-12-23T12:23:37.132+0000: 41436.579: [ParNew: 69527K->4867K(72512K), 0.0029474 secs] 113320K->49484K(233664K), 0.0030467 secs] [Times: user=0.01 sys=0.00, real=0.00 secs] 
2019-12-23T12:23:50.751+0000: 41450.198: [GC (Allocation Failure) 2019-12-23T12:23:50.752+0000: 41450.198: [ParNew: 69379K->5363K(72512K), 0.0029031 secs] 113996K->50932K(233664K), 0.0029880 secs] [Times: user=0.01 sys=0.00, real=0.00 secs] 
2019-12-23T12:23:57.716+0000: 41457.163: [GC (Allocation Failure) 2019-12-23T12:23:57.716+0000: 41457.163: [ParNew: 69875K->5559K(72512K), 0.0029347 secs] 115444K->52079K(233664K), 0.0030177 secs] [Times: user=0.01 sys=0.00, real=0.01 secs] 
2019-12-23T12:24:10.254+0000: 41469.701: [GC (Allocation Failure) 2019-12-23T12:24:10.254+0000: 41469.701: [ParNew: 70071K->6255K(72512K), 0.0032322 secs] 116591K->53755K(233664K), 0.0033224 secs] [Times: user=0.00 sys=0.01, real=0.00 secs] 
2019-12-23T12:24:20.170+0000: 41479.617: [GC (Allocation Failure) 2019-12-23T12:24:20.170+0000: 41479.617: [ParNew: 70767K->5201K(72512K), 0.0027688 secs] 118267K->53653K(233664K), 0.0028604 secs] [Times: user=0.01 sys=0.00, real=0.01 secs] 
2019-12-23T12:24:32.150+0000: 41491.597: [GC (Allocation Failure) 2019-12-23T12:24:32.150+0000: 41491.597: [ParNew: 69713K->5138K(72512K), 0.0030387 secs] 118165K->54541K(233664K), 0.0031140 secs] [Times: user=0.01 sys=0.00, real=0.01 secs] 
2019-12-23T12:24:45.953+0000: 41505.400: [GC (Allocation Failure) 2019-12-23T12:24:45.953+0000: 41505.400: [ParNew: 69650K->5216K(72512K), 0.0028225 secs] 119053K->55571K(233664K), 0.0029017 secs] [Times: user=0.01 sys=0.00, real=0.00 secs] 
2019-12-23T12:24:58.497+0000: 41517.944: [GC (Allocation Failure) 2019-12-23T12:24:58.497+0000: 41517.944: [ParNew: 69728K->5181K(72512K), 0.0029358 secs] 120083K->56487K(233664K), 0.0030056 secs] [Times: user=0.01 sys=0.00, real=0.01 secs] 
2019-12-23T12:25:08.025+0000: 41527.472: [GC (Allocation Failure) 2019-12-23T12:25:08.025+0000: 41527.472: [ParNew: 69693K->3855K(72512K), 0.0026331 secs] 120999K->55162K(233664K), 0.0027070 secs] [Times: user=0.00 sys=0.00, real=0.00 secs] 
2019-12-23T12:25:15.925+0000: 41535.372: [GC (Allocation Failure) 2019-12-23T12:25:15.925+0000: 41535.372: [ParNew: 68367K->3965K(72512K), 0.0026168 secs] 119674K->55272K(233664K), 0.0027060 secs] [Times: user=0.01 sys=0.00, real=0.00 secs] 
2019-12-23T12:25:31.473+0000: 41550.920: [GC (Allocation Failure) 2019-12-23T12:25:31.473+0000: 41550.920: [ParNew: 68477K->4697K(72512K), 0.0028412 secs] 119784K->56004K(233664K), 0.0029206 secs] [Times: user=0.00 sys=0.00, real=0.00 secs] 
2019-12-23T12:25:44.695+0000: 41564.142: [GC (Allocation Failure) 2019-12-23T12:25:44.695+0000: 41564.142: [ParNew: 69209K->4886K(72512K), 0.0029445 secs] 120516K->57041K(233664K), 0.0030298 secs] [Times: user=0.01 sys=0.00, real=0.00 secs] 
2019-12-23T12:25:53.940+0000: 41573.387: [GC (Allocation Failure) 2019-12-23T12:25:53.940+0000: 41573.387: [ParNew: 69398K->5297K(72512K), 0.0030483 secs] 121553K->58404K(233664K), 0.0031370 secs] [Times: user=0.01 sys=0.00, real=0.00 secs] 
2019-12-23T12:26:10.498+0000: 41589.945: [GC (Allocation Failure) 2019-12-23T12:26:10.498+0000: 41589.945: [ParNew: 69809K->5378K(72512K), 0.0039126 secs] 122916K->59437K(233664K), 0.0039838 secs] [Times: user=0.01 sys=0.00, real=0.01 secs] 
2019-12-23T12:26:12.113+0000: 41591.560: [GC (Allocation Failure) 2019-12-23T12:26:12.114+0000: 41591.560: [ParNew: 69890K->5860K(72512K), 0.0029498 secs] 123949K->60769K(233664K), 0.0030182 secs] [Times: user=0.01 sys=0.00, real=0.00 secs] 
2019-12-23T12:26:30.970+0000: 41610.417: [GC (Allocation Failure) 2019-12-23T12:26:30.970+0000: 41610.417: [ParNew: 70372K->6288K(72512K), 0.0029659 secs] 125281K->62148K(233664K), 0.0030601 secs] [Times: user=0.01 sys=0.00, real=0.01 secs] 
2019-12-23T12:26:37.868+0000: 41617.315: [GC (Allocation Failure) 2019-12-23T12:26:37.868+0000: 41617.315: [ParNew: 70800K->5198K(72512K), 0.0029154 secs] 126660K->62009K(233664K), 0.0029994 secs] [Times: user=0.01 sys=0.00, real=0.01 secs] 
2019-12-23T12:26:51.170+0000: 41630.617: [GC (Allocation Failure) 2019-12-23T12:26:51.170+0000: 41630.617: [ParNew: 69710K->4798K(72512K), 0.0028383 secs] 126521K->62562K(233664K), 0.0029158 secs] [Times: user=0.01 sys=0.00, real=0.01 secs] 
2019-12-23T12:27:04.892+0000: 41644.339: [GC (Allocation Failure) 2019-12-23T12:27:04.892+0000: 41644.339: [ParNew: 69310K->5091K(72512K), 0.0029895 secs] 127074K->63806K(233664K), 0.0030669 secs] [Times: user=0.01 sys=0.00, real=0.00 secs] 
2019-12-23T12:27:15.422+0000: 41654.869: [GC (Allocation Failure) 2019-12-23T12:27:15.422+0000: 41654.869: [ParNew: 69603K->5708K(72512K), 0.0031609 secs] 128318K->65374K(233664K), 0.0032385 secs] [Times: user=0.01 sys=0.00, real=0.00 secs] 
2019-12-23T12:27:27.898+0000: 41667.345: [GC (Allocation Failure) 2019-12-23T12:27:27.898+0000: 41667.345: [ParNew: 70220K->5528K(72512K), 0.0029154 secs] 129886K->66146K(233664K), 0.0029943 secs] [Times: user=0.01 sys=0.00, real=0.01 secs] 
2019-12-23T12:27:36.528+0000: 41675.975: [GC (Allocation Failure) 2019-12-23T12:27:36.528+0000: 41675.975: [ParNew: 70040K->5711K(72512K), 0.0028810 secs] 130658K->67432K(233664K), 0.0029512 secs] [Times: user=0.01 sys=0.00, real=0.01 secs] 
2019-12-23T12:27:51.260+0000: 41690.707: [GC (Allocation Failure) 2019-12-23T12:27:51.260+0000: 41690.707: [ParNew: 70223K->5238K(72512K), 0.0028887 secs] 131944K->67911K(233664K), 0.0029831 secs] [Times: user=0.01 sys=0.00, real=0.00 secs] 
2019-12-23T12:28:06.066+0000: 41705.513: [GC (Allocation Failure) 2019-12-23T12:28:06.066+0000: 41705.513: [ParNew: 69750K->5878K(72512K), 0.0031083 secs] 132423K->69375K(233664K), 0.0031986 secs] [Times: user=0.00 sys=0.00, real=0.00 secs] 
2019-12-23T12:28:14.180+0000: 41713.627: [GC (Allocation Failure) 2019-12-23T12:28:14.180+0000: 41713.627: [ParNew: 70390K->5582K(72512K), 0.0037437 secs] 133887K->70031K(233664K), 0.0038185 secs] [Times: user=0.01 sys=0.00, real=0.00 secs] 
2019-12-23T12:28:29.599+0000: 41729.046: [GC (Allocation Failure) 2019-12-23T12:28:29.599+0000: 41729.046: [ParNew: 70094K->5076K(72512K), 0.0028267 secs] 134543K->70476K(233664K), 0.0028985 secs] [Times: user=0.01 sys=0.00, real=0.00 secs] 
2019-12-23T12:28:32.145+0000: 41731.592: [GC (Allocation Failure) 2019-12-23T12:28:32.145+0000: 41731.592: [ParNew: 69588K->5703K(72512K), 0.0029259 secs] 134988K->72054K(233664K), 0.0030058 secs] [Times: user=0.01 sys=0.00, real=0.00 secs] 
2019-12-23T12:28:48.897+0000: 41748.344: [GC (Allocation Failure) 2019-12-23T12:28:48.897+0000: 41748.344: [ParNew: 70215K->4883K(72512K), 0.0029200 secs] 136566K->72186K(233664K), 0.0030048 secs] [Times: user=0.01 sys=0.00, real=0.01 secs] 
2019-12-23T12:28:56.751+0000: 41756.198: [GC (Allocation Failure) 2019-12-23T12:28:56.751+0000: 41756.198: [ParNew: 69395K->5691K(72512K), 0.0030900 secs] 136698K->73946K(233664K), 0.0032041 secs] [Times: user=0.01 sys=0.00, real=0.00 secs] 
2019-12-23T12:29:09.035+0000: 41768.482: [GC (Allocation Failure) 2019-12-23T12:29:09.035+0000: 41768.482: [ParNew: 70203K->5159K(72512K), 0.0026516 secs] 138458K->74365K(233664K), 0.0027441 secs] [Times: user=0.01 sys=0.00, real=0.00 secs] 
2019-12-23T12:29:22.458+0000: 41781.905: [GC (Allocation Failure) 2019-12-23T12:29:22.458+0000: 41781.905: [ParNew: 69671K->3277K(72512K), 0.0025293 secs] 138877K->72708K(233664K), 0.0026161 secs] [Times: user=0.00 sys=0.00, real=0.01 secs] 
2019-12-23T12:29:35.081+0000: 41794.528: [GC (Allocation Failure) 2019-12-23T12:29:35.082+0000: 41794.528: [ParNew: 67789K->4394K(72512K), 0.0025488 secs] 137220K->73825K(233664K), 0.0026237 secs] [Times: user=0.01 sys=0.00, real=0.00 secs] 
2019-12-23T12:29:44.868+0000: 41804.315: [GC (Allocation Failure) 2019-12-23T12:29:44.868+0000: 41804.315: [ParNew: 68906K->4956K(72512K), 0.0027540 secs] 138337K->74387K(233664K), 0.0028315 secs] [Times: user=0.00 sys=0.00, real=0.01 secs] 
2019-12-23T12:29:58.881+0000: 41818.328: [GC (Allocation Failure) 2019-12-23T12:29:58.882+0000: 41818.328: [ParNew: 69468K->5249K(72512K), 0.0030909 secs] 138899K->75226K(233664K), 0.0031702 secs] [Times: user=0.01 sys=0.00, real=0.00 secs] 
2019-12-23T12:30:03.637+0000: 41823.084: [GC (Allocation Failure) 2019-12-23T12:30:03.637+0000: 41823.084: [ParNew: 69761K->4866K(72512K), 0.0031458 secs] 139738K->76201K(233664K), 0.0032291 secs] [Times: user=0.01 sys=0.00, real=0.01 secs] 
2019-12-23T12:30:16.333+0000: 41835.780: [GC (Allocation Failure) 2019-12-23T12:30:16.333+0000: 41835.780: [ParNew: 69378K->5058K(72512K), 0.0030850 secs] 140713K->77243K(233664K), 0.0031782 secs] [Times: user=0.00 sys=0.00, real=0.00 secs] 
2019-12-23T12:30:27.678+0000: 41847.125: [GC (Allocation Failure) 2019-12-23T12:30:27.678+0000: 41847.125: [ParNew: 69570K->4799K(72512K), 0.0028574 secs] 141755K->77936K(233664K), 0.0029546 secs] [Times: user=0.01 sys=0.01, real=0.01 secs] 
2019-12-23T12:30:40.793+0000: 41860.240: [GC (Allocation Failure) 2019-12-23T12:30:40.793+0000: 41860.240: [ParNew: 69311K->4861K(72512K), 0.0029809 secs] 142448K->78950K(233664K), 0.0030742 secs] [Times: user=0.01 sys=0.00, real=0.00 secs] 
2019-12-23T12:30:53.720+0000: 41873.166: [GC (Allocation Failure) 2019-12-23T12:30:53.720+0000: 41873.167: [ParNew: 69311K->5372K(72512K), 0.0030383 secs] 143400K->80413K(233664K), 0.0031281 secs] [Times: user=0.01 sys=0.00, real=0.00 secs] 
2019-12-23T12:31:02.112+0000: 41881.559: [GC (Allocation Failure) 2019-12-23T12:31:02.113+0000: 41881.559: [ParNew: 69884K->4685K(72512K), 0.0029829 secs] 144925K->80678K(233664K), 0.0030851 secs] [Times: user=0.01 sys=0.00, real=0.00 secs] 
2019-12-23T12:31:18.464+0000: 41897.911: [GC (Allocation Failure) 2019-12-23T12:31:18.464+0000: 41897.911: [ParNew: 69197K->4739K(72512K), 0.0035020 secs] 145190K->81817K(233664K), 0.0036483 secs] [Times: user=0.00 sys=0.00, real=0.00 secs] 
2019-12-23T12:31:21.250+0000: 41900.697: [GC (Allocation Failure) 2019-12-23T12:31:21.250+0000: 41900.697: [ParNew: 69251K->5473K(72512K), 0.0031274 secs] 146329K->83270K(233664K), 0.0032312 secs] [Times: user=0.01 sys=0.00, real=0.01 secs] 
2019-12-23T12:31:39.577+0000: 41919.023: [GC (Allocation Failure) 2019-12-23T12:31:39.577+0000: 41919.023: [ParNew: 69985K->5659K(72512K), 0.0029557 secs] 147782K->84541K(233664K), 0.0030321 secs] [Times: user=0.00 sys=0.00, real=0.01 secs] 
2019-12-23T12:31:44.953+0000: 41924.400: [GC (Allocation Failure) 2019-12-23T12:31:44.953+0000: 41924.400: [ParNew: 70171K->5151K(72512K), 0.0028695 secs] 149053K->84984K(233664K), 0.0029701 secs] [Times: user=0.01 sys=0.00, real=0.00 secs] 
2019-12-23T12:31:58.085+0000: 41937.532: [GC (Allocation Failure) 2019-12-23T12:31:58.085+0000: 41937.532: [ParNew: 69663K->5199K(72512K), 0.0029382 secs] 149496K->85983K(233664K), 0.0030125 secs] [Times: user=0.01 sys=0.00, real=0.00 secs] 
2019-12-23T12:32:10.916+0000: 41950.363: [GC (Allocation Failure) 2019-12-23T12:32:10.916+0000: 41950.363: [ParNew: 69711K->5921K(72512K), 0.0028572 secs] 150495K->87656K(233664K), 0.0029283 secs] [Times: user=0.00 sys=0.00, real=0.01 secs] 
2019-12-23T12:32:24.808+0000: 41964.255: [GC (Allocation Failure) 2019-12-23T12:32:24.808+0000: 41964.255: [ParNew: 70433K->5906K(72512K), 0.0029917 secs] 152168K->88529K(233664K), 0.0030638 secs] [Times: user=0.00 sys=0.00, real=0.01 secs] 
2019-12-23T12:32:35.635+0000: 41975.082: [GC (Allocation Failure) 2019-12-23T12:32:35.635+0000: 41975.082: [ParNew: 70418K->5784K(72512K), 0.0028635 secs] 153041K->89359K(233664K), 0.0029399 secs] [Times: user=0.01 sys=0.00, real=0.00 secs] 
2019-12-23T12:32:46.280+0000: 41985.727: [GC (Allocation Failure) 2019-12-23T12:32:46.280+0000: 41985.727: [ParNew: 70296K->5016K(72512K), 0.0028757 secs] 153871K->89542K(233664K), 0.0029444 secs] [Times: user=0.01 sys=0.00, real=0.00 secs] 
2019-12-23T12:32:56.799+0000: 41996.246: [GC (Allocation Failure) 2019-12-23T12:32:56.799+0000: 41996.246: [ParNew: 69528K->5184K(72512K), 0.0028868 secs] 154054K->90822K(233664K), 0.0029744 secs] [Times: user=0.01 sys=0.00, real=0.00 secs] 
2019-12-23T12:33:07.176+0000: 42006.623: [GC (Allocation Failure) 2019-12-23T12:33:07.176+0000: 42006.623: [ParNew: 69696K->5378K(72512K), 0.0030501 secs] 155334K->91968K(233664K), 0.0031235 secs] [Times: user=0.00 sys=0.00, real=0.01 secs] 
2019-12-23T12:33:15.840+0000: 42015.287: [GC (Allocation Failure) 2019-12-23T12:33:15.840+0000: 42015.287: [ParNew: 69890K->6011K(72512K), 0.0029652 secs] 156480K->93425K(233664K), 0.0030551 secs] [Times: user=0.00 sys=0.00, real=0.00 secs] 
2019-12-23T12:33:27.057+0000: 42026.504: [GC (Allocation Failure) 2019-12-23T12:33:27.057+0000: 42026.504: [ParNew: 70523K->6016K(72512K), 0.0029829 secs] 157937K->94381K(233664K), 0.0030801 secs] [Times: user=0.01 sys=0.00, real=0.01 secs] 
2019-12-23T12:33:35.837+0000: 42035.284: [GC (Allocation Failure) 2019-12-23T12:33:35.837+0000: 42035.284: [ParNew: 70528K->2880K(72512K), 0.0025269 secs] 158893K->91311K(233664K), 0.0026014 secs] [Times: user=0.01 sys=0.00, real=0.01 secs] 
2019-12-23T12:33:40.975+0000: 42040.422: [GC (Allocation Failure) 2019-12-23T12:33:40.975+0000: 42040.422: [ParNew: 67392K->3887K(72512K), 0.0024644 secs] 155823K->92317K(233664K), 0.0025372 secs] [Times: user=0.00 sys=0.00, real=0.00 secs] 
2019-12-23T12:33:54.523+0000: 42053.970: [GC (Allocation Failure) 2019-12-23T12:33:54.524+0000: 42053.970: [ParNew: 68399K->5066K(72512K), 0.0026911 secs] 156829K->93497K(233664K), 0.0027714 secs] [Times: user=0.00 sys=0.00, real=0.00 secs] 
2019-12-23T12:34:04.011+0000: 42063.457: [GC (Allocation Failure) 2019-12-23T12:34:04.011+0000: 42063.458: [ParNew: 69578K->5365K(72512K), 0.0027704 secs] 158009K->94323K(233664K), 0.0028656 secs] [Times: user=0.01 sys=0.00, real=0.00 secs] 
2019-12-23T12:34:18.896+0000: 42078.343: [GC (Allocation Failure) 2019-12-23T12:34:18.896+0000: 42078.343: [ParNew: 69877K->5032K(72512K), 0.0033888 secs] 158835K->95256K(233664K), 0.0034856 secs] [Times: user=0.01 sys=0.00, real=0.01 secs] 
2019-12-23T12:34:32.584+0000: 42092.031: [GC (Allocation Failure) 2019-12-23T12:34:32.584+0000: 42092.031: [ParNew: 69544K->5948K(72512K), 0.0029308 secs] 159768K->97023K(233664K), 0.0030061 secs] [Times: user=0.00 sys=0.00, real=0.00 secs] 
2019-12-23T12:34:41.743+0000: 42101.190: [GC (Allocation Failure) 2019-12-23T12:34:41.743+0000: 42101.190: [ParNew: 70460K->5859K(72512K), 0.0029337 secs] 161535K->97886K(233664K), 0.0030324 secs] [Times: user=0.00 sys=0.00, real=0.00 secs] 
2019-12-23T12:34:58.771+0000: 42118.218: [GC (Allocation Failure) 2019-12-23T12:34:58.771+0000: 42118.218: [ParNew: 70371K->6033K(72512K), 0.0031136 secs] 162398K->99011K(233664K), 0.0031964 secs] [Times: user=0.01 sys=0.00, real=0.00 secs] 
2019-12-23T12:35:00.147+0000: 42119.594: [GC (Allocation Failure) 2019-12-23T12:35:00.147+0000: 42119.594: [ParNew: 70545K->5936K(72512K), 0.0029127 secs] 163523K->99866K(233664K), 0.0030015 secs] [Times: user=0.01 sys=0.00, real=0.00 secs] 
2019-12-23T12:35:17.411+0000: 42136.858: [GC (Allocation Failure) 2019-12-23T12:35:17.411+0000: 42136.858: [ParNew: 70448K->6662K(72512K), 0.0031596 secs] 164378K->101570K(233664K), 0.0032319 secs] [Times: user=0.01 sys=0.00, real=0.00 secs] 
2019-12-23T12:35:24.991+0000: 42144.438: [GC (Allocation Failure) 2019-12-23T12:35:24.991+0000: 42144.438: [ParNew: 71174K->5374K(72512K), 0.0030903 secs] 166082K->101106K(233664K), 0.0031978 secs] [Times: user=0.00 sys=0.00, real=0.00 secs] 
2019-12-23T12:35:36.259+0000: 42155.706: [GC (Allocation Failure) 2019-12-23T12:35:36.259+0000: 42155.706: [ParNew: 69886K->5456K(72512K), 0.0030440 secs] 165618K->102139K(233664K), 0.0031368 secs] [Times: user=0.01 sys=0.00, real=0.00 secs] 
2019-12-23T12:35:50.874+0000: 42170.320: [GC (Allocation Failure) 2019-12-23T12:35:50.874+0000: 42170.321: [ParNew: 69968K->6702K(72512K), 0.0029762 secs] 166651K->104337K(233664K), 0.0030576 secs] [Times: user=0.00 sys=0.00, real=0.00 secs] 
2019-12-23T12:35:55.488+0000: 42174.935: [GC (Allocation Failure) 2019-12-23T12:35:55.489+0000: 42174.935: [ParNew: 71214K->6686K(72512K), 0.0028962 secs] 168849K->105273K(233664K), 0.0029692 secs] [Times: user=0.00 sys=0.01, real=0.01 secs] 
2019-12-23T12:36:11.827+0000: 42191.274: [GC (Allocation Failure) 2019-12-23T12:36:11.827+0000: 42191.274: [ParNew: 71198K->6838K(72512K), 0.0031739 secs] 169785K->106376K(233664K), 0.0032553 secs] [Times: user=0.01 sys=0.00, real=0.00 secs] 
2019-12-23T12:36:17.337+0000: 42196.784: [GC (Allocation Failure) 2019-12-23T12:36:17.337+0000: 42196.784: [ParNew: 71350K->5412K(72512K), 0.0030450 secs] 170888K->105929K(233664K), 0.0031188 secs] [Times: user=0.01 sys=0.00, real=0.01 secs] 
2019-12-23T12:36:31.145+0000: 42210.592: [GC (Allocation Failure) 2019-12-23T12:36:31.145+0000: 42210.592: [ParNew: 69924K->6070K(72512K), 0.0029653 secs] 170441K->107539K(233664K), 0.0030556 secs] [Times: user=0.01 sys=0.00, real=0.00 secs] 
2019-12-23T12:36:45.262+0000: 42224.709: [GC (Allocation Failure) 2019-12-23T12:36:45.262+0000: 42224.709: [ParNew: 70582K->5035K(72512K), 0.0028233 secs] 172051K->107455K(233664K), 0.0029108 secs] [Times: user=0.01 sys=0.00, real=0.00 secs] 
2019-12-23T12:36:56.657+0000: 42236.104: [GC (Allocation Failure) 2019-12-23T12:36:56.657+0000: 42236.104: [ParNew: 69547K->4678K(72512K), 0.0031429 secs] 171967K->108051K(233664K), 0.0032209 secs] [Times: user=0.01 sys=0.00, real=0.01 secs] 
2019-12-23T12:37:07.294+0000: 42246.741: [GC (Allocation Failure) 2019-12-23T12:37:07.294+0000: 42246.741: [ParNew: 69190K->4960K(72512K), 0.0029363 secs] 172563K->109283K(233664K), 0.0030115 secs] [Times: user=0.01 sys=0.00, real=0.00 secs] 
2019-12-23T12:37:17.267+0000: 42256.713: [GC (Allocation Failure) 2019-12-23T12:37:17.267+0000: 42256.714: [ParNew: 69472K->4675K(72512K), 0.0042283 secs] 173795K->109952K(233664K), 0.0043072 secs] [Times: user=0.00 sys=0.00, real=0.01 secs] 
2019-12-23T12:37:24.821+0000: 42264.268: [GC (Allocation Failure) 2019-12-23T12:37:24.821+0000: 42264.268: [ParNew: 69187K->4625K(72512K), 0.0029959 secs] 174464K->110859K(233664K), 0.0030744 secs] [Times: user=0.01 sys=0.00, real=0.00 secs] 
2019-12-23T12:37:32.778+0000: 42272.225: [GC (Allocation Failure) 2019-12-23T12:37:32.778+0000: 42272.225: [ParNew: 69137K->4539K(72512K), 0.0037712 secs] 175371K->111452K(233664K), 0.0038465 secs] [Times: user=0.01 sys=0.00, real=0.01 secs] 
2019-12-23T12:37:45.569+0000: 42285.016: [GC (Allocation Failure) 2019-12-23T12:37:45.569+0000: 42285.016: [ParNew: 69051K->4165K(72512K), 0.0028104 secs] 175964K->111080K(233664K), 0.0029022 secs] [Times: user=0.01 sys=0.00, real=0.01 secs] 
2019-12-23T12:37:57.163+0000: 42296.610: [GC (Allocation Failure) 2019-12-23T12:37:57.163+0000: 42296.610: [ParNew: 68677K->4498K(72512K), 0.0026414 secs] 175592K->111412K(233664K), 0.0027597 secs] [Times: user=0.00 sys=0.00, real=0.00 secs] 
2019-12-23T12:38:04.435+0000: 42303.882: [GC (Allocation Failure) 2019-12-23T12:38:04.436+0000: 42303.882: [ParNew: 69010K->5224K(72512K), 0.0028826 secs] 175924K->112139K(233664K), 0.0030046 secs] [Times: user=0.00 sys=0.00, real=0.01 secs] 
2019-12-23T12:38:17.417+0000: 42316.864: [GC (Allocation Failure) 2019-12-23T12:38:17.417+0000: 42316.864: [ParNew: 69736K->5135K(72512K), 0.0031880 secs] 176651K->113407K(233664K), 0.0032678 secs] [Times: user=0.01 sys=0.00, real=0.01 secs] 
2019-12-23T12:38:24.154+0000: 42323.601: [GC (Allocation Failure) 2019-12-23T12:38:24.155+0000: 42323.601: [ParNew: 69647K->5710K(72512K), 0.0028968 secs] 177919K->114833K(233664K), 0.0029953 secs] [Times: user=0.01 sys=0.00, real=0.00 secs] 
2019-12-23T12:38:35.531+0000: 42334.978: [GC (Allocation Failure) 2019-12-23T12:38:35.531+0000: 42334.978: [ParNew: 70222K->5723K(72512K), 0.0030735 secs] 179345K->115798K(233664K), 0.0031547 secs] [Times: user=0.00 sys=0.00, real=0.00 secs] 
2019-12-23T12:38:51.039+0000: 42350.486: [GC (Allocation Failure) 2019-12-23T12:38:51.039+0000: 42350.486: [ParNew: 70235K->6119K(72512K), 0.0028001 secs] 180310K->117174K(233664K), 0.0029085 secs] [Times: user=0.01 sys=0.00, real=0.00 secs] 
2019-12-23T12:38:54.420+0000: 42353.867: [GC (Allocation Failure) 2019-12-23T12:38:54.420+0000: 42353.867: [ParNew: 70631K->5724K(72512K), 0.0029384 secs] 181686K->117730K(233664K), 0.0030320 secs] [Times: user=0.01 sys=0.00, real=0.00 secs] 
2019-12-23T12:39:09.607+0000: 42369.054: [GC (Allocation Failure) 2019-12-23T12:39:09.607+0000: 42369.054: [ParNew: 70236K->5801K(72512K), 0.0030522 secs] 182242K->118759K(233664K), 0.0031352 secs] [Times: user=0.01 sys=0.00, real=0.00 secs] 
2019-12-23T12:39:15.364+0000: 42374.811: [GC (Allocation Failure) 2019-12-23T12:39:15.364+0000: 42374.811: [ParNew: 70313K->5785K(72512K), 0.0028591 secs] 183271K->119695K(233664K), 0.0029585 secs] [Times: user=0.01 sys=0.00, real=0.00 secs] 
2019-12-23T12:39:28.042+0000: 42387.489: [GC (Allocation Failure) 2019-12-23T12:39:28.042+0000: 42387.489: [ParNew: 70297K->5592K(72512K), 0.0027887 secs] 184207K->120454K(233664K), 0.0028727 secs] [Times: user=0.01 sys=0.00, real=0.00 secs] 
2019-12-23T12:39:44.482+0000: 42403.929: [GC (Allocation Failure) 2019-12-23T12:39:44.482+0000: 42403.929: [ParNew: 70104K->6449K(72512K), 0.0027916 secs] 184966K->122070K(233664K), 0.0028768 secs] [Times: user=0.01 sys=0.00, real=0.00 secs] 
2019-12-23T12:39:49.356+0000: 42408.803: [GC (Allocation Failure) 2019-12-23T12:39:49.356+0000: 42408.803: [ParNew: 70961K->6743K(72512K), 0.0027627 secs] 186582K->123315K(233664K), 0.0028416 secs] [Times: user=0.01 sys=0.00, real=0.01 secs] 
2019-12-23T12:40:02.794+0000: 42422.241: [GC (Allocation Failure) 2019-12-23T12:40:02.794+0000: 42422.241: [ParNew: 71255K->5041K(72512K), 0.0029855 secs] 187827K->122701K(233664K), 0.0030708 secs] [Times: user=0.00 sys=0.00, real=0.00 secs] 
2019-12-23T12:40:14.288+0000: 42433.735: [GC (Allocation Failure) 2019-12-23T12:40:14.288+0000: 42433.735: [ParNew: 69553K->6729K(72512K), 0.0030468 secs] 187213K->125340K(233664K), 0.0031268 secs] [Times: user=0.00 sys=0.00, real=0.01 secs] 
2019-12-23T12:40:22.192+0000: 42441.639: [GC (Allocation Failure) 2019-12-23T12:40:22.192+0000: 42441.639: [ParNew: 71241K->5154K(72512K), 0.0029706 secs] 189852K->124716K(233664K), 0.0030530 secs] [Times: user=0.01 sys=0.00, real=0.00 secs] 
2019-12-23T12:40:33.702+0000: 42453.149: [GC (Allocation Failure) 2019-12-23T12:40:33.702+0000: 42453.149: [ParNew: 69666K->5021K(72512K), 0.0028273 secs] 189228K->125599K(233664K), 0.0029189 secs] [Times: user=0.01 sys=0.00, real=0.00 secs] 
2019-12-23T12:40:40.988+0000: 42460.435: [GC (Allocation Failure) 2019-12-23T12:40:40.988+0000: 42460.435: [ParNew: 69533K->5355K(72512K), 0.0029826 secs] 190111K->126885K(233664K), 0.0030647 secs] [Times: user=0.01 sys=0.00, real=0.01 secs] 
2019-12-23T12:40:53.701+0000: 42473.148: [GC (Allocation Failure) 2019-12-23T12:40:53.701+0000: 42473.148: [ParNew: 69867K->5143K(72512K), 0.0031313 secs] 191397K->127625K(233664K), 0.0032224 secs] [Times: user=0.01 sys=0.00, real=0.00 secs] 
2019-12-23T12:41:05.696+0000: 42485.143: [GC (Allocation Failure) 2019-12-23T12:41:05.696+0000: 42485.143: [ParNew: 69655K->4657K(72512K), 0.0032108 secs] 192137K->128090K(233664K), 0.0032828 secs] [Times: user=0.01 sys=0.00, real=0.01 secs] 
2019-12-23T12:41:15.717+0000: 42495.164: [GC (Allocation Failure) 2019-12-23T12:41:15.717+0000: 42495.164: [ParNew: 69169K->5703K(72512K), 0.0031137 secs] 192602K->130088K(233664K), 0.0031942 secs] [Times: user=0.01 sys=0.00, real=0.01 secs] 
2019-12-23T12:41:23.994+0000: 42503.441: [GC (Allocation Failure) 2019-12-23T12:41:23.994+0000: 42503.441: [ParNew: 70215K->5879K(72512K), 0.0032292 secs] 194600K->131216K(233664K), 0.0032990 secs] [Times: user=0.01 sys=0.00, real=0.00 secs] 
2019-12-23T12:41:35.208+0000: 42514.655: [GC (Allocation Failure) 2019-12-23T12:41:35.208+0000: 42514.655: [ParNew: 70391K->3648K(72512K), 0.0034873 secs] 195728K->129142K(233664K), 0.0035704 secs] [Times: user=0.01 sys=0.00, real=0.01 secs] 
2019-12-23T12:41:42.495+0000: 42521.942: [GC (Allocation Failure) 2019-12-23T12:41:42.495+0000: 42521.942: [ParNew: 68160K->4008K(72512K), 0.0025936 secs] 193654K->129503K(233664K), 0.0026698 secs] [Times: user=0.01 sys=0.00, real=0.00 secs] 
2019-12-23T12:41:55.660+0000: 42535.107: [GC (Allocation Failure) 2019-12-23T12:41:55.660+0000: 42535.107: [ParNew: 68520K->4976K(72512K), 0.0028109 secs] 194015K->130470K(233664K), 0.0028823 secs] [Times: user=0.00 sys=0.00, real=0.00 secs] 
2019-12-23T12:42:01.988+0000: 42541.435: [GC (Allocation Failure) 2019-12-23T12:42:01.988+0000: 42541.435: [ParNew: 69488K->5725K(72512K), 0.0029069 secs] 194982K->132386K(233664K), 0.0029780 secs] [Times: user=0.01 sys=0.00, real=0.01 secs] 
2019-12-23T12:42:14.342+0000: 42553.789: [GC (Allocation Failure) 2019-12-23T12:42:14.342+0000: 42553.789: [ParNew: 70237K->4890K(72512K), 0.0028099 secs] 196898K->132497K(233664K), 0.0028948 secs] [Times: user=0.01 sys=0.00, real=0.00 secs] 
2019-12-23T12:42:25.325+0000: 42564.772: [GC (Allocation Failure) 2019-12-23T12:42:25.325+0000: 42564.772: [ParNew: 69402K->5397K(72512K), 0.0028865 secs] 197009K->133956K(233664K), 0.0029687 secs] [Times: user=0.01 sys=0.00, real=0.00 secs] 
2019-12-23T12:42:34.743+0000: 42574.190: [GC (Allocation Failure) 2019-12-23T12:42:34.743+0000: 42574.190: [ParNew: 69909K->5321K(72512K), 0.0029440 secs] 198468K->134703K(233664K), 0.0030158 secs] [Times: user=0.01 sys=0.00, real=0.00 secs] 
2019-12-23T12:42:47.443+0000: 42586.890: [GC (Allocation Failure) 2019-12-23T12:42:47.443+0000: 42586.890: [ParNew: 69833K->5268K(72512K), 0.0030007 secs] 199215K->135630K(233664K), 0.0031002 secs] [Times: user=0.01 sys=0.00, real=0.00 secs] 
2019-12-23T12:42:55.875+0000: 42595.322: [GC (Allocation Failure) 2019-12-23T12:42:55.875+0000: 42595.322: [ParNew: 69780K->6435K(72512K), 0.0033461 secs] 200142K->137748K(233664K), 0.0034245 secs] [Times: user=0.01 sys=0.00, real=0.00 secs] 
2019-12-23T12:43:05.771+0000: 42605.218: [GC (Allocation Failure) 2019-12-23T12:43:05.771+0000: 42605.218: [ParNew: 70947K->5938K(72512K), 0.0031142 secs] 202260K->138204K(233664K), 0.0031901 secs] [Times: user=0.00 sys=0.00, real=0.00 secs] 
2019-12-23T12:43:22.041+0000: 42621.488: [GC (Allocation Failure) 2019-12-23T12:43:22.041+0000: 42621.488: [ParNew: 70450K->5886K(72512K), 0.0031555 secs] 202716K->139103K(233664K), 0.0032273 secs] [Times: user=0.01 sys=0.00, real=0.00 secs] 
2019-12-23T12:43:25.800+0000: 42625.247: [GC (Allocation Failure) 2019-12-23T12:43:25.800+0000: 42625.247: [ParNew: 70398K->6609K(72512K), 0.0028888 secs] 203615K->140777K(233664K), 0.0029532 secs] [Times: user=0.01 sys=0.00, real=0.00 secs] 
2019-12-23T12:43:39.551+0000: 42638.998: [GC (Allocation Failure) 2019-12-23T12:43:39.551+0000: 42638.998: [ParNew: 71121K->5869K(72512K), 0.0030162 secs] 205289K->140861K(233664K), 0.0030953 secs] [Times: user=0.01 sys=0.00, real=0.00 secs] 
2019-12-23T12:43:47.801+0000: 42647.248: [GC (Allocation Failure) 2019-12-23T12:43:47.801+0000: 42647.248: [ParNew: 70381K->6019K(72512K), 0.0029197 secs] 205373K->141962K(233664K), 0.0030022 secs] [Times: user=0.01 sys=0.00, real=0.00 secs] 
2019-12-23T12:43:59.527+0000: 42658.974: [GC (Allocation Failure) 2019-12-23T12:43:59.527+0000: 42658.974: [ParNew: 70531K->6059K(72512K), 0.0030356 secs] 206474K->142954K(233664K), 0.0031076 secs] [Times: user=0.01 sys=0.00, real=0.00 secs] 
2019-12-23T12:44:11.805+0000: 42671.252: [GC (Allocation Failure) 2019-12-23T12:44:11.805+0000: 42671.252: [ParNew: 70571K->6043K(72512K), 0.0028049 secs] 207466K->143890K(233664K), 0.0028770 secs] [Times: user=0.01 sys=0.00, real=0.00 secs] 
2019-12-23T12:44:18.430+0000: 42677.877: [GC (Allocation Failure) 2019-12-23T12:44:18.430+0000: 42677.877: [ParNew: 70555K->5958K(72512K), 0.0028690 secs] 208402K->144757K(233664K), 0.0029485 secs] [Times: user=0.00 sys=0.00, real=0.01 secs] 
2019-12-23T12:44:28.701+0000: 42688.148: [GC (Allocation Failure) 2019-12-23T12:44:28.701+0000: 42688.148: [ParNew: 70470K->6678K(72512K), 0.0029048 secs] 209269K->146429K(233664K), 0.0029768 secs] [Times: user=0.01 sys=0.00, real=0.00 secs] 
2019-12-23T12:44:39.471+0000: 42698.918: [GC (Allocation Failure) 2019-12-23T12:44:39.471+0000: 42698.918: [ParNew: 71190K->5924K(72512K), 0.0029226 secs] 210941K->146526K(233664K), 0.0030138 secs] [Times: user=0.01 sys=0.00, real=0.00 secs] 
2019-12-23T12:44:51.275+0000: 42710.722: [GC (Allocation Failure) 2019-12-23T12:44:51.275+0000: 42710.722: [ParNew: 70436K->5062K(72512K), 0.0028541 secs] 211038K->146616K(233664K), 0.0029302 secs] [Times: user=0.01 sys=0.00, real=0.00 secs] 
2019-12-23T12:45:01.703+0000: 42721.150: [GC (Allocation Failure) 2019-12-23T12:45:01.703+0000: 42721.150: [ParNew: 69574K->5635K(72512K), 0.0029583 secs] 211128K->148140K(233664K), 0.0030368 secs] [Times: user=0.01 sys=0.00, real=0.00 secs] 
2019-12-23T12:45:13.150+0000: 42732.597: [GC (Allocation Failure) 2019-12-23T12:45:13.150+0000: 42732.597: [ParNew: 70147K->4876K(72512K), 0.0034463 secs] 212652K->148332K(233664K), 0.0035224 secs] [Times: user=0.01 sys=0.00, real=0.01 secs] 
2019-12-23T12:45:25.851+0000: 42745.298: [GC (Allocation Failure) 2019-12-23T12:45:25.851+0000: 42745.298: [ParNew: 69388K->4899K(72512K), 0.0029571 secs] 212844K->149307K(233664K), 0.0030338 secs] [Times: user=0.01 sys=0.00, real=0.00 secs] 
2019-12-23T12:45:33.562+0000: 42753.009: [GC (Allocation Failure) 2019-12-23T12:45:33.562+0000: 42753.009: [ParNew: 69411K->3640K(72512K), 0.0036620 secs] 213819K->148242K(233664K), 0.0037510 secs] [Times: user=0.01 sys=0.00, real=0.00 secs] 
2019-12-23T12:45:47.078+0000: 42766.524: [GC (Allocation Failure) 2019-12-23T12:45:47.078+0000: 42766.525: [ParNew: 68152K->4811K(72512K), 0.0025462 secs] 212754K->149413K(233664K), 0.0026168 secs] [Times: user=0.01 sys=0.00, real=0.01 secs] 
2019-12-23T12:45:53.393+0000: 42772.840: [GC (Allocation Failure) 2019-12-23T12:45:53.393+0000: 42772.840: [ParNew: 69323K->5838K(72512K), 0.0027377 secs] 213925K->150440K(233664K), 0.0028084 secs] [Times: user=0.00 sys=0.00, real=0.00 secs] 
2019-12-23T12:46:04.683+0000: 42784.130: [GC (Allocation Failure) 2019-12-23T12:46:04.683+0000: 42784.130: [ParNew: 70350K->5075K(72512K), 0.0030595 secs] 214952K->150970K(233664K), 0.0031400 secs] [Times: user=0.01 sys=0.00, real=0.00 secs] 
2019-12-23T12:46:15.194+0000: 42794.640: [GC (Allocation Failure) 2019-12-23T12:46:15.194+0000: 42794.641: [ParNew: 69587K->5237K(72512K), 0.0030444 secs] 215482K->152082K(233664K), 0.0031238 secs] [Times: user=0.01 sys=0.00, real=0.00 secs] 
2019-12-23T12:46:27.610+0000: 42807.057: [GC (Allocation Failure) 2019-12-23T12:46:27.611+0000: 42807.057: [ParNew: 69749K->5292K(72512K), 0.0028535 secs] 216594K->153089K(233664K), 0.0029454 secs] [Times: user=0.00 sys=0.00, real=0.01 secs] 
2019-12-23T12:46:35.061+0000: 42814.508: [GC (Allocation Failure) 2019-12-23T12:46:35.061+0000: 42814.508: [ParNew: 69804K->6318K(72512K), 0.0028849 secs] 217601K->154939K(233664K), 0.0029762 secs] [Times: user=0.01 sys=0.00, real=0.00 secs] 
2019-12-23T12:46:35.064+0000: 42814.511: [GC (CMS Initial Mark) [1 CMS-initial-mark: 148620K(161152K)] 155544K(233664K), 0.0010384 secs] [Times: user=0.00 sys=0.00, real=0.00 secs] 
2019-12-23T12:46:35.065+0000: 42814.512: [CMS-concurrent-mark-start]
2019-12-23T12:46:35.109+0000: 42814.556: [CMS-concurrent-mark: 0.044/0.044 secs] [Times: user=0.05 sys=0.00, real=0.04 secs] 
2019-12-23T12:46:35.110+0000: 42814.557: [CMS-concurrent-preclean-start]
2019-12-23T12:46:35.111+0000: 42814.558: [CMS-concurrent-preclean: 0.001/0.001 secs] [Times: user=0.00 sys=0.00, real=0.01 secs] 
2019-12-23T12:46:35.111+0000: 42814.558: [GC (CMS Final Remark) [YG occupancy: 7624 K (72512 K)]2019-12-23T12:46:35.111+0000: 42814.558: [Rescan (parallel) , 0.0016114 secs]2019-12-23T12:46:35.113+0000: 42814.560: [weak refs processing, 0.0000392 secs]2019-12-23T12:46:35.113+0000: 42814.560: [class unloading, 0.0100070 secs]2019-12-23T12:46:35.123+0000: 42814.570: [scrub symbol table, 0.0064150 secs]2019-12-23T12:46:35.129+0000: 42814.576: [scrub string table, 0.0005390 secs][1 CMS-remark: 148620K(161152K)] 156245K(233664K), 0.0187608 secs] [Times: user=0.02 sys=0.00, real=0.01 secs] 
2019-12-23T12:46:35.130+0000: 42814.577: [CMS-concurrent-sweep-start]
2019-12-23T12:46:35.142+0000: 42814.589: [CMS-concurrent-sweep: 0.012/0.012 secs] [Times: user=0.02 sys=0.00, real=0.02 secs] 
2019-12-23T12:46:35.142+0000: 42814.589: [CMS-concurrent-reset-start]
2019-12-23T12:46:35.153+0000: 42814.600: [CMS-concurrent-reset: 0.011/0.011 secs] [Times: user=0.01 sys=0.00, real=0.01 secs] 
2019-12-23T12:46:50.251+0000: 42829.698: [GC (Allocation Failure) 2019-12-23T12:46:50.251+0000: 42829.698: [ParNew: 70830K->4892K(72512K), 0.0028665 secs] 88850K->23864K(233664K), 0.0029555 secs] [Times: user=0.01 sys=0.00, real=0.00 secs] 
2019-12-23T12:46:52.756+0000: 42832.203: [GC (Allocation Failure) 2019-12-23T12:46:52.756+0000: 42832.203: [ParNew: 69404K->4818K(72512K), 0.0030411 secs] 88376K->24742K(233664K), 0.0031181 secs] [Times: user=0.01 sys=0.00, real=0.01 secs] 
2019-12-23T12:47:08.444+0000: 42847.891: [GC (Allocation Failure) 2019-12-23T12:47:08.444+0000: 42847.891: [ParNew: 69330K->5027K(72512K), 0.0028952 secs] 89254K->25902K(233664K), 0.0029732 secs] [Times: user=0.01 sys=0.00, real=0.00 secs] 
2019-12-23T12:47:17.582+0000: 42857.029: [GC (Allocation Failure) 2019-12-23T12:47:17.582+0000: 42857.029: [ParNew: 69539K->4815K(72512K), 0.0027886 secs] 90414K->26648K(233664K), 0.0028673 secs] [Times: user=0.01 sys=0.00, real=0.00 secs] 
2019-12-23T12:47:27.154+0000: 42866.601: [GC (Allocation Failure) 2019-12-23T12:47:27.154+0000: 42866.601: [ParNew: 69327K->4729K(72512K), 0.0027653 secs] 91160K->27514K(233664K), 0.0028626 secs] [Times: user=0.01 sys=0.00, real=0.00 secs] 
2019-12-23T12:47:44.051+0000: 42883.498: [GC (Allocation Failure) 2019-12-23T12:47:44.052+0000: 42883.498: [ParNew: 69241K->5036K(72512K), 0.0049028 secs] 92026K->28645K(233664K), 0.0049863 secs] [Times: user=0.01 sys=0.00, real=0.00 secs] 
2019-12-23T12:47:50.156+0000: 42889.603: [GC (Allocation Failure) 2019-12-23T12:47:50.156+0000: 42889.603: [ParNew: 69548K->5322K(72512K), 0.0027150 secs] 93157K->30010K(233664K), 0.0027869 secs] [Times: user=0.01 sys=0.00, real=0.01 secs] 
2019-12-23T12:48:02.853+0000: 42902.300: [GC (Allocation Failure) 2019-12-23T12:48:02.853+0000: 42902.300: [ParNew: 69834K->5266K(72512K), 0.0027926 secs] 94522K->30913K(233664K), 0.0028653 secs] [Times: user=0.01 sys=0.00, real=0.00 secs] 
2019-12-23T12:48:13.352+0000: 42912.799: [GC (Allocation Failure) 2019-12-23T12:48:13.352+0000: 42912.799: [ParNew: 69778K->5017K(72512K), 0.0028192 secs] 95425K->31616K(233664K), 0.0029156 secs] [Times: user=0.01 sys=0.00, real=0.00 secs] 
2019-12-23T12:48:22.281+0000: 42921.728: [GC (Allocation Failure) 2019-12-23T12:48:22.281+0000: 42921.728: [ParNew: 69529K->4739K(72512K), 0.0028767 secs] 96128K->32381K(233664K), 0.0029732 secs] [Times: user=0.01 sys=0.00, real=0.00 secs] 
2019-12-23T12:48:35.513+0000: 42934.960: [GC (Allocation Failure) 2019-12-23T12:48:35.513+0000: 42934.960: [ParNew: 69251K->5629K(72512K), 0.0028533 secs] 96893K->34222K(233664K), 0.0029508 secs] [Times: user=0.01 sys=0.00, real=0.00 secs] 
2019-12-23T12:48:40.742+0000: 42940.189: [GC (Allocation Failure) 2019-12-23T12:48:40.742+0000: 42940.189: [ParNew: 70141K->5398K(72512K), 0.0028736 secs] 98734K->34814K(233664K), 0.0029426 secs] [Times: user=0.00 sys=0.00, real=0.00 secs] 
2019-12-23T12:48:51.313+0000: 42950.760: [GC (Allocation Failure) 2019-12-23T12:48:51.313+0000: 42950.760: [ParNew: 69910K->6253K(72512K), 0.0030280 secs] 99326K->36621K(233664K), 0.0031067 secs] [Times: user=0.01 sys=0.00, real=0.00 secs] 
2019-12-23T12:49:02.945+0000: 42962.392: [GC (Allocation Failure) 2019-12-23T12:49:02.945+0000: 42962.392: [ParNew: 70765K->6644K(72512K), 0.0030388 secs] 101133K->37964K(233664K), 0.0031251 secs] [Times: user=0.01 sys=0.00, real=0.00 secs] 
2019-12-23T12:49:14.994+0000: 42974.441: [GC (Allocation Failure) 2019-12-23T12:49:14.994+0000: 42974.441: [ParNew: 71156K->6030K(72512K), 0.0030680 secs] 102476K->38302K(233664K), 0.0031478 secs] [Times: user=0.01 sys=0.00, real=0.00 secs] 
2019-12-23T12:49:23.891+0000: 42983.337: [GC (Allocation Failure) 2019-12-23T12:49:23.891+0000: 42983.338: [ParNew: 70542K->4377K(72512K), 0.0025583 secs] 102814K->36714K(233664K), 0.0026352 secs] [Times: user=0.01 sys=0.00, real=0.00 secs] 
2019-12-23T12:49:35.923+0000: 42995.370: [GC (Allocation Failure) 2019-12-23T12:49:35.923+0000: 42995.370: [ParNew: 68889K->3925K(72512K), 0.0025867 secs] 101226K->36262K(233664K), 0.0026684 secs] [Times: user=0.01 sys=0.00, real=0.00 secs] 
2019-12-23T12:49:48.163+0000: 43007.610: [GC (Allocation Failure) 2019-12-23T12:49:48.163+0000: 43007.610: [ParNew: 68437K->4393K(72512K), 0.0026281 secs] 100774K->36730K(233664K), 0.0027464 secs] [Times: user=0.01 sys=0.00, real=0.00 secs] 
2019-12-23T12:49:54.595+0000: 43014.042: [GC (Allocation Failure) 2019-12-23T12:49:54.595+0000: 43014.042: [ParNew: 68905K->5136K(72512K), 0.0028169 secs] 101242K->38022K(233664K), 0.0029003 secs] [Times: user=0.01 sys=0.00, real=0.00 secs] 
2019-12-23T12:50:09.325+0000: 43028.772: [GC (Allocation Failure) 2019-12-23T12:50:09.325+0000: 43028.772: [ParNew: 69648K->5331K(72512K), 0.0029488 secs] 102534K->39169K(233664K), 0.0030304 secs] [Times: user=0.00 sys=0.00, real=0.00 secs] 
2019-12-23T12:50:14.221+0000: 43033.668: [GC (Allocation Failure) 2019-12-23T12:50:14.221+0000: 43033.668: [ParNew: 69843K->5035K(72512K), 0.0028107 secs] 103681K->39825K(233664K), 0.0028765 secs] [Times: user=0.00 sys=0.00, real=0.00 secs] 
2019-12-23T12:50:28.440+0000: 43047.887: [GC (Allocation Failure) 2019-12-23T12:50:28.440+0000: 43047.887: [ParNew: 69547K->4977K(72512K), 0.0032441 secs] 104337K->40718K(233664K), 0.0033339 secs] [Times: user=0.01 sys=0.00, real=0.00 secs] 
2019-12-23T12:50:40.715+0000: 43060.162: [GC (Allocation Failure) 2019-12-23T12:50:40.715+0000: 43060.162: [ParNew: 69489K->5072K(72512K), 0.0029952 secs] 105230K->41765K(233664K), 0.0030844 secs] [Times: user=0.01 sys=0.00, real=0.00 secs] 
2019-12-23T12:50:52.876+0000: 43072.322: [GC (Allocation Failure) 2019-12-23T12:50:52.876+0000: 43072.323: [ParNew: 69584K->5360K(72512K), 0.0029385 secs] 106277K->43032K(233664K), 0.0030215 secs] [Times: user=0.01 sys=0.00, real=0.01 secs] 
2019-12-23T12:50:59.548+0000: 43078.995: [GC (Allocation Failure) 2019-12-23T12:50:59.548+0000: 43078.995: [ParNew: 69872K->5467K(72512K), 0.0028929 secs] 107544K->44091K(233664K), 0.0029692 secs] [Times: user=0.01 sys=0.00, real=0.01 secs] 
2019-12-23T12:51:11.093+0000: 43090.540: [GC (Allocation Failure) 2019-12-23T12:51:11.093+0000: 43090.540: [ParNew: 69979K->5204K(72512K), 0.0029962 secs] 108603K->44779K(233664K), 0.0030730 secs] [Times: user=0.01 sys=0.00, real=0.00 secs] 
2019-12-23T12:51:18.724+0000: 43098.171: [GC (Allocation Failure) 2019-12-23T12:51:18.724+0000: 43098.171: [ParNew: 69716K->5717K(72512K), 0.0030072 secs] 109291K->46244K(233664K), 0.0031166 secs] [Times: user=0.01 sys=0.00, real=0.00 secs] 
2019-12-23T12:51:31.832+0000: 43111.279: [GC (Allocation Failure) 2019-12-23T12:51:31.832+0000: 43111.279: [ParNew: 70229K->5114K(72512K), 0.0029350 secs] 110756K->46592K(233664K), 0.0030336 secs] [Times: user=0.01 sys=0.00, real=0.00 secs] 
2019-12-23T12:51:43.104+0000: 43122.551: [GC (Allocation Failure) 2019-12-23T12:51:43.104+0000: 43122.551: [ParNew: 69626K->5180K(72512K), 0.0029081 secs] 111104K->47509K(233664K), 0.0029927 secs] [Times: user=0.01 sys=0.00, real=0.00 secs] 
2019-12-23T12:51:55.311+0000: 43134.758: [GC (Allocation Failure) 2019-12-23T12:51:55.311+0000: 43134.758: [ParNew: 69692K->5315K(72512K), 0.0028626 secs] 112021K->48596K(233664K), 0.0029370 secs] [Times: user=0.00 sys=0.00, real=0.00 secs] 
2019-12-23T12:52:08.264+0000: 43147.711: [GC (Allocation Failure) 2019-12-23T12:52:08.264+0000: 43147.711: [ParNew: 69827K->5003K(72512K), 0.0029387 secs] 113108K->49236K(233664K), 0.0030177 secs] [Times: user=0.00 sys=0.00, real=0.00 secs] 
2019-12-23T12:52:14.920+0000: 43154.367: [GC (Allocation Failure) 2019-12-23T12:52:14.920+0000: 43154.367: [ParNew: 69515K->4991K(72512K), 0.0026856 secs] 113748K->50176K(233664K), 0.0027921 secs] [Times: user=0.01 sys=0.00, real=0.00 secs] 
2019-12-23T12:52:29.127+0000: 43168.574: [GC (Allocation Failure) 2019-12-23T12:52:29.127+0000: 43168.574: [ParNew: 69503K->5416K(72512K), 0.0042219 secs] 114688K->51551K(233664K), 0.0043165 secs] [Times: user=0.01 sys=0.00, real=0.01 secs] 
2019-12-23T12:52:34.859+0000: 43174.306: [GC (Allocation Failure) 2019-12-23T12:52:34.859+0000: 43174.306: [ParNew: 69928K->5414K(72512K), 0.0056915 secs] 116063K->52501K(233664K), 0.0057909 secs] [Times: user=0.01 sys=0.00, real=0.00 secs] 
2019-12-23T12:52:47.281+0000: 43186.728: [GC (Allocation Failure) 2019-12-23T12:52:47.281+0000: 43186.728: [ParNew: 69926K->5638K(72512K), 0.0031315 secs] 117013K->53641K(233664K), 0.0032012 secs] [Times: user=0.01 sys=0.00, real=0.00 secs] 
2019-12-23T12:52:59.587+0000: 43199.034: [GC (Allocation Failure) 2019-12-23T12:52:59.587+0000: 43199.034: [ParNew: 70150K->6034K(72512K), 0.0027532 secs] 118153K->55151K(233664K), 0.0028314 secs] [Times: user=0.01 sys=0.00, real=0.00 secs] 
2019-12-23T12:53:08.285+0000: 43207.732: [GC (Allocation Failure) 2019-12-23T12:53:08.285+0000: 43207.732: [ParNew: 70546K->6461K(72512K), 0.0029860 secs] 119663K->56530K(233664K), 0.0030749 secs] [Times: user=0.01 sys=0.00, real=0.00 secs] 
2019-12-23T12:53:19.261+0000: 43218.708: [GC (Allocation Failure) 2019-12-23T12:53:19.261+0000: 43218.708: [ParNew: 70973K->4364K(72512K), 0.0026531 secs] 121042K->54434K(233664K), 0.0027356 secs] [Times: user=0.01 sys=0.00, real=0.00 secs] 
2019-12-23T12:53:29.915+0000: 43229.362: [GC (Allocation Failure) 2019-12-23T12:53:29.915+0000: 43229.362: [ParNew: 68876K->3663K(72512K), 0.0035238 secs] 118946K->53733K(233664K), 0.0036323 secs] [Times: user=0.01 sys=0.00, real=0.01 secs] 
2019-12-23T12:53:41.780+0000: 43241.227: [GC (Allocation Failure) 2019-12-23T12:53:41.780+0000: 43241.227: [ParNew: 68175K->4710K(72512K), 0.0025128 secs] 118245K->54780K(233664K), 0.0025868 secs] [Times: user=0.00 sys=0.00, real=0.00 secs] 
2019-12-23T12:53:48.315+0000: 43247.762: [GC (Allocation Failure) 2019-12-23T12:53:48.315+0000: 43247.762: [ParNew: 69222K->4682K(72512K), 0.0028180 secs] 119292K->55792K(233664K), 0.0028878 secs] [Times: user=0.00 sys=0.00, real=0.00 secs] 
2019-12-23T12:53:59.610+0000: 43259.057: [GC (Allocation Failure) 2019-12-23T12:53:59.610+0000: 43259.057: [ParNew: 69194K->4517K(72512K), 0.0027668 secs] 120304K->56579K(233664K), 0.0028415 secs] [Times: user=0.01 sys=0.00, real=0.01 secs] 
2019-12-23T12:54:10.290+0000: 43269.737: [GC (Allocation Failure) 2019-12-23T12:54:10.290+0000: 43269.737: [ParNew: 69029K->5140K(72512K), 0.0028167 secs] 121091K->58154K(233664K), 0.0028955 secs] [Times: user=0.01 sys=0.00, real=0.01 secs] 
2019-12-23T12:54:19.224+0000: 43278.671: [GC (Allocation Failure) 2019-12-23T12:54:19.224+0000: 43278.671: [ParNew: 69652K->5901K(72512K), 0.0029048 secs] 122666K->59867K(233664K), 0.0029850 secs] [Times: user=0.01 sys=0.00, real=0.00 secs] 
2019-12-23T12:54:32.358+0000: 43291.805: [GC (Allocation Failure) 2019-12-23T12:54:32.358+0000: 43291.805: [ParNew: 70413K->5207K(72512K), 0.0034803 secs] 124379K->60152K(233664K), 0.0035555 secs] [Times: user=0.01 sys=0.00, real=0.01 secs] 
2019-12-23T12:54:39.241+0000: 43298.687: [GC (Allocation Failure) 2019-12-23T12:54:39.241+0000: 43298.688: [ParNew: 69719K->4902K(72512K), 0.0029106 secs] 124664K->60799K(233664K), 0.0029959 secs] [Times: user=0.00 sys=0.01, real=0.00 secs] 
2019-12-23T12:54:54.707+0000: 43314.154: [GC (Allocation Failure) 2019-12-23T12:54:54.707+0000: 43314.154: [ParNew: 69414K->4922K(72512K), 0.0029175 secs] 125311K->61771K(233664K), 0.0030128 secs] [Times: user=0.01 sys=0.00, real=0.00 secs] 
2019-12-23T12:54:59.204+0000: 43318.651: [GC (Allocation Failure) 2019-12-23T12:54:59.204+0000: 43318.651: [ParNew: 69434K->6052K(72512K), 0.0028721 secs] 126283K->63852K(233664K), 0.0029482 secs] [Times: user=0.01 sys=0.00, real=0.00 secs] 
2019-12-23T12:55:14.118+0000: 43333.565: [GC (Allocation Failure) 2019-12-23T12:55:14.118+0000: 43333.565: [ParNew: 70564K->6086K(72512K), 0.0030899 secs] 128364K->64838K(233664K), 0.0032083 secs] [Times: user=0.01 sys=0.00, real=0.01 secs] 
2019-12-23T12:55:17.556+0000: 43337.003: [GC (Allocation Failure) 2019-12-23T12:55:17.556+0000: 43337.003: [ParNew: 70598K->5087K(72512K), 0.0030117 secs] 129350K->64790K(233664K), 0.0030825 secs] [Times: user=0.01 sys=0.00, real=0.01 secs] 
2019-12-23T12:55:33.095+0000: 43352.542: [GC (Allocation Failure) 2019-12-23T12:55:33.095+0000: 43352.542: [ParNew: 69599K->5863K(72512K), 0.0029996 secs] 129302K->66518K(233664K), 0.0030819 secs] [Times: user=0.00 sys=0.01, real=0.00 secs] 
2019-12-23T12:55:42.010+0000: 43361.457: [GC (Allocation Failure) 2019-12-23T12:55:42.010+0000: 43361.457: [ParNew: 70375K->4910K(72512K), 0.0030070 secs] 131030K->66517K(233664K), 0.0030806 secs] [Times: user=0.01 sys=0.00, real=0.01 secs] 
2019-12-23T12:55:52.934+0000: 43372.381: [GC (Allocation Failure) 2019-12-23T12:55:52.934+0000: 43372.381: [ParNew: 69422K->5636K(72512K), 0.0029093 secs] 131029K->68195K(233664K), 0.0029766 secs] [Times: user=0.00 sys=0.00, real=0.00 secs] 
2019-12-23T12:56:04.710+0000: 43384.157: [GC (Allocation Failure) 2019-12-23T12:56:04.710+0000: 43384.157: [ParNew: 70148K->5552K(72512K), 0.0030874 secs] 132707K->69062K(233664K), 0.0031678 secs] [Times: user=0.01 sys=0.00, real=0.01 secs] 
2019-12-23T12:56:15.233+0000: 43394.680: [GC (Allocation Failure) 2019-12-23T12:56:15.233+0000: 43394.680: [ParNew: 70064K->5889K(72512K), 0.0029956 secs] 133574K->70351K(233664K), 0.0030706 secs] [Times: user=0.01 sys=0.00, real=0.00 secs] 
2019-12-23T12:56:27.310+0000: 43406.757: [GC (Allocation Failure) 2019-12-23T12:56:27.310+0000: 43406.757: [ParNew: 70401K->5199K(72512K), 0.0028182 secs] 134863K->70612K(233664K), 0.0029930 secs] [Times: user=0.01 sys=0.00, real=0.01 secs] 
2019-12-23T12:56:35.930+0000: 43415.377: [GC (Allocation Failure) 2019-12-23T12:56:35.930+0000: 43415.377: [ParNew: 69711K->5885K(72512K), 0.0028996 secs] 135124K->72250K(233664K), 0.0029964 secs] [Times: user=0.01 sys=0.00, real=0.01 secs] 
2019-12-23T12:56:45.719+0000: 43425.166: [GC (Allocation Failure) 2019-12-23T12:56:45.719+0000: 43425.166: [ParNew: 70397K->5077K(72512K), 0.0030614 secs] 136762K->72265K(233664K), 0.0031436 secs] [Times: user=0.01 sys=0.00, real=0.00 secs] 
2019-12-23T12:56:53.697+0000: 43433.144: [GC (Allocation Failure) 2019-12-23T12:56:53.697+0000: 43433.144: [ParNew: 69589K->5009K(72512K), 0.0028507 secs] 136777K->73149K(233664K), 0.0029342 secs] [Times: user=0.01 sys=0.00, real=0.01 secs] 
2019-12-23T12:57:05.534+0000: 43444.981: [GC (Allocation Failure) 2019-12-23T12:57:05.534+0000: 43444.981: [ParNew: 69521K->4381K(72512K), 0.0025994 secs] 137661K->72522K(233664K), 0.0027004 secs] [Times: user=0.01 sys=0.00, real=0.00 secs] 
2019-12-23T12:57:17.525+0000: 43456.971: [GC (Allocation Failure) 2019-12-23T12:57:17.525+0000: 43456.972: [ParNew: 68893K->3655K(72512K), 0.0025679 secs] 137034K->71796K(233664K), 0.0026522 secs] [Times: user=0.00 sys=0.00, real=0.00 secs] 
2019-12-23T12:57:27.298+0000: 43466.744: [GC (Allocation Failure) 2019-12-23T12:57:27.298+0000: 43466.745: [ParNew: 68167K->4703K(72512K), 0.0032003 secs] 136308K->72844K(233664K), 0.0032990 secs] [Times: user=0.01 sys=0.00, real=0.01 secs] 
2019-12-23T12:57:39.573+0000: 43479.020: [GC (Allocation Failure) 2019-12-23T12:57:39.573+0000: 43479.020: [ParNew: 69215K->4401K(72512K), 0.0028046 secs] 137356K->73409K(233664K), 0.0028859 secs] [Times: user=0.01 sys=0.00, real=0.00 secs] 
2019-12-23T12:57:47.593+0000: 43487.040: [GC (Allocation Failure) 2019-12-23T12:57:47.593+0000: 43487.040: [ParNew: 68913K->5099K(72512K), 0.0027430 secs] 137921K->74957K(233664K), 0.0028277 secs] [Times: user=0.00 sys=0.00, real=0.00 secs] 
2019-12-23T12:58:02.293+0000: 43501.740: [GC (Allocation Failure) 2019-12-23T12:58:02.293+0000: 43501.740: [ParNew: 69611K->4706K(72512K), 0.0027479 secs] 139469K->75516K(233664K), 0.0028349 secs] [Times: user=0.01 sys=0.00, real=0.00 secs] 
2019-12-23T12:58:05.009+0000: 43504.456: [GC (Allocation Failure) 2019-12-23T12:58:05.009+0000: 43504.456: [ParNew: 69218K->4849K(72512K), 0.0026672 secs] 140028K->76611K(233664K), 0.0027411 secs] [Times: user=0.01 sys=0.00, real=0.01 secs] 
2019-12-23T12:58:20.416+0000: 43519.863: [GC (Allocation Failure) 2019-12-23T12:58:20.416+0000: 43519.863: [ParNew: 69332K->4616K(72512K), 0.0029379 secs] 141094K->77464K(233664K), 0.0030129 secs] [Times: user=0.01 sys=0.00, real=0.01 secs] 
2019-12-23T12:58:30.778+0000: 43530.225: [GC (Allocation Failure) 2019-12-23T12:58:30.778+0000: 43530.225: [ParNew: 69128K->5061K(72512K), 0.0039079 secs] 141976K->78726K(233664K), 0.0039864 secs] [Times: user=0.01 sys=0.00, real=0.01 secs] 
2019-12-23T12:58:40.509+0000: 43539.956: [GC (Allocation Failure) 2019-12-23T12:58:40.509+0000: 43539.956: [ParNew: 69573K->4994K(72512K), 0.0028359 secs] 143238K->79611K(233664K), 0.0029225 secs] [Times: user=0.01 sys=0.00, real=0.01 secs] 
2019-12-23T12:58:53.566+0000: 43553.013: [GC (Allocation Failure) 2019-12-23T12:58:53.566+0000: 43553.013: [ParNew: 69506K->4782K(72512K), 0.0048985 secs] 144123K->80223K(233664K), 0.0049779 secs] [Times: user=0.01 sys=0.00, real=0.01 secs] 
2019-12-23T12:59:04.115+0000: 43563.562: [GC (Allocation Failure) 2019-12-23T12:59:04.115+0000: 43563.562: [ParNew: 69294K->5093K(72512K), 0.0029177 secs] 144735K->81621K(233664K), 0.0030031 secs] [Times: user=0.01 sys=0.00, real=0.00 secs] 
2019-12-23T12:59:16.029+0000: 43575.476: [GC (Allocation Failure) 2019-12-23T12:59:16.030+0000: 43575.476: [ParNew: 69605K->5262K(72512K), 0.0029940 secs] 146133K->82742K(233664K), 0.0030706 secs] [Times: user=0.01 sys=0.00, real=0.01 secs] 
2019-12-23T12:59:23.868+0000: 43583.315: [GC (Allocation Failure) 2019-12-23T12:59:23.868+0000: 43583.315: [ParNew: 69774K->5600K(72512K), 0.0043743 secs] 147254K->83930K(233664K), 0.0044550 secs] [Times: user=0.02 sys=0.00, real=0.01 secs] 
2019-12-23T12:59:34.992+0000: 43594.439: [GC (Allocation Failure) 2019-12-23T12:59:34.992+0000: 43594.439: [ParNew: 70112K->4720K(72512K), 0.0028504 secs] 148442K->84130K(233664K), 0.0029323 secs] [Times: user=0.01 sys=0.00, real=0.00 secs] 
2019-12-23T12:59:41.473+0000: 43600.920: [GC (Allocation Failure) 2019-12-23T12:59:41.473+0000: 43600.920: [ParNew: 69232K->4755K(72512K), 0.0028769 secs] 148642K->85117K(233664K), 0.0029604 secs] [Times: user=0.01 sys=0.00, real=0.00 secs] 
2019-12-23T12:59:54.789+0000: 43614.236: [GC (Allocation Failure) 2019-12-23T12:59:54.789+0000: 43614.236: [ParNew: 69267K->4841K(72512K), 0.0027890 secs] 149629K->86187K(233664K), 0.0028660 secs] [Times: user=0.00 sys=0.00, real=0.01 secs] 
2019-12-23T13:00:02.969+0000: 43622.416: [GC (Allocation Failure) 2019-12-23T13:00:02.970+0000: 43622.417: [ParNew: 69353K->5267K(72512K), 0.0028973 secs] 150699K->87564K(233664K), 0.0029919 secs] [Times: user=0.01 sys=0.00, real=0.01 secs] 
2019-12-23T13:00:17.756+0000: 43637.203: [GC (Allocation Failure) 2019-12-23T13:00:17.756+0000: 43637.203: [ParNew: 69779K->6005K(72512K), 0.0029885 secs] 152076K->89254K(233664K), 0.0030644 secs] [Times: user=0.01 sys=0.00, real=0.01 secs] 
2019-12-23T13:00:24.629+0000: 43644.076: [GC (Allocation Failure) 2019-12-23T13:00:24.629+0000: 43644.076: [ParNew: 70517K->5857K(72512K), 0.0029488 secs] 153766K->90058K(233664K), 0.0030299 secs] [Times: user=0.00 sys=0.00, real=0.01 secs] 
2019-12-23T13:00:36.221+0000: 43655.668: [GC (Allocation Failure) 2019-12-23T13:00:36.221+0000: 43655.668: [ParNew: 70369K->5880K(72512K), 0.0029438 secs] 154570K->91034K(233664K), 0.0030483 secs] [Times: user=0.00 sys=0.00, real=0.00 secs] 
2019-12-23T13:00:46.804+0000: 43666.251: [GC (Allocation Failure) 2019-12-23T13:00:46.804+0000: 43666.251: [ParNew: 70392K->4344K(72512K), 0.0025131 secs] 155546K->89823K(233664K), 0.0025962 secs] [Times: user=0.01 sys=0.00, real=0.00 secs] 
2019-12-23T13:00:58.002+0000: 43677.449: [GC (Allocation Failure) 2019-12-23T13:00:58.003+0000: 43677.449: [ParNew: 68856K->3542K(72512K), 0.0024752 secs] 154335K->89021K(233664K), 0.0025689 secs] [Times: user=0.00 sys=0.01, real=0.00 secs] 
2019-12-23T13:01:04.381+0000: 43683.828: [GC (Allocation Failure) 2019-12-23T13:01:04.381+0000: 43683.828: [ParNew: 68054K->4842K(72512K), 0.0027348 secs] 153533K->90320K(233664K), 0.0028264 secs] [Times: user=0.01 sys=0.00, real=0.00 secs] 
2019-12-23T13:01:15.525+0000: 43694.972: [GC (Allocation Failure) 2019-12-23T13:01:15.525+0000: 43694.972: [ParNew: 69354K->5159K(72512K), 0.0030112 secs] 154832K->90926K(233664K), 0.0030892 secs] [Times: user=0.01 sys=0.00, real=0.00 secs] 
2019-12-23T13:01:28.494+0000: 43707.940: [GC (Allocation Failure) 2019-12-23T13:01:28.494+0000: 43707.941: [ParNew: 69671K->4620K(72512K), 0.0030874 secs] 155438K->91713K(233664K), 0.0031639 secs] [Times: user=0.00 sys=0.00, real=0.00 secs] 
2019-12-23T13:01:38.180+0000: 43717.627: [GC (Allocation Failure) 2019-12-23T13:01:38.180+0000: 43717.627: [ParNew: 69132K->5845K(72512K), 0.0029656 secs] 156225K->93890K(233664K), 0.0030523 secs] [Times: user=0.01 sys=0.00, real=0.00 secs] 
2019-12-23T13:01:47.505+0000: 43726.952: [GC (Allocation Failure) 2019-12-23T13:01:47.505+0000: 43726.952: [ParNew: 70357K->5290K(72512K), 0.0029878 secs] 158402K->94287K(233664K), 0.0030673 secs] [Times: user=0.01 sys=0.00, real=0.00 secs] 
2019-12-23T13:02:00.764+0000: 43740.211: [GC (Allocation Failure) 2019-12-23T13:02:00.764+0000: 43740.211: [ParNew: 69802K->5926K(72512K), 0.0029933 secs] 158799K->95875K(233664K), 0.0030662 secs] [Times: user=0.00 sys=0.00, real=0.00 secs] 
2019-12-23T13:02:10.187+0000: 43749.634: [GC (Allocation Failure) 2019-12-23T13:02:10.187+0000: 43749.634: [ParNew: 70438K->6261K(72512K), 0.0029375 secs] 160387K->97161K(233664K), 0.0030206 secs] [Times: user=0.00 sys=0.00, real=0.00 secs] 
2019-12-23T13:02:22.246+0000: 43761.693: [GC (Allocation Failure) 2019-12-23T13:02:22.246+0000: 43761.693: [ParNew: 70773K->5923K(72512K), 0.0030176 secs] 161673K->97775K(233664K), 0.0030946 secs] [Times: user=0.01 sys=0.01, real=0.00 secs] 
2019-12-23T13:02:29.260+0000: 43768.707: [GC (Allocation Failure) 2019-12-23T13:02:29.260+0000: 43768.707: [ParNew: 70435K->6027K(72512K), 0.0029663 secs] 162287K->98830K(233664K), 0.0030479 secs] [Times: user=0.01 sys=0.00, real=0.00 secs] 
2019-12-23T13:02:41.901+0000: 43781.348: [GC (Allocation Failure) 2019-12-23T13:02:41.901+0000: 43781.348: [ParNew: 70539K->6051K(72512K), 0.0029588 secs] 163342K->99806K(233664K), 0.0030384 secs] [Times: user=0.00 sys=0.00, real=0.00 secs] 
2019-12-23T13:02:53.284+0000: 43792.731: [GC (Allocation Failure) 2019-12-23T13:02:53.285+0000: 43792.731: [ParNew: 70563K->6065K(72512K), 0.0028963 secs] 164318K->100771K(233664K), 0.0029772 secs] [Times: user=0.00 sys=0.01, real=0.00 secs] 
2019-12-23T13:03:05.227+0000: 43804.674: [GC (Allocation Failure) 2019-12-23T13:03:05.227+0000: 43804.674: [ParNew: 70577K->6070K(72512K), 0.0030185 secs] 165283K->101728K(233664K), 0.0031239 secs] [Times: user=0.00 sys=0.00, real=0.00 secs] 
2019-12-23T13:03:11.536+0000: 43810.983: [GC (Allocation Failure) 2019-12-23T13:03:11.536+0000: 43810.983: [ParNew: 70582K->6071K(72512K), 0.0030014 secs] 166240K->102680K(233664K), 0.0030881 secs] [Times: user=0.00 sys=0.00, real=0.01 secs] 
2019-12-23T13:03:23.244+0000: 43822.691: [GC (Allocation Failure) 2019-12-23T13:03:23.244+0000: 43822.691: [ParNew: 70583K->6077K(72512K), 0.0030625 secs] 167192K->103637K(233664K), 0.0031381 secs] [Times: user=0.00 sys=0.00, real=0.00 secs] 
2019-12-23T13:03:32.536+0000: 43831.983: [GC (Allocation Failure) 2019-12-23T13:03:32.536+0000: 43831.983: [ParNew: 70589K->6035K(72512K), 0.0029040 secs] 168149K->104547K(233664K), 0.0029826 secs] [Times: user=0.01 sys=0.00, real=0.01 secs] 
2019-12-23T13:03:44.921+0000: 43844.368: [GC (Allocation Failure) 2019-12-23T13:03:44.921+0000: 43844.368: [ParNew: 70547K->5891K(72512K), 0.0027590 secs] 169059K->105355K(233664K), 0.0028330 secs] [Times: user=0.01 sys=0.00, real=0.00 secs] 
2019-12-23T13:03:57.157+0000: 43856.604: [GC (Allocation Failure) 2019-12-23T13:03:57.158+0000: 43856.604: [ParNew: 70403K->6666K(72512K), 0.0029494 secs] 169867K->107083K(233664K), 0.0030256 secs] [Times: user=0.01 sys=0.00, real=0.01 secs] 
2019-12-23T13:04:10.735+0000: 43870.182: [GC (Allocation Failure) 2019-12-23T13:04:10.735+0000: 43870.182: [ParNew: 71178K->5141K(72512K), 0.0028317 secs] 171595K->106381K(233664K), 0.0029117 secs] [Times: user=0.00 sys=0.00, real=0.00 secs] 
2019-12-23T13:04:19.593+0000: 43879.040: [GC (Allocation Failure) 2019-12-23T13:04:19.593+0000: 43879.040: [ParNew: 69653K->5546K(72512K), 0.0027068 secs] 170893K->107765K(233664K), 0.0027881 secs] [Times: user=0.01 sys=0.00, real=0.00 secs] 
2019-12-23T13:04:28.071+0000: 43887.518: [GC (Allocation Failure) 2019-12-23T13:04:28.071+0000: 43887.518: [ParNew: 70058K->4754K(72512K), 0.0026737 secs] 172277K->107924K(233664K), 0.0027523 secs] [Times: user=0.01 sys=0.00, real=0.00 secs] 
2019-12-23T13:04:38.243+0000: 43897.690: [GC (Allocation Failure) 2019-12-23T13:04:38.243+0000: 43897.690: [ParNew: 69266K->2920K(72512K), 0.0025764 secs] 172436K->106354K(233664K), 0.0026755 secs] [Times: user=0.01 sys=0.00, real=0.00 secs] 
2019-12-23T13:04:52.283+0000: 43911.730: [GC (Allocation Failure) 2019-12-23T13:04:52.284+0000: 43911.730: [ParNew: 67432K->3997K(72512K), 0.0026591 secs] 170866K->107431K(233664K), 0.0027498 secs] [Times: user=0.01 sys=0.00, real=0.00 secs] 
2019-12-23T13:05:03.196+0000: 43922.643: [GC (Allocation Failure) 2019-12-23T13:05:03.196+0000: 43922.643: [ParNew: 68509K->4700K(72512K), 0.0027685 secs] 171943K->108134K(233664K), 0.0028558 secs] [Times: user=0.01 sys=0.00, real=0.01 secs] 
2019-12-23T13:05:16.796+0000: 43936.243: [GC (Allocation Failure) 2019-12-23T13:05:16.796+0000: 43936.243: [ParNew: 69212K->4708K(72512K), 0.0030197 secs] 172646K->109132K(233664K), 0.0031008 secs] [Times: user=0.01 sys=0.00, real=0.01 secs] 
2019-12-23T13:05:30.289+0000: 43949.736: [GC (Allocation Failure) 2019-12-23T13:05:30.289+0000: 43949.736: [ParNew: 69220K->4824K(72512K), 0.0033672 secs] 173644K->110199K(233664K), 0.0034592 secs] [Times: user=0.01 sys=0.00, real=0.01 secs] 
2019-12-23T13:05:38.874+0000: 43958.321: [GC (Allocation Failure) 2019-12-23T13:05:38.874+0000: 43958.321: [ParNew: 69336K->5088K(72512K), 0.0027362 secs] 174711K->111415K(233664K), 0.0028366 secs] [Times: user=0.00 sys=0.00, real=0.00 secs] 
2019-12-23T13:05:48.659+0000: 43968.106: [GC (Allocation Failure) 2019-12-23T13:05:48.659+0000: 43968.106: [ParNew: 69600K->5067K(72512K), 0.0030476 secs] 175927K->112481K(233664K), 0.0031236 secs] [Times: user=0.01 sys=0.00, real=0.00 secs] 
2019-12-23T13:06:00.672+0000: 43980.119: [GC (Allocation Failure) 2019-12-23T13:06:00.672+0000: 43980.119: [ParNew: 69579K->5457K(72512K), 0.0029590 secs] 176993K->113824K(233664K), 0.0030595 secs] [Times: user=0.00 sys=0.00, real=0.00 secs] 
2019-12-23T13:06:12.700+0000: 43992.147: [GC (Allocation Failure) 2019-12-23T13:06:12.700+0000: 43992.147: [ParNew: 69969K->4960K(72512K), 0.0027651 secs] 178336K->114278K(233664K), 0.0028630 secs] [Times: user=0.01 sys=0.00, real=0.00 secs] 
2019-12-23T13:06:22.685+0000: 44002.132: [GC (Allocation Failure) 2019-12-23T13:06:22.685+0000: 44002.132: [ParNew: 69472K->6258K(72512K), 0.0032763 secs] 178790K->116528K(233664K), 0.0033616 secs] [Times: user=0.01 sys=0.00, real=0.00 secs] 
2019-12-23T13:06:36.210+0000: 44015.657: [GC (Allocation Failure) 2019-12-23T13:06:36.210+0000: 44015.657: [ParNew: 70770K->5023K(72512K), 0.0038710 secs] 181040K->116244K(233664K), 0.0039577 secs] [Times: user=0.01 sys=0.00, real=0.01 secs] 
2019-12-23T13:06:44.172+0000: 44023.619: [GC (Allocation Failure) 2019-12-23T13:06:44.172+0000: 44023.619: [ParNew: 69535K->4770K(72512K), 0.0029252 secs] 180756K->116943K(233664K), 0.0030024 secs] [Times: user=0.01 sys=0.00, real=0.00 secs] 
2019-12-23T13:06:56.123+0000: 44035.570: [GC (Allocation Failure) 2019-12-23T13:06:56.123+0000: 44035.570: [ParNew: 69282K->4987K(72512K), 0.0028003 secs] 181455K->118111K(233664K), 0.0028766 secs] [Times: user=0.00 sys=0.00, real=0.00 secs] 
2019-12-23T13:07:05.611+0000: 44045.058: [GC (Allocation Failure) 2019-12-23T13:07:05.611+0000: 44045.058: [ParNew: 69499K->5166K(72512K), 0.0031915 secs] 182623K->119269K(233664K), 0.0032689 secs] [Times: user=0.01 sys=0.00, real=0.00 secs] 
2019-12-23T13:07:18.233+0000: 44057.680: [GC (Allocation Failure) 2019-12-23T13:07:18.233+0000: 44057.680: [ParNew: 69678K->5725K(72512K), 0.0029683 secs] 183781K->120780K(233664K), 0.0030507 secs] [Times: user=0.00 sys=0.00, real=0.00 secs] 
2019-12-23T13:07:29.434+0000: 44068.881: [GC (Allocation Failure) 2019-12-23T13:07:29.434+0000: 44068.881: [ParNew: 70237K->5672K(72512K), 0.0029186 secs] 185292K->121679K(233664K), 0.0029953 secs] [Times: user=0.01 sys=0.00, real=0.00 secs] 
2019-12-23T13:07:42.688+0000: 44082.135: [GC (Allocation Failure) 2019-12-23T13:07:42.688+0000: 44082.135: [ParNew: 70184K->5372K(72512K), 0.0030028 secs] 186191K->122330K(233664K), 0.0030991 secs] [Times: user=0.01 sys=0.00, real=0.01 secs] 
2019-12-23T13:07:48.166+0000: 44087.613: [GC (Allocation Failure) 2019-12-23T13:07:48.166+0000: 44087.613: [ParNew: 69884K->5159K(72512K), 0.0029919 secs] 186842K->123069K(233664K), 0.0030830 secs] [Times: user=0.01 sys=0.00, real=0.00 secs] 
2019-12-23T13:08:01.203+0000: 44100.650: [GC (Allocation Failure) 2019-12-23T13:08:01.203+0000: 44100.650: [ParNew: 69671K->5378K(72512K), 0.0029221 secs] 187581K->124239K(233664K), 0.0030025 secs] [Times: user=0.01 sys=0.00, real=0.00 secs] 
2019-12-23T13:08:08.903+0000: 44108.350: [GC (Allocation Failure) 2019-12-23T13:08:08.903+0000: 44108.350: [ParNew: 69890K->5938K(72512K), 0.0029051 secs] 188751K->125751K(233664K), 0.0029879 secs] [Times: user=0.01 sys=0.00, real=0.00 secs] 
2019-12-23T13:08:21.352+0000: 44120.799: [GC (Allocation Failure) 2019-12-23T13:08:21.352+0000: 44120.799: [ParNew: 70450K->4114K(72512K), 0.0035784 secs] 190263K->123927K(233664K), 0.0036589 secs] [Times: user=0.01 sys=0.00, real=0.00 secs] 
2019-12-23T13:08:34.496+0000: 44133.943: [GC (Allocation Failure) 2019-12-23T13:08:34.496+0000: 44133.943: [ParNew: 68626K->3810K(72512K), 0.0024859 secs] 188439K->123624K(233664K), 0.0025689 secs] [Times: user=0.01 sys=0.00, real=0.01 secs] 
2019-12-23T13:08:46.763+0000: 44146.210: [GC (Allocation Failure) 2019-12-23T13:08:46.763+0000: 44146.210: [ParNew: 68322K->4363K(72512K), 0.0026238 secs] 188136K->124177K(233664K), 0.0026995 secs] [Times: user=0.01 sys=0.00, real=0.00 secs] 
2019-12-23T13:09:00.348+0000: 44159.795: [GC (Allocation Failure) 2019-12-23T13:09:00.349+0000: 44159.795: [ParNew: 68875K->4596K(72512K), 0.0032680 secs] 188689K->124996K(233664K), 0.0033564 secs] [Times: user=0.01 sys=0.00, real=0.01 secs] 
2019-12-23T13:09:13.163+0000: 44172.610: [GC (Allocation Failure) 2019-12-23T13:09:13.163+0000: 44172.610: [ParNew: 69108K->4989K(72512K), 0.0043465 secs] 189508K->126240K(233664K), 0.0044859 secs] [Times: user=0.01 sys=0.00, real=0.00 secs] 
2019-12-23T13:09:22.849+0000: 44182.296: [GC (Allocation Failure) 2019-12-23T13:09:22.849+0000: 44182.296: [ParNew: 69501K->4858K(72512K), 0.0030778 secs] 190752K->127061K(233664K), 0.0031629 secs] [Times: user=0.01 sys=0.00, real=0.01 secs] 
2019-12-23T13:09:36.786+0000: 44196.233: [GC (Allocation Failure) 2019-12-23T13:09:36.786+0000: 44196.233: [ParNew: 69370K->5347K(72512K), 0.0029268 secs] 191573K->128501K(233664K), 0.0030054 secs] [Times: user=0.01 sys=0.00, real=0.00 secs] 
2019-12-23T13:09:44.121+0000: 44203.568: [GC (Allocation Failure) 2019-12-23T13:09:44.121+0000: 44203.568: [ParNew: 69859K->5551K(72512K), 0.0032515 secs] 193013K->129656K(233664K), 0.0033458 secs] [Times: user=0.01 sys=0.00, real=0.00 secs] 
2019-12-23T13:09:58.069+0000: 44217.516: [GC (Allocation Failure) 2019-12-23T13:09:58.069+0000: 44217.516: [ParNew: 70063K->6121K(72512K), 0.0034055 secs] 194168K->131178K(233664K), 0.0034897 secs] [Times: user=0.01 sys=0.00, real=0.01 secs] 
2019-12-23T13:10:04.013+0000: 44223.460: [GC (Allocation Failure) 2019-12-23T13:10:04.014+0000: 44223.460: [ParNew: 70633K->5308K(72512K), 0.0029271 secs] 195690K->131318K(233664K), 0.0030188 secs] [Times: user=0.00 sys=0.00, real=0.00 secs] 
2019-12-23T13:10:15.774+0000: 44235.221: [GC (Allocation Failure) 2019-12-23T13:10:15.775+0000: 44235.221: [ParNew: 69820K->5739K(72512K), 0.0030228 secs] 195830K->132727K(233664K), 0.0031219 secs] [Times: user=0.00 sys=0.00, real=0.00 secs] 
2019-12-23T13:10:24.884+0000: 44244.331: [GC (Allocation Failure) 2019-12-23T13:10:24.884+0000: 44244.331: [ParNew: 70251K->5285K(72512K), 0.0029694 secs] 197239K->133224K(233664K), 0.0030580 secs] [Times: user=0.00 sys=0.00, real=0.00 secs] 
2019-12-23T13:10:34.779+0000: 44254.226: [GC (Allocation Failure) 2019-12-23T13:10:34.779+0000: 44254.226: [ParNew: 69797K->5111K(72512K), 0.0027798 secs] 197736K->134002K(233664K), 0.0028846 secs] [Times: user=0.01 sys=0.00, real=0.00 secs] 
2019-12-23T13:10:42.386+0000: 44261.833: [GC (Allocation Failure) 2019-12-23T13:10:42.386+0000: 44261.833: [ParNew: 69623K->5881K(72512K), 0.0030159 secs] 198514K->135751K(233664K), 0.0031049 secs] [Times: user=0.01 sys=0.00, real=0.00 secs] 
2019-12-23T13:10:52.351+0000: 44271.798: [GC (Allocation Failure) 2019-12-23T13:10:52.351+0000: 44271.798: [ParNew: 70393K->4482K(72512K), 0.0028299 secs] 200263K->135303K(233664K), 0.0029164 secs] [Times: user=0.01 sys=0.00, real=0.00 secs] 
2019-12-23T13:11:12.200+0000: 44291.647: [GC (Allocation Failure) 2019-12-23T13:11:12.200+0000: 44291.647: [ParNew: 68994K->5367K(72512K), 0.0031817 secs] 199815K->137140K(233664K), 0.0032716 secs] [Times: user=0.01 sys=0.00, real=0.00 secs] 
2019-12-23T13:11:21.438+0000: 44300.885: [GC (Allocation Failure) 2019-12-23T13:11:21.438+0000: 44300.885: [ParNew: 69879K->6052K(72512K), 0.0029622 secs] 201652K->138648K(233664K), 0.0030442 secs] [Times: user=0.01 sys=0.00, real=0.01 secs] 
2019-12-23T13:11:33.948+0000: 44313.395: [GC (Allocation Failure) 2019-12-23T13:11:33.948+0000: 44313.395: [ParNew: 70564K->5256K(72512K), 0.0032188 secs] 203160K->138833K(233664K), 0.0033247 secs] [Times: user=0.01 sys=0.00, real=0.01 secs] 
2019-12-23T13:11:47.871+0000: 44327.318: [GC (Allocation Failure) 2019-12-23T13:11:47.871+0000: 44327.318: [ParNew: 69768K->5397K(72512K), 0.0029445 secs] 203345K->139924K(233664K), 0.0030415 secs] [Times: user=0.01 sys=0.00, real=0.00 secs] 
2019-12-23T13:11:56.785+0000: 44336.232: [GC (Allocation Failure) 2019-12-23T13:11:56.785+0000: 44336.232: [ParNew: 69909K->4475K(72512K), 0.0027569 secs] 204436K->139954K(233664K), 0.0028380 secs] [Times: user=0.00 sys=0.00, real=0.00 secs] 
2019-12-23T13:12:13.270+0000: 44352.717: [GC (Allocation Failure) 2019-12-23T13:12:13.270+0000: 44352.717: [ParNew: 68987K->3494K(72512K), 0.0025988 secs] 204466K->138974K(233664K), 0.0026930 secs] [Times: user=0.01 sys=0.00, real=0.01 secs] 
2019-12-23T13:12:14.898+0000: 44354.345: [GC (Allocation Failure) 2019-12-23T13:12:14.898+0000: 44354.345: [ParNew: 68006K->4925K(72512K), 0.0026410 secs] 203486K->140405K(233664K), 0.0027289 secs] [Times: user=0.00 sys=0.00, real=0.01 secs] 
2019-12-23T13:12:33.609+0000: 44373.056: [GC (Allocation Failure) 2019-12-23T13:12:33.609+0000: 44373.056: [ParNew: 69437K->6567K(72512K), 0.0029122 secs] 204917K->142047K(233664K), 0.0029978 secs] [Times: user=0.01 sys=0.00, real=0.01 secs] 
2019-12-23T13:12:41.071+0000: 44380.518: [GC (Allocation Failure) 2019-12-23T13:12:41.071+0000: 44380.518: [ParNew: 71079K->4923K(72512K), 0.0031173 secs] 206559K->141727K(233664K), 0.0032010 secs] [Times: user=0.01 sys=0.00, real=0.00 secs] 
2019-12-23T13:12:53.606+0000: 44393.053: [GC (Allocation Failure) 2019-12-23T13:12:53.606+0000: 44393.053: [ParNew: 69435K->5655K(72512K), 0.0029484 secs] 206239K->143411K(233664K), 0.0030256 secs] [Times: user=0.01 sys=0.00, real=0.00 secs] 
2019-12-23T13:13:04.948+0000: 44404.395: [GC (Allocation Failure) 2019-12-23T13:13:04.949+0000: 44404.395: [ParNew: 70167K->5095K(72512K), 0.0028874 secs] 207923K->143803K(233664K), 0.0029690 secs] [Times: user=0.01 sys=0.00, real=0.01 secs] 
2019-12-23T13:13:17.902+0000: 44417.348: [GC (Allocation Failure) 2019-12-23T13:13:17.902+0000: 44417.349: [ParNew: 69607K->4859K(72512K), 0.0030639 secs] 208315K->144518K(233664K), 0.0031454 secs] [Times: user=0.01 sys=0.00, real=0.00 secs] 
2019-12-23T13:13:31.116+0000: 44430.563: [GC (Allocation Failure) 2019-12-23T13:13:31.116+0000: 44430.563: [ParNew: 69371K->4908K(72512K), 0.0028571 secs] 209030K->145544K(233664K), 0.0029348 secs] [Times: user=0.00 sys=0.00, real=0.01 secs] 
2019-12-23T13:13:38.613+0000: 44438.060: [GC (Allocation Failure) 2019-12-23T13:13:38.613+0000: 44438.060: [ParNew: 69420K->6102K(72512K), 0.0030128 secs] 210056K->147689K(233664K), 0.0030956 secs] [Times: user=0.01 sys=0.00, real=0.00 secs] 
2019-12-23T13:13:49.364+0000: 44448.811: [GC (Allocation Failure) 2019-12-23T13:13:49.364+0000: 44448.811: [ParNew: 70614K->6023K(72512K), 0.0030528 secs] 212201K->148564K(233664K), 0.0031297 secs] [Times: user=0.01 sys=0.00, real=0.00 secs] 
2019-12-23T13:13:58.686+0000: 44458.133: [GC (Allocation Failure) 2019-12-23T13:13:58.686+0000: 44458.133: [ParNew: 70535K->5815K(72512K), 0.0026359 secs] 213076K->149307K(233664K), 0.0027208 secs] [Times: user=0.00 sys=0.00, real=0.00 secs] 
2019-12-23T13:14:12.592+0000: 44472.039: [GC (Allocation Failure) 2019-12-23T13:14:12.592+0000: 44472.039: [ParNew: 70327K->6414K(72512K), 0.0031919 secs] 213819K->150857K(233664K), 0.0032637 secs] [Times: user=0.00 sys=0.01, real=0.00 secs] 
2019-12-23T13:14:26.145+0000: 44485.592: [GC (Allocation Failure) 2019-12-23T13:14:26.145+0000: 44485.592: [ParNew: 70926K->5863K(72512K), 0.0030442 secs] 215369K->151156K(233664K), 0.0031225 secs] [Times: user=0.01 sys=0.00, real=0.00 secs] 
2019-12-23T13:14:39.579+0000: 44499.026: [GC (Allocation Failure) 2019-12-23T13:14:39.579+0000: 44499.026: [ParNew: 70375K->6782K(72512K), 0.0029825 secs] 215668K->153029K(233664K), 0.0030635 secs] [Times: user=0.01 sys=0.00, real=0.00 secs] 
2019-12-23T13:14:47.589+0000: 44507.036: [GC (Allocation Failure) 2019-12-23T13:14:47.589+0000: 44507.036: [ParNew: 71294K->5596K(72512K), 0.0030740 secs] 217541K->152928K(233664K), 0.0031598 secs] [Times: user=0.01 sys=0.00, real=0.01 secs] 
2019-12-23T13:15:04.179+0000: 44523.626: [GC (Allocation Failure) 2019-12-23T13:15:04.179+0000: 44523.626: [ParNew: 70108K->5308K(72512K), 0.0031981 secs] 217440K->153592K(233664K), 0.0032725 secs] [Times: user=0.01 sys=0.00, real=0.00 secs] 
2019-12-23T13:15:04.182+0000: 44523.629: [GC (CMS Initial Mark) [1 CMS-initial-mark: 148284K(161152K)] 154110K(233664K), 0.0009745 secs] [Times: user=0.00 sys=0.00, real=0.00 secs] 
2019-12-23T13:15:04.183+0000: 44523.630: [CMS-concurrent-mark-start]
2019-12-23T13:15:04.229+0000: 44523.676: [CMS-concurrent-mark: 0.046/0.046 secs] [Times: user=0.08 sys=0.00, real=0.04 secs] 
2019-12-23T13:15:04.229+0000: 44523.676: [CMS-concurrent-preclean-start]
2019-12-23T13:15:04.230+0000: 44523.677: [CMS-concurrent-preclean: 0.001/0.001 secs] [Times: user=0.01 sys=0.00, real=0.00 secs] 
2019-12-23T13:15:04.230+0000: 44523.677: [CMS-concurrent-abortable-preclean-start]
2019-12-23T13:15:08.642+0000: 44528.089: [GC (Allocation Failure) 2019-12-23T13:15:08.642+0000: 44528.089: [ParNew: 69820K->6175K(72512K), 0.0041155 secs] 218104K->155410K(233664K), 0.0042005 secs] [Times: user=0.01 sys=0.00, real=0.00 secs] 
 CMS: abort preclean due to time 2019-12-23T13:15:09.280+0000: 44528.727: [CMS-concurrent-abortable-preclean: 0.210/5.050 secs] [Times: user=0.37 sys=0.02, real=5.06 secs] 
2019-12-23T13:15:09.281+0000: 44528.728: [GC (CMS Final Remark) [YG occupancy: 32198 K (72512 K)]2019-12-23T13:15:09.281+0000: 44528.728: [Rescan (parallel) , 0.0046407 secs]2019-12-23T13:15:09.286+0000: 44528.732: [weak refs processing, 0.0000492 secs]2019-12-23T13:15:09.286+0000: 44528.733: [class unloading, 0.0095553 secs]2019-12-23T13:15:09.295+0000: 44528.742: [scrub symbol table, 0.0060812 secs]2019-12-23T13:15:09.301+0000: 44528.748: [scrub string table, 0.0005712 secs][1 CMS-remark: 149235K(161152K)] 181433K(233664K), 0.0211103 secs] [Times: user=0.03 sys=0.00, real=0.02 secs] 
2019-12-23T13:15:09.302+0000: 44528.749: [CMS-concurrent-sweep-start]
2019-12-23T13:15:09.314+0000: 44528.761: [CMS-concurrent-sweep: 0.012/0.012 secs] [Times: user=0.01 sys=0.00, real=0.01 secs] 
2019-12-23T13:15:09.314+0000: 44528.761: [CMS-concurrent-reset-start]
2019-12-23T13:15:09.325+0000: 44528.772: [CMS-concurrent-reset: 0.012/0.012 secs] [Times: user=0.01 sys=0.00, real=0.01 secs] 
2019-12-23T13:15:23.673+0000: 44543.120: [GC (Allocation Failure) 2019-12-23T13:15:23.673+0000: 44543.120: [ParNew: 70687K->5078K(72512K), 0.0029853 secs] 98201K->33544K(233664K), 0.0030732 secs] [Times: user=0.01 sys=0.00, real=0.00 secs] 
2019-12-23T13:15:35.530+0000: 44554.976: [GC (Allocation Failure) 2019-12-23T13:15:35.530+0000: 44554.976: [ParNew: 69590K->6704K(72512K), 0.0030947 secs] 98056K->36152K(233664K), 0.0031727 secs] [Times: user=0.00 sys=0.00, real=0.01 secs] 
2019-12-23T13:15:45.036+0000: 44564.483: [GC (Allocation Failure) 2019-12-23T13:15:45.036+0000: 44564.483: [ParNew: 71216K->3326K(72512K), 0.0025732 secs] 100664K->33170K(233664K), 0.0026597 secs] [Times: user=0.00 sys=0.00, real=0.01 secs] 
2019-12-23T13:16:01.436+0000: 44580.883: [GC (Allocation Failure) 2019-12-23T13:16:01.437+0000: 44580.883: [ParNew: 67838K->3587K(72512K), 0.0024444 secs] 97682K->33431K(233664K), 0.0025259 secs] [Times: user=0.00 sys=0.00, real=0.01 secs] 
2019-12-23T13:16:03.872+0000: 44583.319: [GC (Allocation Failure) 2019-12-23T13:16:03.872+0000: 44583.319: [ParNew: 68099K->4346K(72512K), 0.0025044 secs] 97943K->34190K(233664K), 0.0025800 secs] [Times: user=0.00 sys=0.00, real=0.00 secs] 
2019-12-23T13:16:17.709+0000: 44597.156: [GC (Allocation Failure) 2019-12-23T13:16:17.709+0000: 44597.156: [ParNew: 68858K->5347K(72512K), 0.0026732 secs] 98702K->35256K(233664K), 0.0027553 secs] [Times: user=0.01 sys=0.00, real=0.01 secs] 
2019-12-23T13:16:30.209+0000: 44609.656: [GC (Allocation Failure) 2019-12-23T13:16:30.209+0000: 44609.656: [ParNew: 69859K->5470K(72512K), 0.0030782 secs] 99768K->36860K(233664K), 0.0031680 secs] [Times: user=0.01 sys=0.00, real=0.01 secs] 
2019-12-23T13:16:42.694+0000: 44622.141: [GC (Allocation Failure) 2019-12-23T13:16:42.694+0000: 44622.141: [ParNew: 69982K->6132K(72512K), 0.0029668 secs] 101372K->38474K(233664K), 0.0030495 secs] [Times: user=0.01 sys=0.00, real=0.00 secs] 
2019-12-23T13:16:58.132+0000: 44637.579: [GC (Allocation Failure) 2019-12-23T13:16:58.132+0000: 44637.579: [ParNew: 70644K->5984K(72512K), 0.0029373 secs] 102986K->39277K(233664K), 0.0030128 secs] [Times: user=0.01 sys=0.00, real=0.00 secs] 
2019-12-23T13:17:04.091+0000: 44643.538: [GC (Allocation Failure) 2019-12-23T13:17:04.091+0000: 44643.538: [ParNew: 70496K->6597K(72512K), 0.0029872 secs] 103789K->40842K(233664K), 0.0030668 secs] [Times: user=0.01 sys=0.00, real=0.00 secs] 
2019-12-23T13:17:18.052+0000: 44657.499: [GC (Allocation Failure) 2019-12-23T13:17:18.052+0000: 44657.499: [ParNew: 71109K->5993K(72512K), 0.0029461 secs] 105354K->41189K(233664K), 0.0030223 secs] [Times: user=0.01 sys=0.00, real=0.00 secs] 
2019-12-23T13:17:26.907+0000: 44666.354: [GC (Allocation Failure) 2019-12-23T13:17:26.907+0000: 44666.354: [ParNew: 70505K->6792K(72512K), 0.0029534 secs] 105701K->42939K(233664K), 0.0030272 secs] [Times: user=0.01 sys=0.00, real=0.00 secs] 
2019-12-23T13:17:41.006+0000: 44680.453: [GC (Allocation Failure) 2019-12-23T13:17:41.006+0000: 44680.453: [ParNew: 71304K->5952K(72512K), 0.0027919 secs] 107451K->43051K(233664K), 0.0028710 secs] [Times: user=0.01 sys=0.00, real=0.00 secs] 
2019-12-23T13:17:53.822+0000: 44693.269: [GC (Allocation Failure) 2019-12-23T13:17:53.822+0000: 44693.269: [ParNew: 70464K->5250K(72512K), 0.0028613 secs] 107563K->43301K(233664K), 0.0029553 secs] [Times: user=0.01 sys=0.00, real=0.00 secs] 
2019-12-23T13:18:03.053+0000: 44702.500: [GC (Allocation Failure) 2019-12-23T13:18:03.053+0000: 44702.500: [ParNew: 69762K->5218K(72512K), 0.0028375 secs] 107813K->44220K(233664K), 0.0029107 secs] [Times: user=0.01 sys=0.00, real=0.00 secs] 
2019-12-23T13:18:10.288+0000: 44709.735: [GC (Allocation Failure) 2019-12-23T13:18:10.288+0000: 44709.735: [ParNew: 69730K->5400K(72512K), 0.0028104 secs] 108732K->45354K(233664K), 0.0028920 secs] [Times: user=0.01 sys=0.00, real=0.01 secs] 
2019-12-23T13:18:24.049+0000: 44723.496: [GC (Allocation Failure) 2019-12-23T13:18:24.049+0000: 44723.496: [ParNew: 69912K->5408K(72512K), 0.0028945 secs] 109866K->46313K(233664K), 0.0029910 secs] [Times: user=0.01 sys=0.00, real=0.01 secs] 
2019-12-23T13:18:34.715+0000: 44734.162: [GC (Allocation Failure) 2019-12-23T13:18:34.715+0000: 44734.162: [ParNew: 69920K->4882K(72512K), 0.0028048 secs] 110825K->46611K(233664K), 0.0028944 secs] [Times: user=0.00 sys=0.00, real=0.00 secs] 
2019-12-23T13:18:47.342+0000: 44746.789: [GC (Allocation Failure) 2019-12-23T13:18:47.342+0000: 44746.789: [ParNew: 69394K->5510K(72512K), 0.0030370 secs] 111123K->48191K(233664K), 0.0031279 secs] [Times: user=0.01 sys=0.00, real=0.00 secs] 
2019-12-23T13:18:57.547+0000: 44756.994: [GC (Allocation Failure) 2019-12-23T13:18:57.547+0000: 44756.994: [ParNew: 70022K->5619K(72512K), 0.0030039 secs] 112703K->49252K(233664K), 0.0031208 secs] [Times: user=0.01 sys=0.00, real=0.00 secs] 
2019-12-23T13:19:11.441+0000: 44770.888: [GC (Allocation Failure) 2019-12-23T13:19:11.441+0000: 44770.888: [ParNew: 70131K->5691K(72512K), 0.0032036 secs] 113764K->50275K(233664K), 0.0032869 secs] [Times: user=0.01 sys=0.00, real=0.00 secs] 
2019-12-23T13:19:17.882+0000: 44777.329: [GC (Allocation Failure) 2019-12-23T13:19:17.882+0000: 44777.329: [ParNew: 70203K->5567K(72512K), 0.0029700 secs] 114787K->51102K(233664K), 0.0030492 secs] [Times: user=0.01 sys=0.00, real=0.00 secs] 
2019-12-23T13:19:30.680+0000: 44790.127: [GC (Allocation Failure) 2019-12-23T13:19:30.680+0000: 44790.127: [ParNew: 70079K->4524K(72512K), 0.0026181 secs] 115614K->50061K(233664K), 0.0027073 secs] [Times: user=0.01 sys=0.00, real=0.00 secs] 
2019-12-23T13:19:42.645+0000: 44802.092: [GC (Allocation Failure) 2019-12-23T13:19:42.645+0000: 44802.092: [ParNew: 69036K->4486K(72512K), 0.0025082 secs] 114573K->50022K(233664K), 0.0025818 secs] [Times: user=0.01 sys=0.00, real=0.00 secs] 
2019-12-23T13:19:57.072+0000: 44816.519: [GC (Allocation Failure) 2019-12-23T13:19:57.073+0000: 44816.519: [ParNew: 68998K->5901K(72512K), 0.0028130 secs] 114534K->51437K(233664K), 0.0028865 secs] [Times: user=0.00 sys=0.00, real=0.00 secs] 
2019-12-23T13:20:04.537+0000: 44823.984: [GC (Allocation Failure) 2019-12-23T13:20:04.537+0000: 44823.984: [ParNew: 70413K->5121K(72512K), 0.0029820 secs] 115949K->51865K(233664K), 0.0030584 secs] [Times: user=0.01 sys=0.00, real=0.01 secs] 
2019-12-23T13:20:17.034+0000: 44836.481: [GC (Allocation Failure) 2019-12-23T13:20:17.034+0000: 44836.481: [ParNew: 69633K->5096K(72512K), 0.0029999 secs] 116377K->52791K(233664K), 0.0030802 secs] [Times: user=0.01 sys=0.00, real=0.00 secs] 
2019-12-23T13:20:26.056+0000: 44845.503: [GC (Allocation Failure) 2019-12-23T13:20:26.056+0000: 44845.503: [ParNew: 69608K->6138K(72512K), 0.0030126 secs] 117303K->54785K(233664K), 0.0031044 secs] [Times: user=0.01 sys=0.00, real=0.01 secs] 
2019-12-23T13:20:39.678+0000: 44859.125: [GC (Allocation Failure) 2019-12-23T13:20:39.679+0000: 44859.125: [ParNew: 70650K->5073K(72512K), 0.0028957 secs] 119297K->54763K(233664K), 0.0029792 secs] [Times: user=0.00 sys=0.01, real=0.00 secs] 
2019-12-23T13:20:51.314+0000: 44870.761: [GC (Allocation Failure) 2019-12-23T13:20:51.314+0000: 44870.761: [ParNew: 69585K->4657K(72512K), 0.0026605 secs] 119275K->55298K(233664K), 0.0027445 secs] [Times: user=0.01 sys=0.00, real=0.00 secs] 
2019-12-23T13:21:00.901+0000: 44880.348: [GC (Allocation Failure) 2019-12-23T13:21:00.901+0000: 44880.348: [ParNew: 69169K->4901K(72512K), 0.0030730 secs] 119810K->56494K(233664K), 0.0031628 secs] [Times: user=0.01 sys=0.00, real=0.00 secs] 
2019-12-23T13:21:15.325+0000: 44894.772: [GC (Allocation Failure) 2019-12-23T13:21:15.325+0000: 44894.772: [ParNew: 69413K->5476K(72512K), 0.0036496 secs] 121006K->58021K(233664K), 0.0037249 secs] [Times: user=0.01 sys=0.00, real=0.00 secs] 
2019-12-23T13:21:23.082+0000: 44902.529: [GC (Allocation Failure) 2019-12-23T13:21:23.082+0000: 44902.529: [ParNew: 69988K->4670K(72512K), 0.0028537 secs] 122533K->58166K(233664K), 0.0029318 secs] [Times: user=0.00 sys=0.00, real=0.00 secs] 
2019-12-23T13:21:37.071+0000: 44916.518: [GC (Allocation Failure) 2019-12-23T13:21:37.071+0000: 44916.518: [ParNew: 69182K->4886K(72512K), 0.0040272 secs] 122678K->59469K(233664K), 0.0041088 secs] [Times: user=0.01 sys=0.00, real=0.00 secs] 
2019-12-23T13:21:47.964+0000: 44927.411: [GC (Allocation Failure) 2019-12-23T13:21:47.964+0000: 44927.411: [ParNew: 69398K->4824K(72512K), 0.0029417 secs] 123981K->60388K(233664K), 0.0030251 secs] [Times: user=0.01 sys=0.00, real=0.00 secs] 
2019-12-23T13:22:00.072+0000: 44939.519: [GC (Allocation Failure) 2019-12-23T13:22:00.072+0000: 44939.519: [ParNew: 69336K->4923K(72512K), 0.0030166 secs] 124900K->61465K(233664K), 0.0030886 secs] [Times: user=0.01 sys=0.00, real=0.00 secs] 
2019-12-23T13:22:07.507+0000: 44946.954: [GC (Allocation Failure) 2019-12-23T13:22:07.507+0000: 44946.954: [ParNew: 69435K->5095K(72512K), 0.0028690 secs] 125977K->62588K(233664K), 0.0029562 secs] [Times: user=0.00 sys=0.00, real=0.00 secs] 
2019-12-23T13:22:17.147+0000: 44956.594: [GC (Allocation Failure) 2019-12-23T13:22:17.147+0000: 44956.594: [ParNew: 69607K->5398K(72512K), 0.0027263 secs] 127100K->63843K(233664K), 0.0028010 secs] [Times: user=0.01 sys=0.00, real=0.00 secs] 
2019-12-23T13:22:30.487+0000: 44969.934: [GC (Allocation Failure) 2019-12-23T13:22:30.487+0000: 44969.934: [ParNew: 69910K->4562K(72512K), 0.0026710 secs] 128355K->63959K(233664K), 0.0027737 secs] [Times: user=0.01 sys=0.00, real=0.00 secs] 
2019-12-23T13:22:40.472+0000: 44979.919: [GC (Allocation Failure) 2019-12-23T13:22:40.472+0000: 44979.919: [ParNew: 69074K->4897K(72512K), 0.0028055 secs] 128471K->65117K(233664K), 0.0028791 secs] [Times: user=0.00 sys=0.00, real=0.00 secs] 
2019-12-23T13:22:54.309+0000: 44993.756: [GC (Allocation Failure) 2019-12-23T13:22:54.309+0000: 44993.756: [ParNew: 69409K->5158K(72512K), 0.0028980 secs] 129629K->66358K(233664K), 0.0030146 secs] [Times: user=0.01 sys=0.00, real=0.01 secs] 
2019-12-23T13:23:06.961+0000: 45006.408: [GC (Allocation Failure) 2019-12-23T13:23:06.961+0000: 45006.408: [ParNew: 69670K->2759K(72512K), 0.0027762 secs] 130870K->63959K(233664K), 0.0028555 secs] [Times: user=0.00 sys=0.00, real=0.00 secs] 
2019-12-23T13:23:14.518+0000: 45013.965: [GC (Allocation Failure) 2019-12-23T13:23:14.518+0000: 45013.965: [ParNew: 67271K->2880K(72512K), 0.0024939 secs] 128471K->64081K(233664K), 0.0025805 secs] [Times: user=0.00 sys=0.00, real=0.01 secs] 
2019-12-23T13:23:29.505+0000: 45028.952: [GC (Allocation Failure) 2019-12-23T13:23:29.505+0000: 45028.952: [ParNew: 67392K->3847K(72512K), 0.0025789 secs] 128593K->65048K(233664K), 0.0026502 secs] [Times: user=0.01 sys=0.00, real=0.00 secs] 
2019-12-23T13:23:35.283+0000: 45034.730: [GC (Allocation Failure) 2019-12-23T13:23:35.283+0000: 45034.730: [ParNew: 68359K->4907K(72512K), 0.0026261 secs] 129560K->66108K(233664K), 0.0027058 secs] [Times: user=0.01 sys=0.00, real=0.00 secs] 
2019-12-23T13:23:48.159+0000: 45047.606: [GC (Allocation Failure) 2019-12-23T13:23:48.159+0000: 45047.606: [ParNew: 69419K->5474K(72512K), 0.0046386 secs] 130620K->67903K(233664K), 0.0047518 secs] [Times: user=0.01 sys=0.00, real=0.00 secs] 
2019-12-23T13:23:54.193+0000: 45053.640: [GC (Allocation Failure) 2019-12-23T13:23:54.193+0000: 45053.640: [ParNew: 69986K->4980K(72512K), 0.0032142 secs] 132415K->68361K(233664K), 0.0033083 secs] [Times: user=0.01 sys=0.00, real=0.00 secs] 
2019-12-23T13:24:10.216+0000: 45069.663: [GC (Allocation Failure) 2019-12-23T13:24:10.216+0000: 45069.663: [ParNew: 69492K->5467K(72512K), 0.0028586 secs] 132873K->69799K(233664K), 0.0029534 secs] [Times: user=0.01 sys=0.00, real=0.01 secs] 
2019-12-23T13:24:17.555+0000: 45077.002: [GC (Allocation Failure) 2019-12-23T13:24:17.555+0000: 45077.002: [ParNew: 69979K->5546K(72512K), 0.0028756 secs] 134311K->70830K(233664K), 0.0029553 secs] [Times: user=0.01 sys=0.00, real=0.00 secs] 
2019-12-23T13:24:30.188+0000: 45089.635: [GC (Allocation Failure) 2019-12-23T13:24:30.188+0000: 45089.635: [ParNew: 70058K->5163K(72512K), 0.0029615 secs] 135342K->71398K(233664K), 0.0030635 secs] [Times: user=0.01 sys=0.00, real=0.01 secs] 
2019-12-23T13:24:39.994+0000: 45099.441: [GC (Allocation Failure) 2019-12-23T13:24:39.994+0000: 45099.441: [ParNew: 69675K->5510K(72512K), 0.0028967 secs] 135910K->72696K(233664K), 0.0030071 secs] [Times: user=0.00 sys=0.00, real=0.00 secs] 
2019-12-23T13:24:52.048+0000: 45111.495: [GC (Allocation Failure) 2019-12-23T13:24:52.048+0000: 45111.495: [ParNew: 70022K->5395K(72512K), 0.0042181 secs] 137208K->73405K(233664K), 0.0043368 secs] [Times: user=0.01 sys=0.01, real=0.01 secs] 
2019-12-23T13:25:04.563+0000: 45124.010: [GC (Allocation Failure) 2019-12-23T13:25:04.563+0000: 45124.010: [ParNew: 69907K->4999K(72512K), 0.0030841 secs] 137917K->73989K(233664K), 0.0031630 secs] [Times: user=0.00 sys=0.00, real=0.00 secs] 
2019-12-23T13:25:10.622+0000: 45130.069: [GC (Allocation Failure) 2019-12-23T13:25:10.622+0000: 45130.069: [ParNew: 69511K->6007K(72512K), 0.0032127 secs] 138501K->75948K(233664K), 0.0032862 secs] [Times: user=0.01 sys=0.00, real=0.00 secs] 
2019-12-23T13:25:22.075+0000: 45141.522: [GC (Allocation Failure) 2019-12-23T13:25:22.075+0000: 45141.522: [ParNew: 70519K->5488K(72512K), 0.0030178 secs] 140460K->76381K(233664K), 0.0030940 secs] [Times: user=0.00 sys=0.00, real=0.00 secs] 
2019-12-23T13:25:35.596+0000: 45155.043: [GC (Allocation Failure) 2019-12-23T13:25:35.596+0000: 45155.043: [ParNew: 70000K->6023K(72512K), 0.0030580 secs] 140893K->77868K(233664K), 0.0031410 secs] [Times: user=0.01 sys=0.00, real=0.01 secs] 
2019-12-23T13:25:44.611+0000: 45164.058: [GC (Allocation Failure) 2019-12-23T13:25:44.611+0000: 45164.058: [ParNew: 70535K->4950K(72512K), 0.0028908 secs] 142380K->77747K(233664K), 0.0029716 secs] [Times: user=0.01 sys=0.00, real=0.00 secs] 
2019-12-23T13:25:56.672+0000: 45176.119: [GC (Allocation Failure) 2019-12-23T13:25:56.672+0000: 45176.119: [ParNew: 69462K->5215K(72512K), 0.0030775 secs] 142259K->78963K(233664K), 0.0031489 secs] [Times: user=0.01 sys=0.00, real=0.00 secs] 
2019-12-23T13:26:03.675+0000: 45183.122: [GC (Allocation Failure) 2019-12-23T13:26:03.675+0000: 45183.122: [ParNew: 69727K->5402K(72512K), 0.0029146 secs] 143475K->80102K(233664K), 0.0030013 secs] [Times: user=0.01 sys=0.00, real=0.00 secs] 
2019-12-23T13:26:20.260+0000: 45199.707: [GC (Allocation Failure) 2019-12-23T13:26:20.261+0000: 45199.707: [ParNew: 69914K->5530K(72512K), 0.0029324 secs] 144614K->81182K(233664K), 0.0030107 secs] [Times: user=0.01 sys=0.00, real=0.00 secs] 
2019-12-23T13:26:28.748+0000: 45208.195: [GC (Allocation Failure) 2019-12-23T13:26:28.749+0000: 45208.195: [ParNew: 70042K->5524K(72512K), 0.0030131 secs] 145694K->82128K(233664K), 0.0031039 secs] [Times: user=0.00 sys=0.01, real=0.01 secs] 
2019-12-23T13:26:42.025+0000: 45221.472: [GC (Allocation Failure) 2019-12-23T13:26:42.025+0000: 45221.472: [ParNew: 70036K->4291K(72512K), 0.0025105 secs] 146640K->80895K(233664K), 0.0025893 secs] [Times: user=0.00 sys=0.00, real=0.00 secs] 
2019-12-23T13:26:48.030+0000: 45227.477: [GC (Allocation Failure) 2019-12-23T13:26:48.030+0000: 45227.477: [ParNew: 68803K->4304K(72512K), 0.0025768 secs] 145407K->80909K(233664K), 0.0026570 secs] [Times: user=0.01 sys=0.00, real=0.01 secs] 
2019-12-23T13:27:02.835+0000: 45242.282: [GC (Allocation Failure) 2019-12-23T13:27:02.835+0000: 45242.282: [ParNew: 68816K->4737K(72512K), 0.0026948 secs] 145421K->81341K(233664K), 0.0027802 secs] [Times: user=0.01 sys=0.00, real=0.00 secs] 
2019-12-23T13:27:11.029+0000: 45250.476: [GC (Allocation Failure) 2019-12-23T13:27:11.029+0000: 45250.476: [ParNew: 69249K->4861K(72512K), 0.0029097 secs] 145853K->82367K(233664K), 0.0030065 secs] [Times: user=0.00 sys=0.00, real=0.01 secs] 
2019-12-23T13:27:22.252+0000: 45261.699: [GC (Allocation Failure) 2019-12-23T13:27:22.252+0000: 45261.699: [ParNew: 69373K->5229K(72512K), 0.0031957 secs] 146879K->83685K(233664K), 0.0032979 secs] [Times: user=0.01 sys=0.00, real=0.00 secs] 
2019-12-23T13:27:32.327+0000: 45271.774: [GC (Allocation Failure) 2019-12-23T13:27:32.327+0000: 45271.774: [ParNew: 69741K->5910K(72512K), 0.0029050 secs] 148197K->85319K(233664K), 0.0029826 secs] [Times: user=0.01 sys=0.00, real=0.00 secs] 
2019-12-23T13:27:45.249+0000: 45284.696: [GC (Allocation Failure) 2019-12-23T13:27:45.249+0000: 45284.696: [ParNew: 70422K->4902K(72512K), 0.0028817 secs] 149831K->85162K(233664K), 0.0029709 secs] [Times: user=0.01 sys=0.00, real=0.01 secs] 
2019-12-23T13:27:55.689+0000: 45295.136: [GC (Allocation Failure) 2019-12-23T13:27:55.689+0000: 45295.136: [ParNew: 69414K->5455K(72512K), 0.0029867 secs] 149674K->86666K(233664K), 0.0030660 secs] [Times: user=0.01 sys=0.00, real=0.01 secs] 
2019-12-23T13:28:05.472+0000: 45304.919: [GC (Allocation Failure) 2019-12-23T13:28:05.472+0000: 45304.919: [ParNew: 69967K->5142K(72512K), 0.0029189 secs] 151178K->87305K(233664K), 0.0029929 secs] [Times: user=0.01 sys=0.00, real=0.00 secs] 
2019-12-23T13:28:17.331+0000: 45316.778: [GC (Allocation Failure) 2019-12-23T13:28:17.331+0000: 45316.778: [ParNew: 69654K->4855K(72512K), 0.0026565 secs] 151817K->87997K(233664K), 0.0027371 secs] [Times: user=0.01 sys=0.00, real=0.00 secs] 
2019-12-23T13:28:30.527+0000: 45329.974: [GC (Allocation Failure) 2019-12-23T13:28:30.527+0000: 45329.974: [ParNew: 69367K->5028K(72512K), 0.0027811 secs] 152509K->89121K(233664K), 0.0028565 secs] [Times: user=0.01 sys=0.00, real=0.00 secs] 
2019-12-23T13:28:41.042+0000: 45340.489: [GC (Allocation Failure) 2019-12-23T13:28:41.042+0000: 45340.489: [ParNew: 69540K->5089K(72512K), 0.0027116 secs] 153633K->90134K(233664K), 0.0028081 secs] [Times: user=0.00 sys=0.00, real=0.00 secs] 
2019-12-23T13:28:48.903+0000: 45348.350: [GC (Allocation Failure) 2019-12-23T13:28:48.903+0000: 45348.350: [ParNew: 69601K->5287K(72512K), 0.0028253 secs] 154646K->91284K(233664K), 0.0028965 secs] [Times: user=0.01 sys=0.00, real=0.00 secs] 
2019-12-23T13:29:00.546+0000: 45359.993: [GC (Allocation Failure) 2019-12-23T13:29:00.546+0000: 45359.993: [ParNew: 69799K->4790K(72512K), 0.0027524 secs] 155796K->91746K(233664K), 0.0028235 secs] [Times: user=0.01 sys=0.00, real=0.00 secs] 
2019-12-23T13:29:11.971+0000: 45371.418: [GC (Allocation Failure) 2019-12-23T13:29:11.971+0000: 45371.418: [ParNew: 69302K->4931K(72512K), 0.0030169 secs] 156258K->92839K(233664K), 0.0031082 secs] [Times: user=0.01 sys=0.00, real=0.00 secs] 
2019-12-23T13:29:24.925+0000: 45384.372: [GC (Allocation Failure) 2019-12-23T13:29:24.925+0000: 45384.372: [ParNew: 69443K->5708K(72512K), 0.0029248 secs] 157351K->94568K(233664K), 0.0029985 secs] [Times: user=0.01 sys=0.00, real=0.00 secs] 
2019-12-23T13:29:35.868+0000: 45395.315: [GC (Allocation Failure) 2019-12-23T13:29:35.868+0000: 45395.315: [ParNew: 70220K->5364K(72512K), 0.0028546 secs] 159080K->95176K(233664K), 0.0029281 secs] [Times: user=0.01 sys=0.00, real=0.01 secs] 
2019-12-23T13:29:47.984+0000: 45407.431: [GC (Allocation Failure) 2019-12-23T13:29:47.984+0000: 45407.431: [ParNew: 69876K->5169K(72512K), 0.0028746 secs] 159688K->95932K(233664K), 0.0029446 secs] [Times: user=0.01 sys=0.00, real=0.00 secs] 
2019-12-23T13:29:53.635+0000: 45413.082: [GC (Allocation Failure) 2019-12-23T13:29:53.635+0000: 45413.082: [ParNew: 69681K->5141K(72512K), 0.0027751 secs] 160444K->96884K(233664K), 0.0028591 secs] [Times: user=0.01 sys=0.00, real=0.00 secs] 
2019-12-23T13:30:06.801+0000: 45426.248: [GC (Allocation Failure) 2019-12-23T13:30:06.801+0000: 45426.248: [ParNew: 69653K->3419K(72512K), 0.0024725 secs] 161396K->95163K(233664K), 0.0025594 secs] [Times: user=0.00 sys=0.01, real=0.00 secs] 
2019-12-23T13:30:18.145+0000: 45437.592: [GC (Allocation Failure) 2019-12-23T13:30:18.145+0000: 45437.592: [ParNew: 67931K->4194K(72512K), 0.0023946 secs] 159675K->95938K(233664K), 0.0024724 secs] [Times: user=0.01 sys=0.00, real=0.00 secs] 
2019-12-23T13:30:30.162+0000: 45449.609: [GC (Allocation Failure) 2019-12-23T13:30:30.162+0000: 45449.609: [ParNew: 68706K->4920K(72512K), 0.0027684 secs] 160450K->96664K(233664K), 0.0028383 secs] [Times: user=0.01 sys=0.00, real=0.00 secs] 
2019-12-23T13:30:44.662+0000: 45464.109: [GC (Allocation Failure) 2019-12-23T13:30:44.662+0000: 45464.109: [ParNew: 69432K->5042K(72512K), 0.0029339 secs] 161176K->98075K(233664K), 0.0030265 secs] [Times: user=0.01 sys=0.00, real=0.00 secs] 
2019-12-23T13:30:55.257+0000: 45474.704: [GC (Allocation Failure) 2019-12-23T13:30:55.257+0000: 45474.704: [ParNew: 69554K->4792K(72512K), 0.0028835 secs] 162587K->98777K(233664K), 0.0029575 secs] [Times: user=0.01 sys=0.00, real=0.01 secs] 
2019-12-23T13:31:05.108+0000: 45484.555: [GC (Allocation Failure) 2019-12-23T13:31:05.108+0000: 45484.555: [ParNew: 69304K->5234K(72512K), 0.0030554 secs] 163289K->100198K(233664K), 0.0031263 secs] [Times: user=0.01 sys=0.00, real=0.01 secs] 
2019-12-23T13:31:23.837+0000: 45503.284: [GC (Allocation Failure) 2019-12-23T13:31:23.837+0000: 45503.284: [ParNew: 69746K->5849K(72512K), 0.0030187 secs] 164710K->101764K(233664K), 0.0030916 secs] [Times: user=0.01 sys=0.00, real=0.01 secs] 
2019-12-23T13:31:27.022+0000: 45506.469: [GC (Allocation Failure) 2019-12-23T13:31:27.022+0000: 45506.469: [ParNew: 70361K->5872K(72512K), 0.0029683 secs] 166276K->102738K(233664K), 0.0030637 secs] [Times: user=0.01 sys=0.00, real=0.00 secs] 
2019-12-23T13:31:42.931+0000: 45522.378: [GC (Allocation Failure) 2019-12-23T13:31:42.931+0000: 45522.378: [ParNew: 70384K->5529K(72512K), 0.0029092 secs] 167250K->103347K(233664K), 0.0029778 secs] [Times: user=0.01 sys=0.00, real=0.00 secs] 
2019-12-23T13:31:49.501+0000: 45528.948: [GC (Allocation Failure) 2019-12-23T13:31:49.501+0000: 45528.948: [ParNew: 70041K->5779K(72512K), 0.0029186 secs] 167859K->104549K(233664K), 0.0029920 secs] [Times: user=0.01 sys=0.00, real=0.00 secs] 
2019-12-23T13:32:05.101+0000: 45544.548: [GC (Allocation Failure) 2019-12-23T13:32:05.101+0000: 45544.548: [ParNew: 70291K->6575K(72512K), 0.0030563 secs] 169061K->106168K(233664K), 0.0031292 secs] [Times: user=0.01 sys=0.00, real=0.00 secs] 
2019-12-23T13:32:16.826+0000: 45556.273: [GC (Allocation Failure) 2019-12-23T13:32:16.826+0000: 45556.273: [ParNew: 71087K->6003K(72512K), 0.0029306 secs] 170680K->106548K(233664K), 0.0030049 secs] [Times: user=0.00 sys=0.00, real=0.00 secs] 
2019-12-23T13:32:25.228+0000: 45564.675: [GC (Allocation Failure) 2019-12-23T13:32:25.228+0000: 45564.675: [ParNew: 70515K->6044K(72512K), 0.0027953 secs] 171060K->107541K(233664K), 0.0028685 secs] [Times: user=0.00 sys=0.00, real=0.01 secs] 
2019-12-23T13:32:39.933+0000: 45579.380: [GC (Allocation Failure) 2019-12-23T13:32:39.933+0000: 45579.380: [ParNew: 70556K->6023K(72512K), 0.0029569 secs] 172053K->108472K(233664K), 0.0030393 secs] [Times: user=0.01 sys=0.00, real=0.00 secs] 
2019-12-23T13:32:43.949+0000: 45583.396: [GC (Allocation Failure) 2019-12-23T13:32:43.949+0000: 45583.396: [ParNew: 70535K->6665K(72512K), 0.0028684 secs] 172984K->110065K(233664K), 0.0029423 secs] [Times: user=0.01 sys=0.00, real=0.01 secs] 
2019-12-23T13:32:59.314+0000: 45598.761: [GC (Allocation Failure) 2019-12-23T13:32:59.314+0000: 45598.761: [ParNew: 71177K->5885K(72512K), 0.0028713 secs] 174577K->110237K(233664K), 0.0029584 secs] [Times: user=0.01 sys=0.00, real=0.00 secs] 
2019-12-23T13:33:10.807+0000: 45610.254: [GC (Allocation Failure) 2019-12-23T13:33:10.807+0000: 45610.254: [ParNew: 70397K->5878K(72512K), 0.0030303 secs] 174749K->111055K(233664K), 0.0031179 secs] [Times: user=0.01 sys=0.00, real=0.00 secs] 
2019-12-23T13:33:21.370+0000: 45620.817: [GC (Allocation Failure) 2019-12-23T13:33:21.370+0000: 45620.817: [ParNew: 70390K->6026K(72512K), 0.0030368 secs] 175567K->112154K(233664K), 0.0031300 secs] [Times: user=0.01 sys=0.00, real=0.01 secs] 
2019-12-23T13:33:36.877+0000: 45636.324: [GC (Allocation Failure) 2019-12-23T13:33:36.877+0000: 45636.324: [ParNew: 70538K->6025K(72512K), 0.0028357 secs] 176666K->113104K(233664K), 0.0029110 secs] [Times: user=0.01 sys=0.00, real=0.01 secs] 
2019-12-23T13:33:40.320+0000: 45639.767: [GC (Allocation Failure) 2019-12-23T13:33:40.320+0000: 45639.767: [ParNew: 70537K->4381K(72512K), 0.0024366 secs] 177616K->111593K(233664K), 0.0025144 secs] [Times: user=0.01 sys=0.00, real=0.00 secs] 
2019-12-23T13:33:51.402+0000: 45650.849: [GC (Allocation Failure) 2019-12-23T13:33:51.402+0000: 45650.849: [ParNew: 68893K->3777K(72512K), 0.0024731 secs] 176105K->110989K(233664K), 0.0025520 secs] [Times: user=0.01 sys=0.00, real=0.00 secs] 
2019-12-23T13:34:04.671+0000: 45664.118: [GC (Allocation Failure) 2019-12-23T13:34:04.671+0000: 45664.118: [ParNew: 68289K->5080K(72512K), 0.0027338 secs] 175501K->112292K(233664K), 0.0028186 secs] [Times: user=0.01 sys=0.00, real=0.00 secs] 
2019-12-23T13:34:17.393+0000: 45676.840: [GC (Allocation Failure) 2019-12-23T13:34:17.393+0000: 45676.840: [ParNew: 69592K->5402K(72512K), 0.0030427 secs] 176804K->113394K(233664K), 0.0031268 secs] [Times: user=0.01 sys=0.00, real=0.00 secs] 
2019-12-23T13:34:29.189+0000: 45688.636: [GC (Allocation Failure) 2019-12-23T13:34:29.189+0000: 45688.636: [ParNew: 69914K->4655K(72512K), 0.0028844 secs] 177906K->113598K(233664K), 0.0029635 secs] [Times: user=0.01 sys=0.00, real=0.01 secs] 
2019-12-23T13:34:39.797+0000: 45699.244: [GC (Allocation Failure) 2019-12-23T13:34:39.797+0000: 45699.244: [ParNew: 69167K->5602K(72512K), 0.0027731 secs] 178110K->115496K(233664K), 0.0028551 secs] [Times: user=0.01 sys=0.00, real=0.01 secs] 
2019-12-23T13:34:53.542+0000: 45712.989: [GC (Allocation Failure) 2019-12-23T13:34:53.542+0000: 45712.989: [ParNew: 70114K->5527K(72512K), 0.0027870 secs] 180008K->116373K(233664K), 0.0028659 secs] [Times: user=0.01 sys=0.00, real=0.00 secs] 
2019-12-23T13:35:01.839+0000: 45721.286: [GC (Allocation Failure) 2019-12-23T13:35:01.839+0000: 45721.286: [ParNew: 70039K->5892K(72512K), 0.0027179 secs] 180885K->117689K(233664K), 0.0027942 secs] [Times: user=0.00 sys=0.00, real=0.00 secs] 
2019-12-23T13:35:10.821+0000: 45730.268: [GC (Allocation Failure) 2019-12-23T13:35:10.821+0000: 45730.268: [ParNew: 70404K->6193K(72512K), 0.0030080 secs] 182201K->118817K(233664K), 0.0030985 secs] [Times: user=0.01 sys=0.00, real=0.00 secs] 
2019-12-23T13:35:23.972+0000: 45743.419: [GC (Allocation Failure) 2019-12-23T13:35:23.972+0000: 45743.419: [ParNew: 70705K->5110K(72512K), 0.0028995 secs] 183329K->118684K(233664K), 0.0029946 secs] [Times: user=0.01 sys=0.00, real=0.00 secs] 
2019-12-23T13:35:36.466+0000: 45755.913: [GC (Allocation Failure) 2019-12-23T13:35:36.466+0000: 45755.913: [ParNew: 69622K->5091K(72512K), 0.0030132 secs] 183196K->119754K(233664K), 0.0030944 secs] [Times: user=0.01 sys=0.00, real=0.00 secs] 
2019-12-23T13:35:48.690+0000: 45768.137: [GC (Allocation Failure) 2019-12-23T13:35:48.690+0000: 45768.137: [ParNew: 69603K->4660K(72512K), 0.0029271 secs] 184266K->120274K(233664K), 0.0030069 secs] [Times: user=0.01 sys=0.00, real=0.01 secs] 
2019-12-23T13:36:01.413+0000: 45780.860: [GC (Allocation Failure) 2019-12-23T13:36:01.413+0000: 45780.860: [ParNew: 69172K->4911K(72512K), 0.0028297 secs] 184786K->121477K(233664K), 0.0029104 secs] [Times: user=0.01 sys=0.00, real=0.00 secs] 
2019-12-23T13:36:11.706+0000: 45791.153: [GC (Allocation Failure) 2019-12-23T13:36:11.706+0000: 45791.153: [ParNew: 69423K->5292K(72512K), 0.0030273 secs] 185989K->122901K(233664K), 0.0031028 secs] [Times: user=0.01 sys=0.00, real=0.00 secs] 
2019-12-23T13:36:19.118+0000: 45798.565: [GC (Allocation Failure) 2019-12-23T13:36:19.118+0000: 45798.565: [ParNew: 69804K->6177K(72512K), 0.0028376 secs] 187413K->124738K(233664K), 0.0029171 secs] [Times: user=0.01 sys=0.00, real=0.01 secs] 
2019-12-23T13:36:32.396+0000: 45811.843: [GC (Allocation Failure) 2019-12-23T13:36:32.397+0000: 45811.843: [ParNew: 70689K->5136K(72512K), 0.0028723 secs] 189250K->124648K(233664K), 0.0029732 secs] [Times: user=0.01 sys=0.00, real=0.01 secs] 
2019-12-23T13:36:42.409+0000: 45821.856: [GC (Allocation Failure) 2019-12-23T13:36:42.409+0000: 45821.856: [ParNew: 69648K->5740K(72512K), 0.0027262 secs] 189160K->126203K(233664K), 0.0028083 secs] [Times: user=0.01 sys=0.00, real=0.01 secs] 
2019-12-23T13:36:56.714+0000: 45836.161: [GC (Allocation Failure) 2019-12-23T13:36:56.714+0000: 45836.161: [ParNew: 70252K->5879K(72512K), 0.0028915 secs] 190715K->127294K(233664K), 0.0029715 secs] [Times: user=0.01 sys=0.00, real=0.00 secs] 
2019-12-23T13:37:05.330+0000: 45844.777: [GC (Allocation Failure) 2019-12-23T13:37:05.330+0000: 45844.777: [ParNew: 70391K->2134K(72512K), 0.0038044 secs] 191806K->123551K(233664K), 0.0039026 secs] [Times: user=0.01 sys=0.00, real=0.01 secs] 
2019-12-23T13:37:19.611+0000: 45859.058: [GC (Allocation Failure) 2019-12-23T13:37:19.611+0000: 45859.058: [ParNew: 66646K->3409K(72512K), 0.0026983 secs] 188063K->124825K(233664K), 0.0027700 secs] [Times: user=0.01 sys=0.00, real=0.00 secs] 
2019-12-23T13:37:24.077+0000: 45863.524: [GC (Allocation Failure) 2019-12-23T13:37:24.077+0000: 45863.524: [ParNew: 67921K->4744K(72512K), 0.0027513 secs] 189337K->126160K(233664K), 0.0028374 secs] [Times: user=0.01 sys=0.00, real=0.01 secs] 
2019-12-23T13:37:37.863+0000: 45877.309: [GC (Allocation Failure) 2019-12-23T13:37:37.863+0000: 45877.309: [ParNew: 69256K->4783K(72512K), 0.0035823 secs] 190672K->126718K(233664K), 0.0036603 secs] [Times: user=0.01 sys=0.00, real=0.00 secs] 
2019-12-23T13:37:50.629+0000: 45890.076: [GC (Allocation Failure) 2019-12-23T13:37:50.629+0000: 45890.076: [ParNew: 69295K->5826K(72512K), 0.0031144 secs] 191230K->128712K(233664K), 0.0032354 secs] [Times: user=0.01 sys=0.00, real=0.01 secs] 
2019-12-23T13:38:00.573+0000: 45900.020: [GC (Allocation Failure) 2019-12-23T13:38:00.573+0000: 45900.020: [ParNew: 70338K->5444K(72512K), 0.0030522 secs] 193224K->129282K(233664K), 0.0031371 secs] [Times: user=0.01 sys=0.00, real=0.00 secs] 
2019-12-23T13:38:12.574+0000: 45912.021: [GC (Allocation Failure) 2019-12-23T13:38:12.574+0000: 45912.021: [ParNew: 69956K->6271K(72512K), 0.0029536 secs] 193794K->131061K(233664K), 0.0030479 secs] [Times: user=0.01 sys=0.00, real=0.00 secs] 
2019-12-23T13:38:26.584+0000: 45926.031: [GC (Allocation Failure) 2019-12-23T13:38:26.584+0000: 45926.031: [ParNew: 70783K->5970K(72512K), 0.0030068 secs] 195573K->131739K(233664K), 0.0030898 secs] [Times: user=0.00 sys=0.00, real=0.00 secs] 
2019-12-23T13:38:33.742+0000: 45933.189: [GC (Allocation Failure) 2019-12-23T13:38:33.742+0000: 45933.189: [ParNew: 70482K->6049K(72512K), 0.0028580 secs] 196251K->132770K(233664K), 0.0029350 secs] [Times: user=0.01 sys=0.00, real=0.00 secs] 
2019-12-23T13:38:44.858+0000: 45944.305: [GC (Allocation Failure) 2019-12-23T13:38:44.858+0000: 45944.305: [ParNew: 70561K->6031K(72512K), 0.0039336 secs] 197282K->133704K(233664K), 0.0040191 secs] [Times: user=0.01 sys=0.00, real=0.01 secs] 
2019-12-23T13:38:55.266+0000: 45954.713: [GC (Allocation Failure) 2019-12-23T13:38:55.266+0000: 45954.713: [ParNew: 70543K->6870K(72512K), 0.0033452 secs] 198216K->135494K(233664K), 0.0034540 secs] [Times: user=0.01 sys=0.00, real=0.00 secs] 
2019-12-23T13:39:10.977+0000: 45970.424: [GC (Allocation Failure) 2019-12-23T13:39:10.977+0000: 45970.424: [ParNew: 71382K->5419K(72512K), 0.0031598 secs] 200006K->134995K(233664K), 0.0032396 secs] [Times: user=0.01 sys=0.00, real=0.01 secs] 
2019-12-23T13:39:19.062+0000: 45978.509: [GC (Allocation Failure) 2019-12-23T13:39:19.062+0000: 45978.509: [ParNew: 69931K->5519K(72512K), 0.0029425 secs] 199507K->136075K(233664K), 0.0030228 secs] [Times: user=0.00 sys=0.01, real=0.00 secs] 
2019-12-23T13:39:31.401+0000: 45990.848: [GC (Allocation Failure) 2019-12-23T13:39:31.401+0000: 45990.848: [ParNew: 70031K->6328K(72512K), 0.0030445 secs] 200587K->137835K(233664K), 0.0031222 secs] [Times: user=0.01 sys=0.00, real=0.00 secs] 
2019-12-23T13:39:36.796+0000: 45996.243: [GC (Allocation Failure) 2019-12-23T13:39:36.796+0000: 45996.243: [ParNew: 70840K->4678K(72512K), 0.0026569 secs] 202347K->137137K(233664K), 0.0027307 secs] [Times: user=0.01 sys=0.00, real=0.00 secs] 
2019-12-23T13:39:54.155+0000: 46013.602: [GC (Allocation Failure) 2019-12-23T13:39:54.155+0000: 46013.602: [ParNew: 69177K->5109K(72512K), 0.0030455 secs] 201636K->138519K(233664K), 0.0031284 secs] [Times: user=0.00 sys=0.00, real=0.00 secs] 
2019-12-23T13:40:07.257+0000: 46026.704: [GC (Allocation Failure) 2019-12-23T13:40:07.257+0000: 46026.704: [ParNew: 69621K->5024K(72512K), 0.0030142 secs] 203031K->139386K(233664K), 0.0030843 secs] [Times: user=0.00 sys=0.00, real=0.01 secs] 
2019-12-23T13:40:14.434+0000: 46033.881: [GC (Allocation Failure) 2019-12-23T13:40:14.434+0000: 46033.881: [ParNew: 69536K->5011K(72512K), 0.0027748 secs] 203898K->140325K(233664K), 0.0028493 secs] [Times: user=0.01 sys=0.00, real=0.00 secs] 
2019-12-23T13:40:28.497+0000: 46047.944: [GC (Allocation Failure) 2019-12-23T13:40:28.497+0000: 46047.944: [ParNew: 69523K->5160K(72512K), 0.0027447 secs] 204837K->141395K(233664K), 0.0028225 secs] [Times: user=0.00 sys=0.00, real=0.01 secs] 
2019-12-23T13:40:39.641+0000: 46059.088: [GC (Allocation Failure) 2019-12-23T13:40:39.641+0000: 46059.088: [ParNew: 69672K->3369K(72512K), 0.0025841 secs] 205907K->139801K(233664K), 0.0026648 secs] [Times: user=0.01 sys=0.00, real=0.00 secs] 
2019-12-23T13:40:52.210+0000: 46071.657: [GC (Allocation Failure) 2019-12-23T13:40:52.210+0000: 46071.657: [ParNew: 67881K->3585K(72512K), 0.0024739 secs] 204313K->140017K(233664K), 0.0025537 secs] [Times: user=0.00 sys=0.00, real=0.01 secs] 
2019-12-23T13:41:02.072+0000: 46081.519: [GC (Allocation Failure) 2019-12-23T13:41:02.072+0000: 46081.519: [ParNew: 68089K->4504K(72512K), 0.0023978 secs] 204521K->140936K(233664K), 0.0024896 secs] [Times: user=0.01 sys=0.00, real=0.00 secs] 
2019-12-23T13:41:14.262+0000: 46093.709: [GC (Allocation Failure) 2019-12-23T13:41:14.263+0000: 46093.709: [ParNew: 69016K->4799K(72512K), 0.0040166 secs] 205448K->142090K(233664K), 0.0041299 secs] [Times: user=0.01 sys=0.00, real=0.00 secs] 
2019-12-23T13:41:28.056+0000: 46107.503: [GC (Allocation Failure) 2019-12-23T13:41:28.056+0000: 46107.503: [ParNew: 69311K->4684K(72512K), 0.0029659 secs] 206602K->142826K(233664K), 0.0030517 secs] [Times: user=0.01 sys=0.00, real=0.01 secs] 
2019-12-23T13:41:40.738+0000: 46120.185: [GC (Allocation Failure) 2019-12-23T13:41:40.738+0000: 46120.185: [ParNew: 69196K->5679K(72512K), 0.0038607 secs] 207338K->144776K(233664K), 0.0039315 secs] [Times: user=0.01 sys=0.00, real=0.01 secs] 
2019-12-23T13:41:51.287+0000: 46130.734: [GC (Allocation Failure) 2019-12-23T13:41:51.287+0000: 46130.734: [ParNew: 70191K->4708K(72512K), 0.0027214 secs] 209288K->144890K(233664K), 0.0027958 secs] [Times: user=0.01 sys=0.00, real=0.00 secs] 
2019-12-23T13:42:03.697+0000: 46143.144: [GC (Allocation Failure) 2019-12-23T13:42:03.697+0000: 46143.144: [ParNew: 69220K->5141K(72512K), 0.0028127 secs] 209402K->146274K(233664K), 0.0028820 secs] [Times: user=0.01 sys=0.00, real=0.01 secs] 
2019-12-23T13:42:12.266+0000: 46151.713: [GC (Allocation Failure) 2019-12-23T13:42:12.266+0000: 46151.713: [ParNew: 69653K->5457K(72512K), 0.0028227 secs] 210786K->147541K(233664K), 0.0029002 secs] [Times: user=0.00 sys=0.00, real=0.00 secs] 
2019-12-23T13:42:29.085+0000: 46168.532: [GC (Allocation Failure) 2019-12-23T13:42:29.085+0000: 46168.532: [ParNew: 69969K->5932K(72512K), 0.0028834 secs] 212053K->148996K(233664K), 0.0029535 secs] [Times: user=0.00 sys=0.00, real=0.00 secs] 
2019-12-23T13:42:31.628+0000: 46171.075: [GC (Allocation Failure) 2019-12-23T13:42:31.628+0000: 46171.075: [ParNew: 70444K->6562K(72512K), 0.0028660 secs] 213508K->150577K(233664K), 0.0029394 secs] [Times: user=0.01 sys=0.00, real=0.01 secs] 
2019-12-23T13:42:49.579+0000: 46189.026: [GC (Allocation Failure) 2019-12-23T13:42:49.579+0000: 46189.026: [ParNew: 71074K->5987K(72512K), 0.0028406 secs] 215089K->150954K(233664K), 0.0029111 secs] [Times: user=0.00 sys=0.00, real=0.00 secs] 
2019-12-23T13:42:55.763+0000: 46195.210: [GC (Allocation Failure) 2019-12-23T13:42:55.763+0000: 46195.210: [ParNew: 70499K->6827K(72512K), 0.0027566 secs] 215466K->152745K(233664K), 0.0028384 secs] [Times: user=0.01 sys=0.00, real=0.00 secs] 
2019-12-23T13:43:09.831+0000: 46209.278: [GC (Allocation Failure) 2019-12-23T13:43:09.831+0000: 46209.278: [ParNew: 71339K->5286K(72512K), 0.0032314 secs] 217257K->152156K(233664K), 0.0033273 secs] [Times: user=0.01 sys=0.00, real=0.00 secs] 
2019-12-23T13:43:21.626+0000: 46221.073: [GC (Allocation Failure) 2019-12-23T13:43:21.626+0000: 46221.073: [ParNew: 69798K->4527K(72512K), 0.0030438 secs] 216668K->152375K(233664K), 0.0031220 secs] [Times: user=0.01 sys=0.00, real=0.00 secs] 
2019-12-23T13:43:32.670+0000: 46232.117: [GC (Allocation Failure) 2019-12-23T13:43:32.670+0000: 46232.117: [ParNew: 69039K->5968K(72512K), 0.0028893 secs] 216887K->154641K(233664K), 0.0029701 secs] [Times: user=0.01 sys=0.00, real=0.01 secs] 
2019-12-23T13:43:32.674+0000: 46232.121: [GC (CMS Initial Mark) [1 CMS-initial-mark: 148672K(161152K)] 155682K(233664K), 0.0012184 secs] [Times: user=0.00 sys=0.00, real=0.00 secs] 
2019-12-23T13:43:32.675+0000: 46232.122: [CMS-concurrent-mark-start]
2019-12-23T13:43:32.719+0000: 46232.166: [CMS-concurrent-mark: 0.043/0.043 secs] [Times: user=0.07 sys=0.00, real=0.05 secs] 
2019-12-23T13:43:32.719+0000: 46232.166: [CMS-concurrent-preclean-start]
2019-12-23T13:43:32.720+0000: 46232.167: [CMS-concurrent-preclean: 0.001/0.001 secs] [Times: user=0.00 sys=0.00, real=0.00 secs] 
2019-12-23T13:43:32.720+0000: 46232.167: [CMS-concurrent-abortable-preclean-start]
 CMS: abort preclean due to time 2019-12-23T13:43:37.757+0000: 46237.204: [CMS-concurrent-abortable-preclean: 0.233/5.037 secs] [Times: user=0.32 sys=0.00, real=5.03 secs] 
2019-12-23T13:43:37.758+0000: 46237.205: [GC (CMS Final Remark) [YG occupancy: 56043 K (72512 K)]2019-12-23T13:43:37.758+0000: 46237.205: [Rescan (parallel) , 0.0075879 secs]2019-12-23T13:43:37.765+0000: 46237.212: [weak refs processing, 0.0000458 secs]2019-12-23T13:43:37.765+0000: 46237.212: [class unloading, 0.0088426 secs]2019-12-23T13:43:37.774+0000: 46237.221: [scrub symbol table, 0.0053058 secs]2019-12-23T13:43:37.779+0000: 46237.226: [scrub string table, 0.0005456 secs][1 CMS-remark: 148672K(161152K)] 204715K(233664K), 0.0224741 secs] [Times: user=0.04 sys=0.00, real=0.03 secs] 
2019-12-23T13:43:37.780+0000: 46237.227: [CMS-concurrent-sweep-start]
2019-12-23T13:43:37.792+0000: 46237.239: [CMS-concurrent-sweep: 0.012/0.012 secs] [Times: user=0.01 sys=0.00, real=0.01 secs] 
2019-12-23T13:43:37.792+0000: 46237.239: [CMS-concurrent-reset-start]
2019-12-23T13:43:37.803+0000: 46237.250: [CMS-concurrent-reset: 0.011/0.011 secs] [Times: user=0.01 sys=0.00, real=0.01 secs] 
2019-12-23T13:43:44.288+0000: 46243.735: [GC (Allocation Failure) 2019-12-23T13:43:44.288+0000: 46243.735: [ParNew: 70480K->5871K(72512K), 0.0036991 secs] 96989K->33332K(233664K), 0.0037774 secs] [Times: user=0.01 sys=0.00, real=0.01 secs] 
2019-12-23T13:43:49.786+0000: 46249.233: [GC (Allocation Failure) 2019-12-23T13:43:49.786+0000: 46249.233: [ParNew: 70383K->5568K(72512K), 0.0028506 secs] 97844K->33980K(233664K), 0.0029192 secs] [Times: user=0.01 sys=0.00, real=0.00 secs] 
2019-12-23T13:44:02.763+0000: 46262.210: [GC (Allocation Failure) 2019-12-23T13:44:02.763+0000: 46262.210: [ParNew: 70080K->2905K(72512K), 0.0023909 secs] 98492K->31319K(233664K), 0.0024747 secs] [Times: user=0.00 sys=0.00, real=0.00 secs] 
2019-12-23T13:44:14.406+0000: 46273.853: [GC (Allocation Failure) 2019-12-23T13:44:14.406+0000: 46273.853: [ParNew: 67417K->3593K(72512K), 0.0024262 secs] 95831K->32006K(233664K), 0.0025000 secs] [Times: user=0.01 sys=0.00, real=0.00 secs] 
2019-12-23T13:44:27.702+0000: 46287.149: [GC (Allocation Failure) 2019-12-23T13:44:27.702+0000: 46287.149: [ParNew: 68105K->4821K(72512K), 0.0027397 secs] 96518K->33234K(233664K), 0.0028293 secs] [Times: user=0.01 sys=0.00, real=0.00 secs] 
2019-12-23T13:44:39.429+0000: 46298.876: [GC (Allocation Failure) 2019-12-23T13:44:39.429+0000: 46298.876: [ParNew: 69333K->5676K(72512K), 0.0028898 secs] 97746K->34907K(233664K), 0.0029738 secs] [Times: user=0.01 sys=0.00, real=0.01 secs] 
2019-12-23T13:44:47.282+0000: 46306.729: [GC (Allocation Failure) 2019-12-23T13:44:47.282+0000: 46306.729: [ParNew: 70188K->4685K(72512K), 0.0029160 secs] 99419K->34867K(233664K), 0.0029889 secs] [Times: user=0.01 sys=0.00, real=0.00 secs] 
2019-12-23T13:45:04.279+0000: 46323.726: [GC (Allocation Failure) 2019-12-23T13:45:04.279+0000: 46323.726: [ParNew: 69197K->5244K(72512K), 0.0030162 secs] 99379K->36378K(233664K), 0.0031143 secs] [Times: user=0.01 sys=0.00, real=0.00 secs] 
2019-12-23T13:45:06.437+0000: 46325.884: [GC (Allocation Failure) 2019-12-23T13:45:06.437+0000: 46325.884: [ParNew: 69756K->5839K(72512K), 0.0030507 secs] 100890K->37924K(233664K), 0.0031250 secs] [Times: user=0.01 sys=0.00, real=0.01 secs] 
2019-12-23T13:45:24.173+0000: 46343.620: [GC (Allocation Failure) 2019-12-23T13:45:24.173+0000: 46343.620: [ParNew: 70351K->6017K(72512K), 0.0033500 secs] 102436K->39053K(233664K), 0.0034295 secs] [Times: user=0.01 sys=0.00, real=0.00 secs] 
2019-12-23T13:45:32.130+0000: 46351.577: [GC (Allocation Failure) 2019-12-23T13:45:32.130+0000: 46351.577: [ParNew: 70529K->5641K(72512K), 0.0029834 secs] 103565K->39657K(233664K), 0.0030782 secs] [Times: user=0.00 sys=0.00, real=0.01 secs] 
2019-12-23T13:45:44.610+0000: 46364.057: [GC (Allocation Failure) 2019-12-23T13:45:44.610+0000: 46364.057: [ParNew: 70153K->5138K(72512K), 0.0029122 secs] 104169K->40106K(233664K), 0.0029868 secs] [Times: user=0.01 sys=0.00, real=0.01 secs] 
2019-12-23T13:45:58.701+0000: 46378.148: [GC (Allocation Failure) 2019-12-23T13:45:58.701+0000: 46378.148: [ParNew: 69650K->4680K(72512K), 0.0038548 secs] 104618K->40599K(233664K), 0.0039260 secs] [Times: user=0.01 sys=0.00, real=0.00 secs] 
2019-12-23T13:46:09.345+0000: 46388.792: [GC (Allocation Failure) 2019-12-23T13:46:09.345+0000: 46388.792: [ParNew: 69192K->5527K(72512K), 0.0027574 secs] 105111K->42397K(233664K), 0.0028412 secs] [Times: user=0.00 sys=0.00, real=0.00 secs] 
2019-12-23T13:46:23.342+0000: 46402.789: [GC (Allocation Failure) 2019-12-23T13:46:23.342+0000: 46402.789: [ParNew: 70039K->5350K(72512K), 0.0029403 secs] 106909K->43171K(233664K), 0.0030212 secs] [Times: user=0.01 sys=0.00, real=0.00 secs] 
2019-12-23T13:46:29.737+0000: 46409.184: [GC (Allocation Failure) 2019-12-23T13:46:29.737+0000: 46409.184: [ParNew: 69862K->5503K(72512K), 0.0029870 secs] 107683K->44412K(233664K), 0.0030631 secs] [Times: user=0.01 sys=0.00, real=0.01 secs] 
2019-12-23T13:46:43.085+0000: 46422.532: [GC (Allocation Failure) 2019-12-23T13:46:43.085+0000: 46422.532: [ParNew: 70015K->5094K(72512K), 0.0027660 secs] 108924K->44954K(233664K), 0.0028377 secs] [Times: user=0.01 sys=0.00, real=0.00 secs] 
2019-12-23T13:46:50.627+0000: 46430.074: [GC (Allocation Failure) 2019-12-23T13:46:50.627+0000: 46430.074: [ParNew: 69606K->5324K(72512K), 0.0028150 secs] 109466K->46136K(233664K), 0.0028911 secs] [Times: user=0.00 sys=0.00, real=0.00 secs] 
2019-12-23T13:47:04.499+0000: 46443.946: [GC (Allocation Failure) 2019-12-23T13:47:04.499+0000: 46443.946: [ParNew: 69836K->5016K(72512K), 0.0029267 secs] 110648K->46781K(233664K), 0.0030132 secs] [Times: user=0.01 sys=0.00, real=0.00 secs] 
2019-12-23T13:47:16.051+0000: 46455.498: [GC (Allocation Failure) 2019-12-23T13:47:16.051+0000: 46455.498: [ParNew: 69528K->3220K(72512K), 0.0025505 secs] 111293K->44985K(233664K), 0.0026283 secs] [Times: user=0.01 sys=0.00, real=0.00 secs] 
2019-12-23T13:47:26.555+0000: 46466.002: [GC (Allocation Failure) 2019-12-23T13:47:26.555+0000: 46466.002: [ParNew: 67732K->3327K(72512K), 0.0026435 secs] 109497K->45093K(233664K), 0.0027126 secs] [Times: user=0.00 sys=0.00, real=0.00 secs] 
2019-12-23T13:47:38.680+0000: 46478.127: [GC (Allocation Failure) 2019-12-23T13:47:38.680+0000: 46478.127: [ParNew: 67839K->4279K(72512K), 0.0025522 secs] 109605K->46044K(233664K), 0.0026305 secs] [Times: user=0.00 sys=0.00, real=0.00 secs] 
2019-12-23T13:48:01.684+0000: 46501.131: [GC (Allocation Failure) 2019-12-23T13:48:01.684+0000: 46501.131: [ParNew: 68791K->5098K(72512K), 0.0026749 secs] 110556K->46863K(233664K), 0.0027572 secs] [Times: user=0.01 sys=0.00, real=0.00 secs] 
2019-12-23T13:48:19.042+0000: 46518.489: [GC (Allocation Failure) 2019-12-23T13:48:19.042+0000: 46518.489: [ParNew: 69610K->4999K(72512K), 0.0029733 secs] 111375K->48250K(233664K), 0.0030491 secs] [Times: user=0.01 sys=0.00, real=0.00 secs] 
2019-12-23T13:48:48.237+0000: 46547.684: [GC (Allocation Failure) 2019-12-23T13:48:48.237+0000: 46547.684: [ParNew: 69511K->5203K(72512K), 0.0030916 secs] 112762K->49433K(233664K), 0.0031635 secs] [Times: user=0.01 sys=0.00, real=0.01 secs] 
2019-12-23T13:49:04.710+0000: 46564.157: [GC (Allocation Failure) 2019-12-23T13:49:04.710+0000: 46564.157: [ParNew: 69715K->5294K(72512K), 0.0030767 secs] 113945K->50475K(233664K), 0.0031716 secs] [Times: user=0.01 sys=0.00, real=0.01 secs] 
2019-12-23T13:49:27.582+0000: 46587.029: [GC (Allocation Failure) 2019-12-23T13:49:27.582+0000: 46587.029: [ParNew: 69806K->5106K(72512K), 0.0029919 secs] 114987K->51240K(233664K), 0.0030609 secs] [Times: user=0.01 sys=0.00, real=0.00 secs] 
2019-12-23T13:49:43.673+0000: 46603.120: [GC (Allocation Failure) 2019-12-23T13:49:43.673+0000: 46603.120: [ParNew: 69618K->5064K(72512K), 0.0029247 secs] 115752K->52148K(233664K), 0.0029929 secs] [Times: user=0.00 sys=0.00, real=0.00 secs] 
2019-12-23T13:50:01.836+0000: 46621.283: [GC (Allocation Failure) 2019-12-23T13:50:01.836+0000: 46621.283: [ParNew: 69576K->6613K(72512K), 0.0030423 secs] 116660K->54521K(233664K), 0.0031147 secs] [Times: user=0.01 sys=0.00, real=0.01 secs] 
2019-12-23T13:50:16.049+0000: 46635.496: [GC (Allocation Failure) 2019-12-23T13:50:16.050+0000: 46635.496: [ParNew: 71125K->6633K(72512K), 0.0029770 secs] 119033K->55519K(233664K), 0.0030564 secs] [Times: user=0.01 sys=0.00, real=0.01 secs] 
2019-12-23T13:50:32.012+0000: 46651.459: [GC (Allocation Failure) 2019-12-23T13:50:32.012+0000: 46651.459: [ParNew: 71145K->6002K(72512K), 0.0029095 secs] 120031K->55839K(233664K), 0.0029879 secs] [Times: user=0.00 sys=0.00, real=0.00 secs] 
2019-12-23T13:50:48.796+0000: 46668.243: [GC (Allocation Failure) 2019-12-23T13:50:48.796+0000: 46668.243: [ParNew: 70514K->6803K(72512K), 0.0029938 secs] 120351K->57592K(233664K), 0.0030711 secs] [Times: user=0.00 sys=0.00, real=0.01 secs] 
2019-12-23T13:50:58.829+0000: 46678.276: [GC (Allocation Failure) 2019-12-23T13:50:58.829+0000: 46678.276: [ParNew: 71315K->5493K(72512K), 0.0029069 secs] 122104K->57233K(233664K), 0.0029871 secs] [Times: user=0.01 sys=0.00, real=0.01 secs] 
2019-12-23T13:51:13.513+0000: 46692.960: [GC (Allocation Failure) 2019-12-23T13:51:13.513+0000: 46692.960: [ParNew: 70005K->2477K(72512K), 0.0056630 secs] 121745K->54218K(233664K), 0.0057710 secs] [Times: user=0.01 sys=0.00, real=0.01 secs] 
2019-12-23T13:51:27.557+0000: 46707.003: [GC (Allocation Failure) 2019-12-23T13:51:27.557+0000: 46707.004: [ParNew: 66989K->3502K(72512K), 0.0027271 secs] 118730K->55243K(233664K), 0.0027998 secs] [Times: user=0.01 sys=0.00, real=0.01 secs] 
2019-12-23T13:51:35.459+0000: 46714.906: [GC (Allocation Failure) 2019-12-23T13:51:35.459+0000: 46714.906: [ParNew: 68014K->4722K(72512K), 0.0045064 secs] 119755K->56463K(233664K), 0.0046016 secs] [Times: user=0.01 sys=0.00, real=0.00 secs] 
2019-12-23T13:51:52.101+0000: 46731.548: [GC (Allocation Failure) 2019-12-23T13:51:52.101+0000: 46731.548: [ParNew: 69234K->4691K(72512K), 0.0028506 secs] 120975K->57049K(233664K), 0.0029274 secs] [Times: user=0.00 sys=0.00, real=0.00 secs] 
2019-12-23T13:51:52.968+0000: 46732.415: [GC (Allocation Failure) 2019-12-23T13:51:52.968+0000: 46732.415: [ParNew: 69203K->5515K(72512K), 0.0028796 secs] 121561K->58825K(233664K), 0.0029617 secs] [Times: user=0.01 sys=0.00, real=0.01 secs] 
2019-12-23T13:52:09.497+0000: 46748.944: [GC (Allocation Failure) 2019-12-23T13:52:09.497+0000: 46748.944: [ParNew: 70027K->5670K(72512K), 0.0035264 secs] 123337K->59932K(233664K), 0.0036162 secs] [Times: user=0.01 sys=0.00, real=0.01 secs] 
2019-12-23T13:52:17.258+0000: 46756.705: [GC (Allocation Failure) 2019-12-23T13:52:17.258+0000: 46756.705: [ParNew: 70182K->5385K(72512K), 0.0028062 secs] 124444K->60598K(233664K), 0.0029112 secs] [Times: user=0.01 sys=0.00, real=0.01 secs] 
2019-12-23T13:52:27.897+0000: 46767.344: [GC (Allocation Failure) 2019-12-23T13:52:27.897+0000: 46767.344: [ParNew: 69897K->4664K(72512K), 0.0029833 secs] 125110K->60829K(233664K), 0.0030782 secs] [Times: user=0.01 sys=0.00, real=0.01 secs] 
2019-12-23T13:52:40.843+0000: 46780.290: [GC (Allocation Failure) 2019-12-23T13:52:40.843+0000: 46780.290: [ParNew: 69176K->5506K(72512K), 0.0029199 secs] 125341K->62650K(233664K), 0.0029987 secs] [Times: user=0.01 sys=0.00, real=0.00 secs] 
2019-12-23T13:52:46.312+0000: 46785.759: [GC (Allocation Failure) 2019-12-23T13:52:46.313+0000: 46785.759: [ParNew: 70018K->6045K(72512K), 0.0030642 secs] 127162K->64141K(233664K), 0.0031452 secs] [Times: user=0.01 sys=0.00, real=0.00 secs] 
2019-12-23T13:52:58.811+0000: 46798.258: [GC (Allocation Failure) 2019-12-23T13:52:58.811+0000: 46798.258: [ParNew: 70557K->5066K(72512K), 0.0028635 secs] 128653K->64140K(233664K), 0.0029571 secs] [Times: user=0.01 sys=0.00, real=0.00 secs] 
2019-12-23T13:53:11.555+0000: 46811.002: [GC (Allocation Failure) 2019-12-23T13:53:11.555+0000: 46811.002: [ParNew: 69578K->5417K(72512K), 0.0030213 secs] 128652K->65444K(233664K), 0.0031063 secs] [Times: user=0.01 sys=0.00, real=0.00 secs] 
2019-12-23T13:53:19.153+0000: 46818.600: [GC (Allocation Failure) 2019-12-23T13:53:19.154+0000: 46818.600: [ParNew: 69929K->5649K(72512K), 0.0029351 secs] 129956K->66628K(233664K), 0.0030173 secs] [Times: user=0.00 sys=0.00, real=0.00 secs] 
2019-12-23T13:53:32.247+0000: 46831.694: [GC (Allocation Failure) 2019-12-23T13:53:32.247+0000: 46831.694: [ParNew: 70161K->5153K(72512K), 0.0028910 secs] 131140K->67083K(233664K), 0.0029724 secs] [Times: user=0.01 sys=0.00, real=0.00 secs] 
2019-12-23T13:53:36.591+0000: 46836.038: [GC (Allocation Failure) 2019-12-23T13:53:36.591+0000: 46836.038: [ParNew: 69665K->5626K(72512K), 0.0029033 secs] 131595K->68380K(233664K), 0.0029796 secs] [Times: user=0.01 sys=0.00, real=0.00 secs] 
2019-12-23T13:53:56.207+0000: 46855.654: [GC (Allocation Failure) 2019-12-23T13:53:56.207+0000: 46855.654: [ParNew: 70138K->5516K(72512K), 0.0026688 secs] 132892K->69222K(233664K), 0.0027531 secs] [Times: user=0.01 sys=0.00, real=0.00 secs] 
2019-12-23T13:53:58.664+0000: 46858.111: [GC (Allocation Failure) 2019-12-23T13:53:58.664+0000: 46858.111: [ParNew: 70028K->5973K(72512K), 0.0027806 secs] 133734K->70630K(233664K), 0.0028631 secs] [Times: user=0.01 sys=0.00, real=0.00 secs] 
2019-12-23T13:54:14.263+0000: 46873.710: [GC (Allocation Failure) 2019-12-23T13:54:14.264+0000: 46873.711: [ParNew: 70485K->5693K(72512K), 0.0026963 secs] 135142K->71302K(233664K), 0.0028244 secs] [Times: user=0.01 sys=0.00, real=0.00 secs] 
2019-12-23T13:54:24.342+0000: 46883.789: [GC (Allocation Failure) 2019-12-23T13:54:24.342+0000: 46883.789: [ParNew: 70205K->4440K(72512K), 0.0025253 secs] 135814K->70050K(233664K), 0.0026099 secs] [Times: user=0.00 sys=0.00, real=0.00 secs] 
2019-12-23T13:54:33.689+0000: 46893.136: [GC (Allocation Failure) 2019-12-23T13:54:33.689+0000: 46893.136: [ParNew: 68952K->3582K(72512K), 0.0025959 secs] 134562K->69192K(233664K), 0.0026785 secs] [Times: user=0.00 sys=0.00, real=0.01 secs] 
2019-12-23T13:54:49.960+0000: 46909.407: [GC (Allocation Failure) 2019-12-23T13:54:49.960+0000: 46909.407: [ParNew: 68094K->4219K(72512K), 0.0026928 secs] 133704K->69829K(233664K), 0.0027739 secs] [Times: user=0.00 sys=0.00, real=0.00 secs] 
2019-12-23T13:54:51.920+0000: 46911.367: [GC (Allocation Failure) 2019-12-23T13:54:51.920+0000: 46911.367: [ParNew: 68731K->5146K(72512K), 0.0025703 secs] 134341K->71343K(233664K), 0.0026435 secs] [Times: user=0.00 sys=0.00, real=0.00 secs] 
2019-12-23T13:55:06.152+0000: 46925.599: [GC (Allocation Failure) 2019-12-23T13:55:06.152+0000: 46925.599: [ParNew: 69658K->5051K(72512K), 0.0029034 secs] 135855K->72199K(233664K), 0.0029821 secs] [Times: user=0.00 sys=0.00, real=0.00 secs] 
2019-12-23T13:55:16.015+0000: 46935.462: [GC (Allocation Failure) 2019-12-23T13:55:16.015+0000: 46935.462: [ParNew: 69563K->5382K(72512K), 0.0029439 secs] 136711K->73482K(233664K), 0.0030220 secs] [Times: user=0.01 sys=0.00, real=0.00 secs] 
2019-12-23T13:55:27.956+0000: 46947.403: [GC (Allocation Failure) 2019-12-23T13:55:27.956+0000: 46947.403: [ParNew: 69894K->5740K(72512K), 0.0028527 secs] 137994K->74793K(233664K), 0.0029183 secs] [Times: user=0.00 sys=0.00, real=0.01 secs] 
2019-12-23T13:55:39.511+0000: 46958.958: [GC (Allocation Failure) 2019-12-23T13:55:39.511+0000: 46958.958: [ParNew: 70252K->4948K(72512K), 0.0028271 secs] 139305K->74894K(233664K), 0.0028967 secs] [Times: user=0.01 sys=0.00, real=0.00 secs] 
2019-12-23T13:55:54.378+0000: 46973.825: [GC (Allocation Failure) 2019-12-23T13:55:54.378+0000: 46973.825: [ParNew: 69460K->5188K(72512K), 0.0031051 secs] 139406K->76151K(233664K), 0.0031802 secs] [Times: user=0.01 sys=0.00, real=0.01 secs] 
2019-12-23T13:56:00.375+0000: 46979.822: [GC (Allocation Failure) 2019-12-23T13:56:00.375+0000: 46979.822: [ParNew: 69700K->5254K(72512K), 0.0028482 secs] 140663K->77169K(233664K), 0.0029237 secs] [Times: user=0.01 sys=0.00, real=0.00 secs] 
2019-12-23T13:56:10.615+0000: 46990.062: [GC (Allocation Failure) 2019-12-23T13:56:10.615+0000: 46990.062: [ParNew: 69766K->5695K(72512K), 0.0027430 secs] 141681K->78561K(233664K), 0.0028197 secs] [Times: user=0.01 sys=0.00, real=0.00 secs] 
2019-12-23T13:56:19.831+0000: 46999.278: [GC (Allocation Failure) 2019-12-23T13:56:19.831+0000: 46999.278: [ParNew: 70207K->5233K(72512K), 0.0028825 secs] 143073K->79051K(233664K), 0.0029604 secs] [Times: user=0.01 sys=0.00, real=0.00 secs] 
2019-12-23T13:56:33.386+0000: 47012.833: [GC (Allocation Failure) 2019-12-23T13:56:33.386+0000: 47012.833: [ParNew: 69745K->5823K(72512K), 0.0029424 secs] 143563K->80620K(233664K), 0.0030172 secs] [Times: user=0.00 sys=0.00, real=0.00 secs] 
2019-12-23T13:56:42.390+0000: 47021.836: [GC (Allocation Failure) 2019-12-23T13:56:42.390+0000: 47021.837: [ParNew: 70335K->5815K(72512K), 0.0027783 secs] 145132K->81563K(233664K), 0.0028516 secs] [Times: user=0.00 sys=0.00, real=0.01 secs] 
2019-12-23T13:56:53.738+0000: 47033.185: [GC (Allocation Failure) 2019-12-23T13:56:53.738+0000: 47033.185: [ParNew: 70327K->5525K(72512K), 0.0029480 secs] 146075K->82224K(233664K), 0.0030233 secs] [Times: user=0.00 sys=0.00, real=0.01 secs] 
2019-12-23T13:57:00.899+0000: 47040.346: [GC (Allocation Failure) 2019-12-23T13:57:00.899+0000: 47040.346: [ParNew: 70037K->6700K(72512K), 0.0030073 secs] 146736K->84351K(233664K), 0.0031012 secs] [Times: user=0.01 sys=0.00, real=0.00 secs] 
2019-12-23T13:57:14.036+0000: 47053.482: [GC (Allocation Failure) 2019-12-23T13:57:14.036+0000: 47053.483: [ParNew: 71212K->5836K(72512K), 0.0030663 secs] 148863K->84438K(233664K), 0.0031574 secs] [Times: user=0.01 sys=0.00, real=0.01 secs] 
2019-12-23T13:57:25.322+0000: 47064.769: [GC (Allocation Failure) 2019-12-23T13:57:25.322+0000: 47064.769: [ParNew: 70348K->4446K(72512K), 0.0025579 secs] 148950K->83050K(233664K), 0.0026349 secs] [Times: user=0.00 sys=0.00, real=0.00 secs] 
2019-12-23T13:57:37.906+0000: 47077.353: [GC (Allocation Failure) 2019-12-23T13:57:37.906+0000: 47077.353: [ParNew: 68958K->3694K(72512K), 0.0024013 secs] 147562K->82297K(233664K), 0.0024728 secs] [Times: user=0.01 sys=0.00, real=0.00 secs] 
2019-12-23T13:57:44.317+0000: 47083.764: [GC (Allocation Failure) 2019-12-23T13:57:44.317+0000: 47083.764: [ParNew: 68206K->4598K(72512K), 0.0027133 secs] 146809K->83201K(233664K), 0.0027869 secs] [Times: user=0.01 sys=0.00, real=0.01 secs] 
2019-12-23T13:57:55.761+0000: 47095.208: [GC (Allocation Failure) 2019-12-23T13:57:55.761+0000: 47095.208: [ParNew: 69110K->4764K(72512K), 0.0029133 secs] 147713K->84082K(233664K), 0.0029879 secs] [Times: user=0.01 sys=0.00, real=0.00 secs] 
2019-12-23T13:58:04.635+0000: 47104.082: [GC (Allocation Failure) 2019-12-23T13:58:04.635+0000: 47104.082: [ParNew: 69276K->5095K(72512K), 0.0027392 secs] 148594K->85365K(233664K), 0.0028332 secs] [Times: user=0.01 sys=0.00, real=0.00 secs] 
2019-12-23T13:58:16.460+0000: 47115.907: [GC (Allocation Failure) 2019-12-23T13:58:16.460+0000: 47115.907: [ParNew: 69607K->5115K(72512K), 0.0029774 secs] 149877K->86336K(233664K), 0.0030703 secs] [Times: user=0.00 sys=0.00, real=0.00 secs] 
2019-12-23T13:58:28.165+0000: 47127.612: [GC (Allocation Failure) 2019-12-23T13:58:28.165+0000: 47127.612: [ParNew: 69627K->5845K(72512K), 0.0029020 secs] 150848K->88018K(233664K), 0.0029762 secs] [Times: user=0.01 sys=0.00, real=0.00 secs] 
2019-12-23T13:58:41.184+0000: 47140.631: [GC (Allocation Failure) 2019-12-23T13:58:41.184+0000: 47140.631: [ParNew: 70357K->5216K(72512K), 0.0028900 secs] 152530K->88340K(233664K), 0.0029708 secs] [Times: user=0.01 sys=0.00, real=0.00 secs] 
2019-12-23T13:58:46.061+0000: 47145.508: [GC (Allocation Failure) 2019-12-23T13:58:46.061+0000: 47145.508: [ParNew: 69728K->5622K(72512K), 0.0028903 secs] 152852K->89571K(233664K), 0.0029740 secs] [Times: user=0.01 sys=0.00, real=0.00 secs] 
2019-12-23T13:58:57.279+0000: 47156.726: [GC (Allocation Failure) 2019-12-23T13:58:57.280+0000: 47156.726: [ParNew: 70134K->6022K(72512K), 0.0029230 secs] 154083K->90922K(233664K), 0.0030062 secs] [Times: user=0.00 sys=0.00, real=0.00 secs] 
2019-12-23T13:59:08.307+0000: 47167.754: [GC (Allocation Failure) 2019-12-23T13:59:08.308+0000: 47167.754: [ParNew: 70534K->5476K(72512K), 0.0030084 secs] 155434K->91328K(233664K), 0.0031140 secs] [Times: user=0.01 sys=0.00, real=0.01 secs] 
2019-12-23T13:59:21.504+0000: 47180.951: [GC (Allocation Failure) 2019-12-23T13:59:21.504+0000: 47180.951: [ParNew: 69988K->5541K(72512K), 0.0031361 secs] 155840K->92344K(233664K), 0.0032188 secs] [Times: user=0.01 sys=0.00, real=0.00 secs] 
2019-12-23T13:59:30.001+0000: 47189.448: [GC (Allocation Failure) 2019-12-23T13:59:30.001+0000: 47189.448: [ParNew: 70053K->5304K(72512K), 0.0029428 secs] 156856K->93059K(233664K), 0.0030257 secs] [Times: user=0.00 sys=0.00, real=0.00 secs] 
2019-12-23T13:59:40.942+0000: 47200.389: [GC (Allocation Failure) 2019-12-23T13:59:40.942+0000: 47200.389: [ParNew: 69816K->6884K(72512K), 0.0029369 secs] 157571K->95590K(233664K), 0.0030342 secs] [Times: user=0.01 sys=0.00, real=0.00 secs] 
2019-12-23T13:59:48.868+0000: 47208.315: [GC (Allocation Failure) 2019-12-23T13:59:48.868+0000: 47208.315: [ParNew: 71396K->5347K(72512K), 0.0029430 secs] 160102K->95033K(233664K), 0.0030243 secs] [Times: user=0.01 sys=0.00, real=0.01 secs] 
2019-12-23T14:00:02.581+0000: 47222.028: [GC (Allocation Failure) 2019-12-23T14:00:02.581+0000: 47222.028: [ParNew: 69859K->6531K(72512K), 0.0030184 secs] 159545K->97168K(233664K), 0.0031006 secs] [Times: user=0.01 sys=0.00, real=0.00 secs] 
2019-12-23T14:00:15.907+0000: 47235.354: [GC (Allocation Failure) 2019-12-23T14:00:15.907+0000: 47235.354: [ParNew: 71043K->5009K(72512K), 0.0029598 secs] 161680K->96598K(233664K), 0.0030491 secs] [Times: user=0.01 sys=0.00, real=0.00 secs] 
2019-12-23T14:00:25.078+0000: 47244.525: [GC (Allocation Failure) 2019-12-23T14:00:25.078+0000: 47244.525: [ParNew: 69521K->3695K(72512K), 0.0024968 secs] 161110K->95349K(233664K), 0.0025818 secs] [Times: user=0.01 sys=0.00, real=0.01 secs] 
2019-12-23T14:00:31.579+0000: 47251.026: [GC (Allocation Failure) 2019-12-23T14:00:31.579+0000: 47251.026: [ParNew: 68207K->3703K(72512K), 0.0024430 secs] 159861K->95357K(233664K), 0.0025607 secs] [Times: user=0.01 sys=0.00, real=0.00 secs] 
2019-12-23T14:00:43.831+0000: 47263.277: [GC (Allocation Failure) 2019-12-23T14:00:43.831+0000: 47263.278: [ParNew: 68215K->4546K(72512K), 0.0026414 secs] 159869K->96200K(233664K), 0.0027484 secs] [Times: user=0.01 sys=0.00, real=0.00 secs] 
2019-12-23T14:00:52.445+0000: 47271.892: [GC (Allocation Failure) 2019-12-23T14:00:52.445+0000: 47271.892: [ParNew: 69058K->4958K(72512K), 0.0027213 secs] 160712K->97030K(233664K), 0.0028101 secs] [Times: user=0.01 sys=0.00, real=0.00 secs] 
2019-12-23T14:01:06.205+0000: 47285.652: [GC (Allocation Failure) 2019-12-23T14:01:06.205+0000: 47285.652: [ParNew: 69470K->5234K(72512K), 0.0030020 secs] 161542K->98453K(233664K), 0.0030848 secs] [Times: user=0.00 sys=0.00, real=0.00 secs] 
2019-12-23T14:01:15.083+0000: 47294.529: [GC (Allocation Failure) 2019-12-23T14:01:15.083+0000: 47294.530: [ParNew: 69746K->5111K(72512K), 0.0029317 secs] 162965K->99282K(233664K), 0.0030104 secs] [Times: user=0.01 sys=0.01, real=0.00 secs] 
2019-12-23T14:01:28.913+0000: 47308.360: [GC (Allocation Failure) 2019-12-23T14:01:28.913+0000: 47308.360: [ParNew: 69623K->5422K(72512K), 0.0028364 secs] 163794K->100544K(233664K), 0.0029138 secs] [Times: user=0.01 sys=0.00, real=0.00 secs] 
2019-12-23T14:01:38.920+0000: 47318.367: [GC (Allocation Failure) 2019-12-23T14:01:38.920+0000: 47318.367: [ParNew: 69934K->4871K(72512K), 0.0034125 secs] 165056K->100947K(233664K), 0.0034986 secs] [Times: user=0.00 sys=0.00, real=0.00 secs] 
2019-12-23T14:01:47.217+0000: 47326.664: [GC (Allocation Failure) 2019-12-23T14:01:47.217+0000: 47326.664: [ParNew: 69383K->5497K(72512K), 0.0029375 secs] 165459K->102522K(233664K), 0.0030135 secs] [Times: user=0.00 sys=0.00, real=0.01 secs] 
2019-12-23T14:01:59.723+0000: 47339.170: [GC (Allocation Failure) 2019-12-23T14:01:59.723+0000: 47339.170: [ParNew: 70009K->6361K(72512K), 0.0027919 secs] 167034K->104373K(233664K), 0.0028591 secs] [Times: user=0.00 sys=0.00, real=0.00 secs] 
2019-12-23T14:02:11.256+0000: 47350.703: [GC (Allocation Failure) 2019-12-23T14:02:11.256+0000: 47350.703: [ParNew: 70873K->4866K(72512K), 0.0028937 secs] 168885K->103830K(233664K), 0.0029841 secs] [Times: user=0.00 sys=0.00, real=0.01 secs] 
2019-12-23T14:02:20.641+0000: 47360.088: [GC (Allocation Failure) 2019-12-23T14:02:20.641+0000: 47360.088: [ParNew: 69378K->4703K(72512K), 0.0027881 secs] 168342K->104618K(233664K), 0.0028560 secs] [Times: user=0.01 sys=0.00, real=0.00 secs] 
2019-12-23T14:02:33.268+0000: 47372.715: [GC (Allocation Failure) 2019-12-23T14:02:33.268+0000: 47372.715: [ParNew: 69215K->5588K(72512K), 0.0027342 secs] 169130K->106456K(233664K), 0.0028377 secs] [Times: user=0.01 sys=0.00, real=0.01 secs] 
2019-12-23T14:02:43.316+0000: 47382.763: [GC (Allocation Failure) 2019-12-23T14:02:43.316+0000: 47382.763: [ParNew: 70100K->5761K(72512K), 0.0029120 secs] 170968K->107580K(233664K), 0.0029822 secs] [Times: user=0.01 sys=0.00, real=0.01 secs] 
2019-12-23T14:02:49.937+0000: 47389.384: [GC (Allocation Failure) 2019-12-23T14:02:49.937+0000: 47389.384: [ParNew: 70273K->5417K(72512K), 0.0029942 secs] 172092K->108151K(233664K), 0.0030762 secs] [Times: user=0.01 sys=0.00, real=0.01 secs] 
2019-12-23T14:03:01.923+0000: 47401.370: [GC (Allocation Failure) 2019-12-23T14:03:01.923+0000: 47401.370: [ParNew: 69929K->5757K(72512K), 0.0030718 secs] 172663K->109534K(233664K), 0.0031455 secs] [Times: user=0.01 sys=0.00, real=0.00 secs] 
2019-12-23T14:03:12.388+0000: 47411.835: [GC (Allocation Failure) 2019-12-23T14:03:12.389+0000: 47411.835: [ParNew: 70269K->4965K(72512K), 0.0031788 secs] 174046K->109694K(233664K), 0.0032929 secs] [Times: user=0.00 sys=0.00, real=0.01 secs] 
2019-12-23T14:03:24.249+0000: 47423.696: [GC (Allocation Failure) 2019-12-23T14:03:24.249+0000: 47423.696: [ParNew: 69477K->2944K(72512K), 0.0024571 secs] 174206K->107674K(233664K), 0.0025307 secs] [Times: user=0.01 sys=0.00, real=0.01 secs] 
2019-12-23T14:03:33.140+0000: 47432.587: [GC (Allocation Failure) 2019-12-23T14:03:33.140+0000: 47432.587: [ParNew: 67456K->3049K(72512K), 0.0023925 secs] 172186K->107779K(233664K), 0.0024712 secs] [Times: user=0.01 sys=0.00, real=0.00 secs] 
2019-12-23T14:03:46.902+0000: 47446.349: [GC (Allocation Failure) 2019-12-23T14:03:46.903+0000: 47446.349: [ParNew: 67561K->4211K(72512K), 0.0025971 secs] 172291K->108941K(233664K), 0.0026685 secs] [Times: user=0.00 sys=0.00, real=0.00 secs] 
2019-12-23T14:03:50.988+0000: 47450.435: [GC (Allocation Failure) 2019-12-23T14:03:50.988+0000: 47450.435: [ParNew: 68723K->4976K(72512K), 0.0026493 secs] 173453K->109706K(233664K), 0.0027329 secs] [Times: user=0.00 sys=0.00, real=0.00 secs] 
2019-12-23T14:04:02.763+0000: 47462.210: [GC (Allocation Failure) 2019-12-23T14:04:02.763+0000: 47462.210: [ParNew: 69488K->5031K(72512K), 0.0032511 secs] 174218K->110980K(233664K), 0.0033274 secs] [Times: user=0.01 sys=0.00, real=0.00 secs] 
2019-12-23T14:04:13.258+0000: 47472.705: [GC (Allocation Failure) 2019-12-23T14:04:13.258+0000: 47472.705: [ParNew: 69543K->5299K(72512K), 0.0028417 secs] 175492K->112200K(233664K), 0.0029382 secs] [Times: user=0.01 sys=0.00, real=0.01 secs] 
2019-12-23T14:04:27.668+0000: 47487.114: [GC (Allocation Failure) 2019-12-23T14:04:27.668+0000: 47487.115: [ParNew: 69811K->5715K(72512K), 0.0029172 secs] 176712K->113567K(233664K), 0.0029999 secs] [Times: user=0.01 sys=0.00, real=0.01 secs] 
2019-12-23T14:04:35.121+0000: 47494.568: [GC (Allocation Failure) 2019-12-23T14:04:35.121+0000: 47494.568: [ParNew: 70227K->5144K(72512K), 0.0029078 secs] 178079K->113948K(233664K), 0.0029817 secs] [Times: user=0.01 sys=0.00, real=0.00 secs] 
2019-12-23T14:04:47.332+0000: 47506.779: [GC (Allocation Failure) 2019-12-23T14:04:47.332+0000: 47506.779: [ParNew: 69656K->5041K(72512K), 0.0029551 secs] 178460K->114797K(233664K), 0.0030506 secs] [Times: user=0.01 sys=0.00, real=0.00 secs] 
2019-12-23T14:04:53.720+0000: 47513.166: [GC (Allocation Failure) 2019-12-23T14:04:53.720+0000: 47513.167: [ParNew: 69553K->5888K(72512K), 0.0030570 secs] 179309K->116595K(233664K), 0.0031433 secs] [Times: user=0.00 sys=0.00, real=0.00 secs] 
2019-12-23T14:05:07.079+0000: 47526.526: [GC (Allocation Failure) 2019-12-23T14:05:07.079+0000: 47526.526: [ParNew: 70400K->6845K(72512K), 0.0030996 secs] 181107K->118504K(233664K), 0.0031790 secs] [Times: user=0.01 sys=0.00, real=0.00 secs] 
2019-12-23T14:05:19.281+0000: 47538.728: [GC (Allocation Failure) 2019-12-23T14:05:19.282+0000: 47538.728: [ParNew: 71357K->5894K(72512K), 0.0028204 secs] 183016K->118505K(233664K), 0.0029016 secs] [Times: user=0.01 sys=0.00, real=0.00 secs] 
2019-12-23T14:05:32.064+0000: 47551.511: [GC (Allocation Failure) 2019-12-23T14:05:32.064+0000: 47551.511: [ParNew: 70406K->6571K(72512K), 0.0028377 secs] 183017K->120134K(233664K), 0.0029128 secs] [Times: user=0.01 sys=0.00, real=0.00 secs] 
2019-12-23T14:05:42.038+0000: 47561.485: [GC (Allocation Failure) 2019-12-23T14:05:42.038+0000: 47561.485: [ParNew: 71083K->6009K(72512K), 0.0027882 secs] 184646K->120523K(233664K), 0.0028567 secs] [Times: user=0.01 sys=0.00, real=0.01 secs] 
2019-12-23T14:05:49.092+0000: 47568.539: [GC (Allocation Failure) 2019-12-23T14:05:49.092+0000: 47568.539: [ParNew: 70521K->6823K(72512K), 0.0029224 secs] 185035K->122291K(233664K), 0.0030088 secs] [Times: user=0.01 sys=0.00, real=0.00 secs] 
2019-12-23T14:06:00.418+0000: 47579.865: [GC (Allocation Failure) 2019-12-23T14:06:00.418+0000: 47579.865: [ParNew: 71335K->5252K(72512K), 0.0029492 secs] 186803K->121805K(233664K), 0.0030264 secs] [Times: user=0.01 sys=0.00, real=0.01 secs] 
2019-12-23T14:06:12.324+0000: 47591.771: [GC (Allocation Failure) 2019-12-23T14:06:12.324+0000: 47591.771: [ParNew: 69764K->4622K(72512K), 0.0029033 secs] 186317K->122127K(233664K), 0.0029851 secs] [Times: user=0.01 sys=0.00, real=0.00 secs] 
2019-12-23T14:06:24.665+0000: 47604.112: [GC (Allocation Failure) 2019-12-23T14:06:24.665+0000: 47604.112: [ParNew: 69134K->3651K(72512K), 0.0025692 secs] 186639K->121156K(233664K), 0.0026405 secs] [Times: user=0.01 sys=0.00, real=0.00 secs] 
2019-12-23T14:06:35.502+0000: 47614.949: [GC (Allocation Failure) 2019-12-23T14:06:35.502+0000: 47614.949: [ParNew: 68160K->2997K(72512K), 0.0024566 secs] 185666K->120503K(233664K), 0.0025503 secs] [Times: user=0.01 sys=0.00, real=0.00 secs] 
2019-12-23T14:06:46.556+0000: 47626.003: [GC (Allocation Failure) 2019-12-23T14:06:46.556+0000: 47626.003: [ParNew: 67509K->4156K(72512K), 0.0024788 secs] 185015K->121662K(233664K), 0.0025542 secs] [Times: user=0.00 sys=0.00, real=0.01 secs] 
2019-12-23T14:06:53.246+0000: 47632.693: [GC (Allocation Failure) 2019-12-23T14:06:53.246+0000: 47632.693: [ParNew: 68668K->5253K(72512K), 0.0026428 secs] 186174K->122758K(233664K), 0.0027413 secs] [Times: user=0.00 sys=0.00, real=0.00 secs] 
2019-12-23T14:07:06.710+0000: 47646.156: [GC (Allocation Failure) 2019-12-23T14:07:06.710+0000: 47646.157: [ParNew: 69765K->4900K(72512K), 0.0032293 secs] 187270K->123688K(233664K), 0.0033006 secs] [Times: user=0.01 sys=0.00, real=0.01 secs] 
2019-12-23T14:07:18.830+0000: 47658.277: [GC (Allocation Failure) 2019-12-23T14:07:18.830+0000: 47658.277: [ParNew: 69412K->5080K(72512K), 0.0030508 secs] 188200K->124819K(233664K), 0.0031700 secs] [Times: user=0.01 sys=0.00, real=0.01 secs] 
2019-12-23T14:07:30.490+0000: 47669.936: [GC (Allocation Failure) 2019-12-23T14:07:30.490+0000: 47669.936: [ParNew: 69592K->6229K(72512K), 0.0030527 secs] 189331K->126920K(233664K), 0.0031267 secs] [Times: user=0.01 sys=0.00, real=0.01 secs] 
2019-12-23T14:07:35.803+0000: 47675.250: [GC (Allocation Failure) 2019-12-23T14:07:35.803+0000: 47675.250: [ParNew: 70741K->5435K(72512K), 0.0029332 secs] 191432K->127077K(233664K), 0.0030243 secs] [Times: user=0.01 sys=0.00, real=0.00 secs] 
2019-12-23T14:07:47.674+0000: 47687.121: [GC (Allocation Failure) 2019-12-23T14:07:47.674+0000: 47687.121: [ParNew: 69947K->5908K(72512K), 0.0029489 secs] 191589K->128502K(233664K), 0.0030361 secs] [Times: user=0.00 sys=0.00, real=0.00 secs] 
2019-12-23T14:07:58.639+0000: 47698.086: [GC (Allocation Failure) 2019-12-23T14:07:58.639+0000: 47698.086: [ParNew: 70420K->5561K(72512K), 0.0028117 secs] 193014K->129107K(233664K), 0.0028914 secs] [Times: user=0.01 sys=0.00, real=0.00 secs] 
2019-12-23T14:08:10.720+0000: 47710.167: [GC (Allocation Failure) 2019-12-23T14:08:10.720+0000: 47710.167: [ParNew: 70073K->5305K(72512K), 0.0030901 secs] 193619K->129802K(233664K), 0.0031718 secs] [Times: user=0.01 sys=0.00, real=0.00 secs] 
2019-12-23T14:08:23.729+0000: 47723.176: [GC (Allocation Failure) 2019-12-23T14:08:23.729+0000: 47723.176: [ParNew: 69817K->5216K(72512K), 0.0029158 secs] 194314K->130665K(233664K), 0.0029926 secs] [Times: user=0.01 sys=0.00, real=0.01 secs] 
2019-12-23T14:08:37.535+0000: 47736.982: [GC (Allocation Failure) 2019-12-23T14:08:37.535+0000: 47736.982: [ParNew: 69728K->6124K(72512K), 0.0028738 secs] 195177K->132616K(233664K), 0.0029505 secs] [Times: user=0.01 sys=0.00, real=0.00 secs] 
2019-12-23T14:08:42.467+0000: 47741.914: [GC (Allocation Failure) 2019-12-23T14:08:42.467+0000: 47741.914: [ParNew: 70636K->4978K(72512K), 0.0029348 secs] 197128K->132422K(233664K), 0.0030150 secs] [Times: user=0.01 sys=0.00, real=0.00 secs] 
2019-12-23T14:08:56.021+0000: 47755.468: [GC (Allocation Failure) 2019-12-23T14:08:56.021+0000: 47755.468: [ParNew: 69490K->5953K(72512K), 0.0030327 secs] 196934K->134348K(233664K), 0.0031162 secs] [Times: user=0.01 sys=0.00, real=0.00 secs] 
2019-12-23T14:09:04.583+0000: 47764.030: [GC (Allocation Failure) 2019-12-23T14:09:04.583+0000: 47764.030: [ParNew: 70465K->5464K(72512K), 0.0029271 secs] 198860K->134810K(233664K), 0.0030232 secs] [Times: user=0.00 sys=0.00, real=0.00 secs] 
2019-12-23T14:09:19.459+0000: 47778.906: [GC (Allocation Failure) 2019-12-23T14:09:19.459+0000: 47778.906: [ParNew: 69976K->5518K(72512K), 0.0031676 secs] 199322K->135816K(233664K), 0.0032490 secs] [Times: user=0.01 sys=0.00, real=0.00 secs] 
2019-12-23T14:09:29.213+0000: 47788.660: [GC (Allocation Failure) 2019-12-23T14:09:29.213+0000: 47788.660: [ParNew: 70030K->3338K(72512K), 0.0025443 secs] 200328K->133637K(233664K), 0.0026446 secs] [Times: user=0.00 sys=0.00, real=0.00 secs] 
2019-12-23T14:09:39.374+0000: 47798.821: [GC (Allocation Failure) 2019-12-23T14:09:39.374+0000: 47798.821: [ParNew: 67850K->3669K(72512K), 0.0025994 secs] 198149K->133969K(233664K), 0.0026715 secs] [Times: user=0.01 sys=0.01, real=0.00 secs] 
2019-12-23T14:09:46.333+0000: 47805.780: [GC (Allocation Failure) 2019-12-23T14:09:46.333+0000: 47805.780: [ParNew: 68181K->4615K(72512K), 0.0027214 secs] 198481K->134915K(233664K), 0.0028042 secs] [Times: user=0.01 sys=0.01, real=0.00 secs] 
2019-12-23T14:09:59.064+0000: 47818.511: [GC (Allocation Failure) 2019-12-23T14:09:59.065+0000: 47818.511: [ParNew: 69127K->5049K(72512K), 0.0030348 secs] 199427K->136121K(233664K), 0.0031268 secs] [Times: user=0.01 sys=0.00, real=0.00 secs] 
2019-12-23T14:10:12.461+0000: 47831.908: [GC (Allocation Failure) 2019-12-23T14:10:12.461+0000: 47831.908: [ParNew: 69561K->5060K(72512K), 0.0031190 secs] 200633K->137084K(233664K), 0.0032052 secs] [Times: user=0.01 sys=0.00, real=0.00 secs] 
2019-12-23T14:10:24.457+0000: 47843.904: [GC (Allocation Failure) 2019-12-23T14:10:24.457+0000: 47843.904: [ParNew: 69572K->5130K(72512K), 0.0030265 secs] 201596K->138104K(233664K), 0.0031030 secs] [Times: user=0.01 sys=0.00, real=0.01 secs] 
2019-12-23T14:10:32.087+0000: 47851.533: [GC (Allocation Failure) 2019-12-23T14:10:32.087+0000: 47851.534: [ParNew: 69642K->5609K(72512K), 0.0037187 secs] 202616K->139536K(233664K), 0.0038247 secs] [Times: user=0.01 sys=0.00, real=0.00 secs] 
2019-12-23T14:10:44.038+0000: 47863.485: [GC (Allocation Failure) 2019-12-23T14:10:44.038+0000: 47863.485: [ParNew: 70121K->5211K(72512K), 0.0026757 secs] 204048K->140088K(233664K), 0.0027545 secs] [Times: user=0.01 sys=0.00, real=0.01 secs] 
2019-12-23T14:10:51.030+0000: 47870.477: [GC (Allocation Failure) 2019-12-23T14:10:51.030+0000: 47870.477: [ParNew: 69723K->4703K(72512K), 0.0026564 secs] 204600K->140532K(233664K), 0.0027356 secs] [Times: user=0.01 sys=0.00, real=0.01 secs] 
2019-12-23T14:11:03.831+0000: 47883.278: [GC (Allocation Failure) 2019-12-23T14:11:03.831+0000: 47883.278: [ParNew: 69215K->5449K(72512K), 0.0028269 secs] 205044K->142232K(233664K), 0.0029282 secs] [Times: user=0.01 sys=0.00, real=0.00 secs] 
2019-12-23T14:11:16.803+0000: 47896.250: [GC (Allocation Failure) 2019-12-23T14:11:16.803+0000: 47896.250: [ParNew: 69961K->4977K(72512K), 0.0032405 secs] 206744K->142711K(233664K), 0.0033350 secs] [Times: user=0.01 sys=0.00, real=0.00 secs] 
2019-12-23T14:11:26.002+0000: 47905.449: [GC (Allocation Failure) 2019-12-23T14:11:26.003+0000: 47905.449: [ParNew: 69489K->6370K(72512K), 0.0027859 secs] 207223K->145056K(233664K), 0.0028892 secs] [Times: user=0.00 sys=0.00, real=0.00 secs] 
2019-12-23T14:11:35.409+0000: 47914.856: [GC (Allocation Failure) 2019-12-23T14:11:35.409+0000: 47914.856: [ParNew: 70882K->4641K(72512K), 0.0026783 secs] 209568K->144279K(233664K), 0.0027874 secs] [Times: user=0.01 sys=0.00, real=0.01 secs] 
2019-12-23T14:11:47.937+0000: 47927.384: [GC (Allocation Failure) 2019-12-23T14:11:47.937+0000: 47927.384: [ParNew: 69153K->5309K(72512K), 0.0027498 secs] 208791K->146032K(233664K), 0.0028304 secs] [Times: user=0.01 sys=0.00, real=0.01 secs] 
2019-12-23T14:11:54.039+0000: 47933.486: [GC (Allocation Failure) 2019-12-23T14:11:54.039+0000: 47933.486: [ParNew: 69821K->5311K(72512K), 0.0026872 secs] 210544K->146852K(233664K), 0.0027724 secs] [Times: user=0.01 sys=0.00, real=0.00 secs] 
2019-12-23T14:12:06.441+0000: 47945.888: [GC (Allocation Failure) 2019-12-23T14:12:06.441+0000: 47945.888: [ParNew: 69823K->5687K(72512K), 0.0027843 secs] 211364K->148179K(233664K), 0.0028767 secs] [Times: user=0.00 sys=0.00, real=0.00 secs] 
2019-12-23T14:12:16.746+0000: 47956.193: [GC (Allocation Failure) 2019-12-23T14:12:16.746+0000: 47956.193: [ParNew: 70199K->6507K(72512K), 0.0029614 secs] 212691K->149951K(233664K), 0.0030420 secs] [Times: user=0.00 sys=0.00, real=0.00 secs] 
2019-12-23T14:12:27.803+0000: 47967.250: [GC (Allocation Failure) 2019-12-23T14:12:27.803+0000: 47967.250: [ParNew: 71019K->4426K(72512K), 0.0023915 secs] 214463K->148000K(233664K), 0.0024669 secs] [Times: user=0.01 sys=0.00, real=0.00 secs] 
2019-12-23T14:12:39.679+0000: 47979.126: [GC (Allocation Failure) 2019-12-23T14:12:39.679+0000: 47979.126: [ParNew: 68938K->3697K(72512K), 0.0033599 secs] 212512K->147271K(233664K), 0.0034310 secs] [Times: user=0.01 sys=0.00, real=0.00 secs] 
2019-12-23T14:12:50.903+0000: 47990.350: [GC (Allocation Failure) 2019-12-23T14:12:50.903+0000: 47990.350: [ParNew: 68209K->4512K(72512K), 0.0025490 secs] 211783K->148086K(233664K), 0.0026295 secs] [Times: user=0.01 sys=0.00, real=0.00 secs] 
2019-12-23T14:13:00.512+0000: 47999.959: [GC (Allocation Failure) 2019-12-23T14:13:00.512+0000: 47999.959: [ParNew: 69024K->5267K(72512K), 0.0025789 secs] 212598K->148841K(233664K), 0.0026595 secs] [Times: user=0.00 sys=0.00, real=0.00 secs] 
2019-12-23T14:13:09.442+0000: 48008.889: [GC (Allocation Failure) 2019-12-23T14:13:09.442+0000: 48008.889: [ParNew: 69779K->4960K(72512K), 0.0031413 secs] 213353K->149813K(233664K), 0.0032294 secs] [Times: user=0.01 sys=0.00, real=0.00 secs] 
2019-12-23T14:13:20.960+0000: 48020.407: [GC (Allocation Failure) 2019-12-23T14:13:20.960+0000: 48020.407: [ParNew: 69472K->5166K(72512K), 0.0043723 secs] 214325K->150970K(233664K), 0.0044548 secs] [Times: user=0.01 sys=0.00, real=0.00 secs] 
2019-12-23T14:13:32.355+0000: 48031.802: [GC (Allocation Failure) 2019-12-23T14:13:32.356+0000: 48031.802: [ParNew: 69678K->5133K(72512K), 0.0028392 secs] 215482K->151890K(233664K), 0.0029226 secs] [Times: user=0.01 sys=0.00, real=0.00 secs] 
2019-12-23T14:13:39.734+0000: 48039.181: [GC (Allocation Failure) 2019-12-23T14:13:39.734+0000: 48039.181: [ParNew: 69645K->5923K(72512K), 0.0029039 secs] 216402K->153767K(233664K), 0.0030030 secs] [Times: user=0.00 sys=0.00, real=0.00 secs] 
2019-12-23T14:13:52.569+0000: 48052.016: [GC (Allocation Failure) 2019-12-23T14:13:52.569+0000: 48052.016: [ParNew: 70435K->5271K(72512K), 0.0027022 secs] 218279K->154066K(233664K), 0.0027787 secs] [Times: user=0.00 sys=0.00, real=0.01 secs] 
2019-12-23T14:13:52.573+0000: 48052.020: [GC (CMS Initial Mark) [1 CMS-initial-mark: 148795K(161152K)] 155315K(233664K), 0.0009623 secs] [Times: user=0.01 sys=0.00, real=0.00 secs] 
2019-12-23T14:13:52.574+0000: 48052.021: [CMS-concurrent-mark-start]
2019-12-23T14:13:52.615+0000: 48052.062: [CMS-concurrent-mark: 0.041/0.041 secs] [Times: user=0.06 sys=0.00, real=0.04 secs] 
2019-12-23T14:13:52.615+0000: 48052.062: [CMS-concurrent-preclean-start]
2019-12-23T14:13:52.616+0000: 48052.063: [CMS-concurrent-preclean: 0.001/0.001 secs] [Times: user=0.00 sys=0.00, real=0.00 secs] 
2019-12-23T14:13:52.616+0000: 48052.063: [CMS-concurrent-abortable-preclean-start]
 CMS: abort preclean due to time 2019-12-23T14:13:57.711+0000: 48057.158: [CMS-concurrent-abortable-preclean: 0.189/5.094 secs] [Times: user=0.27 sys=0.00, real=5.10 secs] 
2019-12-23T14:13:57.711+0000: 48057.158: [GC (CMS Final Remark) [YG occupancy: 51354 K (72512 K)]2019-12-23T14:13:57.711+0000: 48057.158: [Rescan (parallel) , 0.0068409 secs]2019-12-23T14:13:57.718+0000: 48057.165: [weak refs processing, 0.0000501 secs]2019-12-23T14:13:57.718+0000: 48057.165: [class unloading, 0.0092010 secs]2019-12-23T14:13:57.727+0000: 48057.174: [scrub symbol table, 0.0052611 secs]2019-12-23T14:13:57.732+0000: 48057.179: [scrub string table, 0.0005608 secs][1 CMS-remark: 148795K(161152K)] 200150K(233664K), 0.0221014 secs] [Times: user=0.04 sys=0.00, real=0.02 secs] 
2019-12-23T14:13:57.733+0000: 48057.180: [CMS-concurrent-sweep-start]
2019-12-23T14:13:57.745+0000: 48057.192: [CMS-concurrent-sweep: 0.012/0.012 secs] [Times: user=0.01 sys=0.00, real=0.01 secs] 
2019-12-23T14:13:57.745+0000: 48057.192: [CMS-concurrent-reset-start]
2019-12-23T14:13:57.757+0000: 48057.204: [CMS-concurrent-reset: 0.012/0.012 secs] [Times: user=0.02 sys=0.00, real=0.01 secs] 
2019-12-23T14:14:02.659+0000: 48062.106: [GC (Allocation Failure) 2019-12-23T14:14:02.659+0000: 48062.106: [ParNew: 69783K->6209K(72512K), 0.0037398 secs] 88848K->26092K(233664K), 0.0038194 secs] [Times: user=0.01 sys=0.00, real=0.00 secs] 
2019-12-23T14:14:14.504+0000: 48073.951: [GC (Allocation Failure) 2019-12-23T14:14:14.504+0000: 48073.951: [ParNew: 70721K->5742K(72512K), 0.0028272 secs] 90604K->26575K(233664K), 0.0029039 secs] [Times: user=0.01 sys=0.00, real=0.00 secs] 
2019-12-23T14:14:21.227+0000: 48080.674: [GC (Allocation Failure) 2019-12-23T14:14:21.227+0000: 48080.674: [ParNew: 70254K->5225K(72512K), 0.0026448 secs] 91087K->27010K(233664K), 0.0027264 secs] [Times: user=0.01 sys=0.00, real=0.00 secs] 
2019-12-23T14:14:32.816+0000: 48092.263: [GC (Allocation Failure) 2019-12-23T14:14:32.816+0000: 48092.263: [ParNew: 69737K->5858K(72512K), 0.0027489 secs] 91522K->28596K(233664K), 0.0028290 secs] [Times: user=0.01 sys=0.00, real=0.01 secs] 
2019-12-23T14:14:41.453+0000: 48100.900: [GC (Allocation Failure) 2019-12-23T14:14:41.454+0000: 48100.900: [ParNew: 70370K->5826K(72512K), 0.0027581 secs] 93108K->29649K(233664K), 0.0028492 secs] [Times: user=0.01 sys=0.00, real=0.00 secs] 
2019-12-23T14:14:52.678+0000: 48112.125: [GC (Allocation Failure) 2019-12-23T14:14:52.678+0000: 48112.125: [ParNew: 70338K->6368K(72512K), 0.0028837 secs] 94161K->31007K(233664K), 0.0029685 secs] [Times: user=0.01 sys=0.00, real=0.01 secs] 
2019-12-23T14:15:04.499+0000: 48123.946: [GC (Allocation Failure) 2019-12-23T14:15:04.499+0000: 48123.946: [ParNew: 70880K->6594K(72512K), 0.0030733 secs] 95519K->32188K(233664K), 0.0031742 secs] [Times: user=0.01 sys=0.00, real=0.00 secs] 
2019-12-23T14:15:15.553+0000: 48135.000: [GC (Allocation Failure) 2019-12-23T14:15:15.553+0000: 48135.000: [ParNew: 71106K->6662K(72512K), 0.0029515 secs] 96700K->33206K(233664K), 0.0030398 secs] [Times: user=0.01 sys=0.00, real=0.00 secs] 
2019-12-23T14:15:26.081+0000: 48145.528: [GC (Allocation Failure) 2019-12-23T14:15:26.081+0000: 48145.528: [ParNew: 71174K->5299K(72512K), 0.0039757 secs] 97718K->32692K(233664K), 0.0040643 secs] [Times: user=0.01 sys=0.00, real=0.00 secs] 
2019-12-23T14:15:35.093+0000: 48154.540: [GC (Allocation Failure) 2019-12-23T14:15:35.093+0000: 48154.540: [ParNew: 69811K->3443K(72512K), 0.0025448 secs] 97204K->30902K(233664K), 0.0026249 secs] [Times: user=0.00 sys=0.00, real=0.00 secs] 
2019-12-23T14:15:45.514+0000: 48164.961: [GC (Allocation Failure) 2019-12-23T14:15:45.514+0000: 48164.961: [ParNew: 67955K->4715K(72512K), 0.0025634 secs] 95414K->32173K(233664K), 0.0026697 secs] [Times: user=0.00 sys=0.00, real=0.00 secs] 
2019-12-23T14:15:55.082+0000: 48174.529: [GC (Allocation Failure) 2019-12-23T14:15:55.082+0000: 48174.529: [ParNew: 69227K->5355K(72512K), 0.0027642 secs] 96685K->32813K(233664K), 0.0028385 secs] [Times: user=0.01 sys=0.00, real=0.00 secs] 
2019-12-23T14:16:05.526+0000: 48184.973: [GC (Allocation Failure) 2019-12-23T14:16:05.526+0000: 48184.973: [ParNew: 69867K->5696K(72512K), 0.0029375 secs] 97325K->34453K(233664K), 0.0030151 secs] [Times: user=0.01 sys=0.00, real=0.00 secs] 
2019-12-23T14:16:18.798+0000: 48198.245: [GC (Allocation Failure) 2019-12-23T14:16:18.798+0000: 48198.245: [ParNew: 70173K->5156K(72512K), 0.0028941 secs] 98929K->34864K(233664K), 0.0029872 secs] [Times: user=0.00 sys=0.00, real=0.01 secs] 
2019-12-23T14:16:26.498+0000: 48205.945: [GC (Allocation Failure) 2019-12-23T14:16:26.498+0000: 48205.945: [ParNew: 69668K->5861K(72512K), 0.0026962 secs] 99376K->36521K(233664K), 0.0027727 secs] [Times: user=0.00 sys=0.00, real=0.01 secs] 
2019-12-23T14:16:35.595+0000: 48215.042: [GC (Allocation Failure) 2019-12-23T14:16:35.595+0000: 48215.042: [ParNew: 70330K->5587K(72512K), 0.0026119 secs] 100989K->37199K(233664K), 0.0027052 secs] [Times: user=0.01 sys=0.00, real=0.00 secs] 
2019-12-23T14:16:48.569+0000: 48228.015: [GC (Allocation Failure) 2019-12-23T14:16:48.569+0000: 48228.016: [ParNew: 70099K->5984K(72512K), 0.0033182 secs] 101711K->38548K(233664K), 0.0034139 secs] [Times: user=0.01 sys=0.00, real=0.01 secs] 
2019-12-23T14:17:00.300+0000: 48239.747: [GC (Allocation Failure) 2019-12-23T14:17:00.300+0000: 48239.747: [ParNew: 70496K->4897K(72512K), 0.0028621 secs] 103060K->38413K(233664K), 0.0029489 secs] [Times: user=0.01 sys=0.00, real=0.00 secs] 
2019-12-23T14:17:13.279+0000: 48252.726: [GC (Allocation Failure) 2019-12-23T14:17:13.279+0000: 48252.726: [ParNew: 69409K->5443K(72512K), 0.0030324 secs] 102925K->39813K(233664K), 0.0031208 secs] [Times: user=0.00 sys=0.00, real=0.00 secs] 
2019-12-23T14:17:24.150+0000: 48263.597: [GC (Allocation Failure) 2019-12-23T14:17:24.150+0000: 48263.597: [ParNew: 69955K->4768K(72512K), 0.0029482 secs] 104325K->40222K(233664K), 0.0030272 secs] [Times: user=0.01 sys=0.00, real=0.01 secs] 
2019-12-23T14:17:31.136+0000: 48270.583: [GC (Allocation Failure) 2019-12-23T14:17:31.136+0000: 48270.583: [ParNew: 69280K->6198K(72512K), 0.0033040 secs] 104734K->42603K(233664K), 0.0033844 secs] [Times: user=0.00 sys=0.00, real=0.01 secs] 
2019-12-23T14:17:41.271+0000: 48280.718: [GC (Allocation Failure) 2019-12-23T14:17:41.272+0000: 48280.718: [ParNew: 70710K->4794K(72512K), 0.0028903 secs] 107115K->42151K(233664K), 0.0030013 secs] [Times: user=0.00 sys=0.01, real=0.00 secs] 
2019-12-23T14:17:53.567+0000: 48293.014: [GC (Allocation Failure) 2019-12-23T14:17:53.567+0000: 48293.014: [ParNew: 69306K->5086K(72512K), 0.0028553 secs] 106663K->43394K(233664K), 0.0029371 secs] [Times: user=0.01 sys=0.00, real=0.00 secs] 
2019-12-23T14:18:05.593+0000: 48305.040: [GC (Allocation Failure) 2019-12-23T14:18:05.593+0000: 48305.040: [ParNew: 69598K->5405K(72512K), 0.0028405 secs] 107906K->44666K(233664K), 0.0029183 secs] [Times: user=0.01 sys=0.00, real=0.00 secs] 
2019-12-23T14:18:20.631+0000: 48320.078: [GC (Allocation Failure) 2019-12-23T14:18:20.631+0000: 48320.078: [ParNew: 69917K->5113K(72512K), 0.0029603 secs] 109178K->45289K(233664K), 0.0030357 secs] [Times: user=0.00 sys=0.00, real=0.00 secs] 
2019-12-23T14:18:23.226+0000: 48322.673: [GC (Allocation Failure) 2019-12-23T14:18:23.226+0000: 48322.673: [ParNew: 69625K->6218K(72512K), 0.0029960 secs] 109801K->47345K(233664K), 0.0030877 secs] [Times: user=0.01 sys=0.00, real=0.00 secs] 
2019-12-23T14:18:38.165+0000: 48337.612: [GC (Allocation Failure) 2019-12-23T14:18:38.165+0000: 48337.612: [ParNew: 70730K->3176K(72512K), 0.0026363 secs] 111857K->44436K(233664K), 0.0027243 secs] [Times: user=0.01 sys=0.00, real=0.00 secs] 
2019-12-23T14:18:47.647+0000: 48347.094: [GC (Allocation Failure) 2019-12-23T14:18:47.647+0000: 48347.094: [ParNew: 67688K->3814K(72512K), 0.0024806 secs] 108948K->45074K(233664K), 0.0025706 secs] [Times: user=0.01 sys=0.00, real=0.00 secs] 
2019-12-23T14:19:00.270+0000: 48359.717: [GC (Allocation Failure) 2019-12-23T14:19:00.270+0000: 48359.717: [ParNew: 68326K->5153K(72512K), 0.0027110 secs] 109586K->46413K(233664K), 0.0027852 secs] [Times: user=0.01 sys=0.00, real=0.01 secs] 
2019-12-23T14:19:14.216+0000: 48373.663: [GC (Allocation Failure) 2019-12-23T14:19:14.216+0000: 48373.663: [ParNew: 69665K->4947K(72512K), 0.0032578 secs] 110925K->47427K(233664K), 0.0033725 secs] [Times: user=0.01 sys=0.00, real=0.01 secs] 
2019-12-23T14:19:24.896+0000: 48384.343: [GC (Allocation Failure) 2019-12-23T14:19:24.896+0000: 48384.343: [ParNew: 69459K->4949K(72512K), 0.0030730 secs] 111939K->48381K(233664K), 0.0031461 secs] [Times: user=0.01 sys=0.00, real=0.01 secs] 
2019-12-23T14:19:32.765+0000: 48392.212: [GC (Allocation Failure) 2019-12-23T14:19:32.765+0000: 48392.212: [ParNew: 69461K->5475K(72512K), 0.0030343 secs] 112893K->49858K(233664K), 0.0031365 secs] [Times: user=0.01 sys=0.00, real=0.00 secs] 
2019-12-23T14:19:45.682+0000: 48405.129: [GC (Allocation Failure) 2019-12-23T14:19:45.682+0000: 48405.129: [ParNew: 69987K->5407K(72512K), 0.0029153 secs] 114370K->50742K(233664K), 0.0029899 secs] [Times: user=0.01 sys=0.00, real=0.00 secs] 
2019-12-23T14:19:57.646+0000: 48417.093: [GC (Allocation Failure) 2019-12-23T14:19:57.646+0000: 48417.093: [ParNew: 69919K->5233K(72512K), 0.0028333 secs] 115254K->51519K(233664K), 0.0029141 secs] [Times: user=0.00 sys=0.00, real=0.00 secs] 
2019-12-23T14:20:11.000+0000: 48430.446: [GC (Allocation Failure) 2019-12-23T14:20:11.000+0000: 48430.447: [ParNew: 69745K->5202K(72512K), 0.0029600 secs] 116031K->52440K(233664K), 0.0030357 secs] [Times: user=0.01 sys=0.00, real=0.00 secs] 
2019-12-23T14:20:18.062+0000: 48437.509: [GC (Allocation Failure) 2019-12-23T14:20:18.062+0000: 48437.509: [ParNew: 69714K->6275K(72512K), 0.0028460 secs] 116952K->54363K(233664K), 0.0029265 secs] [Times: user=0.01 sys=0.00, real=0.00 secs] 
2019-12-23T14:20:35.273+0000: 48454.720: [GC (Allocation Failure) 2019-12-23T14:20:35.273+0000: 48454.720: [ParNew: 70787K->5347K(72512K), 0.0027913 secs] 118875K->54387K(233664K), 0.0028669 secs] [Times: user=0.00 sys=0.00, real=0.00 secs] 
2019-12-23T14:20:38.199+0000: 48457.646: [GC (Allocation Failure) 2019-12-23T14:20:38.199+0000: 48457.646: [ParNew: 69859K->4936K(72512K), 0.0030070 secs] 118899K->54928K(233664K), 0.0030910 secs] [Times: user=0.01 sys=0.00, real=0.00 secs] 
2019-12-23T14:20:54.651+0000: 48474.098: [GC (Allocation Failure) 2019-12-23T14:20:54.651+0000: 48474.098: [ParNew: 69448K->6353K(72512K), 0.0029177 secs] 119440K->57297K(233664K), 0.0030002 secs] [Times: user=0.00 sys=0.00, real=0.00 secs] 
2019-12-23T14:21:02.380+0000: 48481.827: [GC (Allocation Failure) 2019-12-23T14:21:02.380+0000: 48481.827: [ParNew: 70865K->5419K(72512K), 0.0029832 secs] 121809K->57313K(233664K), 0.0031211 secs] [Times: user=0.01 sys=0.00, real=0.00 secs] 
2019-12-23T14:21:14.046+0000: 48493.493: [GC (Allocation Failure) 2019-12-23T14:21:14.046+0000: 48493.493: [ParNew: 69931K->5176K(72512K), 0.0030173 secs] 121825K->57921K(233664K), 0.0030957 secs] [Times: user=0.01 sys=0.00, real=0.00 secs] 
2019-12-23T14:21:25.348+0000: 48504.795: [GC (Allocation Failure) 2019-12-23T14:21:25.348+0000: 48504.795: [ParNew: 69688K->5796K(72512K), 0.0031439 secs] 122433K->59493K(233664K), 0.0032326 secs] [Times: user=0.00 sys=0.00, real=0.01 secs] 
2019-12-23T14:21:36.648+0000: 48516.095: [GC (Allocation Failure) 2019-12-23T14:21:36.648+0000: 48516.095: [ParNew: 70308K->3353K(72512K), 0.0024704 secs] 124005K->57052K(233664K), 0.0025630 secs] [Times: user=0.01 sys=0.00, real=0.01 secs] 
2019-12-23T14:21:46.321+0000: 48525.768: [GC (Allocation Failure) 2019-12-23T14:21:46.321+0000: 48525.768: [ParNew: 67865K->3362K(72512K), 0.0025625 secs] 121564K->57061K(233664K), 0.0026569 secs] [Times: user=0.01 sys=0.00, real=0.00 secs] 
2019-12-23T14:21:54.035+0000: 48533.482: [GC (Allocation Failure) 2019-12-23T14:21:54.035+0000: 48533.482: [ParNew: 67874K->4419K(72512K), 0.0026070 secs] 121573K->58117K(233664K), 0.0026809 secs] [Times: user=0.01 sys=0.00, real=0.00 secs] 
2019-12-23T14:22:04.364+0000: 48543.811: [GC (Allocation Failure) 2019-12-23T14:22:04.364+0000: 48543.811: [ParNew: 68931K->5463K(72512K), 0.0028991 secs] 122629K->59161K(233664K), 0.0029831 secs] [Times: user=0.01 sys=0.00, real=0.00 secs] 
2019-12-23T14:22:15.638+0000: 48555.085: [GC (Allocation Failure) 2019-12-23T14:22:15.638+0000: 48555.085: [ParNew: 69975K->4705K(72512K), 0.0028243 secs] 123673K->59760K(233664K), 0.0029232 secs] [Times: user=0.01 sys=0.00, real=0.01 secs] 
2019-12-23T14:22:26.448+0000: 48565.895: [GC (Allocation Failure) 2019-12-23T14:22:26.448+0000: 48565.895: [ParNew: 69217K->4769K(72512K), 0.0027687 secs] 124272K->60777K(233664K), 0.0028594 secs] [Times: user=0.01 sys=0.00, real=0.01 secs] 
2019-12-23T14:22:39.637+0000: 48579.084: [GC (Allocation Failure) 2019-12-23T14:22:39.637+0000: 48579.084: [ParNew: 69281K->4865K(72512K), 0.0027867 secs] 125289K->61824K(233664K), 0.0028782 secs] [Times: user=0.00 sys=0.00, real=0.01 secs] 
2019-12-23T14:22:49.555+0000: 48589.002: [GC (Allocation Failure) 2019-12-23T14:22:49.555+0000: 48589.002: [ParNew: 69377K->4873K(72512K), 0.0039766 secs] 126336K->62785K(233664K), 0.0040615 secs] [Times: user=0.01 sys=0.00, real=0.01 secs] 
2019-12-23T14:23:01.305+0000: 48600.752: [GC (Allocation Failure) 2019-12-23T14:23:01.305+0000: 48600.752: [ParNew: 69385K->4749K(72512K), 0.0028221 secs] 127297K->63612K(233664K), 0.0029088 secs] [Times: user=0.01 sys=0.00, real=0.00 secs] 
2019-12-23T14:23:12.803+0000: 48612.250: [GC (Allocation Failure) 2019-12-23T14:23:12.803+0000: 48612.250: [ParNew: 69261K->5290K(72512K), 0.0031660 secs] 128124K->65105K(233664K), 0.0032499 secs] [Times: user=0.01 sys=0.00, real=0.00 secs] 
2019-12-23T14:23:19.193+0000: 48618.640: [GC (Allocation Failure) 2019-12-23T14:23:19.193+0000: 48618.640: [ParNew: 69802K->5205K(72512K), 0.0028890 secs] 129617K->66006K(233664K), 0.0029651 secs] [Times: user=0.01 sys=0.00, real=0.00 secs] 
2019-12-23T14:23:29.810+0000: 48629.257: [GC (Allocation Failure) 2019-12-23T14:23:29.810+0000: 48629.257: [ParNew: 69717K->5011K(72512K), 0.0036813 secs] 130518K->66763K(233664K), 0.0037544 secs] [Times: user=0.01 sys=0.00, real=0.01 secs] 
2019-12-23T14:23:38.862+0000: 48638.309: [GC (Allocation Failure) 2019-12-23T14:23:38.862+0000: 48638.309: [ParNew: 69523K->4701K(72512K), 0.0051582 secs] 131275K->67405K(233664K), 0.0052577 secs] [Times: user=0.01 sys=0.00, real=0.00 secs] 
2019-12-23T14:23:52.736+0000: 48652.183: [GC (Allocation Failure) 2019-12-23T14:23:52.736+0000: 48652.183: [ParNew: 69213K->4883K(72512K), 0.0031115 secs] 131917K->68410K(233664K), 0.0031878 secs] [Times: user=0.01 sys=0.00, real=0.01 secs] 
2019-12-23T14:23:59.869+0000: 48659.315: [GC (Allocation Failure) 2019-12-23T14:23:59.869+0000: 48659.316: [ParNew: 69395K->4968K(72512K), 0.0028463 secs] 132922K->69447K(233664K), 0.0029216 secs] [Times: user=0.01 sys=0.00, real=0.01 secs] 
2019-12-23T14:24:12.767+0000: 48672.214: [GC (Allocation Failure) 2019-12-23T14:24:12.767+0000: 48672.214: [ParNew: 69480K->5085K(72512K), 0.0039736 secs] 133959K->70516K(233664K), 0.0040483 secs] [Times: user=0.01 sys=0.00, real=0.01 secs] 
2019-12-23T14:24:16.834+0000: 48676.281: [GC (Allocation Failure) 2019-12-23T14:24:16.834+0000: 48676.281: [ParNew: 69597K->5133K(72512K), 0.0029933 secs] 135028K->71516K(233664K), 0.0030880 secs] [Times: user=0.01 sys=0.00, real=0.00 secs] 
2019-12-23T14:24:33.008+0000: 48692.454: [GC (Allocation Failure) 2019-12-23T14:24:33.008+0000: 48692.455: [ParNew: 69645K->3647K(72512K), 0.0023167 secs] 136028K->70031K(233664K), 0.0023938 secs] [Times: user=0.01 sys=0.00, real=0.00 secs] 
2019-12-23T14:24:38.791+0000: 48698.238: [GC (Allocation Failure) 2019-12-23T14:24:38.791+0000: 48698.238: [ParNew: 68159K->3184K(72512K), 0.0024578 secs] 134543K->69568K(233664K), 0.0025475 secs] [Times: user=0.01 sys=0.00, real=0.00 secs] 
2019-12-23T14:24:50.882+0000: 48710.329: [GC (Allocation Failure) 2019-12-23T14:24:50.882+0000: 48710.329: [ParNew: 67696K->3846K(72512K), 0.0024660 secs] 134080K->70230K(233664K), 0.0025408 secs] [Times: user=0.01 sys=0.00, real=0.00 secs] 
2019-12-23T14:25:00.119+0000: 48719.566: [GC (Allocation Failure) 2019-12-23T14:25:00.119+0000: 48719.566: [ParNew: 68358K->4807K(72512K), 0.0026757 secs] 134742K->71191K(233664K), 0.0027606 secs] [Times: user=0.01 sys=0.00, real=0.00 secs] 
2019-12-23T14:25:12.089+0000: 48731.535: [GC (Allocation Failure) 2019-12-23T14:25:12.089+0000: 48731.536: [ParNew: 69319K->4907K(72512K), 0.0033643 secs] 135703K->72380K(233664K), 0.0034416 secs] [Times: user=0.01 sys=0.00, real=0.01 secs] 
2019-12-23T14:25:22.546+0000: 48741.993: [GC (Allocation Failure) 2019-12-23T14:25:22.546+0000: 48741.993: [ParNew: 69419K->4655K(72512K), 0.0029655 secs] 136892K->73080K(233664K), 0.0030443 secs] [Times: user=0.01 sys=0.00, real=0.00 secs] 
2019-12-23T14:25:29.308+0000: 48748.755: [GC (Allocation Failure) 2019-12-23T14:25:29.308+0000: 48748.755: [ParNew: 69167K->5710K(72512K), 0.0029963 secs] 137592K->75114K(233664K), 0.0031038 secs] [Times: user=0.00 sys=0.00, real=0.01 secs] 
2019-12-23T14:25:38.485+0000: 48757.932: [GC (Allocation Failure) 2019-12-23T14:25:38.486+0000: 48757.932: [ParNew: 70222K->5142K(72512K), 0.0030399 secs] 139626K->75499K(233664K), 0.0031343 secs] [Times: user=0.01 sys=0.00, real=0.00 secs] 
2019-12-23T14:25:49.827+0000: 48769.274: [GC (Allocation Failure) 2019-12-23T14:25:49.827+0000: 48769.274: [ParNew: 69654K->4847K(72512K), 0.0030227 secs] 140011K->76155K(233664K), 0.0030936 secs] [Times: user=0.01 sys=0.00, real=0.00 secs] 
2019-12-23T14:25:57.897+0000: 48777.344: [GC (Allocation Failure) 2019-12-23T14:25:57.897+0000: 48777.344: [ParNew: 69359K->5122K(72512K), 0.0029695 secs] 140667K->77381K(233664K), 0.0030499 secs] [Times: user=0.01 sys=0.00, real=0.01 secs] 
2019-12-23T14:26:13.269+0000: 48792.716: [GC (Allocation Failure) 2019-12-23T14:26:13.269+0000: 48792.716: [ParNew: 69634K->4475K(72512K), 0.0030276 secs] 141893K->77686K(233664K), 0.0031048 secs] [Times: user=0.01 sys=0.00, real=0.01 secs] 
2019-12-23T14:26:21.126+0000: 48800.573: [GC (Allocation Failure) 2019-12-23T14:26:21.126+0000: 48800.573: [ParNew: 68987K->4697K(72512K), 0.0030091 secs] 142198K->78859K(233664K), 0.0031107 secs] [Times: user=0.01 sys=0.00, real=0.00 secs] 
2019-12-23T14:26:35.504+0000: 48814.951: [GC (Allocation Failure) 2019-12-23T14:26:35.504+0000: 48814.951: [ParNew: 69209K->5309K(72512K), 0.0030270 secs] 143371K->80295K(233664K), 0.0031023 secs] [Times: user=0.00 sys=0.00, real=0.00 secs] 
2019-12-23T14:26:45.059+0000: 48824.506: [GC (Allocation Failure) 2019-12-23T14:26:45.059+0000: 48824.506: [ParNew: 69821K->4810K(72512K), 0.0030546 secs] 144807K->80747K(233664K), 0.0031341 secs] [Times: user=0.01 sys=0.00, real=0.00 secs] 
2019-12-23T14:26:55.640+0000: 48835.087: [GC (Allocation Failure) 2019-12-23T14:26:55.640+0000: 48835.087: [ParNew: 69322K->6333K(72512K), 0.0029839 secs] 145259K->83222K(233664K), 0.0030650 secs] [Times: user=0.01 sys=0.00, real=0.00 secs] 
2019-12-23T14:27:05.172+0000: 48844.619: [GC (Allocation Failure) 2019-12-23T14:27:05.172+0000: 48844.619: [ParNew: 70845K->5185K(72512K), 0.0029932 secs] 147734K->83053K(233664K), 0.0030754 secs] [Times: user=0.01 sys=0.00, real=0.00 secs] 
2019-12-23T14:27:15.565+0000: 48855.012: [GC (Allocation Failure) 2019-12-23T14:27:15.565+0000: 48855.012: [ParNew: 69697K->4843K(72512K), 0.0033025 secs] 147565K->83663K(233664K), 0.0033784 secs] [Times: user=0.01 sys=0.00, real=0.00 secs] 
2019-12-23T14:27:24.796+0000: 48864.243: [GC (Allocation Failure) 2019-12-23T14:27:24.796+0000: 48864.243: [ParNew: 69355K->5518K(72512K), 0.0028648 secs] 148175K->85289K(233664K), 0.0029400 secs] [Times: user=0.01 sys=0.00, real=0.01 secs] 
2019-12-23T14:27:33.479+0000: 48872.926: [GC (Allocation Failure) 2019-12-23T14:27:33.479+0000: 48872.926: [ParNew: 70030K->4230K(72512K), 0.0028268 secs] 149801K->84195K(233664K), 0.0029349 secs] [Times: user=0.01 sys=0.00, real=0.00 secs] 
2019-12-23T14:27:42.511+0000: 48881.958: [GC (Allocation Failure) 2019-12-23T14:27:42.511+0000: 48881.958: [ParNew: 68742K->4916K(72512K), 0.0027011 secs] 148707K->84882K(233664K), 0.0028227 secs] [Times: user=0.00 sys=0.00, real=0.00 secs] 
2019-12-23T14:28:02.479+0000: 48901.926: [GC (Allocation Failure) 2019-12-23T14:28:02.479+0000: 48901.926: [ParNew: 69428K->5221K(72512K), 0.0029896 secs] 149394K->85778K(233664K), 0.0030665 secs] [Times: user=0.01 sys=0.00, real=0.00 secs] 
2019-12-23T14:28:10.694+0000: 48910.141: [GC (Allocation Failure) 2019-12-23T14:28:10.694+0000: 48910.141: [ParNew: 69733K->5253K(72512K), 0.0029481 secs] 150290K->86955K(233664K), 0.0030324 secs] [Times: user=0.01 sys=0.00, real=0.00 secs] 
2019-12-23T14:28:23.608+0000: 48923.055: [GC (Allocation Failure) 2019-12-23T14:28:23.608+0000: 48923.055: [ParNew: 69765K->5548K(72512K), 0.0030373 secs] 151467K->88202K(233664K), 0.0031204 secs] [Times: user=0.01 sys=0.00, real=0.01 secs] 
2019-12-23T14:28:37.632+0000: 48937.079: [GC (Allocation Failure) 2019-12-23T14:28:37.633+0000: 48937.079: [ParNew: 70060K->5949K(72512K), 0.0029232 secs] 152714K->89427K(233664K), 0.0030023 secs] [Times: user=0.00 sys=0.00, real=0.00 secs] 
2019-12-23T14:28:49.950+0000: 48949.397: [GC (Allocation Failure) 2019-12-23T14:28:49.950+0000: 48949.397: [ParNew: 70461K->5892K(72512K), 0.0026634 secs] 153939K->90321K(233664K), 0.0027688 secs] [Times: user=0.01 sys=0.00, real=0.01 secs] 
2019-12-23T14:29:00.098+0000: 48959.545: [GC (Allocation Failure) 2019-12-23T14:29:00.098+0000: 48959.545: [ParNew: 70393K->5833K(72512K), 0.0029759 secs] 154822K->91214K(233664K), 0.0030605 secs] [Times: user=0.01 sys=0.00, real=0.01 secs] 
2019-12-23T14:29:14.334+0000: 48973.781: [GC (Allocation Failure) 2019-12-23T14:29:14.334+0000: 48973.781: [ParNew: 70345K->5932K(72512K), 0.0041584 secs] 155726K->92265K(233664K), 0.0042441 secs] [Times: user=0.01 sys=0.00, real=0.01 secs] 
2019-12-23T14:29:19.266+0000: 48978.713: [GC (Allocation Failure) 2019-12-23T14:29:19.266+0000: 48978.713: [ParNew: 70444K->5921K(72512K), 0.0030284 secs] 156777K->93205K(233664K), 0.0031063 secs] [Times: user=0.01 sys=0.00, real=0.00 secs] 
2019-12-23T14:29:31.980+0000: 48991.427: [GC (Allocation Failure) 2019-12-23T14:29:31.980+0000: 48991.427: [ParNew: 70433K->5917K(72512K), 0.0027874 secs] 157717K->94052K(233664K), 0.0028882 secs] [Times: user=0.00 sys=0.00, real=0.00 secs] 
2019-12-23T14:29:41.651+0000: 49001.098: [GC (Allocation Failure) 2019-12-23T14:29:41.651+0000: 49001.098: [ParNew: 70429K->6030K(72512K), 0.0028204 secs] 158564K->95252K(233664K), 0.0028930 secs] [Times: user=0.01 sys=0.00, real=0.00 secs] 
2019-12-23T14:29:54.288+0000: 49013.735: [GC (Allocation Failure) 2019-12-23T14:29:54.288+0000: 49013.735: [ParNew: 70542K->5904K(72512K), 0.0028310 secs] 159764K->96079K(233664K), 0.0029134 secs] [Times: user=0.00 sys=0.00, real=0.01 secs] 
2019-12-23T14:30:06.964+0000: 49026.411: [GC (Allocation Failure) 2019-12-23T14:30:06.964+0000: 49026.411: [ParNew: 70416K->5934K(72512K), 0.0029479 secs] 160591K->97060K(233664K), 0.0030175 secs] [Times: user=0.00 sys=0.00, real=0.00 secs] 
2019-12-23T14:30:17.324+0000: 49036.771: [GC (Allocation Failure) 2019-12-23T14:30:17.324+0000: 49036.771: [ParNew: 70446K->6566K(72512K), 0.0028789 secs] 161572K->98644K(233664K), 0.0029662 secs] [Times: user=0.01 sys=0.00, real=0.00 secs] 
2019-12-23T14:30:30.782+0000: 49050.229: [GC (Allocation Failure) 2019-12-23T14:30:30.782+0000: 49050.229: [ParNew: 71078K->2804K(72512K), 0.0035802 secs] 163156K->94883K(233664K), 0.0036711 secs] [Times: user=0.01 sys=0.00, real=0.00 secs] 
2019-12-23T14:30:37.502+0000: 49056.949: [GC (Allocation Failure) 2019-12-23T14:30:37.502+0000: 49056.949: [ParNew: 67316K->3264K(72512K), 0.0024218 secs] 159395K->95342K(233664K), 0.0025099 secs] [Times: user=0.01 sys=0.00, real=0.00 secs] 
2019-12-23T14:30:53.059+0000: 49072.506: [GC (Allocation Failure) 2019-12-23T14:30:53.059+0000: 49072.506: [ParNew: 67776K->4117K(72512K), 0.0024924 secs] 159854K->96195K(233664K), 0.0025711 secs] [Times: user=0.01 sys=0.00, real=0.00 secs] 
2019-12-23T14:30:59.265+0000: 49078.712: [GC (Allocation Failure) 2019-12-23T14:30:59.265+0000: 49078.712: [ParNew: 68629K->5189K(72512K), 0.0026106 secs] 160707K->97424K(233664K), 0.0026858 secs] [Times: user=0.01 sys=0.00, real=0.00 secs] 
2019-12-23T14:31:11.338+0000: 49090.785: [GC (Allocation Failure) 2019-12-23T14:31:11.338+0000: 49090.785: [ParNew: 69701K->4749K(72512K), 0.0036279 secs] 161936K->98349K(233664K), 0.0037033 secs] [Times: user=0.00 sys=0.00, real=0.01 secs] 
2019-12-23T14:31:22.364+0000: 49101.810: [GC (Allocation Failure) 2019-12-23T14:31:22.364+0000: 49101.811: [ParNew: 69261K->5255K(72512K), 0.0030835 secs] 162861K->99806K(233664K), 0.0031636 secs] [Times: user=0.01 sys=0.00, real=0.00 secs] 
2019-12-23T14:31:36.309+0000: 49115.756: [GC (Allocation Failure) 2019-12-23T14:31:36.309+0000: 49115.756: [ParNew: 69767K->5360K(72512K), 0.0030322 secs] 164318K->100826K(233664K), 0.0031045 secs] [Times: user=0.01 sys=0.00, real=0.01 secs] 
2019-12-23T14:31:43.362+0000: 49122.809: [GC (Allocation Failure) 2019-12-23T14:31:43.362+0000: 49122.809: [ParNew: 69872K->5677K(72512K), 0.0029497 secs] 165338K->102095K(233664K), 0.0030305 secs] [Times: user=0.01 sys=0.00, real=0.00 secs] 
2019-12-23T14:31:55.665+0000: 49135.112: [GC (Allocation Failure) 2019-12-23T14:31:55.665+0000: 49135.112: [ParNew: 70189K->5720K(72512K), 0.0029962 secs] 166607K->103089K(233664K), 0.0030698 secs] [Times: user=0.01 sys=0.00, real=0.00 secs] 
2019-12-23T14:32:07.953+0000: 49147.400: [GC (Allocation Failure) 2019-12-23T14:32:07.953+0000: 49147.400: [ParNew: 70232K->4723K(72512K), 0.0032235 secs] 167601K->103044K(233664K), 0.0033100 secs] [Times: user=0.01 sys=0.00, real=0.00 secs] 
2019-12-23T14:32:21.083+0000: 49160.530: [GC (Allocation Failure) 2019-12-23T14:32:21.083+0000: 49160.530: [ParNew: 69235K->5253K(72512K), 0.0029113 secs] 167556K->104553K(233664K), 0.0029836 secs] [Times: user=0.01 sys=0.00, real=0.00 secs] 
2019-12-23T14:32:27.985+0000: 49167.432: [GC (Allocation Failure) 2019-12-23T14:32:27.985+0000: 49167.432: [ParNew: 69765K->5775K(72512K), 0.0027870 secs] 169065K->106026K(233664K), 0.0028672 secs] [Times: user=0.01 sys=0.00, real=0.00 secs] 
2019-12-23T14:32:41.747+0000: 49181.194: [GC (Allocation Failure) 2019-12-23T14:32:41.747+0000: 49181.194: [ParNew: 70287K->5438K(72512K), 0.0029313 secs] 170538K->106540K(233664K), 0.0030040 secs] [Times: user=0.01 sys=0.00, real=0.00 secs] 
2019-12-23T14:32:48.479+0000: 49187.926: [GC (Allocation Failure) 2019-12-23T14:32:48.480+0000: 49187.926: [ParNew: 69950K->5057K(72512K), 0.0028041 secs] 171052K->107110K(233664K), 0.0028878 secs] [Times: user=0.01 sys=0.00, real=0.00 secs] 
2019-12-23T14:33:00.346+0000: 49199.793: [GC (Allocation Failure) 2019-12-23T14:33:00.346+0000: 49199.793: [ParNew: 69569K->5468K(72512K), 0.0029684 secs] 171622K->108474K(233664K), 0.0030658 secs] [Times: user=0.01 sys=0.00, real=0.00 secs] 
2019-12-23T14:33:10.854+0000: 49210.301: [GC (Allocation Failure) 2019-12-23T14:33:10.854+0000: 49210.301: [ParNew: 69980K->6000K(72512K), 0.0031682 secs] 172986K->109957K(233664K), 0.0032626 secs] [Times: user=0.01 sys=0.00, real=0.00 secs] 
2019-12-23T14:33:26.105+0000: 49225.552: [GC (Allocation Failure) 2019-12-23T14:33:26.105+0000: 49225.552: [ParNew: 70512K->5345K(72512K), 0.0029784 secs] 174469K->110253K(233664K), 0.0030524 secs] [Times: user=0.01 sys=0.00, real=0.00 secs] 
2019-12-23T14:33:35.946+0000: 49235.393: [GC (Allocation Failure) 2019-12-23T14:33:35.946+0000: 49235.393: [ParNew: 69857K->3064K(72512K), 0.0026044 secs] 174765K->108104K(233664K), 0.0026887 secs] [Times: user=0.01 sys=0.00, real=0.00 secs] 
2019-12-23T14:33:47.202+0000: 49246.649: [GC (Allocation Failure) 2019-12-23T14:33:47.202+0000: 49246.649: [ParNew: 67576K->4086K(72512K), 0.0037257 secs] 172616K->109127K(233664K), 0.0038022 secs] [Times: user=0.01 sys=0.00, real=0.00 secs] 
2019-12-23T14:33:55.283+0000: 49254.730: [GC (Allocation Failure) 2019-12-23T14:33:55.283+0000: 49254.730: [ParNew: 68598K->5657K(72512K), 0.0027133 secs] 173639K->110698K(233664K), 0.0028193 secs] [Times: user=0.01 sys=0.00, real=0.00 secs] 
2019-12-23T14:34:09.690+0000: 49269.137: [GC (Allocation Failure) 2019-12-23T14:34:09.690+0000: 49269.137: [ParNew: 70169K->5550K(72512K), 0.0029977 secs] 175210K->111750K(233664K), 0.0030809 secs] [Times: user=0.01 sys=0.00, real=0.01 secs] 
2019-12-23T14:34:16.661+0000: 49276.108: [GC (Allocation Failure) 2019-12-23T14:34:16.661+0000: 49276.108: [ParNew: 70062K->5355K(72512K), 0.0029902 secs] 176262K->112535K(233664K), 0.0030699 secs] [Times: user=0.01 sys=0.00, real=0.00 secs] 
2019-12-23T14:34:30.360+0000: 49289.807: [GC (Allocation Failure) 2019-12-23T14:34:30.360+0000: 49289.807: [ParNew: 69867K->5592K(72512K), 0.0030014 secs] 177047K->113723K(233664K), 0.0030801 secs] [Times: user=0.01 sys=0.00, real=0.00 secs] 
2019-12-23T14:34:41.174+0000: 49300.621: [GC (Allocation Failure) 2019-12-23T14:34:41.174+0000: 49300.621: [ParNew: 70104K->5232K(72512K), 0.0039207 secs] 178235K->114187K(233664K), 0.0040028 secs] [Times: user=0.01 sys=0.00, real=0.00 secs] 
2019-12-23T14:34:50.500+0000: 49309.947: [GC (Allocation Failure) 2019-12-23T14:34:50.500+0000: 49309.947: [ParNew: 69744K->6000K(72512K), 0.0028588 secs] 178699K->115907K(233664K), 0.0029382 secs] [Times: user=0.01 sys=0.00, real=0.00 secs] 
2019-12-23T14:35:05.325+0000: 49324.772: [GC (Allocation Failure) 2019-12-23T14:35:05.326+0000: 49324.772: [ParNew: 70512K->5517K(72512K), 0.0030772 secs] 180419K->116375K(233664K), 0.0031656 secs] [Times: user=0.01 sys=0.00, real=0.00 secs] 
2019-12-23T14:35:12.321+0000: 49331.768: [GC (Allocation Failure) 2019-12-23T14:35:12.321+0000: 49331.768: [ParNew: 70029K->5930K(72512K), 0.0030477 secs] 180887K->117739K(233664K), 0.0031238 secs] [Times: user=0.01 sys=0.00, real=0.00 secs] 
2019-12-23T14:35:24.298+0000: 49343.745: [GC (Allocation Failure) 2019-12-23T14:35:24.298+0000: 49343.745: [ParNew: 70442K->5918K(72512K), 0.0039151 secs] 182251K->118679K(233664K), 0.0040038 secs] [Times: user=0.01 sys=0.00, real=0.01 secs] 
2019-12-23T14:35:36.937+0000: 49356.384: [GC (Allocation Failure) 2019-12-23T14:35:36.937+0000: 49356.384: [ParNew: 70430K->5953K(72512K), 0.0028918 secs] 183191K->119665K(233664K), 0.0029701 secs] [Times: user=0.01 sys=0.00, real=0.01 secs] 
2019-12-23T14:35:48.308+0000: 49367.755: [GC (Allocation Failure) 2019-12-23T14:35:48.308+0000: 49367.755: [ParNew: 70465K->5944K(72512K), 0.0038819 secs] 184177K->120507K(233664K), 0.0039664 secs] [Times: user=0.01 sys=0.00, real=0.01 secs] 
2019-12-23T14:35:59.475+0000: 49378.922: [GC (Allocation Failure) 2019-12-23T14:35:59.475+0000: 49378.922: [ParNew: 70456K->6805K(72512K), 0.0028172 secs] 185019K->122319K(233664K), 0.0028976 secs] [Times: user=0.01 sys=0.00, real=0.00 secs] 
2019-12-23T14:36:09.263+0000: 49388.710: [GC (Allocation Failure) 2019-12-23T14:36:09.263+0000: 49388.710: [ParNew: 71317K->6058K(72512K), 0.0033971 secs] 186831K->122525K(233664K), 0.0034845 secs] [Times: user=0.01 sys=0.00, real=0.00 secs] 
2019-12-23T14:36:18.413+0000: 49397.860: [GC (Allocation Failure) 2019-12-23T14:36:18.413+0000: 49397.860: [ParNew: 70570K->5841K(72512K), 0.0027933 secs] 187037K->123395K(233664K), 0.0028833 secs] [Times: user=0.01 sys=0.00, real=0.00 secs] 
2019-12-23T14:36:28.521+0000: 49407.967: [GC (Allocation Failure) 2019-12-23T14:36:28.521+0000: 49407.968: [ParNew: 70353K->4626K(72512K), 0.0038939 secs] 187907K->123131K(233664K), 0.0039845 secs] [Times: user=0.01 sys=0.00, real=0.00 secs] 
2019-12-23T14:36:39.966+0000: 49419.413: [GC (Allocation Failure) 2019-12-23T14:36:39.967+0000: 49419.413: [ParNew: 69138K->3601K(72512K), 0.0028081 secs] 187643K->122303K(233664K), 0.0029181 secs] [Times: user=0.00 sys=0.00, real=0.00 secs] 
2019-12-23T14:36:51.998+0000: 49431.445: [GC (Allocation Failure) 2019-12-23T14:36:51.998+0000: 49431.445: [ParNew: 68113K->4177K(72512K), 0.0026360 secs] 186815K->122879K(233664K), 0.0027253 secs] [Times: user=0.01 sys=0.00, real=0.01 secs] 
2019-12-23T14:37:05.496+0000: 49444.943: [GC (Allocation Failure) 2019-12-23T14:37:05.496+0000: 49444.943: [ParNew: 68689K->4833K(72512K), 0.0027414 secs] 187391K->123534K(233664K), 0.0028240 secs] [Times: user=0.01 sys=0.01, real=0.01 secs] 
2019-12-23T14:37:16.334+0000: 49455.781: [GC (Allocation Failure) 2019-12-23T14:37:16.334+0000: 49455.781: [ParNew: 69345K->5224K(72512K), 0.0031239 secs] 188046K->125027K(233664K), 0.0032058 secs] [Times: user=0.01 sys=0.00, real=0.00 secs] 
2019-12-23T14:37:29.674+0000: 49469.121: [GC (Allocation Failure) 2019-12-23T14:37:29.674+0000: 49469.121: [ParNew: 69736K->4945K(72512K), 0.0027959 secs] 189539K->125699K(233664K), 0.0028822 secs] [Times: user=0.00 sys=0.00, real=0.00 secs] 
2019-12-23T14:37:39.039+0000: 49478.486: [GC (Allocation Failure) 2019-12-23T14:37:39.039+0000: 49478.486: [ParNew: 69457K->6049K(72512K), 0.0030256 secs] 190211K->127627K(233664K), 0.0030989 secs] [Times: user=0.00 sys=0.00, real=0.00 secs] 
2019-12-23T14:37:55.288+0000: 49494.735: [GC (Allocation Failure) 2019-12-23T14:37:55.288+0000: 49494.735: [ParNew: 70561K->5170K(72512K), 0.0030655 secs] 192139K->127827K(233664K), 0.0031468 secs] [Times: user=0.01 sys=0.00, real=0.01 secs] 
2019-12-23T14:37:59.156+0000: 49498.603: [GC (Allocation Failure) 2019-12-23T14:37:59.156+0000: 49498.603: [ParNew: 69682K->6408K(72512K), 0.0027031 secs] 192339K->130018K(233664K), 0.0027844 secs] [Times: user=0.00 sys=0.00, real=0.01 secs] 
2019-12-23T14:38:15.835+0000: 49515.281: [GC (Allocation Failure) 2019-12-23T14:38:15.835+0000: 49515.282: [ParNew: 70920K->4843K(72512K), 0.0028592 secs] 194530K->129276K(233664K), 0.0029331 secs] [Times: user=0.01 sys=0.00, real=0.00 secs] 
2019-12-23T14:38:21.605+0000: 49521.052: [GC (Allocation Failure) 2019-12-23T14:38:21.605+0000: 49521.052: [ParNew: 69355K->4730K(72512K), 0.0028031 secs] 193788K->130115K(233664K), 0.0028854 secs] [Times: user=0.01 sys=0.00, real=0.00 secs] 
2019-12-23T14:38:34.510+0000: 49533.957: [GC (Allocation Failure) 2019-12-23T14:38:34.510+0000: 49533.957: [ParNew: 69242K->5389K(72512K), 0.0028609 secs] 194627K->131726K(233664K), 0.0029351 secs] [Times: user=0.01 sys=0.00, real=0.01 secs] 
2019-12-23T14:38:47.810+0000: 49547.257: [GC (Allocation Failure) 2019-12-23T14:38:47.810+0000: 49547.257: [ParNew: 69901K->5577K(72512K), 0.0039497 secs] 196238K->133001K(233664K), 0.0040348 secs] [Times: user=0.01 sys=0.00, real=0.01 secs] 
2019-12-23T14:39:00.588+0000: 49560.035: [GC (Allocation Failure) 2019-12-23T14:39:00.588+0000: 49560.035: [ParNew: 70089K->5120K(72512K), 0.0029600 secs] 197513K->133362K(233664K), 0.0030506 secs] [Times: user=0.01 sys=0.00, real=0.01 secs] 
2019-12-23T14:39:13.667+0000: 49573.114: [GC (Allocation Failure) 2019-12-23T14:39:13.667+0000: 49573.114: [ParNew: 69632K->5945K(72512K), 0.0030661 secs] 197874K->135273K(233664K), 0.0031374 secs] [Times: user=0.01 sys=0.00, real=0.00 secs] 
2019-12-23T14:39:25.690+0000: 49585.137: [GC (Allocation Failure) 2019-12-23T14:39:25.691+0000: 49585.137: [ParNew: 70457K->5722K(72512K), 0.0031410 secs] 199785K->136001K(233664K), 0.0032404 secs] [Times: user=0.00 sys=0.00, real=0.01 secs] 
2019-12-23T14:39:40.272+0000: 49599.719: [GC (Allocation Failure) 2019-12-23T14:39:40.272+0000: 49599.719: [ParNew: 70234K->5860K(72512K), 0.0041149 secs] 200513K->137090K(233664K), 0.0042112 secs] [Times: user=0.01 sys=0.00, real=0.00 secs] 
2019-12-23T14:39:46.139+0000: 49605.586: [GC (Allocation Failure) 2019-12-23T14:39:46.139+0000: 49605.586: [ParNew: 70372K->5148K(72512K), 0.0025564 secs] 201602K->136511K(233664K), 0.0026320 secs] [Times: user=0.01 sys=0.00, real=0.00 secs] 
2019-12-23T14:40:04.312+0000: 49623.759: [GC (Allocation Failure) 2019-12-23T14:40:04.312+0000: 49623.759: [ParNew: 69660K->4173K(72512K), 0.0025438 secs] 201023K->135536K(233664K), 0.0026272 secs] [Times: user=0.00 sys=0.00, real=0.00 secs] 
2019-12-23T14:40:06.709+0000: 49626.156: [GC (Allocation Failure) 2019-12-23T14:40:06.709+0000: 49626.156: [ParNew: 68685K->4996K(72512K), 0.0026675 secs] 200048K->136359K(233664K), 0.0027579 secs] [Times: user=0.01 sys=0.00, real=0.01 secs] 
2019-12-23T14:40:24.078+0000: 49643.525: [GC (Allocation Failure) 2019-12-23T14:40:24.078+0000: 49643.525: [ParNew: 69508K->5587K(72512K), 0.0030363 secs] 200871K->138210K(233664K), 0.0031083 secs] [Times: user=0.01 sys=0.00, real=0.01 secs] 
2019-12-23T14:40:32.729+0000: 49652.176: [GC (Allocation Failure) 2019-12-23T14:40:32.729+0000: 49652.176: [ParNew: 70099K->5507K(72512K), 0.0027942 secs] 202722K->139082K(233664K), 0.0028839 secs] [Times: user=0.00 sys=0.00, real=0.01 secs] 
2019-12-23T14:40:45.922+0000: 49665.369: [GC (Allocation Failure) 2019-12-23T14:40:45.922+0000: 49665.369: [ParNew: 70019K->6161K(72512K), 0.0031068 secs] 203594K->140688K(233664K), 0.0031812 secs] [Times: user=0.00 sys=0.00, real=0.00 secs] 
2019-12-23T14:40:58.677+0000: 49678.124: [GC (Allocation Failure) 2019-12-23T14:40:58.677+0000: 49678.124: [ParNew: 70673K->4823K(72512K), 0.0029159 secs] 205200K->140301K(233664K), 0.0030026 secs] [Times: user=0.01 sys=0.00, real=0.01 secs] 
2019-12-23T14:41:09.942+0000: 49689.389: [GC (Allocation Failure) 2019-12-23T14:41:09.942+0000: 49689.389: [ParNew: 69335K->5294K(72512K), 0.0032005 secs] 204813K->141596K(233664K), 0.0032925 secs] [Times: user=0.01 sys=0.00, real=0.00 secs] 
2019-12-23T14:41:20.813+0000: 49700.260: [GC (Allocation Failure) 2019-12-23T14:41:20.813+0000: 49700.260: [ParNew: 69806K->5471K(72512K), 0.0031220 secs] 206108K->142724K(233664K), 0.0032018 secs] [Times: user=0.00 sys=0.00, real=0.00 secs] 
2019-12-23T14:41:30.333+0000: 49709.780: [GC (Allocation Failure) 2019-12-23T14:41:30.333+0000: 49709.780: [ParNew: 69983K->5514K(72512K), 0.0028982 secs] 207236K->143719K(233664K), 0.0029846 secs] [Times: user=0.01 sys=0.00, real=0.00 secs] 
2019-12-23T14:41:39.712+0000: 49719.159: [GC (Allocation Failure) 2019-12-23T14:41:39.712+0000: 49719.159: [ParNew: 70026K->5590K(72512K), 0.0031450 secs] 208231K->144747K(233664K), 0.0032469 secs] [Times: user=0.01 sys=0.00, real=0.00 secs] 
2019-12-23T14:41:52.188+0000: 49731.635: [GC (Allocation Failure) 2019-12-23T14:41:52.188+0000: 49731.635: [ParNew: 70102K->4817K(72512K), 0.0028788 secs] 209259K->144926K(233664K), 0.0029501 secs] [Times: user=0.00 sys=0.00, real=0.01 secs] 
2019-12-23T14:42:04.779+0000: 49744.226: [GC (Allocation Failure) 2019-12-23T14:42:04.780+0000: 49744.226: [ParNew: 69329K->5181K(72512K), 0.0031172 secs] 209438K->146141K(233664K), 0.0032151 secs] [Times: user=0.00 sys=0.00, real=0.00 secs] 
2019-12-23T14:42:14.836+0000: 49754.283: [GC (Allocation Failure) 2019-12-23T14:42:14.837+0000: 49754.283: [ParNew: 69693K->5613K(72512K), 0.0030591 secs] 210653K->147524K(233664K), 0.0031347 secs] [Times: user=0.00 sys=0.01, real=0.01 secs] 
2019-12-23T14:42:28.826+0000: 49768.273: [GC (Allocation Failure) 2019-12-23T14:42:28.826+0000: 49768.273: [ParNew: 70125K->5518K(72512K), 0.0029468 secs] 212036K->148381K(233664K), 0.0030440 secs] [Times: user=0.01 sys=0.00, real=0.00 secs] 
2019-12-23T14:42:40.915+0000: 49780.362: [GC (Allocation Failure) 2019-12-23T14:42:40.915+0000: 49780.362: [ParNew: 70030K->6549K(72512K), 0.0028927 secs] 212893K->150363K(233664K), 0.0029730 secs] [Times: user=0.01 sys=0.00, real=0.00 secs] 
2019-12-23T14:42:50.707+0000: 49790.154: [GC (Allocation Failure) 2019-12-23T14:42:50.707+0000: 49790.154: [ParNew: 71061K->2721K(72512K), 0.0024991 secs] 214875K->146668K(233664K), 0.0025751 secs] [Times: user=0.00 sys=0.00, real=0.00 secs] 
2019-12-23T14:43:07.092+0000: 49806.538: [GC (Allocation Failure) 2019-12-23T14:43:07.092+0000: 49806.539: [ParNew: 67233K->3837K(72512K), 0.0026929 secs] 211180K->147784K(233664K), 0.0027714 secs] [Times: user=0.00 sys=0.00, real=0.00 secs] 
2019-12-23T14:43:11.253+0000: 49810.700: [GC (Allocation Failure) 2019-12-23T14:43:11.253+0000: 49810.700: [ParNew: 68349K->4452K(72512K), 0.0028966 secs] 212296K->148398K(233664K), 0.0029794 secs] [Times: user=0.01 sys=0.00, real=0.00 secs] 
2019-12-23T14:43:30.042+0000: 49829.489: [GC (Allocation Failure) 2019-12-23T14:43:30.042+0000: 49829.489: [ParNew: 68964K->4676K(72512K), 0.0029539 secs] 212910K->149244K(233664K), 0.0030274 secs] [Times: user=0.00 sys=0.00, real=0.00 secs] 
2019-12-23T14:43:34.267+0000: 49833.714: [GC (Allocation Failure) 2019-12-23T14:43:34.267+0000: 49833.714: [ParNew: 69188K->4941K(72512K), 0.0029304 secs] 213756K->150461K(233664K), 0.0030102 secs] [Times: user=0.01 sys=0.00, real=0.00 secs] 
2019-12-23T14:43:49.830+0000: 49849.277: [GC (Allocation Failure) 2019-12-23T14:43:49.830+0000: 49849.277: [ParNew: 69453K->4731K(72512K), 0.0030468 secs] 214973K->151203K(233664K), 0.0031221 secs] [Times: user=0.01 sys=0.00, real=0.01 secs] 
2019-12-23T14:44:00.091+0000: 49859.538: [GC (Allocation Failure) 2019-12-23T14:44:00.091+0000: 49859.538: [ParNew: 69243K->4786K(72512K), 0.0030169 secs] 215715K->152210K(233664K), 0.0030944 secs] [Times: user=0.01 sys=0.00, real=0.00 secs] 
2019-12-23T14:44:12.908+0000: 49872.355: [GC (Allocation Failure) 2019-12-23T14:44:12.908+0000: 49872.355: [ParNew: 69298K->4862K(72512K), 0.0028430 secs] 216722K->153262K(233664K), 0.0029462 secs] [Times: user=0.01 sys=0.00, real=0.01 secs] 
2019-12-23T14:44:12.911+0000: 49872.358: [GC (CMS Initial Mark) [1 CMS-initial-mark: 148400K(161152K)] 154328K(233664K), 0.0010527 secs] [Times: user=0.00 sys=0.00, real=0.00 secs] 
2019-12-23T14:44:12.912+0000: 49872.359: [CMS-concurrent-mark-start]
2019-12-23T14:44:12.957+0000: 49872.404: [CMS-concurrent-mark: 0.044/0.044 secs] [Times: user=0.06 sys=0.00, real=0.04 secs] 
2019-12-23T14:44:12.957+0000: 49872.404: [CMS-concurrent-preclean-start]
2019-12-23T14:44:12.958+0000: 49872.405: [CMS-concurrent-preclean: 0.001/0.001 secs] [Times: user=0.00 sys=0.00, real=0.00 secs] 
2019-12-23T14:44:12.958+0000: 49872.405: [CMS-concurrent-abortable-preclean-start]
 CMS: abort preclean due to time 2019-12-23T14:44:18.061+0000: 49877.508: [CMS-concurrent-abortable-preclean: 0.198/5.103 secs] [Times: user=0.28 sys=0.00, real=5.11 secs] 
2019-12-23T14:44:18.061+0000: 49877.508: [GC (CMS Final Remark) [YG occupancy: 50760 K (72512 K)]2019-12-23T14:44:18.061+0000: 49877.508: [Rescan (parallel) , 0.0068172 secs]2019-12-23T14:44:18.068+0000: 49877.515: [weak refs processing, 0.0000556 secs]2019-12-23T14:44:18.068+0000: 49877.515: [class unloading, 0.0091170 secs]2019-12-23T14:44:18.078+0000: 49877.524: [scrub symbol table, 0.0052826 secs]2019-12-23T14:44:18.083+0000: 49877.530: [scrub string table, 0.0005530 secs][1 CMS-remark: 148400K(161152K)] 199160K(233664K), 0.0219761 secs] [Times: user=0.04 sys=0.00, real=0.02 secs] 
2019-12-23T14:44:18.084+0000: 49877.531: [CMS-concurrent-sweep-start]
2019-12-23T14:44:18.095+0000: 49877.542: [CMS-concurrent-sweep: 0.012/0.012 secs] [Times: user=0.01 sys=0.00, real=0.01 secs] 
2019-12-23T14:44:18.095+0000: 49877.542: [CMS-concurrent-reset-start]
2019-12-23T14:44:18.107+0000: 49877.554: [CMS-concurrent-reset: 0.011/0.011 secs] [Times: user=0.01 sys=0.00, real=0.01 secs] 
2019-12-23T14:44:28.504+0000: 49887.951: [GC (Allocation Failure) 2019-12-23T14:44:28.504+0000: 49887.951: [ParNew: 69374K->5038K(72512K), 0.0039877 secs] 87944K->24559K(233664K), 0.0040827 secs] [Times: user=0.00 sys=0.01, real=0.00 secs] 
2019-12-23T14:44:32.466+0000: 49891.913: [GC (Allocation Failure) 2019-12-23T14:44:32.466+0000: 49891.913: [ParNew: 69550K->4860K(72512K), 0.0029799 secs] 89071K->25333K(233664K), 0.0030488 secs] [Times: user=0.01 sys=0.00, real=0.00 secs] 
2019-12-23T14:44:51.030+0000: 49910.477: [GC (Allocation Failure) 2019-12-23T14:44:51.030+0000: 49910.477: [ParNew: 69372K->5514K(72512K), 0.0031021 secs] 89845K->27074K(233664K), 0.0031861 secs] [Times: user=0.01 sys=0.00, real=0.01 secs] 
2019-12-23T14:44:56.337+0000: 49915.784: [GC (Allocation Failure) 2019-12-23T14:44:56.337+0000: 49915.784: [ParNew: 70026K->4677K(72512K), 0.0029021 secs] 91586K->27189K(233664K), 0.0029800 secs] [Times: user=0.01 sys=0.00, real=0.01 secs] 
2019-12-23T14:45:11.820+0000: 49931.267: [GC (Allocation Failure) 2019-12-23T14:45:11.820+0000: 49931.267: [ParNew: 69189K->5503K(72512K), 0.0031142 secs] 91701K->28866K(233664K), 0.0031971 secs] [Times: user=0.01 sys=0.00, real=0.00 secs] 
2019-12-23T14:45:22.183+0000: 49941.630: [GC (Allocation Failure) 2019-12-23T14:45:22.183+0000: 49941.630: [ParNew: 70015K->5291K(72512K), 0.0028872 secs] 93378K->29633K(233664K), 0.0029726 secs] [Times: user=0.01 sys=0.00, real=0.00 secs] 
2019-12-23T14:45:34.461+0000: 49953.908: [GC (Allocation Failure) 2019-12-23T14:45:34.461+0000: 49953.908: [ParNew: 69803K->5196K(72512K), 0.0028465 secs] 94145K->30490K(233664K), 0.0029291 secs] [Times: user=0.01 sys=0.00, real=0.00 secs] 
2019-12-23T14:45:46.912+0000: 49966.359: [GC (Allocation Failure) 2019-12-23T14:45:46.912+0000: 49966.359: [ParNew: 69708K->5515K(72512K), 0.0028348 secs] 95002K->31760K(233664K), 0.0029125 secs] [Times: user=0.00 sys=0.00, real=0.00 secs] 
2019-12-23T14:45:59.267+0000: 49978.714: [GC (Allocation Failure) 2019-12-23T14:45:59.268+0000: 49978.714: [ParNew: 70027K->2880K(72512K), 0.0035374 secs] 96272K->29258K(233664K), 0.0036213 secs] [Times: user=0.00 sys=0.00, real=0.01 secs] 
2019-12-23T14:46:11.024+0000: 49990.471: [GC (Allocation Failure) 2019-12-23T14:46:11.024+0000: 49990.471: [ParNew: 67392K->3581K(72512K), 0.0026381 secs] 93770K->29958K(233664K), 0.0027383 secs] [Times: user=0.01 sys=0.00, real=0.00 secs] 
2019-12-23T14:46:20.877+0000: 50000.324: [GC (Allocation Failure) 2019-12-23T14:46:20.878+0000: 50000.324: [ParNew: 68093K->4528K(72512K), 0.0026373 secs] 94470K->30905K(233664K), 0.0027138 secs] [Times: user=0.01 sys=0.00, real=0.01 secs] 
2019-12-23T14:46:28.892+0000: 50008.339: [GC (Allocation Failure) 2019-12-23T14:46:28.892+0000: 50008.339: [ParNew: 69040K->4753K(72512K), 0.0029540 secs] 95417K->31982K(233664K), 0.0030519 secs] [Times: user=0.01 sys=0.00, real=0.00 secs] 
2019-12-23T14:46:39.075+0000: 50018.522: [GC (Allocation Failure) 2019-12-23T14:46:39.075+0000: 50018.522: [ParNew: 69265K->4941K(72512K), 0.0027039 secs] 96494K->33122K(233664K), 0.0027794 secs] [Times: user=0.00 sys=0.00, real=0.00 secs] 
2019-12-23T14:46:52.521+0000: 50031.968: [GC (Allocation Failure) 2019-12-23T14:46:52.521+0000: 50031.968: [ParNew: 69453K->5319K(72512K), 0.0027375 secs] 97634K->34451K(233664K), 0.0028195 secs] [Times: user=0.01 sys=0.00, real=0.00 secs] 
2019-12-23T14:47:05.863+0000: 50045.310: [GC (Allocation Failure) 2019-12-23T14:47:05.864+0000: 50045.310: [ParNew: 69831K->5784K(72512K), 0.0049784 secs] 98963K->35868K(233664K), 0.0050737 secs] [Times: user=0.00 sys=0.01, real=0.00 secs] 
2019-12-23T14:47:15.145+0000: 50054.592: [GC (Allocation Failure) 2019-12-23T14:47:15.145+0000: 50054.592: [ParNew: 70296K->4951K(72512K), 0.0031878 secs] 100380K->36014K(233664K), 0.0032781 secs] [Times: user=0.01 sys=0.00, real=0.00 secs] 
2019-12-23T14:47:29.040+0000: 50068.487: [GC (Allocation Failure) 2019-12-23T14:47:29.040+0000: 50068.487: [ParNew: 69463K->5212K(72512K), 0.0028837 secs] 100526K->37226K(233664K), 0.0029583 secs] [Times: user=0.01 sys=0.00, real=0.00 secs] 
2019-12-23T14:47:33.379+0000: 50072.826: [GC (Allocation Failure) 2019-12-23T14:47:33.379+0000: 50072.826: [ParNew: 69724K->4730K(72512K), 0.0028796 secs] 101738K->37696K(233664K), 0.0029728 secs] [Times: user=0.01 sys=0.00, real=0.00 secs] 
2019-12-23T14:47:49.830+0000: 50089.277: [GC (Allocation Failure) 2019-12-23T14:47:49.830+0000: 50089.277: [ParNew: 69242K->5689K(72512K), 0.0028921 secs] 102208K->39606K(233664K), 0.0029853 secs] [Times: user=0.01 sys=0.00, real=0.01 secs] 
2019-12-23T14:47:57.049+0000: 50096.496: [GC (Allocation Failure) 2019-12-23T14:47:57.049+0000: 50096.496: [ParNew: 70201K->4846K(72512K), 0.0028692 secs] 104118K->39714K(233664K), 0.0029479 secs] [Times: user=0.00 sys=0.00, real=0.01 secs] 
2019-12-23T14:48:10.174+0000: 50109.621: [GC (Allocation Failure) 2019-12-23T14:48:10.174+0000: 50109.621: [ParNew: 69358K->5313K(72512K), 0.0028797 secs] 104226K->41133K(233664K), 0.0029651 secs] [Times: user=0.01 sys=0.00, real=0.00 secs] 
2019-12-23T14:48:20.386+0000: 50119.833: [GC (Allocation Failure) 2019-12-23T14:48:20.386+0000: 50119.833: [ParNew: 69825K->5988K(72512K), 0.0030098 secs] 105645K->42787K(233664K), 0.0030986 secs] [Times: user=0.01 sys=0.00, real=0.00 secs] 
2019-12-23T14:48:32.618+0000: 50132.065: [GC (Allocation Failure) 2019-12-23T14:48:32.618+0000: 50132.065: [ParNew: 70500K->4699K(72512K), 0.0031767 secs] 107299K->42451K(233664K), 0.0032621 secs] [Times: user=0.01 sys=0.00, real=0.01 secs] 
2019-12-23T14:48:45.180+0000: 50144.627: [GC (Allocation Failure) 2019-12-23T14:48:45.180+0000: 50144.627: [ParNew: 69211K->5154K(72512K), 0.0028644 secs] 106963K->43857K(233664K), 0.0029646 secs] [Times: user=0.01 sys=0.00, real=0.00 secs] 
2019-12-23T14:48:51.451+0000: 50150.898: [GC (Allocation Failure) 2019-12-23T14:48:51.451+0000: 50150.898: [ParNew: 69666K->6107K(72512K), 0.0028968 secs] 108369K->45761K(233664K), 0.0029750 secs] [Times: user=0.01 sys=0.00, real=0.00 secs] 
2019-12-23T14:49:04.413+0000: 50163.860: [GC (Allocation Failure) 2019-12-23T14:49:04.413+0000: 50163.860: [ParNew: 70619K->3984K(72512K), 0.0027602 secs] 110273K->43639K(233664K), 0.0028578 secs] [Times: user=0.00 sys=0.00, real=0.00 secs] 
2019-12-23T14:49:13.403+0000: 50172.850: [GC (Allocation Failure) 2019-12-23T14:49:13.403+0000: 50172.850: [ParNew: 68496K->4535K(72512K), 0.0026854 secs] 108151K->44190K(233664K), 0.0027845 secs] [Times: user=0.01 sys=0.00, real=0.00 secs] 
2019-12-23T14:49:26.146+0000: 50185.593: [GC (Allocation Failure) 2019-12-23T14:49:26.146+0000: 50185.593: [ParNew: 69047K->5289K(72512K), 0.0029913 secs] 108702K->44944K(233664K), 0.0031051 secs] [Times: user=0.01 sys=0.00, real=0.00 secs] 
2019-12-23T14:49:38.925+0000: 50198.372: [GC (Allocation Failure) 2019-12-23T14:49:38.925+0000: 50198.372: [ParNew: 69801K->4985K(72512K), 0.0031933 secs] 109456K->45876K(233664K), 0.0032728 secs] [Times: user=0.01 sys=0.00, real=0.00 secs] 
2019-12-23T14:49:50.366+0000: 50209.813: [GC (Allocation Failure) 2019-12-23T14:49:50.366+0000: 50209.813: [ParNew: 69497K->5350K(72512K), 0.0029274 secs] 110388K->47193K(233664K), 0.0030088 secs] [Times: user=0.01 sys=0.00, real=0.00 secs] 
2019-12-23T14:50:02.998+0000: 50222.445: [GC (Allocation Failure) 2019-12-23T14:50:02.998+0000: 50222.445: [ParNew: 69862K->6516K(72512K), 0.0032194 secs] 111705K->49310K(233664K), 0.0033143 secs] [Times: user=0.01 sys=0.00, real=0.01 secs] 
2019-12-23T14:50:13.664+0000: 50233.111: [GC (Allocation Failure) 2019-12-23T14:50:13.664+0000: 50233.111: [ParNew: 71028K->5274K(72512K), 0.0029886 secs] 113822K->49021K(233664K), 0.0030809 secs] [Times: user=0.01 sys=0.00, real=0.00 secs] 
2019-12-23T14:50:26.929+0000: 50246.376: [GC (Allocation Failure) 2019-12-23T14:50:26.929+0000: 50246.376: [ParNew: 69786K->5806K(72512K), 0.0028860 secs] 113533K->50532K(233664K), 0.0029709 secs] [Times: user=0.01 sys=0.00, real=0.01 secs] 
2019-12-23T14:50:30.601+0000: 50250.047: [GC (Allocation Failure) 2019-12-23T14:50:30.601+0000: 50250.048: [ParNew: 70318K->5045K(72512K), 0.0031398 secs] 115044K->50723K(233664K), 0.0032227 secs] [Times: user=0.01 sys=0.00, real=0.00 secs] 
2019-12-23T14:50:46.749+0000: 50266.196: [GC (Allocation Failure) 2019-12-23T14:50:46.749+0000: 50266.196: [ParNew: 69557K->4925K(72512K), 0.0027593 secs] 115235K->51554K(233664K), 0.0028499 secs] [Times: user=0.01 sys=0.00, real=0.01 secs] 
2019-12-23T14:51:02.665+0000: 50282.112: [GC (Allocation Failure) 2019-12-23T14:51:02.665+0000: 50282.112: [ParNew: 69437K->5033K(72512K), 0.0030863 secs] 116066K->52613K(233664K), 0.0031721 secs] [Times: user=0.01 sys=0.00, real=0.00 secs] 
2019-12-23T14:51:07.547+0000: 50286.994: [GC (Allocation Failure) 2019-12-23T14:51:07.547+0000: 50286.994: [ParNew: 69545K->5107K(72512K), 0.0029410 secs] 117125K->53704K(233664K), 0.0030261 secs] [Times: user=0.00 sys=0.00, real=0.00 secs] 
2019-12-23T14:51:20.416+0000: 50299.863: [GC (Allocation Failure) 2019-12-23T14:51:20.416+0000: 50299.863: [ParNew: 69619K->5336K(72512K), 0.0028592 secs] 118216K->54719K(233664K), 0.0029298 secs] [Times: user=0.01 sys=0.00, real=0.01 secs] 
2019-12-23T14:51:33.917+0000: 50313.364: [GC (Allocation Failure) 2019-12-23T14:51:33.917+0000: 50313.364: [ParNew: 69848K->5662K(72512K), 0.0029326 secs] 119231K->56133K(233664K), 0.0030204 secs] [Times: user=0.01 sys=0.00, real=0.01 secs] 
2019-12-23T14:51:47.904+0000: 50327.351: [GC (Allocation Failure) 2019-12-23T14:51:47.904+0000: 50327.351: [ParNew: 70174K->5866K(72512K), 0.0027603 secs] 120645K->57288K(233664K), 0.0028340 secs] [Times: user=0.01 sys=0.00, real=0.00 secs] 
2019-12-23T14:51:55.041+0000: 50334.488: [GC (Allocation Failure) 2019-12-23T14:51:55.041+0000: 50334.488: [ParNew: 70378K->5312K(72512K), 0.0029308 secs] 121800K->57686K(233664K), 0.0030101 secs] [Times: user=0.01 sys=0.00, real=0.00 secs] 
2019-12-23T14:52:09.118+0000: 50348.565: [GC (Allocation Failure) 2019-12-23T14:52:09.118+0000: 50348.565: [ParNew: 69824K->4478K(72512K), 0.0025193 secs] 122198K->56853K(233664K), 0.0025929 secs] [Times: user=0.01 sys=0.00, real=0.01 secs] 
2019-12-23T14:52:17.278+0000: 50356.725: [GC (Allocation Failure) 2019-12-23T14:52:17.278+0000: 50356.725: [ParNew: 68990K->4477K(72512K), 0.0024712 secs] 121365K->56852K(233664K), 0.0025837 secs] [Times: user=0.01 sys=0.00, real=0.01 secs] 
2019-12-23T14:52:31.941+0000: 50371.388: [GC (Allocation Failure) 2019-12-23T14:52:31.942+0000: 50371.388: [ParNew: 68989K->5428K(72512K), 0.0027397 secs] 121364K->57803K(233664K), 0.0028179 secs] [Times: user=0.01 sys=0.00, real=0.00 secs] 
2019-12-23T14:52:44.141+0000: 50383.587: [GC (Allocation Failure) 2019-12-23T14:52:44.141+0000: 50383.588: [ParNew: 69940K->4692K(72512K), 0.0028535 secs] 122315K->58427K(233664K), 0.0029485 secs] [Times: user=0.00 sys=0.00, real=0.00 secs] 
2019-12-23T14:52:57.535+0000: 50396.982: [GC (Allocation Failure) 2019-12-23T14:52:57.535+0000: 50396.982: [ParNew: 69204K->5519K(72512K), 0.0029194 secs] 122939K->60206K(233664K), 0.0030033 secs] [Times: user=0.01 sys=0.00, real=0.00 secs] 
2019-12-23T14:53:10.445+0000: 50409.892: [GC (Allocation Failure) 2019-12-23T14:53:10.445+0000: 50409.892: [ParNew: 70031K->6352K(72512K), 0.0030364 secs] 124718K->61991K(233664K), 0.0031294 secs] [Times: user=0.01 sys=0.00, real=0.00 secs] 
2019-12-23T14:53:19.488+0000: 50418.935: [GC (Allocation Failure) 2019-12-23T14:53:19.488+0000: 50418.935: [ParNew: 70864K->5085K(72512K), 0.0030166 secs] 126503K->61675K(233664K), 0.0031136 secs] [Times: user=0.01 sys=0.00, real=0.01 secs] 
2019-12-23T14:53:32.257+0000: 50431.704: [GC (Allocation Failure) 2019-12-23T14:53:32.257+0000: 50431.704: [ParNew: 69597K->5743K(72512K), 0.0030311 secs] 126187K->63184K(233664K), 0.0031296 secs] [Times: user=0.01 sys=0.00, real=0.01 secs] 
2019-12-23T14:53:39.978+0000: 50439.425: [GC (Allocation Failure) 2019-12-23T14:53:39.978+0000: 50439.425: [ParNew: 70255K->5153K(72512K), 0.0028317 secs] 127696K->63546K(233664K), 0.0029120 secs] [Times: user=0.01 sys=0.00, real=0.01 secs] 
2019-12-23T14:53:54.995+0000: 50454.442: [GC (Allocation Failure) 2019-12-23T14:53:54.995+0000: 50454.442: [ParNew: 69665K->4878K(72512K), 0.0038433 secs] 128058K->64222K(233664K), 0.0039252 secs] [Times: user=0.01 sys=0.00, real=0.01 secs] 
2019-12-23T14:54:06.551+0000: 50465.998: [GC (Allocation Failure) 2019-12-23T14:54:06.551+0000: 50465.998: [ParNew: 69390K->5894K(72512K), 0.0029991 secs] 128734K->66190K(233664K), 0.0030754 secs] [Times: user=0.01 sys=0.01, real=0.00 secs] 
2019-12-23T14:54:17.096+0000: 50476.543: [GC (Allocation Failure) 2019-12-23T14:54:17.096+0000: 50476.543: [ParNew: 70406K->5010K(72512K), 0.0028325 secs] 130702K->66257K(233664K), 0.0029217 secs] [Times: user=0.01 sys=0.00, real=0.01 secs] 
2019-12-23T14:54:33.617+0000: 50493.064: [GC (Allocation Failure) 2019-12-23T14:54:33.617+0000: 50493.064: [ParNew: 69522K->5455K(72512K), 0.0028098 secs] 130769K->67681K(233664K), 0.0029238 secs] [Times: user=0.01 sys=0.00, real=0.01 secs] 
2019-12-23T14:54:35.487+0000: 50494.934: [GC (Allocation Failure) 2019-12-23T14:54:35.487+0000: 50494.934: [ParNew: 69967K->5586K(72512K), 0.0027625 secs] 132193K->68764K(233664K), 0.0028456 secs] [Times: user=0.01 sys=0.00, real=0.00 secs] 
2019-12-23T14:54:53.504+0000: 50512.951: [GC (Allocation Failure) 2019-12-23T14:54:53.504+0000: 50512.951: [ParNew: 70098K->6177K(72512K), 0.0029964 secs] 133276K->70306K(233664K), 0.0030732 secs] [Times: user=0.01 sys=0.00, real=0.00 secs] 
2019-12-23T14:55:02.448+0000: 50521.895: [GC (Allocation Failure) 2019-12-23T14:55:02.448+0000: 50521.895: [ParNew: 70689K->5629K(72512K), 0.0029314 secs] 134818K->70710K(233664K), 0.0030131 secs] [Times: user=0.01 sys=0.00, real=0.01 secs] 
2019-12-23T14:55:16.696+0000: 50536.143: [GC (Allocation Failure) 2019-12-23T14:55:16.696+0000: 50536.143: [ParNew: 70141K->3194K(72512K), 0.0025181 secs] 135222K->68276K(233664K), 0.0026096 secs] [Times: user=0.01 sys=0.00, real=0.00 secs] 
2019-12-23T14:55:31.636+0000: 50551.083: [GC (Allocation Failure) 2019-12-23T14:55:31.636+0000: 50551.083: [ParNew: 67706K->4294K(72512K), 0.0027107 secs] 132788K->69376K(233664K), 0.0027996 secs] [Times: user=0.01 sys=0.00, real=0.01 secs] 
2019-12-23T14:55:47.102+0000: 50566.549: [GC (Allocation Failure) 2019-12-23T14:55:47.102+0000: 50566.549: [ParNew: 68806K->5083K(72512K), 0.0028164 secs] 133888K->70165K(233664K), 0.0028929 secs] [Times: user=0.01 sys=0.00, real=0.00 secs] 
